[2.804s] Invoking command in '/home/eia/repo/rbi_2025_2/scara/scara_ws/build/scara_general_ik_solver': PYTHONPATH=/home/eia/repo/rbi_2025_2/scara/scara_ws/build/scara_general_ik_solver/prefix_override:/home/eia/.local/lib/python3.10/site-packages/colcon_core/task/python/colcon_distutils_commands:/home/eia/repo/rbi_2025_2/scara/scara_ws/install/scara_general_ik_solver/lib/python3.10/site-packages:${PYTHONPATH} /usr/bin/python3 -W ignore:setup.py install is deprecated -W ignore:easy_install command is deprecated setup.py develop --editable --build-directory /home/eia/repo/rbi_2025_2/scara/scara_ws/build/scara_general_ik_solver/build --no-deps symlink_data
[3.201s] running develop
[3.512s] running egg_info
[3.512s] creating scara_general_ik_solver.egg-info
[3.513s] writing scara_general_ik_solver.egg-info/PKG-INFO
[3.513s] writing dependency_links to scara_general_ik_solver.egg-info/dependency_links.txt
[3.513s] writing entry points to scara_general_ik_solver.egg-info/entry_points.txt
[3.513s] writing requirements to scara_general_ik_solver.egg-info/requires.txt
[3.513s] writing top-level names to scara_general_ik_solver.egg-info/top_level.txt
[3.514s] writing manifest file 'scara_general_ik_solver.egg-info/SOURCES.txt'
[3.515s] reading manifest file 'scara_general_ik_solver.egg-info/SOURCES.txt'
[3.516s] writing manifest file 'scara_general_ik_solver.egg-info/SOURCES.txt'
[3.561s] running build_ext
[3.561s] Creating /home/eia/repo/rbi_2025_2/scara/scara_ws/install/scara_general_ik_solver/lib/python3.10/site-packages/scara-general-ik-solver.egg-link (link to .)
[3.562s] Installing scara_ik_solver script to /home/eia/repo/rbi_2025_2/scara/scara_ws/install/scara_general_ik_solver/lib/scara_general_ik_solver
[3.562s] 
[3.562s] Installed /home/eia/repo/rbi_2025_2/scara/scara_ws/build/scara_general_ik_solver
[3.563s] running symlink_data
[3.563s] creating /home/eia/repo/rbi_2025_2/scara/scara_ws/install/scara_general_ik_solver/share/ament_index
[3.563s] creating /home/eia/repo/rbi_2025_2/scara/scara_ws/install/scara_general_ik_solver/share/ament_index/resource_index
[3.563s] creating /home/eia/repo/rbi_2025_2/scara/scara_ws/install/scara_general_ik_solver/share/ament_index/resource_index/packages
[3.563s] symbolically linking /home/eia/repo/rbi_2025_2/scara/scara_ws/build/scara_general_ik_solver/resource/scara_general_ik_solver -> /home/eia/repo/rbi_2025_2/scara/scara_ws/install/scara_general_ik_solver/share/ament_index/resource_index/packages
[3.563s] symbolically linking /home/eia/repo/rbi_2025_2/scara/scara_ws/build/scara_general_ik_solver/package.xml -> /home/eia/repo/rbi_2025_2/scara/scara_ws/install/scara_general_ik_solver/share/scara_general_ik_solver
[3.563s] creating /home/eia/repo/rbi_2025_2/scara/scara_ws/install/scara_general_ik_solver/share/scara_general_ik_solver/launch
[3.563s] creating /home/eia/repo/rbi_2025_2/scara/scara_ws/install/scara_general_ik_solver/share/scara_general_ik_solver/descriptions
[3.564s] creating /home/eia/repo/rbi_2025_2/scara/scara_ws/install/scara_general_ik_solver/share/scara_general_ik_solver/config
[3.613s] Invoked command in '/home/eia/repo/rbi_2025_2/scara/scara_ws/build/scara_general_ik_solver' returned '0': PYTHONPATH=/home/eia/repo/rbi_2025_2/scara/scara_ws/build/scara_general_ik_solver/prefix_override:/home/eia/.local/lib/python3.10/site-packages/colcon_core/task/python/colcon_distutils_commands:/home/eia/repo/rbi_2025_2/scara/scara_ws/install/scara_general_ik_solver/lib/python3.10/site-packages:${PYTHONPATH} /usr/bin/python3 -W ignore:setup.py install is deprecated -W ignore:easy_install command is deprecated setup.py develop --editable --build-directory /home/eia/repo/rbi_2025_2/scara/scara_ws/build/scara_general_ik_solver/build --no-deps symlink_data
