[4.119s] Invoking command in '/home/eia/repo/rbi_2025_2/rov/rov_ws/build/direct_control': PYTHONPATH=/home/eia/repo/rbi_2025_2/rov/rov_ws/build/direct_control/prefix_override:/home/eia/.local/lib/python3.10/site-packages/colcon_core/task/python/colcon_distutils_commands:/home/eia/repo/rbi_2025_2/rov/rov_ws/install/direct_control/lib/python3.10/site-packages:${PYTHONPATH} /usr/bin/python3 -W ignore:setup.py install is deprecated -W ignore:easy_install command is deprecated setup.py develop --editable --build-directory /home/eia/repo/rbi_2025_2/rov/rov_ws/build/direct_control/build --no-deps symlink_data
[4.977s] running develop
[5.586s] running egg_info
[5.586s] creating direct_control.egg-info
[5.587s] writing direct_control.egg-info/PKG-INFO
[5.591s] writing dependency_links to direct_control.egg-info/dependency_links.txt
[5.591s] writing entry points to direct_control.egg-info/entry_points.txt
[5.591s] writing requirements to direct_control.egg-info/requires.txt
[5.591s] writing top-level names to direct_control.egg-info/top_level.txt
[5.591s] writing manifest file 'direct_control.egg-info/SOURCES.txt'
[5.596s] reading manifest file 'direct_control.egg-info/SOURCES.txt'
[5.596s] writing manifest file 'direct_control.egg-info/SOURCES.txt'
[5.687s] running build_ext
[5.689s] Creating /home/eia/repo/rbi_2025_2/rov/rov_ws/install/direct_control/lib/python3.10/site-packages/direct-control.egg-link (link to .)
[5.689s] Installing direct_control script to /home/eia/repo/rbi_2025_2/rov/rov_ws/install/direct_control/lib/direct_control
[5.690s] 
[5.690s] Installed /home/eia/repo/rbi_2025_2/rov/rov_ws/build/direct_control
[5.691s] running symlink_data
[5.691s] creating /home/eia/repo/rbi_2025_2/rov/rov_ws/install/direct_control/share/ament_index
[5.691s] creating /home/eia/repo/rbi_2025_2/rov/rov_ws/install/direct_control/share/ament_index/resource_index
[5.691s] creating /home/eia/repo/rbi_2025_2/rov/rov_ws/install/direct_control/share/ament_index/resource_index/packages
[5.691s] symbolically linking /home/eia/repo/rbi_2025_2/rov/rov_ws/build/direct_control/resource/direct_control -> /home/eia/repo/rbi_2025_2/rov/rov_ws/install/direct_control/share/ament_index/resource_index/packages
[5.691s] symbolically linking /home/eia/repo/rbi_2025_2/rov/rov_ws/build/direct_control/package.xml -> /home/eia/repo/rbi_2025_2/rov/rov_ws/install/direct_control/share/direct_control
[5.692s] creating /home/eia/repo/rbi_2025_2/rov/rov_ws/install/direct_control/share/direct_control/launch
[5.692s] symbolically linking /home/eia/repo/rbi_2025_2/rov/rov_ws/build/direct_control/launch/raw_teleop_launch.launch.py -> /home/eia/repo/rbi_2025_2/rov/rov_ws/install/direct_control/share/direct_control/launch
[5.693s] creating /home/eia/repo/rbi_2025_2/rov/rov_ws/install/direct_control/share/direct_control/descriptions
[5.693s] creating /home/eia/repo/rbi_2025_2/rov/rov_ws/install/direct_control/share/direct_control/config
[5.693s] symbolically linking /home/eia/repo/rbi_2025_2/rov/rov_ws/build/direct_control/config/joystick.yaml -> /home/eia/repo/rbi_2025_2/rov/rov_ws/install/direct_control/share/direct_control/config
[5.693s] symbolically linking /home/eia/repo/rbi_2025_2/rov/rov_ws/build/direct_control/config/mux.yaml -> /home/eia/repo/rbi_2025_2/rov/rov_ws/install/direct_control/share/direct_control/config
[5.809s] Invoked command in '/home/eia/repo/rbi_2025_2/rov/rov_ws/build/direct_control' returned '0': PYTHONPATH=/home/eia/repo/rbi_2025_2/rov/rov_ws/build/direct_control/prefix_override:/home/eia/.local/lib/python3.10/site-packages/colcon_core/task/python/colcon_distutils_commands:/home/eia/repo/rbi_2025_2/rov/rov_ws/install/direct_control/lib/python3.10/site-packages:${PYTHONPATH} /usr/bin/python3 -W ignore:setup.py install is deprecated -W ignore:easy_install command is deprecated setup.py develop --editable --build-directory /home/eia/repo/rbi_2025_2/rov/rov_ws/build/direct_control/build --no-deps symlink_data
