[4.158s] Invoking command in '/home/eia/rbi_2025/scara/scara_ws/build/scara_mujoco_sim': CMAKE_PREFIX_PATH=${CMAKE_PREFIX_PATH}:/home/eia/rbi_2025/scara/scara_ws/install/scara_tf_generator:/home/eia/rbi_2025/scara/scara_ws/install/scara_path_generator:/home/eia/rbi_2025/scara/scara_ws/install/scara_path_controller:/home/eia/rbi_2025/scara/scara_ws/install/scara_mujoco_python_sim:/home/eia/rbi_2025/scara/scara_ws/install/scara_general_ik_solver:/home/eia/rbi_2025/scara/scara_ws/install/premade_path_publisher:/opt/ros/humble /usr/bin/cmake --build /home/eia/rbi_2025/scara/scara_ws/build/scara_mujoco_sim -- -j12 -l12
[7.099s] [35m[1mConsolidate compiler generated dependencies of target scara_mujoco_sim[0m
[7.100s] [100%] Built target scara_mujoco_sim
[7.170s] Invoked command in '/home/eia/rbi_2025/scara/scara_ws/build/scara_mujoco_sim' returned '0': CMAKE_PREFIX_PATH=${CMAKE_PREFIX_PATH}:/home/eia/rbi_2025/scara/scara_ws/install/scara_tf_generator:/home/eia/rbi_2025/scara/scara_ws/install/scara_path_generator:/home/eia/rbi_2025/scara/scara_ws/install/scara_path_controller:/home/eia/rbi_2025/scara/scara_ws/install/scara_mujoco_python_sim:/home/eia/rbi_2025/scara/scara_ws/install/scara_general_ik_solver:/home/eia/rbi_2025/scara/scara_ws/install/premade_path_publisher:/opt/ros/humble /usr/bin/cmake --build /home/eia/rbi_2025/scara/scara_ws/build/scara_mujoco_sim -- -j12 -l12
[7.177s] Invoking command in '/home/eia/rbi_2025/scara/scara_ws/build/scara_mujoco_sim': CMAKE_PREFIX_PATH=${CMAKE_PREFIX_PATH}:/home/eia/rbi_2025/scara/scara_ws/install/scara_tf_generator:/home/eia/rbi_2025/scara/scara_ws/install/scara_path_generator:/home/eia/rbi_2025/scara/scara_ws/install/scara_path_controller:/home/eia/rbi_2025/scara/scara_ws/install/scara_mujoco_python_sim:/home/eia/rbi_2025/scara/scara_ws/install/scara_general_ik_solver:/home/eia/rbi_2025/scara/scara_ws/install/premade_path_publisher:/opt/ros/humble /usr/bin/cmake --install /home/eia/rbi_2025/scara/scara_ws/build/scara_mujoco_sim
[7.310s] -- Install configuration: ""
[7.313s] -- Execute custom install script
[7.314s] -- Up-to-date symlink: /home/eia/rbi_2025/scara/scara_ws/install/scara_mujoco_sim/lib/libscara_mujoco_sim.so
[7.314s] -- Up-to-date symlink: /home/eia/rbi_2025/scara/scara_ws/install/scara_mujoco_sim/include/include/scara_mujoco_sim/mujoco_sim_interface.hpp
[7.314s] -- Up-to-date symlink: /home/eia/rbi_2025/scara/scara_ws/install/scara_mujoco_sim/share/scara_mujoco_sim/environment/library_path.sh
[7.315s] -- Up-to-date symlink: /home/eia/rbi_2025/scara/scara_ws/install/scara_mujoco_sim/share/scara_mujoco_sim/environment/library_path.dsv
[7.316s] -- Up-to-date symlink: /home/eia/rbi_2025/scara/scara_ws/install/scara_mujoco_sim/share/scara_mujoco_sim//scara_hardware_interface.xml
[7.316s] -- Up-to-date symlink: /home/eia/rbi_2025/scara/scara_ws/install/scara_mujoco_sim/share/ament_index/resource_index/package_run_dependencies/scara_mujoco_sim
[7.317s] -- Up-to-date symlink: /home/eia/rbi_2025/scara/scara_ws/install/scara_mujoco_sim/share/ament_index/resource_index/parent_prefix_path/scara_mujoco_sim
[7.317s] -- Up-to-date symlink: /home/eia/rbi_2025/scara/scara_ws/install/scara_mujoco_sim/share/scara_mujoco_sim/environment/ament_prefix_path.sh
[7.319s] -- Up-to-date symlink: /home/eia/rbi_2025/scara/scara_ws/install/scara_mujoco_sim/share/scara_mujoco_sim/environment/ament_prefix_path.dsv
[7.319s] -- Up-to-date symlink: /home/eia/rbi_2025/scara/scara_ws/install/scara_mujoco_sim/share/scara_mujoco_sim/environment/path.sh
[7.320s] -- Up-to-date symlink: /home/eia/rbi_2025/scara/scara_ws/install/scara_mujoco_sim/share/scara_mujoco_sim/environment/path.dsv
[7.320s] -- Up-to-date symlink: /home/eia/rbi_2025/scara/scara_ws/install/scara_mujoco_sim/share/scara_mujoco_sim/local_setup.bash
[7.322s] -- Up-to-date symlink: /home/eia/rbi_2025/scara/scara_ws/install/scara_mujoco_sim/share/scara_mujoco_sim/local_setup.sh
[7.325s] -- Up-to-date symlink: /home/eia/rbi_2025/scara/scara_ws/install/scara_mujoco_sim/share/scara_mujoco_sim/local_setup.zsh
[7.326s] -- Up-to-date symlink: /home/eia/rbi_2025/scara/scara_ws/install/scara_mujoco_sim/share/scara_mujoco_sim/local_setup.dsv
[7.326s] -- Symlinking: /home/eia/rbi_2025/scara/scara_ws/install/scara_mujoco_sim/share/scara_mujoco_sim/package.dsv
[7.347s] -- Up-to-date symlink: /home/eia/rbi_2025/scara/scara_ws/install/scara_mujoco_sim/share/ament_index/resource_index/packages/scara_mujoco_sim
[7.347s] -- Up-to-date symlink: /home/eia/rbi_2025/scara/scara_ws/install/scara_mujoco_sim/share/ament_index/resource_index/hardware_interface__pluginlib__plugin/scara_mujoco_sim
[7.347s] -- Up-to-date symlink: /home/eia/rbi_2025/scara/scara_ws/install/scara_mujoco_sim/share/scara_mujoco_sim/cmake/ament_cmake_export_libraries-extras.cmake
[7.348s] -- Up-to-date symlink: /home/eia/rbi_2025/scara/scara_ws/install/scara_mujoco_sim/share/scara_mujoco_sim/cmake/ament_cmake_export_dependencies-extras.cmake
[7.348s] -- Up-to-date symlink: /home/eia/rbi_2025/scara/scara_ws/install/scara_mujoco_sim/share/scara_mujoco_sim/cmake/scara_mujoco_simConfig.cmake
[7.349s] -- Up-to-date symlink: /home/eia/rbi_2025/scara/scara_ws/install/scara_mujoco_sim/share/scara_mujoco_sim/cmake/scara_mujoco_simConfig-version.cmake
[7.349s] -- Up-to-date symlink: /home/eia/rbi_2025/scara/scara_ws/install/scara_mujoco_sim/share/scara_mujoco_sim/package.xml
[7.608s] Invoked command in '/home/eia/rbi_2025/scara/scara_ws/build/scara_mujoco_sim' returned '0': CMAKE_PREFIX_PATH=${CMAKE_PREFIX_PATH}:/home/eia/rbi_2025/scara/scara_ws/install/scara_tf_generator:/home/eia/rbi_2025/scara/scara_ws/install/scara_path_generator:/home/eia/rbi_2025/scara/scara_ws/install/scara_path_controller:/home/eia/rbi_2025/scara/scara_ws/install/scara_mujoco_python_sim:/home/eia/rbi_2025/scara/scara_ws/install/scara_general_ik_solver:/home/eia/rbi_2025/scara/scara_ws/install/premade_path_publisher:/opt/ros/humble /usr/bin/cmake --install /home/eia/rbi_2025/scara/scara_ws/build/scara_mujoco_sim
