-- Found ament_cmake: 1.3.12 (/opt/ros/humble/share/ament_cmake/cmake)
-- Override CMake install command with custom implementation using symlinks instead of copying resources
-- Found ament_lint_auto: 0.12.14 (/opt/ros/humble/share/ament_lint_auto/cmake)
-- Added test 'lint_cmake' to check CMake code style
-- Added test 'xmllint' to check XML markup files
-- Configuring done
-- Generating done
-- Build files have been written to: /abb_ws/build/abb_gz_hardware
-- Install configuration: ""
-- Execute custom install script
-- Symlinking: /abb_ws/install/abb_gz_hardware/share/ament_index/resource_index/package_run_dependencies/abb_gz_hardware
-- Symlinking: /abb_ws/install/abb_gz_hardware/share/ament_index/resource_index/parent_prefix_path/abb_gz_hardware
-- Symlinking: /abb_ws/install/abb_gz_hardware/share/abb_gz_hardware/environment/ament_prefix_path.sh
-- Symlinking: /abb_ws/install/abb_gz_hardware/share/abb_gz_hardware/environment/ament_prefix_path.dsv
-- Symlinking: /abb_ws/install/abb_gz_hardware/share/abb_gz_hardware/environment/path.sh
-- Symlinking: /abb_ws/install/abb_gz_hardware/share/abb_gz_hardware/environment/path.dsv
-- Symlinking: /abb_ws/install/abb_gz_hardware/share/abb_gz_hardware/local_setup.bash
-- Symlinking: /abb_ws/install/abb_gz_hardware/share/abb_gz_hardware/local_setup.sh
-- Symlinking: /abb_ws/install/abb_gz_hardware/share/abb_gz_hardware/local_setup.zsh
-- Symlinking: /abb_ws/install/abb_gz_hardware/share/abb_gz_hardware/local_setup.dsv
-- Symlinking: /abb_ws/install/abb_gz_hardware/share/abb_gz_hardware/package.dsv
-- Symlinking: /abb_ws/install/abb_gz_hardware/share/ament_index/resource_index/packages/abb_gz_hardware
-- Symlinking: /abb_ws/install/abb_gz_hardware/share/abb_gz_hardware/cmake/abb_gz_hardwareConfig.cmake
-- Symlinking: /abb_ws/install/abb_gz_hardware/share/abb_gz_hardware/cmake/abb_gz_hardwareConfig-version.cmake
-- Symlinking: /abb_ws/install/abb_gz_hardware/share/abb_gz_hardware/package.xml
