[0.227s] Invoking command in '/abb_ws/build/abb_gz_hardware': CMAKE_PREFIX_PATH=${CMAKE_PREFIX_PATH}:/abb_ws/install/abb_tf_generator:/abb_ws/install/abb_path_generator:/abb_ws/install/abb_path_controller:/abb_ws/install/abb_mujoco_python:/abb_ws/install/abb_ik_solver:/opt/ros/humble /usr/bin/cmake /abb_ws/src/abb_gz_hardware -DAMENT_CMAKE_SYMLINK_INSTALL=1 -DCMAKE_INSTALL_PREFIX=/abb_ws/install/abb_gz_hardware
[5.332s] -- Found ament_cmake: 1.3.12 (/opt/ros/humble/share/ament_cmake/cmake)
[5.333s] -- Override CMake install command with custom implementation using symlinks instead of copying resources
[5.333s] -- Found ament_lint_auto: 0.12.14 (/opt/ros/humble/share/ament_lint_auto/cmake)
[5.334s] -- Added test 'lint_cmake' to check CMake code style
[5.338s] -- Added test 'xmllint' to check XML markup files
[5.345s] -- Configuring done
[5.346s] -- Generating done
[5.346s] -- Build files have been written to: /abb_ws/build/abb_gz_hardware
[5.452s] Invoked command in '/abb_ws/build/abb_gz_hardware' returned '0': CMAKE_PREFIX_PATH=${CMAKE_PREFIX_PATH}:/abb_ws/install/abb_tf_generator:/abb_ws/install/abb_path_generator:/abb_ws/install/abb_path_controller:/abb_ws/install/abb_mujoco_python:/abb_ws/install/abb_ik_solver:/opt/ros/humble /usr/bin/cmake /abb_ws/src/abb_gz_hardware -DAMENT_CMAKE_SYMLINK_INSTALL=1 -DCMAKE_INSTALL_PREFIX=/abb_ws/install/abb_gz_hardware
[5.454s] Invoking command in '/abb_ws/build/abb_gz_hardware': CMAKE_PREFIX_PATH=${CMAKE_PREFIX_PATH}:/abb_ws/install/abb_tf_generator:/abb_ws/install/abb_path_generator:/abb_ws/install/abb_path_controller:/abb_ws/install/abb_mujoco_python:/abb_ws/install/abb_ik_solver:/opt/ros/humble /usr/bin/cmake --build /abb_ws/build/abb_gz_hardware -- -j12 -l12
[5.613s] Invoked command in '/abb_ws/build/abb_gz_hardware' returned '0': CMAKE_PREFIX_PATH=${CMAKE_PREFIX_PATH}:/abb_ws/install/abb_tf_generator:/abb_ws/install/abb_path_generator:/abb_ws/install/abb_path_controller:/abb_ws/install/abb_mujoco_python:/abb_ws/install/abb_ik_solver:/opt/ros/humble /usr/bin/cmake --build /abb_ws/build/abb_gz_hardware -- -j12 -l12
[5.620s] Invoking command in '/abb_ws/build/abb_gz_hardware': CMAKE_PREFIX_PATH=${CMAKE_PREFIX_PATH}:/abb_ws/install/abb_tf_generator:/abb_ws/install/abb_path_generator:/abb_ws/install/abb_path_controller:/abb_ws/install/abb_mujoco_python:/abb_ws/install/abb_ik_solver:/opt/ros/humble /usr/bin/cmake --install /abb_ws/build/abb_gz_hardware
[5.685s] -- Install configuration: ""
[5.686s] -- Execute custom install script
[5.686s] -- Symlinking: /abb_ws/install/abb_gz_hardware/share/ament_index/resource_index/package_run_dependencies/abb_gz_hardware
[5.753s] -- Symlinking: /abb_ws/install/abb_gz_hardware/share/ament_index/resource_index/parent_prefix_path/abb_gz_hardware
[5.801s] -- Symlinking: /abb_ws/install/abb_gz_hardware/share/abb_gz_hardware/environment/ament_prefix_path.sh
[5.847s] -- Symlinking: /abb_ws/install/abb_gz_hardware/share/abb_gz_hardware/environment/ament_prefix_path.dsv
[5.891s] -- Symlinking: /abb_ws/install/abb_gz_hardware/share/abb_gz_hardware/environment/path.sh
[5.954s] -- Symlinking: /abb_ws/install/abb_gz_hardware/share/abb_gz_hardware/environment/path.dsv
[6.042s] -- Symlinking: /abb_ws/install/abb_gz_hardware/share/abb_gz_hardware/local_setup.bash
[6.146s] -- Symlinking: /abb_ws/install/abb_gz_hardware/share/abb_gz_hardware/local_setup.sh
[6.240s] -- Symlinking: /abb_ws/install/abb_gz_hardware/share/abb_gz_hardware/local_setup.zsh
[6.343s] -- Symlinking: /abb_ws/install/abb_gz_hardware/share/abb_gz_hardware/local_setup.dsv
[6.464s] -- Symlinking: /abb_ws/install/abb_gz_hardware/share/abb_gz_hardware/package.dsv
[6.571s] -- Symlinking: /abb_ws/install/abb_gz_hardware/share/ament_index/resource_index/packages/abb_gz_hardware
[6.650s] -- Symlinking: /abb_ws/install/abb_gz_hardware/share/abb_gz_hardware/cmake/abb_gz_hardwareConfig.cmake
[6.697s] -- Symlinking: /abb_ws/install/abb_gz_hardware/share/abb_gz_hardware/cmake/abb_gz_hardwareConfig-version.cmake
[6.766s] -- Symlinking: /abb_ws/install/abb_gz_hardware/share/abb_gz_hardware/package.xml
[6.904s] Invoked command in '/abb_ws/build/abb_gz_hardware' returned '0': CMAKE_PREFIX_PATH=${CMAKE_PREFIX_PATH}:/abb_ws/install/abb_tf_generator:/abb_ws/install/abb_path_generator:/abb_ws/install/abb_path_controller:/abb_ws/install/abb_mujoco_python:/abb_ws/install/abb_ik_solver:/opt/ros/humble /usr/bin/cmake --install /abb_ws/build/abb_gz_hardware
