[1.490s] Invoking command in '/abb_ws/build/abb_path_controller': PYTHONPATH=/abb_ws/build/abb_path_controller/prefix_override:/usr/lib/python3/dist-packages/colcon_core/task/python/colcon_distutils_commands:/abb_ws/install/abb_path_controller/lib/python3.10/site-packages:${PYTHONPATH} /usr/bin/python3 -W ignore:setup.py install is deprecated -W ignore:easy_install command is deprecated setup.py develop --editable --build-directory /abb_ws/build/abb_path_controller/build --no-deps symlink_data
[1.762s] running develop
[1.941s] running egg_info
[1.942s] creating abb_path_controller.egg-info
[1.942s] writing abb_path_controller.egg-info/PKG-INFO
[1.942s] writing dependency_links to abb_path_controller.egg-info/dependency_links.txt
[1.942s] writing entry points to abb_path_controller.egg-info/entry_points.txt
[1.942s] writing requirements to abb_path_controller.egg-info/requires.txt
[1.942s] writing top-level names to abb_path_controller.egg-info/top_level.txt
[1.942s] writing manifest file 'abb_path_controller.egg-info/SOURCES.txt'
[1.944s] reading manifest file 'abb_path_controller.egg-info/SOURCES.txt'
[1.945s] writing manifest file 'abb_path_controller.egg-info/SOURCES.txt'
[1.947s] running build_ext
[1.948s] Creating /abb_ws/install/abb_path_controller/lib/python3.10/site-packages/abb-path-controller.egg-link (link to .)
[1.948s] Installing abb_path_controller script to /abb_ws/install/abb_path_controller/lib/abb_path_controller
[1.949s] Installing abb_path_generator script to /abb_ws/install/abb_path_controller/lib/abb_path_controller
[1.949s] 
[1.949s] Installed /abb_ws/build/abb_path_controller
[1.949s] running symlink_data
[1.949s] creating /abb_ws/install/abb_path_controller/share/ament_index
[1.949s] creating /abb_ws/install/abb_path_controller/share/ament_index/resource_index
[1.949s] creating /abb_ws/install/abb_path_controller/share/ament_index/resource_index/packages
[1.949s] symbolically linking /abb_ws/build/abb_path_controller/resource/abb_path_controller -> /abb_ws/install/abb_path_controller/share/ament_index/resource_index/packages
[1.949s] symbolically linking /abb_ws/build/abb_path_controller/package.xml -> /abb_ws/install/abb_path_controller/share/abb_path_controller
[1.949s] creating /abb_ws/install/abb_path_controller/share/abb_path_controller/launch
[1.949s] creating /abb_ws/install/abb_path_controller/share/abb_path_controller/descriptions
[1.949s] creating /abb_ws/install/abb_path_controller/share/abb_path_controller/config
[1.984s] Invoked command in '/abb_ws/build/abb_path_controller' returned '0': PYTHONPATH=/abb_ws/build/abb_path_controller/prefix_override:/usr/lib/python3/dist-packages/colcon_core/task/python/colcon_distutils_commands:/abb_ws/install/abb_path_controller/lib/python3.10/site-packages:${PYTHONPATH} /usr/bin/python3 -W ignore:setup.py install is deprecated -W ignore:easy_install command is deprecated setup.py develop --editable --build-directory /abb_ws/build/abb_path_controller/build --no-deps symlink_data
