[0.857s] Invoking command in '/home/eia/rbi_2025/rov/rov_ws/build/rov_hardware_interface': CMAKE_PREFIX_PATH=/opt/ros/humble /usr/bin/cmake --build /home/eia/rbi_2025/rov/rov_ws/build/rov_hardware_interface -- -j12 -l12
[2.088s] [100%] Built target rov_hardware_interface
[2.103s] Invoked command in '/home/eia/rbi_2025/rov/rov_ws/build/rov_hardware_interface' returned '0': CMAKE_PREFIX_PATH=/opt/ros/humble /usr/bin/cmake --build /home/eia/rbi_2025/rov/rov_ws/build/rov_hardware_interface -- -j12 -l12
[2.105s] Invoking command in '/home/eia/rbi_2025/rov/rov_ws/build/rov_hardware_interface': CMAKE_PREFIX_PATH=/opt/ros/humble /usr/bin/cmake --install /home/eia/rbi_2025/rov/rov_ws/build/rov_hardware_interface
[2.127s] -- Install configuration: ""
[2.128s] -- Execute custom install script
[2.128s] -- Up-to-date symlink: /home/eia/rbi_2025/rov/rov_ws/install/rov_hardware_interface/share/rov_hardware_interface//rov_hardware_interface.xml
[2.128s] -- Up-to-date symlink: /home/eia/rbi_2025/rov/rov_ws/install/rov_hardware_interface/lib/librov_hardware_interface.so
[2.129s] -- Up-to-date symlink: /home/eia/rbi_2025/rov/rov_ws/install/rov_hardware_interface/include/include/rov_hardware_interface/rov_hardware_interface.hpp
[2.129s] -- Up-to-date symlink: /home/eia/rbi_2025/rov/rov_ws/install/rov_hardware_interface/share/rov_hardware_interface/environment/library_path.sh
[2.130s] -- Up-to-date symlink: /home/eia/rbi_2025/rov/rov_ws/install/rov_hardware_interface/share/rov_hardware_interface/environment/library_path.dsv
[2.131s] -- Up-to-date symlink: /home/eia/rbi_2025/rov/rov_ws/install/rov_hardware_interface/share/ament_index/resource_index/package_run_dependencies/rov_hardware_interface
[2.136s] -- Up-to-date symlink: /home/eia/rbi_2025/rov/rov_ws/install/rov_hardware_interface/share/ament_index/resource_index/parent_prefix_path/rov_hardware_interface
[2.136s] -- Up-to-date symlink: /home/eia/rbi_2025/rov/rov_ws/install/rov_hardware_interface/share/rov_hardware_interface/environment/ament_prefix_path.sh
[2.136s] -- Up-to-date symlink: /home/eia/rbi_2025/rov/rov_ws/install/rov_hardware_interface/share/rov_hardware_interface/environment/ament_prefix_path.dsv
[2.136s] -- Up-to-date symlink: /home/eia/rbi_2025/rov/rov_ws/install/rov_hardware_interface/share/rov_hardware_interface/environment/path.sh
[2.136s] -- Up-to-date symlink: /home/eia/rbi_2025/rov/rov_ws/install/rov_hardware_interface/share/rov_hardware_interface/environment/path.dsv
[2.136s] -- Up-to-date symlink: /home/eia/rbi_2025/rov/rov_ws/install/rov_hardware_interface/share/rov_hardware_interface/local_setup.bash
[2.137s] -- Up-to-date symlink: /home/eia/rbi_2025/rov/rov_ws/install/rov_hardware_interface/share/rov_hardware_interface/local_setup.sh
[2.137s] -- Up-to-date symlink: /home/eia/rbi_2025/rov/rov_ws/install/rov_hardware_interface/share/rov_hardware_interface/local_setup.zsh
[2.137s] -- Up-to-date symlink: /home/eia/rbi_2025/rov/rov_ws/install/rov_hardware_interface/share/rov_hardware_interface/local_setup.dsv
[2.137s] -- Symlinking: /home/eia/rbi_2025/rov/rov_ws/install/rov_hardware_interface/share/rov_hardware_interface/package.dsv
[2.139s] -- Up-to-date symlink: /home/eia/rbi_2025/rov/rov_ws/install/rov_hardware_interface/share/ament_index/resource_index/packages/rov_hardware_interface
[2.139s] -- Up-to-date symlink: /home/eia/rbi_2025/rov/rov_ws/install/rov_hardware_interface/share/ament_index/resource_index/hardware_interface__pluginlib__plugin/rov_hardware_interface
[2.139s] -- Up-to-date symlink: /home/eia/rbi_2025/rov/rov_ws/install/rov_hardware_interface/share/rov_hardware_interface/cmake/ament_cmake_export_libraries-extras.cmake
[2.139s] -- Up-to-date symlink: /home/eia/rbi_2025/rov/rov_ws/install/rov_hardware_interface/share/rov_hardware_interface/cmake/ament_cmake_export_dependencies-extras.cmake
[2.139s] -- Up-to-date symlink: /home/eia/rbi_2025/rov/rov_ws/install/rov_hardware_interface/share/rov_hardware_interface/cmake/rov_hardware_interfaceConfig.cmake
[2.139s] -- Up-to-date symlink: /home/eia/rbi_2025/rov/rov_ws/install/rov_hardware_interface/share/rov_hardware_interface/cmake/rov_hardware_interfaceConfig-version.cmake
[2.139s] -- Up-to-date symlink: /home/eia/rbi_2025/rov/rov_ws/install/rov_hardware_interface/share/rov_hardware_interface/package.xml
[2.191s] Invoked command in '/home/eia/rbi_2025/rov/rov_ws/build/rov_hardware_interface' returned '0': CMAKE_PREFIX_PATH=/opt/ros/humble /usr/bin/cmake --install /home/eia/rbi_2025/rov/rov_ws/build/rov_hardware_interface
