[3.310s] Invoking command in '/home/eia/repo/rbi_2025_2/scara/scara_ws/build/scara_general_ik_solver': PYTHONPATH=/home/eia/repo/rbi_2025_2/scara/scara_ws/build/scara_general_ik_solver/prefix_override:/home/eia/.local/lib/python3.10/site-packages/colcon_core/task/python/colcon_distutils_commands:/home/eia/repo/rbi_2025_2/scara/scara_ws/install/scara_general_ik_solver/lib/python3.10/site-packages:${PYTHONPATH} /usr/bin/python3 -W ignore:setup.py install is deprecated -W ignore:easy_install command is deprecated setup.py develop --editable --build-directory /home/eia/repo/rbi_2025_2/scara/scara_ws/build/scara_general_ik_solver/build --no-deps symlink_data
[3.855s] running develop
[4.189s] running egg_info
[4.189s] creating scara_general_ik_solver.egg-info
[4.189s] writing scara_general_ik_solver.egg-info/PKG-INFO
[4.189s] writing dependency_links to scara_general_ik_solver.egg-info/dependency_links.txt
[4.190s] writing entry points to scara_general_ik_solver.egg-info/entry_points.txt
[4.190s] writing requirements to scara_general_ik_solver.egg-info/requires.txt
[4.190s] writing top-level names to scara_general_ik_solver.egg-info/top_level.txt
[4.190s] writing manifest file 'scara_general_ik_solver.egg-info/SOURCES.txt'
[4.193s] reading manifest file 'scara_general_ik_solver.egg-info/SOURCES.txt'
[4.193s] writing manifest file 'scara_general_ik_solver.egg-info/SOURCES.txt'
[4.259s] running build_ext
[4.259s] Creating /home/eia/repo/rbi_2025_2/scara/scara_ws/install/scara_general_ik_solver/lib/python3.10/site-packages/scara-general-ik-solver.egg-link (link to .)
[4.260s] Installing scara_ik_solver script to /home/eia/repo/rbi_2025_2/scara/scara_ws/install/scara_general_ik_solver/lib/scara_general_ik_solver
[4.260s] 
[4.261s] Installed /home/eia/repo/rbi_2025_2/scara/scara_ws/build/scara_general_ik_solver
[4.261s] running symlink_data
[4.261s] creating /home/eia/repo/rbi_2025_2/scara/scara_ws/install/scara_general_ik_solver/share/ament_index
[4.261s] creating /home/eia/repo/rbi_2025_2/scara/scara_ws/install/scara_general_ik_solver/share/ament_index/resource_index
[4.261s] creating /home/eia/repo/rbi_2025_2/scara/scara_ws/install/scara_general_ik_solver/share/ament_index/resource_index/packages
[4.261s] symbolically linking /home/eia/repo/rbi_2025_2/scara/scara_ws/build/scara_general_ik_solver/resource/scara_general_ik_solver -> /home/eia/repo/rbi_2025_2/scara/scara_ws/install/scara_general_ik_solver/share/ament_index/resource_index/packages
[4.261s] symbolically linking /home/eia/repo/rbi_2025_2/scara/scara_ws/build/scara_general_ik_solver/package.xml -> /home/eia/repo/rbi_2025_2/scara/scara_ws/install/scara_general_ik_solver/share/scara_general_ik_solver
[4.262s] creating /home/eia/repo/rbi_2025_2/scara/scara_ws/install/scara_general_ik_solver/share/scara_general_ik_solver/launch
[4.262s] creating /home/eia/repo/rbi_2025_2/scara/scara_ws/install/scara_general_ik_solver/share/scara_general_ik_solver/descriptions
[4.262s] creating /home/eia/repo/rbi_2025_2/scara/scara_ws/install/scara_general_ik_solver/share/scara_general_ik_solver/config
[4.319s] Invoked command in '/home/eia/repo/rbi_2025_2/scara/scara_ws/build/scara_general_ik_solver' returned '0': PYTHONPATH=/home/eia/repo/rbi_2025_2/scara/scara_ws/build/scara_general_ik_solver/prefix_override:/home/eia/.local/lib/python3.10/site-packages/colcon_core/task/python/colcon_distutils_commands:/home/eia/repo/rbi_2025_2/scara/scara_ws/install/scara_general_ik_solver/lib/python3.10/site-packages:${PYTHONPATH} /usr/bin/python3 -W ignore:setup.py install is deprecated -W ignore:easy_install command is deprecated setup.py develop --editable --build-directory /home/eia/repo/rbi_2025_2/scara/scara_ws/build/scara_general_ik_solver/build --no-deps symlink_data
