[2.116s] Invoking command in '/rov_ws/build/rov_attitude_controller': PYTHONPATH=/rov_ws/build/rov_attitude_controller/prefix_override:/usr/lib/python3/dist-packages/colcon_core/task/python/colcon_distutils_commands:/rov_ws/install/rov_attitude_controller/lib/python3.10/site-packages:${PYTHONPATH} /usr/bin/python3 -W ignore:setup.py install is deprecated -W ignore:easy_install command is deprecated setup.py develop --editable --build-directory /rov_ws/build/rov_attitude_controller/build --no-deps symlink_data
[2.463s] running develop
[2.635s] running egg_info
[2.635s] creating rov_attitude_controller.egg-info
[2.635s] writing rov_attitude_controller.egg-info/PKG-INFO
[2.635s] writing dependency_links to rov_attitude_controller.egg-info/dependency_links.txt
[2.635s] writing entry points to rov_attitude_controller.egg-info/entry_points.txt
[2.636s] writing requirements to rov_attitude_controller.egg-info/requires.txt
[2.636s] writing top-level names to rov_attitude_controller.egg-info/top_level.txt
[2.636s] writing manifest file 'rov_attitude_controller.egg-info/SOURCES.txt'
[2.637s] reading manifest file 'rov_attitude_controller.egg-info/SOURCES.txt'
[2.638s] writing manifest file 'rov_attitude_controller.egg-info/SOURCES.txt'
[2.640s] running build_ext
[2.640s] Creating /rov_ws/install/rov_attitude_controller/lib/python3.10/site-packages/rov-attitude-controller.egg-link (link to .)
[2.641s] Installing rov_attitude_controller script to /rov_ws/install/rov_attitude_controller/lib/rov_attitude_controller
[2.641s] 
[2.641s] Installed /rov_ws/build/rov_attitude_controller
[2.641s] running symlink_data
[2.641s] creating /rov_ws/install/rov_attitude_controller/share/ament_index
[2.642s] creating /rov_ws/install/rov_attitude_controller/share/ament_index/resource_index
[2.642s] creating /rov_ws/install/rov_attitude_controller/share/ament_index/resource_index/packages
[2.642s] symbolically linking /rov_ws/build/rov_attitude_controller/resource/rov_attitude_controller -> /rov_ws/install/rov_attitude_controller/share/ament_index/resource_index/packages
[2.642s] symbolically linking /rov_ws/build/rov_attitude_controller/package.xml -> /rov_ws/install/rov_attitude_controller/share/rov_attitude_controller
[2.642s] creating /rov_ws/install/rov_attitude_controller/share/rov_attitude_controller/launch
[2.643s] creating /rov_ws/install/rov_attitude_controller/share/rov_attitude_controller/descriptions
[2.643s] creating /rov_ws/install/rov_attitude_controller/share/rov_attitude_controller/config
[2.694s] Invoked command in '/rov_ws/build/rov_attitude_controller' returned '0': PYTHONPATH=/rov_ws/build/rov_attitude_controller/prefix_override:/usr/lib/python3/dist-packages/colcon_core/task/python/colcon_distutils_commands:/rov_ws/install/rov_attitude_controller/lib/python3.10/site-packages:${PYTHONPATH} /usr/bin/python3 -W ignore:setup.py install is deprecated -W ignore:easy_install command is deprecated setup.py develop --editable --build-directory /rov_ws/build/rov_attitude_controller/build --no-deps symlink_data
