[7.526s] Invoking command in '/home/eia/rbi_2025/scara/scara_ws/build/scara_real_bringup': CMAKE_PREFIX_PATH=/opt/ros/humble /usr/bin/cmake /home/eia/rbi_2025/scara/scara_ws/src/scara_real_bringup -DAMENT_CMAKE_SYMLINK_INSTALL=1 -DCMAKE_INSTALL_PREFIX=/home/eia/rbi_2025/scara/scara_ws/install/scara_real_bringup
[7.800s] -- The C compiler identification is GNU 11.4.0
[8.431s] -- The CXX compiler identification is GNU 11.4.0
[8.496s] -- Detecting C compiler ABI info
[9.044s] -- Detecting C compiler ABI info - done
[9.127s] -- Check for working C compiler: /usr/bin/cc - skipped
[9.128s] -- Detecting C compile features
[9.131s] -- Detecting C compile features - done
[9.142s] -- Detecting CXX compiler ABI info
[9.523s] -- Detecting CXX compiler ABI info - done
[9.630s] -- Check for working CXX compiler: /usr/bin/c++ - skipped
[9.633s] -- Detecting CXX compile features
[9.637s] -- Detecting CXX compile features - done
[9.667s] -- Found ament_cmake: 1.3.12 (/opt/ros/humble/share/ament_cmake/cmake)
[10.592s] -- Found Python3: /usr/bin/python3 (found version "3.10.12") found components: Interpreter 
[10.983s] -- Override CMake install command with custom implementation using symlinks instead of copying resources
[11.579s] -- Configuring done
[11.595s] -- Generating done
[11.605s] -- Build files have been written to: /home/eia/rbi_2025/scara/scara_ws/build/scara_real_bringup
[11.634s] Invoked command in '/home/eia/rbi_2025/scara/scara_ws/build/scara_real_bringup' returned '0': CMAKE_PREFIX_PATH=/opt/ros/humble /usr/bin/cmake /home/eia/rbi_2025/scara/scara_ws/src/scara_real_bringup -DAMENT_CMAKE_SYMLINK_INSTALL=1 -DCMAKE_INSTALL_PREFIX=/home/eia/rbi_2025/scara/scara_ws/install/scara_real_bringup
[11.641s] Invoking command in '/home/eia/rbi_2025/scara/scara_ws/build/scara_real_bringup': CMAKE_PREFIX_PATH=/opt/ros/humble /usr/bin/cmake --build /home/eia/rbi_2025/scara/scara_ws/build/scara_real_bringup -- -j12 -l12
[12.818s] Invoked command in '/home/eia/rbi_2025/scara/scara_ws/build/scara_real_bringup' returned '0': CMAKE_PREFIX_PATH=/opt/ros/humble /usr/bin/cmake --build /home/eia/rbi_2025/scara/scara_ws/build/scara_real_bringup -- -j12 -l12
[12.825s] Invoking command in '/home/eia/rbi_2025/scara/scara_ws/build/scara_real_bringup': CMAKE_PREFIX_PATH=/opt/ros/humble /usr/bin/cmake --install /home/eia/rbi_2025/scara/scara_ws/build/scara_real_bringup
[12.986s] -- Install configuration: ""
[12.987s] -- Execute custom install script
[12.987s] -- Symlinking: /home/eia/rbi_2025/scara/scara_ws/install/scara_real_bringup/share/scara_real_bringup//launch/scara_bringup.launch.xml
[12.988s] -- Symlinking: /home/eia/rbi_2025/scara/scara_ws/install/scara_real_bringup/share/scara_real_bringup//config/controllers.yaml
[12.988s] -- Symlinking: /home/eia/rbi_2025/scara/scara_ws/install/scara_real_bringup/share/scara_real_bringup//config/gazebo_bridge.yaml
[12.989s] -- Symlinking: /home/eia/rbi_2025/scara/scara_ws/install/scara_real_bringup/share/scara_real_bringup//config/scara_config.rviz
[13.021s] -- Symlinking: /home/eia/rbi_2025/scara/scara_ws/install/scara_real_bringup/share/ament_index/resource_index/package_run_dependencies/scara_real_bringup
[13.057s] -- Symlinking: /home/eia/rbi_2025/scara/scara_ws/install/scara_real_bringup/share/ament_index/resource_index/parent_prefix_path/scara_real_bringup
[13.100s] -- Symlinking: /home/eia/rbi_2025/scara/scara_ws/install/scara_real_bringup/share/scara_real_bringup/environment/ament_prefix_path.sh
[13.144s] -- Symlinking: /home/eia/rbi_2025/scara/scara_ws/install/scara_real_bringup/share/scara_real_bringup/environment/ament_prefix_path.dsv
[13.187s] -- Symlinking: /home/eia/rbi_2025/scara/scara_ws/install/scara_real_bringup/share/scara_real_bringup/environment/path.sh
[13.230s] -- Symlinking: /home/eia/rbi_2025/scara/scara_ws/install/scara_real_bringup/share/scara_real_bringup/environment/path.dsv
[13.273s] -- Symlinking: /home/eia/rbi_2025/scara/scara_ws/install/scara_real_bringup/share/scara_real_bringup/local_setup.bash
[13.314s] -- Symlinking: /home/eia/rbi_2025/scara/scara_ws/install/scara_real_bringup/share/scara_real_bringup/local_setup.sh
[13.358s] -- Symlinking: /home/eia/rbi_2025/scara/scara_ws/install/scara_real_bringup/share/scara_real_bringup/local_setup.zsh
[13.400s] -- Symlinking: /home/eia/rbi_2025/scara/scara_ws/install/scara_real_bringup/share/scara_real_bringup/local_setup.dsv
[13.447s] -- Symlinking: /home/eia/rbi_2025/scara/scara_ws/install/scara_real_bringup/share/scara_real_bringup/package.dsv
[13.492s] -- Symlinking: /home/eia/rbi_2025/scara/scara_ws/install/scara_real_bringup/share/ament_index/resource_index/packages/scara_real_bringup
[13.536s] -- Symlinking: /home/eia/rbi_2025/scara/scara_ws/install/scara_real_bringup/share/scara_real_bringup/cmake/scara_real_bringupConfig.cmake
[13.579s] -- Symlinking: /home/eia/rbi_2025/scara/scara_ws/install/scara_real_bringup/share/scara_real_bringup/cmake/scara_real_bringupConfig-version.cmake
[13.625s] -- Symlinking: /home/eia/rbi_2025/scara/scara_ws/install/scara_real_bringup/share/scara_real_bringup/package.xml
[13.679s] Invoked command in '/home/eia/rbi_2025/scara/scara_ws/build/scara_real_bringup' returned '0': CMAKE_PREFIX_PATH=/opt/ros/humble /usr/bin/cmake --install /home/eia/rbi_2025/scara/scara_ws/build/scara_real_bringup
