[0.091s] Invoking command in '/home/eia/rbi_2025/abb/abb_ws/build/abb_gz_bringup': CMAKE_PREFIX_PATH=${CMAKE_PREFIX_PATH}:/home/eia/rbi_2025/abb/abb_ws/install/abb_tf_generator:/home/eia/rbi_2025/abb/abb_ws/install/abb_path_generator:/home/eia/rbi_2025/abb/abb_ws/install/abb_path_controller:/home/eia/rbi_2025/abb/abb_ws/install/abb_mujoco_python:/home/eia/rbi_2025/abb/abb_ws/install/abb_ik_solver:/home/eia/rbi_2025/scara/scara_ws/install/scara_tf_generator:/home/eia/rbi_2025/scara/scara_ws/install/scara_path_generator:/home/eia/rbi_2025/scara/scara_ws/install/scara_path_controller:/home/eia/rbi_2025/scara/scara_ws/install/scara_mujoco_python_sim:/home/eia/rbi_2025/scara/scara_ws/install/scara_general_ik_solver:/home/eia/rbi_2025/scara/scara_ws/install/premade_path_publisher:/opt/ros/humble /usr/bin/cmake --build /home/eia/rbi_2025/abb/abb_ws/build/abb_gz_bringup -- -j12 -l12
[2.064s] Invoked command in '/home/eia/rbi_2025/abb/abb_ws/build/abb_gz_bringup' returned '0': CMAKE_PREFIX_PATH=${CMAKE_PREFIX_PATH}:/home/eia/rbi_2025/abb/abb_ws/install/abb_tf_generator:/home/eia/rbi_2025/abb/abb_ws/install/abb_path_generator:/home/eia/rbi_2025/abb/abb_ws/install/abb_path_controller:/home/eia/rbi_2025/abb/abb_ws/install/abb_mujoco_python:/home/eia/rbi_2025/abb/abb_ws/install/abb_ik_solver:/home/eia/rbi_2025/scara/scara_ws/install/scara_tf_generator:/home/eia/rbi_2025/scara/scara_ws/install/scara_path_generator:/home/eia/rbi_2025/scara/scara_ws/install/scara_path_controller:/home/eia/rbi_2025/scara/scara_ws/install/scara_mujoco_python_sim:/home/eia/rbi_2025/scara/scara_ws/install/scara_general_ik_solver:/home/eia/rbi_2025/scara/scara_ws/install/premade_path_publisher:/opt/ros/humble /usr/bin/cmake --build /home/eia/rbi_2025/abb/abb_ws/build/abb_gz_bringup -- -j12 -l12
[2.065s] Invoking command in '/home/eia/rbi_2025/abb/abb_ws/build/abb_gz_bringup': CMAKE_PREFIX_PATH=${CMAKE_PREFIX_PATH}:/home/eia/rbi_2025/abb/abb_ws/install/abb_tf_generator:/home/eia/rbi_2025/abb/abb_ws/install/abb_path_generator:/home/eia/rbi_2025/abb/abb_ws/install/abb_path_controller:/home/eia/rbi_2025/abb/abb_ws/install/abb_mujoco_python:/home/eia/rbi_2025/abb/abb_ws/install/abb_ik_solver:/home/eia/rbi_2025/scara/scara_ws/install/scara_tf_generator:/home/eia/rbi_2025/scara/scara_ws/install/scara_path_generator:/home/eia/rbi_2025/scara/scara_ws/install/scara_path_controller:/home/eia/rbi_2025/scara/scara_ws/install/scara_mujoco_python_sim:/home/eia/rbi_2025/scara/scara_ws/install/scara_general_ik_solver:/home/eia/rbi_2025/scara/scara_ws/install/premade_path_publisher:/opt/ros/humble /usr/bin/cmake --install /home/eia/rbi_2025/abb/abb_ws/build/abb_gz_bringup
[2.094s] -- Install configuration: ""
[2.094s] -- Execute custom install script
[2.094s] -- Up-to-date symlink: /home/eia/rbi_2025/abb/abb_ws/install/abb_gz_bringup/share/abb_gz_bringup//launch/abb_launch.launch.xml
[2.094s] -- Up-to-date symlink: /home/eia/rbi_2025/abb/abb_ws/install/abb_gz_bringup/share/abb_gz_bringup//config/abb_config.rviz
[2.094s] -- Up-to-date symlink: /home/eia/rbi_2025/abb/abb_ws/install/abb_gz_bringup/share/abb_gz_bringup//config/controllers.yaml
[2.094s] -- Up-to-date symlink: /home/eia/rbi_2025/abb/abb_ws/install/abb_gz_bringup/share/abb_gz_bringup//config/gazebo_bridge.yaml
[2.095s] -- Up-to-date symlink: /home/eia/rbi_2025/abb/abb_ws/install/abb_gz_bringup/share/ament_index/resource_index/package_run_dependencies/abb_gz_bringup
[2.095s] -- Up-to-date symlink: /home/eia/rbi_2025/abb/abb_ws/install/abb_gz_bringup/share/ament_index/resource_index/parent_prefix_path/abb_gz_bringup
[2.095s] -- Up-to-date symlink: /home/eia/rbi_2025/abb/abb_ws/install/abb_gz_bringup/share/abb_gz_bringup/environment/ament_prefix_path.sh
[2.095s] -- Up-to-date symlink: /home/eia/rbi_2025/abb/abb_ws/install/abb_gz_bringup/share/abb_gz_bringup/environment/ament_prefix_path.dsv
[2.095s] -- Up-to-date symlink: /home/eia/rbi_2025/abb/abb_ws/install/abb_gz_bringup/share/abb_gz_bringup/environment/path.sh
[2.096s] -- Up-to-date symlink: /home/eia/rbi_2025/abb/abb_ws/install/abb_gz_bringup/share/abb_gz_bringup/environment/path.dsv
[2.098s] -- Up-to-date symlink: /home/eia/rbi_2025/abb/abb_ws/install/abb_gz_bringup/share/abb_gz_bringup/local_setup.bash
[2.098s] -- Up-to-date symlink: /home/eia/rbi_2025/abb/abb_ws/install/abb_gz_bringup/share/abb_gz_bringup/local_setup.sh
[2.098s] -- Up-to-date symlink: /home/eia/rbi_2025/abb/abb_ws/install/abb_gz_bringup/share/abb_gz_bringup/local_setup.zsh
[2.098s] -- Up-to-date symlink: /home/eia/rbi_2025/abb/abb_ws/install/abb_gz_bringup/share/abb_gz_bringup/local_setup.dsv
[2.098s] -- Symlinking: /home/eia/rbi_2025/abb/abb_ws/install/abb_gz_bringup/share/abb_gz_bringup/package.dsv
[2.105s] -- Up-to-date symlink: /home/eia/rbi_2025/abb/abb_ws/install/abb_gz_bringup/share/ament_index/resource_index/packages/abb_gz_bringup
[2.105s] -- Up-to-date symlink: /home/eia/rbi_2025/abb/abb_ws/install/abb_gz_bringup/share/abb_gz_bringup/cmake/abb_gz_bringupConfig.cmake
[2.106s] -- Up-to-date symlink: /home/eia/rbi_2025/abb/abb_ws/install/abb_gz_bringup/share/abb_gz_bringup/cmake/abb_gz_bringupConfig-version.cmake
[2.106s] -- Up-to-date symlink: /home/eia/rbi_2025/abb/abb_ws/install/abb_gz_bringup/share/abb_gz_bringup/package.xml
[2.164s] Invoked command in '/home/eia/rbi_2025/abb/abb_ws/build/abb_gz_bringup' returned '0': CMAKE_PREFIX_PATH=${CMAKE_PREFIX_PATH}:/home/eia/rbi_2025/abb/abb_ws/install/abb_tf_generator:/home/eia/rbi_2025/abb/abb_ws/install/abb_path_generator:/home/eia/rbi_2025/abb/abb_ws/install/abb_path_controller:/home/eia/rbi_2025/abb/abb_ws/install/abb_mujoco_python:/home/eia/rbi_2025/abb/abb_ws/install/abb_ik_solver:/home/eia/rbi_2025/scara/scara_ws/install/scara_tf_generator:/home/eia/rbi_2025/scara/scara_ws/install/scara_path_generator:/home/eia/rbi_2025/scara/scara_ws/install/scara_path_controller:/home/eia/rbi_2025/scara/scara_ws/install/scara_mujoco_python_sim:/home/eia/rbi_2025/scara/scara_ws/install/scara_general_ik_solver:/home/eia/rbi_2025/scara/scara_ws/install/premade_path_publisher:/opt/ros/humble /usr/bin/cmake --install /home/eia/rbi_2025/abb/abb_ws/build/abb_gz_bringup
