[0.948s] Invoking command in '/home/eia/repo/rbi_2025_2/rov/rov_ws/build/rov_controllers': CMAKE_PREFIX_PATH=${CMAKE_PREFIX_PATH}:/home/eia/repo/rbi_2025_2/rov/rov_ws/install/rov_position_controller:/home/eia/repo/rbi_2025_2/rov/rov_ws/install/rov_path_generator:/home/eia/repo/rbi_2025_2/rov/rov_ws/install/rov_path_follower:/home/eia/repo/rbi_2025_2/rov/rov_ws/install/rov_attitude_controller:/home/eia/repo/rbi_2025_2/rov/rov_ws/install/direct_control:/opt/ros/humble /usr/bin/cmake /home/eia/repo/rbi_2025_2/rov/rov_ws/src/rov_controllers -DAMENT_CMAKE_SYMLINK_INSTALL=1 -DCMAKE_INSTALL_PREFIX=/home/eia/repo/rbi_2025_2/rov/rov_ws/install/rov_controllers
[2.749s] -- The C compiler identification is GNU 11.4.0
[2.750s] -- The CXX compiler identification is GNU 11.4.0
[2.750s] -- Detecting C compiler ABI info
[2.751s] -- Detecting C compiler ABI info - done
[2.751s] -- Check for working C compiler: /usr/bin/cc - skipped
[2.751s] -- Detecting C compile features
[2.751s] -- Detecting C compile features - done
[2.751s] -- Detecting CXX compiler ABI info
[2.752s] -- Detecting CXX compiler ABI info - done
[2.752s] -- Check for working CXX compiler: /usr/bin/c++ - skipped
[2.752s] -- Detecting CXX compile features
[2.752s] -- Detecting CXX compile features - done
[2.752s] -- Found ament_cmake: 1.3.12 (/opt/ros/humble/share/ament_cmake/cmake)
[2.752s] -- Found Python3: /usr/bin/python3 (found version "3.10.12") found components: Interpreter 
[2.752s] -- Override CMake install command with custom implementation using symlinks instead of copying resources
[2.753s] -- Found rclcpp: 16.0.14 (/opt/ros/humble/share/rclcpp/cmake)
[2.753s] -- Found rosidl_generator_c: 3.1.7 (/opt/ros/humble/share/rosidl_generator_c/cmake)
[2.753s] -- Found rosidl_adapter: 3.1.7 (/opt/ros/humble/share/rosidl_adapter/cmake)
[2.753s] -- Found rosidl_generator_cpp: 3.1.7 (/opt/ros/humble/share/rosidl_generator_cpp/cmake)
[2.753s] -- Using all available rosidl_typesupport_c: rosidl_typesupport_fastrtps_c;rosidl_typesupport_introspection_c
[2.753s] -- Using all available rosidl_typesupport_cpp: rosidl_typesupport_fastrtps_cpp;rosidl_typesupport_introspection_cpp
[2.753s] -- Found rmw_implementation_cmake: 6.1.2 (/opt/ros/humble/share/rmw_implementation_cmake/cmake)
[2.754s] -- Found rmw_fastrtps_cpp: 6.2.8 (/opt/ros/humble/share/rmw_fastrtps_cpp/cmake)
[2.754s] -- Found OpenSSL: /usr/lib/x86_64-linux-gnu/libcrypto.so (found version "3.0.2")  
[2.754s] -- Found FastRTPS: /opt/ros/humble/include  
[2.754s] -- Using RMW implementation 'rmw_fastrtps_cpp' as default
[2.754s] -- Looking for pthread.h
[2.754s] -- Looking for pthread.h - found
[2.754s] -- Performing Test CMAKE_HAVE_LIBC_PTHREAD
[2.755s] -- Performing Test CMAKE_HAVE_LIBC_PTHREAD - Success
[2.755s] -- Found Threads: TRUE  
[2.755s] -- Found rclcpp_lifecycle: 16.0.14 (/opt/ros/humble/share/rclcpp_lifecycle/cmake)
[2.755s] -- Found pluginlib: 5.1.0 (/opt/ros/humble/share/pluginlib/cmake)
[2.755s] -- Found geometry_msgs: 4.9.0 (/opt/ros/humble/share/geometry_msgs/cmake)
[2.755s] -- Found controller_interface: 2.51.0 (/opt/ros/humble/share/controller_interface/cmake)
[2.755s] -- Found tf2_ros: 0.25.15 (/opt/ros/humble/share/tf2_ros/cmake)
[2.855s] -- Configuring done
[2.899s] -- Generating done
[2.910s] -- Build files have been written to: /home/eia/repo/rbi_2025_2/rov/rov_ws/build/rov_controllers
[2.948s] Invoked command in '/home/eia/repo/rbi_2025_2/rov/rov_ws/build/rov_controllers' returned '0': CMAKE_PREFIX_PATH=${CMAKE_PREFIX_PATH}:/home/eia/repo/rbi_2025_2/rov/rov_ws/install/rov_position_controller:/home/eia/repo/rbi_2025_2/rov/rov_ws/install/rov_path_generator:/home/eia/repo/rbi_2025_2/rov/rov_ws/install/rov_path_follower:/home/eia/repo/rbi_2025_2/rov/rov_ws/install/rov_attitude_controller:/home/eia/repo/rbi_2025_2/rov/rov_ws/install/direct_control:/opt/ros/humble /usr/bin/cmake /home/eia/repo/rbi_2025_2/rov/rov_ws/src/rov_controllers -DAMENT_CMAKE_SYMLINK_INSTALL=1 -DCMAKE_INSTALL_PREFIX=/home/eia/repo/rbi_2025_2/rov/rov_ws/install/rov_controllers
[2.949s] Invoking command in '/home/eia/repo/rbi_2025_2/rov/rov_ws/build/rov_controllers': CMAKE_PREFIX_PATH=${CMAKE_PREFIX_PATH}:/home/eia/repo/rbi_2025_2/rov/rov_ws/install/rov_position_controller:/home/eia/repo/rbi_2025_2/rov/rov_ws/install/rov_path_generator:/home/eia/repo/rbi_2025_2/rov/rov_ws/install/rov_path_follower:/home/eia/repo/rbi_2025_2/rov/rov_ws/install/rov_attitude_controller:/home/eia/repo/rbi_2025_2/rov/rov_ws/install/direct_control:/opt/ros/humble /usr/bin/cmake --build /home/eia/repo/rbi_2025_2/rov/rov_ws/build/rov_controllers -- -j12 -l12
[3.051s] [ 66%] [32mBuilding CXX object CMakeFiles/rov_controllers.dir/src/rov_forward_controller.cpp.o[0m
[3.051s] [ 66%] [32mBuilding CXX object CMakeFiles/rov_controllers.dir/src/rov_hardware_controller.cpp.o[0m
[22.260s] [100%] [32m[1mLinking CXX shared library librov_controllers.so[0m
[23.328s] [100%] Built target rov_controllers
[23.340s] Invoked command in '/home/eia/repo/rbi_2025_2/rov/rov_ws/build/rov_controllers' returned '0': CMAKE_PREFIX_PATH=${CMAKE_PREFIX_PATH}:/home/eia/repo/rbi_2025_2/rov/rov_ws/install/rov_position_controller:/home/eia/repo/rbi_2025_2/rov/rov_ws/install/rov_path_generator:/home/eia/repo/rbi_2025_2/rov/rov_ws/install/rov_path_follower:/home/eia/repo/rbi_2025_2/rov/rov_ws/install/rov_attitude_controller:/home/eia/repo/rbi_2025_2/rov/rov_ws/install/direct_control:/opt/ros/humble /usr/bin/cmake --build /home/eia/repo/rbi_2025_2/rov/rov_ws/build/rov_controllers -- -j12 -l12
[23.342s] Invoking command in '/home/eia/repo/rbi_2025_2/rov/rov_ws/build/rov_controllers': CMAKE_PREFIX_PATH=${CMAKE_PREFIX_PATH}:/home/eia/repo/rbi_2025_2/rov/rov_ws/install/rov_position_controller:/home/eia/repo/rbi_2025_2/rov/rov_ws/install/rov_path_generator:/home/eia/repo/rbi_2025_2/rov/rov_ws/install/rov_path_follower:/home/eia/repo/rbi_2025_2/rov/rov_ws/install/rov_attitude_controller:/home/eia/repo/rbi_2025_2/rov/rov_ws/install/direct_control:/opt/ros/humble /usr/bin/cmake --install /home/eia/repo/rbi_2025_2/rov/rov_ws/build/rov_controllers
[23.348s] -- Install configuration: ""
[23.348s] -- Execute custom install script
[23.348s] -- Symlinking: /home/eia/repo/rbi_2025_2/rov/rov_ws/install/rov_controllers/share/rov_controllers//rov_controller.xml
[23.355s] -- Symlinking: /home/eia/repo/rbi_2025_2/rov/rov_ws/install/rov_controllers/lib/librov_controllers.so
[23.363s] -- Symlinking: /home/eia/repo/rbi_2025_2/rov/rov_ws/install/rov_controllers/include/include/rov_controllers/rov_forward_controller.hpp
[23.370s] -- Symlinking: /home/eia/repo/rbi_2025_2/rov/rov_ws/install/rov_controllers/include/include/rov_controllers/rov_hardware_controller.hpp
[23.378s] -- Symlinking: /home/eia/repo/rbi_2025_2/rov/rov_ws/install/rov_controllers/share/rov_controllers/environment/library_path.sh
[23.386s] -- Symlinking: /home/eia/repo/rbi_2025_2/rov/rov_ws/install/rov_controllers/share/rov_controllers/environment/library_path.dsv
[23.393s] -- Symlinking: /home/eia/repo/rbi_2025_2/rov/rov_ws/install/rov_controllers/share/ament_index/resource_index/package_run_dependencies/rov_controllers
[23.400s] -- Symlinking: /home/eia/repo/rbi_2025_2/rov/rov_ws/install/rov_controllers/share/ament_index/resource_index/parent_prefix_path/rov_controllers
[23.407s] -- Symlinking: /home/eia/repo/rbi_2025_2/rov/rov_ws/install/rov_controllers/share/rov_controllers/environment/ament_prefix_path.sh
[23.414s] -- Symlinking: /home/eia/repo/rbi_2025_2/rov/rov_ws/install/rov_controllers/share/rov_controllers/environment/ament_prefix_path.dsv
[23.421s] -- Symlinking: /home/eia/repo/rbi_2025_2/rov/rov_ws/install/rov_controllers/share/rov_controllers/environment/path.sh
[23.428s] -- Symlinking: /home/eia/repo/rbi_2025_2/rov/rov_ws/install/rov_controllers/share/rov_controllers/environment/path.dsv
[23.435s] -- Symlinking: /home/eia/repo/rbi_2025_2/rov/rov_ws/install/rov_controllers/share/rov_controllers/local_setup.bash
[23.441s] -- Symlinking: /home/eia/repo/rbi_2025_2/rov/rov_ws/install/rov_controllers/share/rov_controllers/local_setup.sh
[23.448s] -- Symlinking: /home/eia/repo/rbi_2025_2/rov/rov_ws/install/rov_controllers/share/rov_controllers/local_setup.zsh
[23.455s] -- Symlinking: /home/eia/repo/rbi_2025_2/rov/rov_ws/install/rov_controllers/share/rov_controllers/local_setup.dsv
[23.462s] -- Symlinking: /home/eia/repo/rbi_2025_2/rov/rov_ws/install/rov_controllers/share/rov_controllers/package.dsv
[23.468s] -- Symlinking: /home/eia/repo/rbi_2025_2/rov/rov_ws/install/rov_controllers/share/ament_index/resource_index/packages/rov_controllers
[23.475s] -- Symlinking: /home/eia/repo/rbi_2025_2/rov/rov_ws/install/rov_controllers/share/ament_index/resource_index/controller_interface__pluginlib__plugin/rov_controllers
[23.482s] -- Symlinking: /home/eia/repo/rbi_2025_2/rov/rov_ws/install/rov_controllers/share/rov_controllers/cmake/ament_cmake_export_libraries-extras.cmake
[23.489s] -- Symlinking: /home/eia/repo/rbi_2025_2/rov/rov_ws/install/rov_controllers/share/rov_controllers/cmake/ament_cmake_export_dependencies-extras.cmake
[23.496s] -- Symlinking: /home/eia/repo/rbi_2025_2/rov/rov_ws/install/rov_controllers/share/rov_controllers/cmake/rov_controllersConfig.cmake
[23.502s] -- Symlinking: /home/eia/repo/rbi_2025_2/rov/rov_ws/install/rov_controllers/share/rov_controllers/cmake/rov_controllersConfig-version.cmake
[23.509s] -- Symlinking: /home/eia/repo/rbi_2025_2/rov/rov_ws/install/rov_controllers/share/rov_controllers/package.xml
[23.518s] Invoked command in '/home/eia/repo/rbi_2025_2/rov/rov_ws/build/rov_controllers' returned '0': CMAKE_PREFIX_PATH=${CMAKE_PREFIX_PATH}:/home/eia/repo/rbi_2025_2/rov/rov_ws/install/rov_position_controller:/home/eia/repo/rbi_2025_2/rov/rov_ws/install/rov_path_generator:/home/eia/repo/rbi_2025_2/rov/rov_ws/install/rov_path_follower:/home/eia/repo/rbi_2025_2/rov/rov_ws/install/rov_attitude_controller:/home/eia/repo/rbi_2025_2/rov/rov_ws/install/direct_control:/opt/ros/humble /usr/bin/cmake --install /home/eia/repo/rbi_2025_2/rov/rov_ws/build/rov_controllers
