running develop
running egg_info
creating abb_tf_generator.egg-info
writing abb_tf_generator.egg-info/PKG-INFO
writing dependency_links to abb_tf_generator.egg-info/dependency_links.txt
writing entry points to abb_tf_generator.egg-info/entry_points.txt
writing requirements to abb_tf_generator.egg-info/requires.txt
writing top-level names to abb_tf_generator.egg-info/top_level.txt
writing manifest file 'abb_tf_generator.egg-info/SOURCES.txt'
reading manifest file 'abb_tf_generator.egg-info/SOURCES.txt'
writing manifest file 'abb_tf_generator.egg-info/SOURCES.txt'
running build_ext
Creating /home/eia/rbi_2025/abb/abb_ws/install/abb_tf_generator/lib/python3.10/site-packages/abb-tf-generator.egg-link (link to .)
Installing abb_tf_generator script to /home/eia/rbi_2025/abb/abb_ws/install/abb_tf_generator/lib/abb_tf_generator

Installed /home/eia/rbi_2025/abb/abb_ws/build/abb_tf_generator
running symlink_data
creating /home/eia/rbi_2025/abb/abb_ws/install/abb_tf_generator/share/ament_index
creating /home/eia/rbi_2025/abb/abb_ws/install/abb_tf_generator/share/ament_index/resource_index
creating /home/eia/rbi_2025/abb/abb_ws/install/abb_tf_generator/share/ament_index/resource_index/packages
symbolically linking /home/eia/rbi_2025/abb/abb_ws/build/abb_tf_generator/resource/abb_tf_generator -> /home/eia/rbi_2025/abb/abb_ws/install/abb_tf_generator/share/ament_index/resource_index/packages
symbolically linking /home/eia/rbi_2025/abb/abb_ws/build/abb_tf_generator/package.xml -> /home/eia/rbi_2025/abb/abb_ws/install/abb_tf_generator/share/abb_tf_generator
creating /home/eia/rbi_2025/abb/abb_ws/install/abb_tf_generator/share/abb_tf_generator/launch
creating /home/eia/rbi_2025/abb/abb_ws/install/abb_tf_generator/share/abb_tf_generator/descriptions
creating /home/eia/rbi_2025/abb/abb_ws/install/abb_tf_generator/share/abb_tf_generator/config
