[2.693s] Invoking command in '/home/eia/rbi_2025/abb/abb_ws/build/abb_tf_generator': PYTHONPATH=/home/eia/rbi_2025/abb/abb_ws/build/abb_tf_generator/prefix_override:/home/eia/.local/lib/python3.10/site-packages/colcon_core/task/python/colcon_distutils_commands:/home/eia/rbi_2025/abb/abb_ws/install/abb_tf_generator/lib/python3.10/site-packages:${PYTHONPATH} /usr/bin/python3 -W ignore:setup.py install is deprecated -W ignore:easy_install command is deprecated setup.py develop --editable --build-directory /home/eia/rbi_2025/abb/abb_ws/build/abb_tf_generator/build --no-deps symlink_data
[3.141s] running develop
[3.429s] running egg_info
[3.429s] creating abb_tf_generator.egg-info
[3.429s] writing abb_tf_generator.egg-info/PKG-INFO
[3.429s] writing dependency_links to abb_tf_generator.egg-info/dependency_links.txt
[3.429s] writing entry points to abb_tf_generator.egg-info/entry_points.txt
[3.429s] writing requirements to abb_tf_generator.egg-info/requires.txt
[3.429s] writing top-level names to abb_tf_generator.egg-info/top_level.txt
[3.430s] writing manifest file 'abb_tf_generator.egg-info/SOURCES.txt'
[3.431s] reading manifest file 'abb_tf_generator.egg-info/SOURCES.txt'
[3.432s] writing manifest file 'abb_tf_generator.egg-info/SOURCES.txt'
[3.475s] running build_ext
[3.475s] Creating /home/eia/rbi_2025/abb/abb_ws/install/abb_tf_generator/lib/python3.10/site-packages/abb-tf-generator.egg-link (link to .)
[3.476s] Installing abb_tf_generator script to /home/eia/rbi_2025/abb/abb_ws/install/abb_tf_generator/lib/abb_tf_generator
[3.476s] 
[3.476s] Installed /home/eia/rbi_2025/abb/abb_ws/build/abb_tf_generator
[3.476s] running symlink_data
[3.476s] creating /home/eia/rbi_2025/abb/abb_ws/install/abb_tf_generator/share/ament_index
[3.476s] creating /home/eia/rbi_2025/abb/abb_ws/install/abb_tf_generator/share/ament_index/resource_index
[3.476s] creating /home/eia/rbi_2025/abb/abb_ws/install/abb_tf_generator/share/ament_index/resource_index/packages
[3.476s] symbolically linking /home/eia/rbi_2025/abb/abb_ws/build/abb_tf_generator/resource/abb_tf_generator -> /home/eia/rbi_2025/abb/abb_ws/install/abb_tf_generator/share/ament_index/resource_index/packages
[3.476s] symbolically linking /home/eia/rbi_2025/abb/abb_ws/build/abb_tf_generator/package.xml -> /home/eia/rbi_2025/abb/abb_ws/install/abb_tf_generator/share/abb_tf_generator
[3.477s] creating /home/eia/rbi_2025/abb/abb_ws/install/abb_tf_generator/share/abb_tf_generator/launch
[3.477s] creating /home/eia/rbi_2025/abb/abb_ws/install/abb_tf_generator/share/abb_tf_generator/descriptions
[3.477s] creating /home/eia/rbi_2025/abb/abb_ws/install/abb_tf_generator/share/abb_tf_generator/config
[3.521s] Invoked command in '/home/eia/rbi_2025/abb/abb_ws/build/abb_tf_generator' returned '0': PYTHONPATH=/home/eia/rbi_2025/abb/abb_ws/build/abb_tf_generator/prefix_override:/home/eia/.local/lib/python3.10/site-packages/colcon_core/task/python/colcon_distutils_commands:/home/eia/rbi_2025/abb/abb_ws/install/abb_tf_generator/lib/python3.10/site-packages:${PYTHONPATH} /usr/bin/python3 -W ignore:setup.py install is deprecated -W ignore:easy_install command is deprecated setup.py develop --editable --build-directory /home/eia/rbi_2025/abb/abb_ws/build/abb_tf_generator/build --no-deps symlink_data
