[2.520s] Invoking command in '/home/eia/rbi_2025/rov/rov_ws/build/rov_real_description': CMAKE_PREFIX_PATH=${CMAKE_PREFIX_PATH}:/home/eia/repo/rbi_2025_2/rov/rov_ws/install/rov_position_controller:/home/eia/repo/rbi_2025_2/rov/rov_ws/install/rov_path_generator:/home/eia/repo/rbi_2025_2/rov/rov_ws/install/rov_path_follower:/home/eia/repo/rbi_2025_2/rov/rov_ws/install/rov_attitude_controller:/home/eia/repo/rbi_2025_2/rov/rov_ws/install/direct_control:/opt/ros/humble /usr/bin/cmake --build /home/eia/rbi_2025/rov/rov_ws/build/rov_real_description -- -j12 -l12
[2.543s] -- Found ament_cmake: 1.3.12 (/opt/ros/humble/share/ament_cmake/cmake)
[2.761s] -- Override CMake install command with custom implementation using symlinks instead of copying resources
[2.949s] -- Configuring done
[2.956s] -- Generating done
[2.957s] -- Build files have been written to: /home/eia/rbi_2025/rov/rov_ws/build/rov_real_description
[2.983s] Invoked command in '/home/eia/rbi_2025/rov/rov_ws/build/rov_real_description' returned '0': CMAKE_PREFIX_PATH=${CMAKE_PREFIX_PATH}:/home/eia/repo/rbi_2025_2/rov/rov_ws/install/rov_position_controller:/home/eia/repo/rbi_2025_2/rov/rov_ws/install/rov_path_generator:/home/eia/repo/rbi_2025_2/rov/rov_ws/install/rov_path_follower:/home/eia/repo/rbi_2025_2/rov/rov_ws/install/rov_attitude_controller:/home/eia/repo/rbi_2025_2/rov/rov_ws/install/direct_control:/opt/ros/humble /usr/bin/cmake --build /home/eia/rbi_2025/rov/rov_ws/build/rov_real_description -- -j12 -l12
[2.985s] Invoking command in '/home/eia/rbi_2025/rov/rov_ws/build/rov_real_description': CMAKE_PREFIX_PATH=${CMAKE_PREFIX_PATH}:/home/eia/repo/rbi_2025_2/rov/rov_ws/install/rov_position_controller:/home/eia/repo/rbi_2025_2/rov/rov_ws/install/rov_path_generator:/home/eia/repo/rbi_2025_2/rov/rov_ws/install/rov_path_follower:/home/eia/repo/rbi_2025_2/rov/rov_ws/install/rov_attitude_controller:/home/eia/repo/rbi_2025_2/rov/rov_ws/install/direct_control:/opt/ros/humble /usr/bin/cmake --install /home/eia/rbi_2025/rov/rov_ws/build/rov_real_description
[2.993s] -- Install configuration: ""
[2.993s] -- Execute custom install script
[2.994s] -- Up-to-date symlink: /home/eia/rbi_2025/rov/rov_ws/install/rov_real_description/share/rov_real_description//urdf/rov_description.urdf.xacro
[2.994s] -- Up-to-date symlink: /home/eia/rbi_2025/rov/rov_ws/install/rov_real_description/share/rov_real_description//launch/display.launch.xml
[2.995s] -- Symlinking: /home/eia/rbi_2025/rov/rov_ws/install/rov_real_description/share/ament_index/resource_index/package_run_dependencies/rov_real_description
[3.009s] -- Symlinking: /home/eia/rbi_2025/rov/rov_ws/install/rov_real_description/share/ament_index/resource_index/parent_prefix_path/rov_real_description
[3.023s] -- Symlinking: /home/eia/rbi_2025/rov/rov_ws/install/rov_real_description/share/rov_real_description/environment/ament_prefix_path.sh
[3.037s] -- Symlinking: /home/eia/rbi_2025/rov/rov_ws/install/rov_real_description/share/rov_real_description/environment/ament_prefix_path.dsv
[3.050s] -- Symlinking: /home/eia/rbi_2025/rov/rov_ws/install/rov_real_description/share/rov_real_description/environment/path.sh
[3.078s] -- Symlinking: /home/eia/rbi_2025/rov/rov_ws/install/rov_real_description/share/rov_real_description/environment/path.dsv
[3.126s] -- Symlinking: /home/eia/rbi_2025/rov/rov_ws/install/rov_real_description/share/rov_real_description/local_setup.bash
[3.180s] -- Symlinking: /home/eia/rbi_2025/rov/rov_ws/install/rov_real_description/share/rov_real_description/local_setup.sh
[3.203s] -- Symlinking: /home/eia/rbi_2025/rov/rov_ws/install/rov_real_description/share/rov_real_description/local_setup.zsh
[3.217s] -- Symlinking: /home/eia/rbi_2025/rov/rov_ws/install/rov_real_description/share/rov_real_description/local_setup.dsv
[3.232s] -- Symlinking: /home/eia/rbi_2025/rov/rov_ws/install/rov_real_description/share/rov_real_description/package.dsv
[3.245s] -- Symlinking: /home/eia/rbi_2025/rov/rov_ws/install/rov_real_description/share/ament_index/resource_index/packages/rov_real_description
[3.270s] -- Symlinking: /home/eia/rbi_2025/rov/rov_ws/install/rov_real_description/share/rov_real_description/cmake/rov_real_descriptionConfig.cmake
[3.298s] -- Symlinking: /home/eia/rbi_2025/rov/rov_ws/install/rov_real_description/share/rov_real_description/cmake/rov_real_descriptionConfig-version.cmake
[3.311s] -- Symlinking: /home/eia/rbi_2025/rov/rov_ws/install/rov_real_description/share/rov_real_description/package.xml
[3.342s] Invoked command in '/home/eia/rbi_2025/rov/rov_ws/build/rov_real_description' returned '0': CMAKE_PREFIX_PATH=${CMAKE_PREFIX_PATH}:/home/eia/repo/rbi_2025_2/rov/rov_ws/install/rov_position_controller:/home/eia/repo/rbi_2025_2/rov/rov_ws/install/rov_path_generator:/home/eia/repo/rbi_2025_2/rov/rov_ws/install/rov_path_follower:/home/eia/repo/rbi_2025_2/rov/rov_ws/install/rov_attitude_controller:/home/eia/repo/rbi_2025_2/rov/rov_ws/install/direct_control:/opt/ros/humble /usr/bin/cmake --install /home/eia/rbi_2025/rov/rov_ws/build/rov_real_description
