[0.355s] Invoking command in '/rov_ws/build/rov_mujoco_sim': CMAKE_PREFIX_PATH=${CMAKE_PREFIX_PATH}:/rov_ws/install/rov_position_controller:/rov_ws/install/rov_path_generator:/rov_ws/install/rov_path_follower:/rov_ws/install/rov_attitude_controller:/opt/ros/humble /usr/bin/cmake --build /rov_ws/build/rov_mujoco_sim -- -j12 -l12
[1.036s] [35m[1mConsolidate compiler generated dependencies of target rov_mujoco_sim_direct[0m
[1.036s] [35m[1mConsolidate compiler generated dependencies of target rov_mujoco_sim[0m
[1.036s] [ 25%] [32mBuilding CXX object CMakeFiles/rov_mujoco_sim_direct.dir/src/mujoco_interface.cpp.o[0m
[1.036s] [ 50%] [32mBuilding CXX object CMakeFiles/rov_mujoco_sim.dir/src/mujoco_sim_interface.cpp.o[0m
[3.548s] In file included from [01m[K/opt/ros/humble/include/rclcpp/rclcpp/logging.hpp:24[m[K,
[3.548s]                  from [01m[K/opt/ros/humble/include/rclcpp/rclcpp/client.hpp:40[m[K,
[3.548s]                  from [01m[K/opt/ros/humble/include/rclcpp/rclcpp/callback_group.hpp:24[m[K,
[3.548s]                  from [01m[K/opt/ros/humble/include/rclcpp/rclcpp/any_executable.hpp:20[m[K,
[3.548s]                  from [01m[K/opt/ros/humble/include/rclcpp/rclcpp/memory_strategy.hpp:25[m[K,
[3.548s]                  from [01m[K/opt/ros/humble/include/rclcpp/rclcpp/memory_strategies.hpp:18[m[K,
[3.548s]                  from [01m[K/opt/ros/humble/include/rclcpp/rclcpp/executor_options.hpp:20[m[K,
[3.548s]                  from [01m[K/opt/ros/humble/include/rclcpp/rclcpp/executor.hpp:37[m[K,
[3.548s]                  from [01m[K/opt/ros/humble/include/rclcpp/rclcpp/executors/multi_threaded_executor.hpp:25[m[K,
[3.548s]                  from [01m[K/opt/ros/humble/include/rclcpp/rclcpp/executors.hpp:21[m[K,
[3.548s]                  from [01m[K/opt/ros/humble/include/rclcpp/rclcpp/rclcpp.hpp:155[m[K,
[3.548s]                  from [01m[K/rov_ws/src/rov_mujoco_sim/include/rov_sim/mujoco_sim_interface.hpp:20[m[K,
[3.548s]                  from [01m[K/rov_ws/src/rov_mujoco_sim/src/mujoco_sim_interface.cpp:1[m[K:
[3.549s] [01m[K/rov_ws/src/rov_mujoco_sim/src/mujoco_sim_interface.cpp:[m[K In member function ‘[01m[Kvirtual hardware_interface::CallbackReturn rov_simulator_layer::RovSimulatorInterface::on_configure(const rclcpp_lifecycle::State&)[m[K’:
[3.549s] [01m[K/rov_ws/src/rov_mujoco_sim/src/mujoco_sim_interface.cpp:27:52:[m[K [01;35m[Kwarning: [m[Kformat not a string literal and no format arguments [[01;35m[K]8;;https://gcc.gnu.org/onlinedocs/gcc/Warning-Options.html#index-Wformat-security-Wformat-security]8;;[m[K]
[3.549s]    27 |         RCLCPP_INFO(rclcpp::get_logger("rov sim"), [01;35m[Kerr_string[m[K);
[3.549s]       |                                                    [01;35m[K^~~~~~~~~~[m[K
[5.109s] [ 75%] [32m[1mLinking CXX shared library librov_mujoco_sim.so[0m
[5.284s] [ 75%] Built target rov_mujoco_sim
[8.768s] [100%] [32m[1mLinking CXX executable rov_mujoco_sim_direct[0m
[9.188s] [100%] Built target rov_mujoco_sim_direct
[9.197s] Invoked command in '/rov_ws/build/rov_mujoco_sim' returned '0': CMAKE_PREFIX_PATH=${CMAKE_PREFIX_PATH}:/rov_ws/install/rov_position_controller:/rov_ws/install/rov_path_generator:/rov_ws/install/rov_path_follower:/rov_ws/install/rov_attitude_controller:/opt/ros/humble /usr/bin/cmake --build /rov_ws/build/rov_mujoco_sim -- -j12 -l12
[9.198s] Invoking command in '/rov_ws/build/rov_mujoco_sim': CMAKE_PREFIX_PATH=${CMAKE_PREFIX_PATH}:/rov_ws/install/rov_position_controller:/rov_ws/install/rov_path_generator:/rov_ws/install/rov_path_follower:/rov_ws/install/rov_attitude_controller:/opt/ros/humble /usr/bin/cmake --install /rov_ws/build/rov_mujoco_sim
[9.204s] -- Install configuration: ""
[9.204s] -- Execute custom install script
[9.204s] -- Up-to-date symlink: /rov_ws/install/rov_mujoco_sim/share/rov_mujoco_sim//rov_hardware_interface.xml
[9.204s] -- Up-to-date symlink: /rov_ws/install/rov_mujoco_sim/lib/librov_mujoco_sim.so
[9.205s] -- Up-to-date symlink: /rov_ws/install/rov_mujoco_sim/include/include/rov_sim/mujoco_interface.hpp
[9.205s] -- Up-to-date symlink: /rov_ws/install/rov_mujoco_sim/include/include/rov_sim/mujoco_sim_interface.hpp
[9.205s] -- Up-to-date symlink: /rov_ws/install/rov_mujoco_sim/share/rov_mujoco_sim/environment/library_path.sh
[9.205s] -- Up-to-date symlink: /rov_ws/install/rov_mujoco_sim/share/rov_mujoco_sim/environment/library_path.dsv
[9.205s] -- Up-to-date symlink: /rov_ws/install/rov_mujoco_sim/lib/rov_mujoco_sim/rov_mujoco_sim_direct
[9.206s] -- Up-to-date symlink: /rov_ws/install/rov_mujoco_sim/share/ament_index/resource_index/package_run_dependencies/rov_mujoco_sim
[9.206s] -- Up-to-date symlink: /rov_ws/install/rov_mujoco_sim/share/ament_index/resource_index/parent_prefix_path/rov_mujoco_sim
[9.206s] -- Up-to-date symlink: /rov_ws/install/rov_mujoco_sim/share/rov_mujoco_sim/environment/ament_prefix_path.sh
[9.206s] -- Up-to-date symlink: /rov_ws/install/rov_mujoco_sim/share/rov_mujoco_sim/environment/ament_prefix_path.dsv
[9.206s] -- Up-to-date symlink: /rov_ws/install/rov_mujoco_sim/share/rov_mujoco_sim/environment/path.sh
[9.206s] -- Up-to-date symlink: /rov_ws/install/rov_mujoco_sim/share/rov_mujoco_sim/environment/path.dsv
[9.206s] -- Up-to-date symlink: /rov_ws/install/rov_mujoco_sim/share/rov_mujoco_sim/local_setup.bash
[9.206s] -- Up-to-date symlink: /rov_ws/install/rov_mujoco_sim/share/rov_mujoco_sim/local_setup.sh
[9.207s] -- Up-to-date symlink: /rov_ws/install/rov_mujoco_sim/share/rov_mujoco_sim/local_setup.zsh
[9.207s] -- Up-to-date symlink: /rov_ws/install/rov_mujoco_sim/share/rov_mujoco_sim/local_setup.dsv
[9.207s] -- Symlinking: /rov_ws/install/rov_mujoco_sim/share/rov_mujoco_sim/package.dsv
[9.216s] -- Up-to-date symlink: /rov_ws/install/rov_mujoco_sim/share/ament_index/resource_index/packages/rov_mujoco_sim
[9.216s] -- Up-to-date symlink: /rov_ws/install/rov_mujoco_sim/share/ament_index/resource_index/hardware_interface__pluginlib__plugin/rov_mujoco_sim
[9.216s] -- Up-to-date symlink: /rov_ws/install/rov_mujoco_sim/share/rov_mujoco_sim/cmake/ament_cmake_export_libraries-extras.cmake
[9.216s] -- Up-to-date symlink: /rov_ws/install/rov_mujoco_sim/share/rov_mujoco_sim/cmake/ament_cmake_export_dependencies-extras.cmake
[9.216s] -- Up-to-date symlink: /rov_ws/install/rov_mujoco_sim/share/rov_mujoco_sim/cmake/rov_mujoco_simConfig.cmake
[9.216s] -- Up-to-date symlink: /rov_ws/install/rov_mujoco_sim/share/rov_mujoco_sim/cmake/rov_mujoco_simConfig-version.cmake
[9.216s] -- Up-to-date symlink: /rov_ws/install/rov_mujoco_sim/share/rov_mujoco_sim/package.xml
[9.219s] Invoked command in '/rov_ws/build/rov_mujoco_sim' returned '0': CMAKE_PREFIX_PATH=${CMAKE_PREFIX_PATH}:/rov_ws/install/rov_position_controller:/rov_ws/install/rov_path_generator:/rov_ws/install/rov_path_follower:/rov_ws/install/rov_attitude_controller:/opt/ros/humble /usr/bin/cmake --install /rov_ws/build/rov_mujoco_sim
