[2.821s] Invoking command in '/home/eia/rbi_2025/scara/scara_ws/build/scara_gz_bringup': CMAKE_PREFIX_PATH=${CMAKE_PREFIX_PATH}:/home/eia/rbi_2025/scara/scara_ws/install/scara_tf_generator:/home/eia/rbi_2025/scara/scara_ws/install/scara_path_generator:/home/eia/rbi_2025/scara/scara_ws/install/scara_path_controller:/home/eia/rbi_2025/scara/scara_ws/install/scara_mujoco_python_sim:/home/eia/rbi_2025/scara/scara_ws/install/scara_general_ik_solver:/home/eia/rbi_2025/scara/scara_ws/install/premade_path_publisher:/opt/ros/humble /usr/bin/cmake --build /home/eia/rbi_2025/scara/scara_ws/build/scara_gz_bringup -- -j12 -l12
[7.206s] Invoked command in '/home/eia/rbi_2025/scara/scara_ws/build/scara_gz_bringup' returned '0': CMAKE_PREFIX_PATH=${CMAKE_PREFIX_PATH}:/home/eia/rbi_2025/scara/scara_ws/install/scara_tf_generator:/home/eia/rbi_2025/scara/scara_ws/install/scara_path_generator:/home/eia/rbi_2025/scara/scara_ws/install/scara_path_controller:/home/eia/rbi_2025/scara/scara_ws/install/scara_mujoco_python_sim:/home/eia/rbi_2025/scara/scara_ws/install/scara_general_ik_solver:/home/eia/rbi_2025/scara/scara_ws/install/premade_path_publisher:/opt/ros/humble /usr/bin/cmake --build /home/eia/rbi_2025/scara/scara_ws/build/scara_gz_bringup -- -j12 -l12
[7.240s] Invoking command in '/home/eia/rbi_2025/scara/scara_ws/build/scara_gz_bringup': CMAKE_PREFIX_PATH=${CMAKE_PREFIX_PATH}:/home/eia/rbi_2025/scara/scara_ws/install/scara_tf_generator:/home/eia/rbi_2025/scara/scara_ws/install/scara_path_generator:/home/eia/rbi_2025/scara/scara_ws/install/scara_path_controller:/home/eia/rbi_2025/scara/scara_ws/install/scara_mujoco_python_sim:/home/eia/rbi_2025/scara/scara_ws/install/scara_general_ik_solver:/home/eia/rbi_2025/scara/scara_ws/install/premade_path_publisher:/opt/ros/humble /usr/bin/cmake --install /home/eia/rbi_2025/scara/scara_ws/build/scara_gz_bringup
[7.304s] -- Install configuration: ""
[7.310s] -- Execute custom install script
[7.317s] -- Up-to-date symlink: /home/eia/rbi_2025/scara/scara_ws/install/scara_gz_bringup/share/scara_gz_bringup//launch/scara_bringup.launch.xml
[7.322s] -- Up-to-date symlink: /home/eia/rbi_2025/scara/scara_ws/install/scara_gz_bringup/share/scara_gz_bringup//config/controllers.yaml
[7.328s] -- Up-to-date symlink: /home/eia/rbi_2025/scara/scara_ws/install/scara_gz_bringup/share/scara_gz_bringup//config/gazebo_bridge.yaml
[7.329s] -- Up-to-date symlink: /home/eia/rbi_2025/scara/scara_ws/install/scara_gz_bringup/share/scara_gz_bringup//config/scara_config.rviz
[7.336s] -- Up-to-date symlink: /home/eia/rbi_2025/scara/scara_ws/install/scara_gz_bringup/share/ament_index/resource_index/package_run_dependencies/scara_gz_bringup
[7.340s] -- Up-to-date symlink: /home/eia/rbi_2025/scara/scara_ws/install/scara_gz_bringup/share/ament_index/resource_index/parent_prefix_path/scara_gz_bringup
[7.343s] -- Up-to-date symlink: /home/eia/rbi_2025/scara/scara_ws/install/scara_gz_bringup/share/scara_gz_bringup/environment/ament_prefix_path.sh
[7.351s] -- Up-to-date symlink: /home/eia/rbi_2025/scara/scara_ws/install/scara_gz_bringup/share/scara_gz_bringup/environment/ament_prefix_path.dsv
[7.352s] -- Up-to-date symlink: /home/eia/rbi_2025/scara/scara_ws/install/scara_gz_bringup/share/scara_gz_bringup/environment/path.sh
[7.355s] -- Up-to-date symlink: /home/eia/rbi_2025/scara/scara_ws/install/scara_gz_bringup/share/scara_gz_bringup/environment/path.dsv
[7.357s] -- Up-to-date symlink: /home/eia/rbi_2025/scara/scara_ws/install/scara_gz_bringup/share/scara_gz_bringup/local_setup.bash
[7.357s] -- Up-to-date symlink: /home/eia/rbi_2025/scara/scara_ws/install/scara_gz_bringup/share/scara_gz_bringup/local_setup.sh
[7.358s] -- Up-to-date symlink: /home/eia/rbi_2025/scara/scara_ws/install/scara_gz_bringup/share/scara_gz_bringup/local_setup.zsh
[7.358s] -- Up-to-date symlink: /home/eia/rbi_2025/scara/scara_ws/install/scara_gz_bringup/share/scara_gz_bringup/local_setup.dsv
[7.358s] -- Symlinking: /home/eia/rbi_2025/scara/scara_ws/install/scara_gz_bringup/share/scara_gz_bringup/package.dsv
[7.423s] -- Up-to-date symlink: /home/eia/rbi_2025/scara/scara_ws/install/scara_gz_bringup/share/ament_index/resource_index/packages/scara_gz_bringup
[7.423s] -- Up-to-date symlink: /home/eia/rbi_2025/scara/scara_ws/install/scara_gz_bringup/share/scara_gz_bringup/cmake/scara_gz_bringupConfig.cmake
[7.424s] -- Up-to-date symlink: /home/eia/rbi_2025/scara/scara_ws/install/scara_gz_bringup/share/scara_gz_bringup/cmake/scara_gz_bringupConfig-version.cmake
[7.425s] -- Up-to-date symlink: /home/eia/rbi_2025/scara/scara_ws/install/scara_gz_bringup/share/scara_gz_bringup/package.xml
[7.544s] Invoked command in '/home/eia/rbi_2025/scara/scara_ws/build/scara_gz_bringup' returned '0': CMAKE_PREFIX_PATH=${CMAKE_PREFIX_PATH}:/home/eia/rbi_2025/scara/scara_ws/install/scara_tf_generator:/home/eia/rbi_2025/scara/scara_ws/install/scara_path_generator:/home/eia/rbi_2025/scara/scara_ws/install/scara_path_controller:/home/eia/rbi_2025/scara/scara_ws/install/scara_mujoco_python_sim:/home/eia/rbi_2025/scara/scara_ws/install/scara_general_ik_solver:/home/eia/rbi_2025/scara/scara_ws/install/premade_path_publisher:/opt/ros/humble /usr/bin/cmake --install /home/eia/rbi_2025/scara/scara_ws/build/scara_gz_bringup
