[6.568s] Invoking command in '/home/eia/rbi_2025/scara/scara_ws/build/scara_real_bringup': CMAKE_PREFIX_PATH=${CMAKE_PREFIX_PATH}:/home/eia/rbi_2025/scara/scara_ws/install/scara_tf_generator:/home/eia/rbi_2025/scara/scara_ws/install/scara_path_generator:/home/eia/rbi_2025/scara/scara_ws/install/scara_path_controller:/home/eia/rbi_2025/scara/scara_ws/install/scara_mujoco_python_sim:/home/eia/rbi_2025/scara/scara_ws/install/scara_general_ik_solver:/home/eia/rbi_2025/scara/scara_ws/install/premade_path_publisher:/opt/ros/humble /usr/bin/cmake --build /home/eia/rbi_2025/scara/scara_ws/build/scara_real_bringup -- -j12 -l12
[6.900s] Invoked command in '/home/eia/rbi_2025/scara/scara_ws/build/scara_real_bringup' returned '0': CMAKE_PREFIX_PATH=${CMAKE_PREFIX_PATH}:/home/eia/rbi_2025/scara/scara_ws/install/scara_tf_generator:/home/eia/rbi_2025/scara/scara_ws/install/scara_path_generator:/home/eia/rbi_2025/scara/scara_ws/install/scara_path_controller:/home/eia/rbi_2025/scara/scara_ws/install/scara_mujoco_python_sim:/home/eia/rbi_2025/scara/scara_ws/install/scara_general_ik_solver:/home/eia/rbi_2025/scara/scara_ws/install/premade_path_publisher:/opt/ros/humble /usr/bin/cmake --build /home/eia/rbi_2025/scara/scara_ws/build/scara_real_bringup -- -j12 -l12
[6.906s] Invoking command in '/home/eia/rbi_2025/scara/scara_ws/build/scara_real_bringup': CMAKE_PREFIX_PATH=${CMAKE_PREFIX_PATH}:/home/eia/rbi_2025/scara/scara_ws/install/scara_tf_generator:/home/eia/rbi_2025/scara/scara_ws/install/scara_path_generator:/home/eia/rbi_2025/scara/scara_ws/install/scara_path_controller:/home/eia/rbi_2025/scara/scara_ws/install/scara_mujoco_python_sim:/home/eia/rbi_2025/scara/scara_ws/install/scara_general_ik_solver:/home/eia/rbi_2025/scara/scara_ws/install/premade_path_publisher:/opt/ros/humble /usr/bin/cmake --install /home/eia/rbi_2025/scara/scara_ws/build/scara_real_bringup
[7.138s] -- Install configuration: ""
[7.140s] -- Execute custom install script
[7.140s] -- Up-to-date symlink: /home/eia/rbi_2025/scara/scara_ws/install/scara_real_bringup/share/scara_real_bringup//launch/scara_bringup.launch.xml
[7.141s] -- Up-to-date symlink: /home/eia/rbi_2025/scara/scara_ws/install/scara_real_bringup/share/scara_real_bringup//config/controllers.yaml
[7.143s] -- Up-to-date symlink: /home/eia/rbi_2025/scara/scara_ws/install/scara_real_bringup/share/scara_real_bringup//config/gazebo_bridge.yaml
[7.144s] -- Up-to-date symlink: /home/eia/rbi_2025/scara/scara_ws/install/scara_real_bringup/share/scara_real_bringup//config/scara_config.rviz
[7.145s] -- Up-to-date symlink: /home/eia/rbi_2025/scara/scara_ws/install/scara_real_bringup/share/ament_index/resource_index/package_run_dependencies/scara_real_bringup
[7.146s] -- Up-to-date symlink: /home/eia/rbi_2025/scara/scara_ws/install/scara_real_bringup/share/ament_index/resource_index/parent_prefix_path/scara_real_bringup
[7.147s] -- Up-to-date symlink: /home/eia/rbi_2025/scara/scara_ws/install/scara_real_bringup/share/scara_real_bringup/environment/ament_prefix_path.sh
[7.148s] -- Up-to-date symlink: /home/eia/rbi_2025/scara/scara_ws/install/scara_real_bringup/share/scara_real_bringup/environment/ament_prefix_path.dsv
[7.149s] -- Up-to-date symlink: /home/eia/rbi_2025/scara/scara_ws/install/scara_real_bringup/share/scara_real_bringup/environment/path.sh
[7.150s] -- Up-to-date symlink: /home/eia/rbi_2025/scara/scara_ws/install/scara_real_bringup/share/scara_real_bringup/environment/path.dsv
[7.154s] -- Up-to-date symlink: /home/eia/rbi_2025/scara/scara_ws/install/scara_real_bringup/share/scara_real_bringup/local_setup.bash
[7.155s] -- Up-to-date symlink: /home/eia/rbi_2025/scara/scara_ws/install/scara_real_bringup/share/scara_real_bringup/local_setup.sh
[7.156s] -- Up-to-date symlink: /home/eia/rbi_2025/scara/scara_ws/install/scara_real_bringup/share/scara_real_bringup/local_setup.zsh
[7.157s] -- Up-to-date symlink: /home/eia/rbi_2025/scara/scara_ws/install/scara_real_bringup/share/scara_real_bringup/local_setup.dsv
[7.159s] -- Symlinking: /home/eia/rbi_2025/scara/scara_ws/install/scara_real_bringup/share/scara_real_bringup/package.dsv
[7.159s] -- Up-to-date symlink: /home/eia/rbi_2025/scara/scara_ws/install/scara_real_bringup/share/ament_index/resource_index/packages/scara_real_bringup
[7.161s] -- Up-to-date symlink: /home/eia/rbi_2025/scara/scara_ws/install/scara_real_bringup/share/scara_real_bringup/cmake/scara_real_bringupConfig.cmake
[7.162s] -- Up-to-date symlink: /home/eia/rbi_2025/scara/scara_ws/install/scara_real_bringup/share/scara_real_bringup/cmake/scara_real_bringupConfig-version.cmake
[7.163s] -- Up-to-date symlink: /home/eia/rbi_2025/scara/scara_ws/install/scara_real_bringup/share/scara_real_bringup/package.xml
[7.299s] Invoked command in '/home/eia/rbi_2025/scara/scara_ws/build/scara_real_bringup' returned '0': CMAKE_PREFIX_PATH=${CMAKE_PREFIX_PATH}:/home/eia/rbi_2025/scara/scara_ws/install/scara_tf_generator:/home/eia/rbi_2025/scara/scara_ws/install/scara_path_generator:/home/eia/rbi_2025/scara/scara_ws/install/scara_path_controller:/home/eia/rbi_2025/scara/scara_ws/install/scara_mujoco_python_sim:/home/eia/rbi_2025/scara/scara_ws/install/scara_general_ik_solver:/home/eia/rbi_2025/scara/scara_ws/install/premade_path_publisher:/opt/ros/humble /usr/bin/cmake --install /home/eia/rbi_2025/scara/scara_ws/build/scara_real_bringup
