[2.570s] Invoking command in '/home/eia/rbi_2025/scara/scara_ws/build/scara_gz_bringup': CMAKE_PREFIX_PATH=/opt/ros/humble /usr/bin/cmake /home/eia/rbi_2025/scara/scara_ws/src/scara_gz_bringup -DAMENT_CMAKE_SYMLINK_INSTALL=1 -DCMAKE_INSTALL_PREFIX=/home/eia/rbi_2025/scara/scara_ws/install/scara_gz_bringup
[7.692s] -- The C compiler identification is GNU 11.4.0
[7.692s] -- The CXX compiler identification is GNU 11.4.0
[7.693s] -- Detecting C compiler ABI info
[7.693s] -- Detecting C compiler ABI info - done
[7.693s] -- Check for working C compiler: /usr/bin/cc - skipped
[7.696s] -- Detecting C compile features
[7.697s] -- Detecting C compile features - done
[7.697s] -- Detecting CXX compiler ABI info
[7.697s] -- Detecting CXX compiler ABI info - done
[7.698s] -- Check for working CXX compiler: /usr/bin/c++ - skipped
[7.698s] -- Detecting CXX compile features
[7.698s] -- Detecting CXX compile features - done
[7.699s] -- Found ament_cmake: 1.3.12 (/opt/ros/humble/share/ament_cmake/cmake)
[7.699s] -- Found Python3: /usr/bin/python3 (found version "3.10.12") found components: Interpreter 
[7.699s] -- Override CMake install command with custom implementation using symlinks instead of copying resources
[7.700s] -- Configuring done
[7.700s] -- Generating done
[7.700s] -- Build files have been written to: /home/eia/rbi_2025/scara/scara_ws/build/scara_gz_bringup
[7.817s] Invoked command in '/home/eia/rbi_2025/scara/scara_ws/build/scara_gz_bringup' returned '0': CMAKE_PREFIX_PATH=/opt/ros/humble /usr/bin/cmake /home/eia/rbi_2025/scara/scara_ws/src/scara_gz_bringup -DAMENT_CMAKE_SYMLINK_INSTALL=1 -DCMAKE_INSTALL_PREFIX=/home/eia/rbi_2025/scara/scara_ws/install/scara_gz_bringup
[7.821s] Invoking command in '/home/eia/rbi_2025/scara/scara_ws/build/scara_gz_bringup': CMAKE_PREFIX_PATH=/opt/ros/humble /usr/bin/cmake --build /home/eia/rbi_2025/scara/scara_ws/build/scara_gz_bringup -- -j12 -l12
[7.956s] Invoked command in '/home/eia/rbi_2025/scara/scara_ws/build/scara_gz_bringup' returned '0': CMAKE_PREFIX_PATH=/opt/ros/humble /usr/bin/cmake --build /home/eia/rbi_2025/scara/scara_ws/build/scara_gz_bringup -- -j12 -l12
[7.966s] Invoking command in '/home/eia/rbi_2025/scara/scara_ws/build/scara_gz_bringup': CMAKE_PREFIX_PATH=/opt/ros/humble /usr/bin/cmake --install /home/eia/rbi_2025/scara/scara_ws/build/scara_gz_bringup
[8.015s] -- Install configuration: ""
[8.021s] -- Execute custom install script
[8.021s] -- Symlinking: /home/eia/rbi_2025/scara/scara_ws/install/scara_gz_bringup/share/scara_gz_bringup//launch/scara_bringup.launch.xml
[8.054s] -- Symlinking: /home/eia/rbi_2025/scara/scara_ws/install/scara_gz_bringup/share/scara_gz_bringup//config/controllers.yaml
[8.092s] -- Symlinking: /home/eia/rbi_2025/scara/scara_ws/install/scara_gz_bringup/share/scara_gz_bringup//config/gazebo_bridge.yaml
[8.179s] -- Symlinking: /home/eia/rbi_2025/scara/scara_ws/install/scara_gz_bringup/share/scara_gz_bringup//config/scara_config.rviz
[8.247s] -- Symlinking: /home/eia/rbi_2025/scara/scara_ws/install/scara_gz_bringup/share/ament_index/resource_index/package_run_dependencies/scara_gz_bringup
[8.326s] -- Symlinking: /home/eia/rbi_2025/scara/scara_ws/install/scara_gz_bringup/share/ament_index/resource_index/parent_prefix_path/scara_gz_bringup
[8.385s] -- Symlinking: /home/eia/rbi_2025/scara/scara_ws/install/scara_gz_bringup/share/scara_gz_bringup/environment/ament_prefix_path.sh
[8.465s] -- Symlinking: /home/eia/rbi_2025/scara/scara_ws/install/scara_gz_bringup/share/scara_gz_bringup/environment/ament_prefix_path.dsv
[8.513s] -- Symlinking: /home/eia/rbi_2025/scara/scara_ws/install/scara_gz_bringup/share/scara_gz_bringup/environment/path.sh
[8.555s] -- Symlinking: /home/eia/rbi_2025/scara/scara_ws/install/scara_gz_bringup/share/scara_gz_bringup/environment/path.dsv
[8.613s] -- Symlinking: /home/eia/rbi_2025/scara/scara_ws/install/scara_gz_bringup/share/scara_gz_bringup/local_setup.bash
[8.659s] -- Symlinking: /home/eia/rbi_2025/scara/scara_ws/install/scara_gz_bringup/share/scara_gz_bringup/local_setup.sh
[8.710s] -- Symlinking: /home/eia/rbi_2025/scara/scara_ws/install/scara_gz_bringup/share/scara_gz_bringup/local_setup.zsh
[8.780s] -- Symlinking: /home/eia/rbi_2025/scara/scara_ws/install/scara_gz_bringup/share/scara_gz_bringup/local_setup.dsv
[8.821s] -- Symlinking: /home/eia/rbi_2025/scara/scara_ws/install/scara_gz_bringup/share/scara_gz_bringup/package.dsv
[8.910s] -- Symlinking: /home/eia/rbi_2025/scara/scara_ws/install/scara_gz_bringup/share/ament_index/resource_index/packages/scara_gz_bringup
[8.997s] -- Symlinking: /home/eia/rbi_2025/scara/scara_ws/install/scara_gz_bringup/share/scara_gz_bringup/cmake/scara_gz_bringupConfig.cmake
[9.048s] -- Symlinking: /home/eia/rbi_2025/scara/scara_ws/install/scara_gz_bringup/share/scara_gz_bringup/cmake/scara_gz_bringupConfig-version.cmake
[9.089s] -- Symlinking: /home/eia/rbi_2025/scara/scara_ws/install/scara_gz_bringup/share/scara_gz_bringup/package.xml
[9.464s] Invoked command in '/home/eia/rbi_2025/scara/scara_ws/build/scara_gz_bringup' returned '0': CMAKE_PREFIX_PATH=/opt/ros/humble /usr/bin/cmake --install /home/eia/rbi_2025/scara/scara_ws/build/scara_gz_bringup
