[2.640s] Invoking command in '/home/eia/rbi_2025/scara/scara_ws/build/scara_mujoco_description': CMAKE_PREFIX_PATH=${CMAKE_PREFIX_PATH}:/home/eia/rbi_2025/scara/scara_ws/install/scara_tf_generator:/home/eia/rbi_2025/scara/scara_ws/install/scara_path_generator:/home/eia/rbi_2025/scara/scara_ws/install/scara_path_controller:/home/eia/rbi_2025/scara/scara_ws/install/scara_mujoco_python_sim:/home/eia/rbi_2025/scara/scara_ws/install/scara_general_ik_solver:/home/eia/rbi_2025/scara/scara_ws/install/premade_path_publisher:/opt/ros/humble /usr/bin/cmake --build /home/eia/rbi_2025/scara/scara_ws/build/scara_mujoco_description -- -j12 -l12
[6.736s] Invoked command in '/home/eia/rbi_2025/scara/scara_ws/build/scara_mujoco_description' returned '0': CMAKE_PREFIX_PATH=${CMAKE_PREFIX_PATH}:/home/eia/rbi_2025/scara/scara_ws/install/scara_tf_generator:/home/eia/rbi_2025/scara/scara_ws/install/scara_path_generator:/home/eia/rbi_2025/scara/scara_ws/install/scara_path_controller:/home/eia/rbi_2025/scara/scara_ws/install/scara_mujoco_python_sim:/home/eia/rbi_2025/scara/scara_ws/install/scara_general_ik_solver:/home/eia/rbi_2025/scara/scara_ws/install/premade_path_publisher:/opt/ros/humble /usr/bin/cmake --build /home/eia/rbi_2025/scara/scara_ws/build/scara_mujoco_description -- -j12 -l12
[6.744s] Invoking command in '/home/eia/rbi_2025/scara/scara_ws/build/scara_mujoco_description': CMAKE_PREFIX_PATH=${CMAKE_PREFIX_PATH}:/home/eia/rbi_2025/scara/scara_ws/install/scara_tf_generator:/home/eia/rbi_2025/scara/scara_ws/install/scara_path_generator:/home/eia/rbi_2025/scara/scara_ws/install/scara_path_controller:/home/eia/rbi_2025/scara/scara_ws/install/scara_mujoco_python_sim:/home/eia/rbi_2025/scara/scara_ws/install/scara_general_ik_solver:/home/eia/rbi_2025/scara/scara_ws/install/premade_path_publisher:/opt/ros/humble /usr/bin/cmake --install /home/eia/rbi_2025/scara/scara_ws/build/scara_mujoco_description
[6.876s] -- Install configuration: ""
[6.876s] -- Execute custom install script
[6.877s] -- Up-to-date symlink: /home/eia/rbi_2025/scara/scara_ws/install/scara_mujoco_description/share/scara_mujoco_description//urdf/common_properties.xacro
[6.877s] -- Up-to-date symlink: /home/eia/rbi_2025/scara/scara_ws/install/scara_mujoco_description/share/scara_mujoco_description//urdf/scara.urdf.xacro
[6.877s] -- Up-to-date symlink: /home/eia/rbi_2025/scara/scara_ws/install/scara_mujoco_description/share/scara_mujoco_description//urdf/scara_description.xacro
[6.878s] -- Up-to-date symlink: /home/eia/rbi_2025/scara/scara_ws/install/scara_mujoco_description/share/scara_mujoco_description//launch/display.launch.xml
[6.878s] -- Up-to-date symlink: /home/eia/rbi_2025/scara/scara_ws/install/scara_mujoco_description/share/ament_index/resource_index/package_run_dependencies/scara_mujoco_description
[6.878s] -- Up-to-date symlink: /home/eia/rbi_2025/scara/scara_ws/install/scara_mujoco_description/share/ament_index/resource_index/parent_prefix_path/scara_mujoco_description
[6.878s] -- Up-to-date symlink: /home/eia/rbi_2025/scara/scara_ws/install/scara_mujoco_description/share/scara_mujoco_description/environment/ament_prefix_path.sh
[6.879s] -- Up-to-date symlink: /home/eia/rbi_2025/scara/scara_ws/install/scara_mujoco_description/share/scara_mujoco_description/environment/ament_prefix_path.dsv
[6.879s] -- Up-to-date symlink: /home/eia/rbi_2025/scara/scara_ws/install/scara_mujoco_description/share/scara_mujoco_description/environment/path.sh
[6.879s] -- Up-to-date symlink: /home/eia/rbi_2025/scara/scara_ws/install/scara_mujoco_description/share/scara_mujoco_description/environment/path.dsv
[6.879s] -- Up-to-date symlink: /home/eia/rbi_2025/scara/scara_ws/install/scara_mujoco_description/share/scara_mujoco_description/local_setup.bash
[6.880s] -- Up-to-date symlink: /home/eia/rbi_2025/scara/scara_ws/install/scara_mujoco_description/share/scara_mujoco_description/local_setup.sh
[6.880s] -- Up-to-date symlink: /home/eia/rbi_2025/scara/scara_ws/install/scara_mujoco_description/share/scara_mujoco_description/local_setup.zsh
[6.880s] -- Up-to-date symlink: /home/eia/rbi_2025/scara/scara_ws/install/scara_mujoco_description/share/scara_mujoco_description/local_setup.dsv
[6.881s] -- Symlinking: /home/eia/rbi_2025/scara/scara_ws/install/scara_mujoco_description/share/scara_mujoco_description/package.dsv
[6.881s] -- Up-to-date symlink: /home/eia/rbi_2025/scara/scara_ws/install/scara_mujoco_description/share/ament_index/resource_index/packages/scara_mujoco_description
[6.882s] -- Up-to-date symlink: /home/eia/rbi_2025/scara/scara_ws/install/scara_mujoco_description/share/scara_mujoco_description/cmake/scara_mujoco_descriptionConfig.cmake
[6.882s] -- Up-to-date symlink: /home/eia/rbi_2025/scara/scara_ws/install/scara_mujoco_description/share/scara_mujoco_description/cmake/scara_mujoco_descriptionConfig-version.cmake
[6.882s] -- Up-to-date symlink: /home/eia/rbi_2025/scara/scara_ws/install/scara_mujoco_description/share/scara_mujoco_description/package.xml
[7.141s] Invoked command in '/home/eia/rbi_2025/scara/scara_ws/build/scara_mujoco_description' returned '0': CMAKE_PREFIX_PATH=${CMAKE_PREFIX_PATH}:/home/eia/rbi_2025/scara/scara_ws/install/scara_tf_generator:/home/eia/rbi_2025/scara/scara_ws/install/scara_path_generator:/home/eia/rbi_2025/scara/scara_ws/install/scara_path_controller:/home/eia/rbi_2025/scara/scara_ws/install/scara_mujoco_python_sim:/home/eia/rbi_2025/scara/scara_ws/install/scara_general_ik_solver:/home/eia/rbi_2025/scara/scara_ws/install/premade_path_publisher:/opt/ros/humble /usr/bin/cmake --install /home/eia/rbi_2025/scara/scara_ws/build/scara_mujoco_description
