[5.500s] Invoking command in '/home/eia/rbi_2025/scara/scara_ws/build/scara_tf_generator': PYTHONPATH=/home/eia/rbi_2025/scara/scara_ws/build/scara_tf_generator/prefix_override:/home/eia/.local/lib/python3.10/site-packages/colcon_core/task/python/colcon_distutils_commands:/home/eia/rbi_2025/scara/scara_ws/install/scara_tf_generator/lib/python3.10/site-packages:${PYTHONPATH} /usr/bin/python3 -W ignore:setup.py install is deprecated -W ignore:easy_install command is deprecated setup.py develop --editable --build-directory /home/eia/rbi_2025/scara/scara_ws/build/scara_tf_generator/build --no-deps symlink_data
[7.177s] running develop
[8.325s] running egg_info
[8.325s] creating scara_tf_generator.egg-info
[8.326s] writing scara_tf_generator.egg-info/PKG-INFO
[8.326s] writing dependency_links to scara_tf_generator.egg-info/dependency_links.txt
[8.327s] writing entry points to scara_tf_generator.egg-info/entry_points.txt
[8.328s] writing requirements to scara_tf_generator.egg-info/requires.txt
[8.328s] writing top-level names to scara_tf_generator.egg-info/top_level.txt
[8.328s] writing manifest file 'scara_tf_generator.egg-info/SOURCES.txt'
[8.335s] reading manifest file 'scara_tf_generator.egg-info/SOURCES.txt'
[8.337s] writing manifest file 'scara_tf_generator.egg-info/SOURCES.txt'
[8.526s] running build_ext
[8.527s] Creating /home/eia/rbi_2025/scara/scara_ws/install/scara_tf_generator/lib/python3.10/site-packages/scara-tf-generator.egg-link (link to .)
[8.530s] Installing scara_tf_generator script to /home/eia/rbi_2025/scara/scara_ws/install/scara_tf_generator/lib/scara_tf_generator
[8.531s] 
[8.531s] Installed /home/eia/rbi_2025/scara/scara_ws/build/scara_tf_generator
[8.532s] running symlink_data
[8.532s] creating /home/eia/rbi_2025/scara/scara_ws/install/scara_tf_generator/share/ament_index
[8.532s] creating /home/eia/rbi_2025/scara/scara_ws/install/scara_tf_generator/share/ament_index/resource_index
[8.533s] creating /home/eia/rbi_2025/scara/scara_ws/install/scara_tf_generator/share/ament_index/resource_index/packages
[8.533s] symbolically linking /home/eia/rbi_2025/scara/scara_ws/build/scara_tf_generator/resource/scara_tf_generator -> /home/eia/rbi_2025/scara/scara_ws/install/scara_tf_generator/share/ament_index/resource_index/packages
[8.533s] symbolically linking /home/eia/rbi_2025/scara/scara_ws/build/scara_tf_generator/package.xml -> /home/eia/rbi_2025/scara/scara_ws/install/scara_tf_generator/share/scara_tf_generator
[8.534s] creating /home/eia/rbi_2025/scara/scara_ws/install/scara_tf_generator/share/scara_tf_generator/launch
[8.534s] creating /home/eia/rbi_2025/scara/scara_ws/install/scara_tf_generator/share/scara_tf_generator/descriptions
[8.534s] creating /home/eia/rbi_2025/scara/scara_ws/install/scara_tf_generator/share/scara_tf_generator/config
[8.649s] Invoked command in '/home/eia/rbi_2025/scara/scara_ws/build/scara_tf_generator' returned '0': PYTHONPATH=/home/eia/rbi_2025/scara/scara_ws/build/scara_tf_generator/prefix_override:/home/eia/.local/lib/python3.10/site-packages/colcon_core/task/python/colcon_distutils_commands:/home/eia/rbi_2025/scara/scara_ws/install/scara_tf_generator/lib/python3.10/site-packages:${PYTHONPATH} /usr/bin/python3 -W ignore:setup.py install is deprecated -W ignore:easy_install command is deprecated setup.py develop --editable --build-directory /home/eia/rbi_2025/scara/scara_ws/build/scara_tf_generator/build --no-deps symlink_data
