[7.363s] Invoking command in '/abb_ws/build/abb_mujoco_python': PYTHONPATH=/abb_ws/build/abb_mujoco_python/prefix_override:/usr/lib/python3/dist-packages/colcon_core/task/python/colcon_distutils_commands:/abb_ws/install/abb_mujoco_python/lib/python3.10/site-packages:${PYTHONPATH} /usr/bin/python3 -W ignore:setup.py install is deprecated -W ignore:easy_install command is deprecated setup.py develop --editable --build-directory /abb_ws/build/abb_mujoco_python/build --no-deps symlink_data --force
[8.678s] running develop
[9.272s] running egg_info
[9.273s] writing abb_mujoco_python.egg-info/PKG-INFO
[9.274s] writing dependency_links to abb_mujoco_python.egg-info/dependency_links.txt
[9.275s] writing entry points to abb_mujoco_python.egg-info/entry_points.txt
[9.275s] writing requirements to abb_mujoco_python.egg-info/requires.txt
[9.275s] writing top-level names to abb_mujoco_python.egg-info/top_level.txt
[9.282s] reading manifest file 'abb_mujoco_python.egg-info/SOURCES.txt'
[9.285s] writing manifest file 'abb_mujoco_python.egg-info/SOURCES.txt'
[9.290s] running build_ext
[9.291s] Creating /abb_ws/install/abb_mujoco_python/lib/python3.10/site-packages/abb-mujoco-python.egg-link (link to .)
[9.294s] Installing abb_sim_mujoco script to /abb_ws/install/abb_mujoco_python/lib/abb_mujoco_python
[9.295s] 
[9.296s] Installed /abb_ws/build/abb_mujoco_python
[9.296s] running symlink_data
[9.297s] symbolically linking /abb_ws/build/abb_mujoco_python/resource/abb_mujoco_python -> /abb_ws/install/abb_mujoco_python/share/ament_index/resource_index/packages
[9.298s] symbolically linking /abb_ws/build/abb_mujoco_python/package.xml -> /abb_ws/install/abb_mujoco_python/share/abb_mujoco_python
[9.298s] symbolically linking /abb_ws/build/abb_mujoco_python/descriptions/abb.xml -> /abb_ws/install/abb_mujoco_python/share/abb_mujoco_python/descriptions
[9.449s] Invoked command in '/abb_ws/build/abb_mujoco_python' returned '0': PYTHONPATH=/abb_ws/build/abb_mujoco_python/prefix_override:/usr/lib/python3/dist-packages/colcon_core/task/python/colcon_distutils_commands:/abb_ws/install/abb_mujoco_python/lib/python3.10/site-packages:${PYTHONPATH} /usr/bin/python3 -W ignore:setup.py install is deprecated -W ignore:easy_install command is deprecated setup.py develop --editable --build-directory /abb_ws/build/abb_mujoco_python/build --no-deps symlink_data --force
