[0.067s] Invoking command in '/abb_ws/build/abb_controllers': CMAKE_PREFIX_PATH=${CMAKE_PREFIX_PATH}:/abb_ws/install/abb_path_controller:/abb_ws/install/abb_mujoco_python:/abb_ws/install/abb_ik_solver:/opt/ros/humble /usr/bin/cmake --build /abb_ws/build/abb_controllers -- -j12 -l12
[0.797s] [35m[1mConsolidate compiler generated dependencies of target abb_controllers[0m
[0.798s] [100%] Built target abb_controllers
[0.812s] Invoked command in '/abb_ws/build/abb_controllers' returned '0': CMAKE_PREFIX_PATH=${CMAKE_PREFIX_PATH}:/abb_ws/install/abb_path_controller:/abb_ws/install/abb_mujoco_python:/abb_ws/install/abb_ik_solver:/opt/ros/humble /usr/bin/cmake --build /abb_ws/build/abb_controllers -- -j12 -l12
[0.813s] Invoking command in '/abb_ws/build/abb_controllers': CMAKE_PREFIX_PATH=${CMAKE_PREFIX_PATH}:/abb_ws/install/abb_path_controller:/abb_ws/install/abb_mujoco_python:/abb_ws/install/abb_ik_solver:/opt/ros/humble /usr/bin/cmake --install /abb_ws/build/abb_controllers
[0.837s] -- Install configuration: ""
[0.837s] -- Execute custom install script
[0.838s] -- Up-to-date symlink: /abb_ws/install/abb_controllers/share/abb_controllers//abb_controller.xml
[0.838s] -- Up-to-date symlink: /abb_ws/install/abb_controllers/lib/libabb_controllers.so
[0.839s] -- Up-to-date symlink: /abb_ws/install/abb_controllers/include/include/abb_controllers/abb_forward_controller.hpp
[0.839s] -- Up-to-date symlink: /abb_ws/install/abb_controllers/share/abb_controllers/environment/library_path.sh
[0.839s] -- Up-to-date symlink: /abb_ws/install/abb_controllers/share/abb_controllers/environment/library_path.dsv
[0.840s] -- Up-to-date symlink: /abb_ws/install/abb_controllers/share/ament_index/resource_index/package_run_dependencies/abb_controllers
[0.840s] -- Up-to-date symlink: /abb_ws/install/abb_controllers/share/ament_index/resource_index/parent_prefix_path/abb_controllers
[0.840s] -- Up-to-date symlink: /abb_ws/install/abb_controllers/share/abb_controllers/environment/ament_prefix_path.sh
[0.840s] -- Up-to-date symlink: /abb_ws/install/abb_controllers/share/abb_controllers/environment/ament_prefix_path.dsv
[0.840s] -- Up-to-date symlink: /abb_ws/install/abb_controllers/share/abb_controllers/environment/path.sh
[0.840s] -- Up-to-date symlink: /abb_ws/install/abb_controllers/share/abb_controllers/environment/path.dsv
[0.840s] -- Up-to-date symlink: /abb_ws/install/abb_controllers/share/abb_controllers/local_setup.bash
[0.840s] -- Up-to-date symlink: /abb_ws/install/abb_controllers/share/abb_controllers/local_setup.sh
[0.840s] -- Up-to-date symlink: /abb_ws/install/abb_controllers/share/abb_controllers/local_setup.zsh
[0.843s] -- Up-to-date symlink: /abb_ws/install/abb_controllers/share/abb_controllers/local_setup.dsv
[0.843s] -- Symlinking: /abb_ws/install/abb_controllers/share/abb_controllers/package.dsv
[0.846s] -- Up-to-date symlink: /abb_ws/install/abb_controllers/share/ament_index/resource_index/packages/abb_controllers
[0.846s] -- Up-to-date symlink: /abb_ws/install/abb_controllers/share/ament_index/resource_index/controller_interface__pluginlib__plugin/abb_controllers
[0.846s] -- Up-to-date symlink: /abb_ws/install/abb_controllers/share/abb_controllers/cmake/ament_cmake_export_libraries-extras.cmake
[0.846s] -- Up-to-date symlink: /abb_ws/install/abb_controllers/share/abb_controllers/cmake/ament_cmake_export_dependencies-extras.cmake
[0.846s] -- Up-to-date symlink: /abb_ws/install/abb_controllers/share/abb_controllers/cmake/abb_controllersConfig.cmake
[0.846s] -- Up-to-date symlink: /abb_ws/install/abb_controllers/share/abb_controllers/cmake/abb_controllersConfig-version.cmake
[0.847s] -- Up-to-date symlink: /abb_ws/install/abb_controllers/share/abb_controllers/package.xml
[0.879s] Invoked command in '/abb_ws/build/abb_controllers' returned '0': CMAKE_PREFIX_PATH=${CMAKE_PREFIX_PATH}:/abb_ws/install/abb_path_controller:/abb_ws/install/abb_mujoco_python:/abb_ws/install/abb_ik_solver:/opt/ros/humble /usr/bin/cmake --install /abb_ws/build/abb_controllers
