[3.801s] Invoking command in '/home/eia/repo/rbi_2025_2/rov/rov_ws/build/rov_position_controller': PYTHONPATH=/home/eia/repo/rbi_2025_2/rov/rov_ws/build/rov_position_controller/prefix_override:/home/eia/.local/lib/python3.10/site-packages/colcon_core/task/python/colcon_distutils_commands:/home/eia/repo/rbi_2025_2/rov/rov_ws/install/rov_position_controller/lib/python3.10/site-packages:${PYTHONPATH} /usr/bin/python3 -W ignore:setup.py install is deprecated -W ignore:easy_install command is deprecated setup.py develop --editable --build-directory /home/eia/repo/rbi_2025_2/rov/rov_ws/build/rov_position_controller/build --no-deps symlink_data
[4.679s] running develop
[5.349s] running egg_info
[5.349s] creating rov_position_controller.egg-info
[5.349s] writing rov_position_controller.egg-info/PKG-INFO
[5.350s] writing dependency_links to rov_position_controller.egg-info/dependency_links.txt
[5.351s] writing entry points to rov_position_controller.egg-info/entry_points.txt
[5.351s] writing requirements to rov_position_controller.egg-info/requires.txt
[5.351s] writing top-level names to rov_position_controller.egg-info/top_level.txt
[5.351s] writing manifest file 'rov_position_controller.egg-info/SOURCES.txt'
[5.354s] reading manifest file 'rov_position_controller.egg-info/SOURCES.txt'
[5.356s] writing manifest file 'rov_position_controller.egg-info/SOURCES.txt'
[5.444s] running build_ext
[5.445s] Creating /home/eia/repo/rbi_2025_2/rov/rov_ws/install/rov_position_controller/lib/python3.10/site-packages/rov-position-controller.egg-link (link to .)
[5.446s] Installing rov_position_controller script to /home/eia/repo/rbi_2025_2/rov/rov_ws/install/rov_position_controller/lib/rov_position_controller
[5.447s] 
[5.448s] Installed /home/eia/repo/rbi_2025_2/rov/rov_ws/build/rov_position_controller
[5.448s] running symlink_data
[5.448s] creating /home/eia/repo/rbi_2025_2/rov/rov_ws/install/rov_position_controller/share/ament_index
[5.449s] creating /home/eia/repo/rbi_2025_2/rov/rov_ws/install/rov_position_controller/share/ament_index/resource_index
[5.449s] creating /home/eia/repo/rbi_2025_2/rov/rov_ws/install/rov_position_controller/share/ament_index/resource_index/packages
[5.450s] symbolically linking /home/eia/repo/rbi_2025_2/rov/rov_ws/build/rov_position_controller/resource/rov_position_controller -> /home/eia/repo/rbi_2025_2/rov/rov_ws/install/rov_position_controller/share/ament_index/resource_index/packages
[5.450s] symbolically linking /home/eia/repo/rbi_2025_2/rov/rov_ws/build/rov_position_controller/package.xml -> /home/eia/repo/rbi_2025_2/rov/rov_ws/install/rov_position_controller/share/rov_position_controller
[5.450s] creating /home/eia/repo/rbi_2025_2/rov/rov_ws/install/rov_position_controller/share/rov_position_controller/launch
[5.451s] creating /home/eia/repo/rbi_2025_2/rov/rov_ws/install/rov_position_controller/share/rov_position_controller/descriptions
[5.451s] creating /home/eia/repo/rbi_2025_2/rov/rov_ws/install/rov_position_controller/share/rov_position_controller/config
[5.565s] Invoked command in '/home/eia/repo/rbi_2025_2/rov/rov_ws/build/rov_position_controller' returned '0': PYTHONPATH=/home/eia/repo/rbi_2025_2/rov/rov_ws/build/rov_position_controller/prefix_override:/home/eia/.local/lib/python3.10/site-packages/colcon_core/task/python/colcon_distutils_commands:/home/eia/repo/rbi_2025_2/rov/rov_ws/install/rov_position_controller/lib/python3.10/site-packages:${PYTHONPATH} /usr/bin/python3 -W ignore:setup.py install is deprecated -W ignore:easy_install command is deprecated setup.py develop --editable --build-directory /home/eia/repo/rbi_2025_2/rov/rov_ws/build/rov_position_controller/build --no-deps symlink_data
