[0.434s] Invoking command in '/abb_ws/build/abb_mujoco_description': CMAKE_PREFIX_PATH=/opt/ros/humble /usr/bin/cmake --build /abb_ws/build/abb_mujoco_description -- -j12 -l12
[1.885s] Invoked command in '/abb_ws/build/abb_mujoco_description' returned '0': CMAKE_PREFIX_PATH=/opt/ros/humble /usr/bin/cmake --build /abb_ws/build/abb_mujoco_description -- -j12 -l12
[1.888s] Invoking command in '/abb_ws/build/abb_mujoco_description': CMAKE_PREFIX_PATH=/opt/ros/humble /usr/bin/cmake --install /abb_ws/build/abb_mujoco_description
[1.929s] -- Install configuration: ""
[1.929s] -- Execute custom install script
[1.929s] -- Up-to-date symlink: /abb_ws/install/abb_mujoco_description/share/abb_mujoco_description//urdf/MUJOCO_LOG.TXT
[1.929s] -- Up-to-date symlink: /abb_ws/install/abb_mujoco_description/share/abb_mujoco_description//urdf/abb_description.urdf.xacro
[1.929s] -- Up-to-date symlink: /abb_ws/install/abb_mujoco_description/share/abb_mujoco_description//launch/display.launch.xml
[1.929s] -- Up-to-date symlink: /abb_ws/install/abb_mujoco_description/share/ament_index/resource_index/package_run_dependencies/abb_mujoco_description
[1.929s] -- Up-to-date symlink: /abb_ws/install/abb_mujoco_description/share/ament_index/resource_index/parent_prefix_path/abb_mujoco_description
[1.929s] -- Up-to-date symlink: /abb_ws/install/abb_mujoco_description/share/abb_mujoco_description/environment/ament_prefix_path.sh
[1.929s] -- Up-to-date symlink: /abb_ws/install/abb_mujoco_description/share/abb_mujoco_description/environment/ament_prefix_path.dsv
[1.929s] -- Up-to-date symlink: /abb_ws/install/abb_mujoco_description/share/abb_mujoco_description/environment/path.sh
[1.930s] -- Up-to-date symlink: /abb_ws/install/abb_mujoco_description/share/abb_mujoco_description/environment/path.dsv
[1.930s] -- Up-to-date symlink: /abb_ws/install/abb_mujoco_description/share/abb_mujoco_description/local_setup.bash
[1.930s] -- Up-to-date symlink: /abb_ws/install/abb_mujoco_description/share/abb_mujoco_description/local_setup.sh
[1.930s] -- Up-to-date symlink: /abb_ws/install/abb_mujoco_description/share/abb_mujoco_description/local_setup.zsh
[1.930s] -- Up-to-date symlink: /abb_ws/install/abb_mujoco_description/share/abb_mujoco_description/local_setup.dsv
[1.932s] -- Symlinking: /abb_ws/install/abb_mujoco_description/share/abb_mujoco_description/package.dsv
[1.932s] -- Up-to-date symlink: /abb_ws/install/abb_mujoco_description/share/ament_index/resource_index/packages/abb_mujoco_description
[1.933s] -- Up-to-date symlink: /abb_ws/install/abb_mujoco_description/share/abb_mujoco_description/cmake/abb_mujoco_descriptionConfig.cmake
[1.934s] -- Up-to-date symlink: /abb_ws/install/abb_mujoco_description/share/abb_mujoco_description/cmake/abb_mujoco_descriptionConfig-version.cmake
[1.934s] -- Up-to-date symlink: /abb_ws/install/abb_mujoco_description/share/abb_mujoco_description/package.xml
[2.040s] Invoked command in '/abb_ws/build/abb_mujoco_description' returned '0': CMAKE_PREFIX_PATH=/opt/ros/humble /usr/bin/cmake --install /abb_ws/build/abb_mujoco_description
