running egg_info
creating ../../build/abb_tf_generator/abb_tf_generator.egg-info
writing ../../build/abb_tf_generator/abb_tf_generator.egg-info/PKG-INFO
writing dependency_links to ../../build/abb_tf_generator/abb_tf_generator.egg-info/dependency_links.txt
writing entry points to ../../build/abb_tf_generator/abb_tf_generator.egg-info/entry_points.txt
writing requirements to ../../build/abb_tf_generator/abb_tf_generator.egg-info/requires.txt
writing top-level names to ../../build/abb_tf_generator/abb_tf_generator.egg-info/top_level.txt
writing manifest file '../../build/abb_tf_generator/abb_tf_generator.egg-info/SOURCES.txt'
reading manifest file '../../build/abb_tf_generator/abb_tf_generator.egg-info/SOURCES.txt'
writing manifest file '../../build/abb_tf_generator/abb_tf_generator.egg-info/SOURCES.txt'
running build
running build_py
creating /abb_ws/build/abb_tf_generator/build
creating /abb_ws/build/abb_tf_generator/build/lib
creating /abb_ws/build/abb_tf_generator/build/lib/abb_tf_generator
copying abb_tf_generator/abb_tf_generator.py -> /abb_ws/build/abb_tf_generator/build/lib/abb_tf_generator
copying abb_tf_generator/__init__.py -> /abb_ws/build/abb_tf_generator/build/lib/abb_tf_generator
running install
running install_lib
creating /abb_ws/install/abb_tf_generator/lib/python3.10/site-packages/abb_tf_generator
copying /abb_ws/build/abb_tf_generator/build/lib/abb_tf_generator/abb_tf_generator.py -> /abb_ws/install/abb_tf_generator/lib/python3.10/site-packages/abb_tf_generator
copying /abb_ws/build/abb_tf_generator/build/lib/abb_tf_generator/__init__.py -> /abb_ws/install/abb_tf_generator/lib/python3.10/site-packages/abb_tf_generator
byte-compiling /abb_ws/install/abb_tf_generator/lib/python3.10/site-packages/abb_tf_generator/abb_tf_generator.py to abb_tf_generator.cpython-310.pyc
byte-compiling /abb_ws/install/abb_tf_generator/lib/python3.10/site-packages/abb_tf_generator/__init__.py to __init__.cpython-310.pyc
running install_data
creating /abb_ws/install/abb_tf_generator/share/ament_index
creating /abb_ws/install/abb_tf_generator/share/ament_index/resource_index
creating /abb_ws/install/abb_tf_generator/share/ament_index/resource_index/packages
copying resource/abb_tf_generator -> /abb_ws/install/abb_tf_generator/share/ament_index/resource_index/packages
copying package.xml -> /abb_ws/install/abb_tf_generator/share/abb_tf_generator
creating /abb_ws/install/abb_tf_generator/share/abb_tf_generator/launch
creating /abb_ws/install/abb_tf_generator/share/abb_tf_generator/descriptions
creating /abb_ws/install/abb_tf_generator/share/abb_tf_generator/config
running install_egg_info
Copying ../../build/abb_tf_generator/abb_tf_generator.egg-info to /abb_ws/install/abb_tf_generator/lib/python3.10/site-packages/abb_tf_generator-0.0.0-py3.10.egg-info
running install_scripts
Installing abb_tf_generator script to /abb_ws/install/abb_tf_generator/lib/abb_tf_generator
writing list of installed files to '/abb_ws/build/abb_tf_generator/install.log'
