[2.563s] Invoking command in '/home/eia/rbi_2025/scara/scara_ws/build/scara_mujoco_bringup': CMAKE_PREFIX_PATH=/opt/ros/humble /usr/bin/cmake /home/eia/rbi_2025/scara/scara_ws/src/scara_mujoco_bringup -DAMENT_CMAKE_SYMLINK_INSTALL=1 -DCMAKE_INSTALL_PREFIX=/home/eia/rbi_2025/scara/scara_ws/install/scara_mujoco_bringup
[7.721s] -- The C compiler identification is GNU 11.4.0
[7.722s] -- The CXX compiler identification is GNU 11.4.0
[7.722s] -- Detecting C compiler ABI info
[7.723s] -- Detecting C compiler ABI info - done
[7.723s] -- Check for working C compiler: /usr/bin/cc - skipped
[7.724s] -- Detecting C compile features
[7.724s] -- Detecting C compile features - done
[7.725s] -- Detecting CXX compiler ABI info
[7.725s] -- Detecting CXX compiler ABI info - done
[7.726s] -- Check for working CXX compiler: /usr/bin/c++ - skipped
[7.726s] -- Detecting CXX compile features
[7.727s] -- Detecting CXX compile features - done
[7.729s] -- Found ament_cmake: 1.3.12 (/opt/ros/humble/share/ament_cmake/cmake)
[7.729s] -- Found Python3: /usr/bin/python3 (found version "3.10.12") found components: Interpreter 
[7.730s] -- Override CMake install command with custom implementation using symlinks instead of copying resources
[7.730s] -- Found rclcpp: 16.0.14 (/opt/ros/humble/share/rclcpp/cmake)
[7.731s] -- Found rosidl_generator_c: 3.1.7 (/opt/ros/humble/share/rosidl_generator_c/cmake)
[7.732s] -- Found rosidl_adapter: 3.1.7 (/opt/ros/humble/share/rosidl_adapter/cmake)
[7.732s] -- Found rosidl_generator_cpp: 3.1.7 (/opt/ros/humble/share/rosidl_generator_cpp/cmake)
[7.733s] -- Using all available rosidl_typesupport_c: rosidl_typesupport_fastrtps_c;rosidl_typesupport_introspection_c
[7.734s] -- Using all available rosidl_typesupport_cpp: rosidl_typesupport_fastrtps_cpp;rosidl_typesupport_introspection_cpp
[7.735s] -- Found rmw_implementation_cmake: 6.1.2 (/opt/ros/humble/share/rmw_implementation_cmake/cmake)
[7.735s] -- Found rmw_fastrtps_cpp: 6.2.8 (/opt/ros/humble/share/rmw_fastrtps_cpp/cmake)
[7.736s] -- Found OpenSSL: /usr/lib/x86_64-linux-gnu/libcrypto.so (found version "3.0.2")  
[7.736s] -- Found FastRTPS: /opt/ros/humble/include  
[7.736s] -- Using RMW implementation 'rmw_fastrtps_cpp' as default
[7.736s] -- Looking for pthread.h
[7.737s] -- Looking for pthread.h - found
[7.737s] -- Performing Test CMAKE_HAVE_LIBC_PTHREAD
[7.737s] -- Performing Test CMAKE_HAVE_LIBC_PTHREAD - Success
[7.737s] -- Found Threads: TRUE  
[7.738s] -- Configuring done
[7.738s] -- Generating done
[7.738s] -- Build files have been written to: /home/eia/rbi_2025/scara/scara_ws/build/scara_mujoco_bringup
[7.798s] Invoked command in '/home/eia/rbi_2025/scara/scara_ws/build/scara_mujoco_bringup' returned '0': CMAKE_PREFIX_PATH=/opt/ros/humble /usr/bin/cmake /home/eia/rbi_2025/scara/scara_ws/src/scara_mujoco_bringup -DAMENT_CMAKE_SYMLINK_INSTALL=1 -DCMAKE_INSTALL_PREFIX=/home/eia/rbi_2025/scara/scara_ws/install/scara_mujoco_bringup
[7.809s] Invoking command in '/home/eia/rbi_2025/scara/scara_ws/build/scara_mujoco_bringup': CMAKE_PREFIX_PATH=/opt/ros/humble /usr/bin/cmake --build /home/eia/rbi_2025/scara/scara_ws/build/scara_mujoco_bringup -- -j12 -l12
[8.003s] Invoked command in '/home/eia/rbi_2025/scara/scara_ws/build/scara_mujoco_bringup' returned '0': CMAKE_PREFIX_PATH=/opt/ros/humble /usr/bin/cmake --build /home/eia/rbi_2025/scara/scara_ws/build/scara_mujoco_bringup -- -j12 -l12
[8.012s] Invoking command in '/home/eia/rbi_2025/scara/scara_ws/build/scara_mujoco_bringup': CMAKE_PREFIX_PATH=/opt/ros/humble /usr/bin/cmake --install /home/eia/rbi_2025/scara/scara_ws/build/scara_mujoco_bringup
[8.052s] -- Install configuration: ""
[8.060s] -- Execute custom install script
[8.061s] -- Symlinking: /home/eia/rbi_2025/scara/scara_ws/install/scara_mujoco_bringup/share/scara_mujoco_bringup//config/scara_config.rviz
[8.111s] -- Symlinking: /home/eia/rbi_2025/scara/scara_ws/install/scara_mujoco_bringup/share/scara_mujoco_bringup//config/scara_controllers.yaml
[8.152s] -- Symlinking: /home/eia/rbi_2025/scara/scara_ws/install/scara_mujoco_bringup/share/scara_mujoco_bringup//launch/scara_bringup_launch.launch.xml
[8.198s] -- Symlinking: /home/eia/rbi_2025/scara/scara_ws/install/scara_mujoco_bringup/share/ament_index/resource_index/package_run_dependencies/scara_mujoco_bringup
[8.239s] -- Symlinking: /home/eia/rbi_2025/scara/scara_ws/install/scara_mujoco_bringup/share/ament_index/resource_index/parent_prefix_path/scara_mujoco_bringup
[8.282s] -- Symlinking: /home/eia/rbi_2025/scara/scara_ws/install/scara_mujoco_bringup/share/scara_mujoco_bringup/environment/ament_prefix_path.sh
[8.334s] -- Symlinking: /home/eia/rbi_2025/scara/scara_ws/install/scara_mujoco_bringup/share/scara_mujoco_bringup/environment/ament_prefix_path.dsv
[8.403s] -- Symlinking: /home/eia/rbi_2025/scara/scara_ws/install/scara_mujoco_bringup/share/scara_mujoco_bringup/environment/path.sh
[8.466s] -- Symlinking: /home/eia/rbi_2025/scara/scara_ws/install/scara_mujoco_bringup/share/scara_mujoco_bringup/environment/path.dsv
[8.516s] -- Symlinking: /home/eia/rbi_2025/scara/scara_ws/install/scara_mujoco_bringup/share/scara_mujoco_bringup/local_setup.bash
[8.579s] -- Symlinking: /home/eia/rbi_2025/scara/scara_ws/install/scara_mujoco_bringup/share/scara_mujoco_bringup/local_setup.sh
[8.641s] -- Symlinking: /home/eia/rbi_2025/scara/scara_ws/install/scara_mujoco_bringup/share/scara_mujoco_bringup/local_setup.zsh
[8.686s] -- Symlinking: /home/eia/rbi_2025/scara/scara_ws/install/scara_mujoco_bringup/share/scara_mujoco_bringup/local_setup.dsv
[8.729s] -- Symlinking: /home/eia/rbi_2025/scara/scara_ws/install/scara_mujoco_bringup/share/scara_mujoco_bringup/package.dsv
[8.778s] -- Symlinking: /home/eia/rbi_2025/scara/scara_ws/install/scara_mujoco_bringup/share/ament_index/resource_index/packages/scara_mujoco_bringup
[8.829s] -- Symlinking: /home/eia/rbi_2025/scara/scara_ws/install/scara_mujoco_bringup/share/scara_mujoco_bringup/cmake/scara_mujoco_bringupConfig.cmake
[8.877s] -- Symlinking: /home/eia/rbi_2025/scara/scara_ws/install/scara_mujoco_bringup/share/scara_mujoco_bringup/cmake/scara_mujoco_bringupConfig-version.cmake
[8.926s] -- Symlinking: /home/eia/rbi_2025/scara/scara_ws/install/scara_mujoco_bringup/share/scara_mujoco_bringup/package.xml
[9.358s] Invoked command in '/home/eia/rbi_2025/scara/scara_ws/build/scara_mujoco_bringup' returned '0': CMAKE_PREFIX_PATH=/opt/ros/humble /usr/bin/cmake --install /home/eia/rbi_2025/scara/scara_ws/build/scara_mujoco_bringup
