[0.098s] Invoking command in '/abb_ws/build/abb_gz_bringup': CMAKE_PREFIX_PATH=/opt/ros/humble /usr/bin/cmake --build /abb_ws/build/abb_gz_bringup -- -j12 -l12
[1.914s] Invoked command in '/abb_ws/build/abb_gz_bringup' returned '0': CMAKE_PREFIX_PATH=/opt/ros/humble /usr/bin/cmake --build /abb_ws/build/abb_gz_bringup -- -j12 -l12
[1.917s] Invoking command in '/abb_ws/build/abb_gz_bringup': CMAKE_PREFIX_PATH=/opt/ros/humble /usr/bin/cmake --install /abb_ws/build/abb_gz_bringup
[1.942s] -- Install configuration: ""
[1.942s] -- Execute custom install script
[1.942s] -- Up-to-date symlink: /abb_ws/install/abb_gz_bringup/share/abb_gz_bringup//launch/abb_launch.launch.xml
[1.942s] -- Up-to-date symlink: /abb_ws/install/abb_gz_bringup/share/abb_gz_bringup//config/abb_config.rviz
[1.943s] -- Up-to-date symlink: /abb_ws/install/abb_gz_bringup/share/abb_gz_bringup//config/controllers.yaml
[1.943s] -- Up-to-date symlink: /abb_ws/install/abb_gz_bringup/share/abb_gz_bringup//config/gazebo_bridge.yaml
[1.943s] -- Up-to-date symlink: /abb_ws/install/abb_gz_bringup/share/ament_index/resource_index/package_run_dependencies/abb_gz_bringup
[1.943s] -- Up-to-date symlink: /abb_ws/install/abb_gz_bringup/share/ament_index/resource_index/parent_prefix_path/abb_gz_bringup
[1.943s] -- Up-to-date symlink: /abb_ws/install/abb_gz_bringup/share/abb_gz_bringup/environment/ament_prefix_path.sh
[1.943s] -- Up-to-date symlink: /abb_ws/install/abb_gz_bringup/share/abb_gz_bringup/environment/ament_prefix_path.dsv
[1.943s] -- Up-to-date symlink: /abb_ws/install/abb_gz_bringup/share/abb_gz_bringup/environment/path.sh
[1.944s] -- Up-to-date symlink: /abb_ws/install/abb_gz_bringup/share/abb_gz_bringup/environment/path.dsv
[1.945s] -- Up-to-date symlink: /abb_ws/install/abb_gz_bringup/share/abb_gz_bringup/local_setup.bash
[1.946s] -- Up-to-date symlink: /abb_ws/install/abb_gz_bringup/share/abb_gz_bringup/local_setup.sh
[1.947s] -- Up-to-date symlink: /abb_ws/install/abb_gz_bringup/share/abb_gz_bringup/local_setup.zsh
[1.947s] -- Up-to-date symlink: /abb_ws/install/abb_gz_bringup/share/abb_gz_bringup/local_setup.dsv
[1.948s] -- Symlinking: /abb_ws/install/abb_gz_bringup/share/abb_gz_bringup/package.dsv
[1.958s] -- Up-to-date symlink: /abb_ws/install/abb_gz_bringup/share/ament_index/resource_index/packages/abb_gz_bringup
[1.958s] -- Up-to-date symlink: /abb_ws/install/abb_gz_bringup/share/abb_gz_bringup/cmake/abb_gz_bringupConfig.cmake
[1.958s] -- Up-to-date symlink: /abb_ws/install/abb_gz_bringup/share/abb_gz_bringup/cmake/abb_gz_bringupConfig-version.cmake
[1.958s] -- Up-to-date symlink: /abb_ws/install/abb_gz_bringup/share/abb_gz_bringup/package.xml
[2.021s] Invoked command in '/abb_ws/build/abb_gz_bringup' returned '0': CMAKE_PREFIX_PATH=/opt/ros/humble /usr/bin/cmake --install /abb_ws/build/abb_gz_bringup
