[1.356s] Invoking command in '/abb_ws/build/abb_tf_generator': PYTHONPATH=/abb_ws/build/abb_tf_generator/prefix_override:/usr/lib/python3/dist-packages/colcon_core/task/python/colcon_distutils_commands:/abb_ws/install/abb_tf_generator/lib/python3.10/site-packages:${PYTHONPATH} /usr/bin/python3 -W ignore:setup.py install is deprecated -W ignore:easy_install command is deprecated setup.py develop --editable --build-directory /abb_ws/build/abb_tf_generator/build --no-deps symlink_data
[1.605s] running develop
[1.742s] running egg_info
[1.742s] creating abb_tf_generator.egg-info
[1.742s] writing abb_tf_generator.egg-info/PKG-INFO
[1.742s] writing dependency_links to abb_tf_generator.egg-info/dependency_links.txt
[1.743s] writing entry points to abb_tf_generator.egg-info/entry_points.txt
[1.743s] writing requirements to abb_tf_generator.egg-info/requires.txt
[1.743s] writing top-level names to abb_tf_generator.egg-info/top_level.txt
[1.743s] writing manifest file 'abb_tf_generator.egg-info/SOURCES.txt'
[1.744s] reading manifest file 'abb_tf_generator.egg-info/SOURCES.txt'
[1.745s] writing manifest file 'abb_tf_generator.egg-info/SOURCES.txt'
[1.746s] running build_ext
[1.746s] Creating /abb_ws/install/abb_tf_generator/lib/python3.10/site-packages/abb-tf-generator.egg-link (link to .)
[1.748s] Installing abb_tf_generator script to /abb_ws/install/abb_tf_generator/lib/abb_tf_generator
[1.748s] 
[1.748s] Installed /abb_ws/build/abb_tf_generator
[1.749s] running symlink_data
[1.749s] creating /abb_ws/install/abb_tf_generator/share/ament_index
[1.749s] creating /abb_ws/install/abb_tf_generator/share/ament_index/resource_index
[1.749s] creating /abb_ws/install/abb_tf_generator/share/ament_index/resource_index/packages
[1.749s] symbolically linking /abb_ws/build/abb_tf_generator/resource/abb_tf_generator -> /abb_ws/install/abb_tf_generator/share/ament_index/resource_index/packages
[1.750s] symbolically linking /abb_ws/build/abb_tf_generator/package.xml -> /abb_ws/install/abb_tf_generator/share/abb_tf_generator
[1.750s] creating /abb_ws/install/abb_tf_generator/share/abb_tf_generator/launch
[1.750s] creating /abb_ws/install/abb_tf_generator/share/abb_tf_generator/descriptions
[1.751s] creating /abb_ws/install/abb_tf_generator/share/abb_tf_generator/config
[1.774s] Invoked command in '/abb_ws/build/abb_tf_generator' returned '0': PYTHONPATH=/abb_ws/build/abb_tf_generator/prefix_override:/usr/lib/python3/dist-packages/colcon_core/task/python/colcon_distutils_commands:/abb_ws/install/abb_tf_generator/lib/python3.10/site-packages:${PYTHONPATH} /usr/bin/python3 -W ignore:setup.py install is deprecated -W ignore:easy_install command is deprecated setup.py develop --editable --build-directory /abb_ws/build/abb_tf_generator/build --no-deps symlink_data
