[2.294s] Invoking command in '/abb_ws/src/abb_mujoco_python': PYTHONPATH=/abb_ws/build/abb_mujoco_python/prefix_override:/usr/lib/python3/dist-packages/colcon_core/task/python/colcon_distutils_commands:/abb_ws/install/abb_mujoco_python/lib/python3.10/site-packages:${PYTHONPATH} /usr/bin/python3 -W ignore:setup.py install is deprecated -W ignore:easy_install command is deprecated setup.py egg_info --egg-base ../../build/abb_mujoco_python build --build-base /abb_ws/build/abb_mujoco_python/build install --record /abb_ws/build/abb_mujoco_python/install.log --single-version-externally-managed install_data
[2.671s] running egg_info
[2.673s] writing ../../build/abb_mujoco_python/abb_mujoco_python.egg-info/PKG-INFO
[2.673s] writing dependency_links to ../../build/abb_mujoco_python/abb_mujoco_python.egg-info/dependency_links.txt
[2.673s] writing entry points to ../../build/abb_mujoco_python/abb_mujoco_python.egg-info/entry_points.txt
[2.674s] writing requirements to ../../build/abb_mujoco_python/abb_mujoco_python.egg-info/requires.txt
[2.674s] writing top-level names to ../../build/abb_mujoco_python/abb_mujoco_python.egg-info/top_level.txt
[2.678s] reading manifest file '../../build/abb_mujoco_python/abb_mujoco_python.egg-info/SOURCES.txt'
[2.679s] writing manifest file '../../build/abb_mujoco_python/abb_mujoco_python.egg-info/SOURCES.txt'
[2.680s] running build
[2.680s] running build_py
[2.680s] running install
[2.681s] running install_lib
[2.684s] running install_data
[2.685s] running install_egg_info
[2.688s] removing '/abb_ws/install/abb_mujoco_python/lib/python3.10/site-packages/abb_mujoco_python-0.0.0-py3.10.egg-info' (and everything under it)
[2.689s] Copying ../../build/abb_mujoco_python/abb_mujoco_python.egg-info to /abb_ws/install/abb_mujoco_python/lib/python3.10/site-packages/abb_mujoco_python-0.0.0-py3.10.egg-info
[2.690s] running install_scripts
[2.739s] Installing abb_sim_mujoco script to /abb_ws/install/abb_mujoco_python/lib/abb_mujoco_python
[2.740s] writing list of installed files to '/abb_ws/build/abb_mujoco_python/install.log'
[2.796s] Invoked command in '/abb_ws/src/abb_mujoco_python' returned '0': PYTHONPATH=/abb_ws/build/abb_mujoco_python/prefix_override:/usr/lib/python3/dist-packages/colcon_core/task/python/colcon_distutils_commands:/abb_ws/install/abb_mujoco_python/lib/python3.10/site-packages:${PYTHONPATH} /usr/bin/python3 -W ignore:setup.py install is deprecated -W ignore:easy_install command is deprecated setup.py egg_info --egg-base ../../build/abb_mujoco_python build --build-base /abb_ws/build/abb_mujoco_python/build install --record /abb_ws/build/abb_mujoco_python/install.log --single-version-externally-managed install_data
