[3.028s] Invoking command in '/home/eia/rbi_2025/scara/scara_ws/build/scara_mujoco_description': CMAKE_PREFIX_PATH=${CMAKE_PREFIX_PATH}:/home/eia/rbi_2025/scara/scara_ws/install/scara_tf_generator:/home/eia/rbi_2025/scara/scara_ws/install/scara_path_generator:/home/eia/rbi_2025/scara/scara_ws/install/scara_path_controller:/home/eia/rbi_2025/scara/scara_ws/install/scara_mujoco_python_sim:/home/eia/rbi_2025/scara/scara_ws/install/scara_general_ik_solver:/home/eia/rbi_2025/scara/scara_ws/install/premade_path_publisher:/opt/ros/humble /usr/bin/cmake --build /home/eia/rbi_2025/scara/scara_ws/build/scara_mujoco_description -- -j12 -l12
[7.403s] Invoked command in '/home/eia/rbi_2025/scara/scara_ws/build/scara_mujoco_description' returned '0': CMAKE_PREFIX_PATH=${CMAKE_PREFIX_PATH}:/home/eia/rbi_2025/scara/scara_ws/install/scara_tf_generator:/home/eia/rbi_2025/scara/scara_ws/install/scara_path_generator:/home/eia/rbi_2025/scara/scara_ws/install/scara_path_controller:/home/eia/rbi_2025/scara/scara_ws/install/scara_mujoco_python_sim:/home/eia/rbi_2025/scara/scara_ws/install/scara_general_ik_solver:/home/eia/rbi_2025/scara/scara_ws/install/premade_path_publisher:/opt/ros/humble /usr/bin/cmake --build /home/eia/rbi_2025/scara/scara_ws/build/scara_mujoco_description -- -j12 -l12
[7.433s] Invoking command in '/home/eia/rbi_2025/scara/scara_ws/build/scara_mujoco_description': CMAKE_PREFIX_PATH=${CMAKE_PREFIX_PATH}:/home/eia/rbi_2025/scara/scara_ws/install/scara_tf_generator:/home/eia/rbi_2025/scara/scara_ws/install/scara_path_generator:/home/eia/rbi_2025/scara/scara_ws/install/scara_path_controller:/home/eia/rbi_2025/scara/scara_ws/install/scara_mujoco_python_sim:/home/eia/rbi_2025/scara/scara_ws/install/scara_general_ik_solver:/home/eia/rbi_2025/scara/scara_ws/install/premade_path_publisher:/opt/ros/humble /usr/bin/cmake --install /home/eia/rbi_2025/scara/scara_ws/build/scara_mujoco_description
[7.480s] -- Install configuration: ""
[7.483s] -- Execute custom install script
[7.486s] -- Up-to-date symlink: /home/eia/rbi_2025/scara/scara_ws/install/scara_mujoco_description/share/scara_mujoco_description//urdf/common_properties.xacro
[7.487s] -- Up-to-date symlink: /home/eia/rbi_2025/scara/scara_ws/install/scara_mujoco_description/share/scara_mujoco_description//urdf/scara.urdf.xacro
[7.490s] -- Up-to-date symlink: /home/eia/rbi_2025/scara/scara_ws/install/scara_mujoco_description/share/scara_mujoco_description//urdf/scara_description.xacro
[7.491s] -- Up-to-date symlink: /home/eia/rbi_2025/scara/scara_ws/install/scara_mujoco_description/share/scara_mujoco_description//launch/display.launch.xml
[7.491s] -- Up-to-date symlink: /home/eia/rbi_2025/scara/scara_ws/install/scara_mujoco_description/share/ament_index/resource_index/package_run_dependencies/scara_mujoco_description
[7.492s] -- Up-to-date symlink: /home/eia/rbi_2025/scara/scara_ws/install/scara_mujoco_description/share/ament_index/resource_index/parent_prefix_path/scara_mujoco_description
[7.492s] -- Up-to-date symlink: /home/eia/rbi_2025/scara/scara_ws/install/scara_mujoco_description/share/scara_mujoco_description/environment/ament_prefix_path.sh
[7.493s] -- Up-to-date symlink: /home/eia/rbi_2025/scara/scara_ws/install/scara_mujoco_description/share/scara_mujoco_description/environment/ament_prefix_path.dsv
[7.493s] -- Up-to-date symlink: /home/eia/rbi_2025/scara/scara_ws/install/scara_mujoco_description/share/scara_mujoco_description/environment/path.sh
[7.494s] -- Up-to-date symlink: /home/eia/rbi_2025/scara/scara_ws/install/scara_mujoco_description/share/scara_mujoco_description/environment/path.dsv
[7.494s] -- Up-to-date symlink: /home/eia/rbi_2025/scara/scara_ws/install/scara_mujoco_description/share/scara_mujoco_description/local_setup.bash
[7.496s] -- Up-to-date symlink: /home/eia/rbi_2025/scara/scara_ws/install/scara_mujoco_description/share/scara_mujoco_description/local_setup.sh
[7.502s] -- Up-to-date symlink: /home/eia/rbi_2025/scara/scara_ws/install/scara_mujoco_description/share/scara_mujoco_description/local_setup.zsh
[7.503s] -- Up-to-date symlink: /home/eia/rbi_2025/scara/scara_ws/install/scara_mujoco_description/share/scara_mujoco_description/local_setup.dsv
[7.503s] -- Symlinking: /home/eia/rbi_2025/scara/scara_ws/install/scara_mujoco_description/share/scara_mujoco_description/package.dsv
[7.511s] -- Up-to-date symlink: /home/eia/rbi_2025/scara/scara_ws/install/scara_mujoco_description/share/ament_index/resource_index/packages/scara_mujoco_description
[7.514s] -- Up-to-date symlink: /home/eia/rbi_2025/scara/scara_ws/install/scara_mujoco_description/share/scara_mujoco_description/cmake/scara_mujoco_descriptionConfig.cmake
[7.515s] -- Up-to-date symlink: /home/eia/rbi_2025/scara/scara_ws/install/scara_mujoco_description/share/scara_mujoco_description/cmake/scara_mujoco_descriptionConfig-version.cmake
[7.515s] -- Up-to-date symlink: /home/eia/rbi_2025/scara/scara_ws/install/scara_mujoco_description/share/scara_mujoco_description/package.xml
[7.697s] Invoked command in '/home/eia/rbi_2025/scara/scara_ws/build/scara_mujoco_description' returned '0': CMAKE_PREFIX_PATH=${CMAKE_PREFIX_PATH}:/home/eia/rbi_2025/scara/scara_ws/install/scara_tf_generator:/home/eia/rbi_2025/scara/scara_ws/install/scara_path_generator:/home/eia/rbi_2025/scara/scara_ws/install/scara_path_controller:/home/eia/rbi_2025/scara/scara_ws/install/scara_mujoco_python_sim:/home/eia/rbi_2025/scara/scara_ws/install/scara_general_ik_solver:/home/eia/rbi_2025/scara/scara_ws/install/premade_path_publisher:/opt/ros/humble /usr/bin/cmake --install /home/eia/rbi_2025/scara/scara_ws/build/scara_mujoco_description
