[0.966s] Invoking command in '/home/eia/rbi_2025/rov/rov_ws/build/rov_hardware_interface': CMAKE_PREFIX_PATH=${CMAKE_PREFIX_PATH}:/home/eia/repo/rbi_2025_2/rov/rov_ws/install/rov_position_controller:/home/eia/repo/rbi_2025_2/rov/rov_ws/install/rov_path_generator:/home/eia/repo/rbi_2025_2/rov/rov_ws/install/rov_path_follower:/home/eia/repo/rbi_2025_2/rov/rov_ws/install/rov_attitude_controller:/home/eia/repo/rbi_2025_2/rov/rov_ws/install/direct_control:/opt/ros/humble /usr/bin/cmake --build /home/eia/rbi_2025/rov/rov_ws/build/rov_hardware_interface -- -j12 -l12
[2.566s] [100%] Built target rov_hardware_interface
[2.585s] Invoked command in '/home/eia/rbi_2025/rov/rov_ws/build/rov_hardware_interface' returned '0': CMAKE_PREFIX_PATH=${CMAKE_PREFIX_PATH}:/home/eia/repo/rbi_2025_2/rov/rov_ws/install/rov_position_controller:/home/eia/repo/rbi_2025_2/rov/rov_ws/install/rov_path_generator:/home/eia/repo/rbi_2025_2/rov/rov_ws/install/rov_path_follower:/home/eia/repo/rbi_2025_2/rov/rov_ws/install/rov_attitude_controller:/home/eia/repo/rbi_2025_2/rov/rov_ws/install/direct_control:/opt/ros/humble /usr/bin/cmake --build /home/eia/rbi_2025/rov/rov_ws/build/rov_hardware_interface -- -j12 -l12
[2.588s] Invoking command in '/home/eia/rbi_2025/rov/rov_ws/build/rov_hardware_interface': CMAKE_PREFIX_PATH=${CMAKE_PREFIX_PATH}:/home/eia/repo/rbi_2025_2/rov/rov_ws/install/rov_position_controller:/home/eia/repo/rbi_2025_2/rov/rov_ws/install/rov_path_generator:/home/eia/repo/rbi_2025_2/rov/rov_ws/install/rov_path_follower:/home/eia/repo/rbi_2025_2/rov/rov_ws/install/rov_attitude_controller:/home/eia/repo/rbi_2025_2/rov/rov_ws/install/direct_control:/opt/ros/humble /usr/bin/cmake --install /home/eia/rbi_2025/rov/rov_ws/build/rov_hardware_interface
[2.625s] -- Install configuration: ""
[2.626s] -- Execute custom install script
[2.626s] -- Up-to-date symlink: /home/eia/rbi_2025/rov/rov_ws/install/rov_hardware_interface/share/rov_hardware_interface//rov_hardware_interface.xml
[2.626s] -- Up-to-date symlink: /home/eia/rbi_2025/rov/rov_ws/install/rov_hardware_interface/lib/librov_hardware_interface.so
[2.626s] -- Up-to-date symlink: /home/eia/rbi_2025/rov/rov_ws/install/rov_hardware_interface/include/include/rov_hardware_interface/rov_hardware_interface.hpp
[2.626s] -- Up-to-date symlink: /home/eia/rbi_2025/rov/rov_ws/install/rov_hardware_interface/share/rov_hardware_interface/environment/library_path.sh
[2.626s] -- Up-to-date symlink: /home/eia/rbi_2025/rov/rov_ws/install/rov_hardware_interface/share/rov_hardware_interface/environment/library_path.dsv
[2.627s] -- Up-to-date symlink: /home/eia/rbi_2025/rov/rov_ws/install/rov_hardware_interface/share/ament_index/resource_index/package_run_dependencies/rov_hardware_interface
[2.627s] -- Up-to-date symlink: /home/eia/rbi_2025/rov/rov_ws/install/rov_hardware_interface/share/ament_index/resource_index/parent_prefix_path/rov_hardware_interface
[2.627s] -- Up-to-date symlink: /home/eia/rbi_2025/rov/rov_ws/install/rov_hardware_interface/share/rov_hardware_interface/environment/ament_prefix_path.sh
[2.627s] -- Up-to-date symlink: /home/eia/rbi_2025/rov/rov_ws/install/rov_hardware_interface/share/rov_hardware_interface/environment/ament_prefix_path.dsv
[2.628s] -- Up-to-date symlink: /home/eia/rbi_2025/rov/rov_ws/install/rov_hardware_interface/share/rov_hardware_interface/environment/path.sh
[2.628s] -- Up-to-date symlink: /home/eia/rbi_2025/rov/rov_ws/install/rov_hardware_interface/share/rov_hardware_interface/environment/path.dsv
[2.628s] -- Up-to-date symlink: /home/eia/rbi_2025/rov/rov_ws/install/rov_hardware_interface/share/rov_hardware_interface/local_setup.bash
[2.628s] -- Up-to-date symlink: /home/eia/rbi_2025/rov/rov_ws/install/rov_hardware_interface/share/rov_hardware_interface/local_setup.sh
[2.628s] -- Up-to-date symlink: /home/eia/rbi_2025/rov/rov_ws/install/rov_hardware_interface/share/rov_hardware_interface/local_setup.zsh
[2.628s] -- Up-to-date symlink: /home/eia/rbi_2025/rov/rov_ws/install/rov_hardware_interface/share/rov_hardware_interface/local_setup.dsv
[2.628s] -- Up-to-date symlink: /home/eia/rbi_2025/rov/rov_ws/install/rov_hardware_interface/share/rov_hardware_interface/package.dsv
[2.629s] -- Up-to-date symlink: /home/eia/rbi_2025/rov/rov_ws/install/rov_hardware_interface/share/ament_index/resource_index/packages/rov_hardware_interface
[2.629s] -- Up-to-date symlink: /home/eia/rbi_2025/rov/rov_ws/install/rov_hardware_interface/share/ament_index/resource_index/hardware_interface__pluginlib__plugin/rov_hardware_interface
[2.629s] -- Up-to-date symlink: /home/eia/rbi_2025/rov/rov_ws/install/rov_hardware_interface/share/rov_hardware_interface/cmake/ament_cmake_export_libraries-extras.cmake
[2.629s] -- Up-to-date symlink: /home/eia/rbi_2025/rov/rov_ws/install/rov_hardware_interface/share/rov_hardware_interface/cmake/ament_cmake_export_dependencies-extras.cmake
[2.629s] -- Up-to-date symlink: /home/eia/rbi_2025/rov/rov_ws/install/rov_hardware_interface/share/rov_hardware_interface/cmake/rov_hardware_interfaceConfig.cmake
[2.630s] -- Up-to-date symlink: /home/eia/rbi_2025/rov/rov_ws/install/rov_hardware_interface/share/rov_hardware_interface/cmake/rov_hardware_interfaceConfig-version.cmake
[2.630s] -- Up-to-date symlink: /home/eia/rbi_2025/rov/rov_ws/install/rov_hardware_interface/share/rov_hardware_interface/package.xml
[2.674s] Invoked command in '/home/eia/rbi_2025/rov/rov_ws/build/rov_hardware_interface' returned '0': CMAKE_PREFIX_PATH=${CMAKE_PREFIX_PATH}:/home/eia/repo/rbi_2025_2/rov/rov_ws/install/rov_position_controller:/home/eia/repo/rbi_2025_2/rov/rov_ws/install/rov_path_generator:/home/eia/repo/rbi_2025_2/rov/rov_ws/install/rov_path_follower:/home/eia/repo/rbi_2025_2/rov/rov_ws/install/rov_attitude_controller:/home/eia/repo/rbi_2025_2/rov/rov_ws/install/direct_control:/opt/ros/humble /usr/bin/cmake --install /home/eia/rbi_2025/rov/rov_ws/build/rov_hardware_interface
