[3.200s] Invoking command in '/abb_ws/src/abb_mujoco_python': PYTHONPATH=/abb_ws/build/abb_mujoco_python/prefix_override:/usr/lib/python3/dist-packages/colcon_core/task/python/colcon_distutils_commands:/abb_ws/install/abb_mujoco_python/lib/python3.10/site-packages:${PYTHONPATH} /usr/bin/python3 -W ignore:setup.py install is deprecated -W ignore:easy_install command is deprecated setup.py egg_info --egg-base ../../build/abb_mujoco_python build --build-base /abb_ws/build/abb_mujoco_python/build install --record /abb_ws/build/abb_mujoco_python/install.log --single-version-externally-managed install_data
[3.628s] running egg_info
[3.629s] creating ../../build/abb_mujoco_python/abb_mujoco_python.egg-info
[3.629s] writing ../../build/abb_mujoco_python/abb_mujoco_python.egg-info/PKG-INFO
[3.629s] writing dependency_links to ../../build/abb_mujoco_python/abb_mujoco_python.egg-info/dependency_links.txt
[3.630s] writing entry points to ../../build/abb_mujoco_python/abb_mujoco_python.egg-info/entry_points.txt
[3.630s] writing requirements to ../../build/abb_mujoco_python/abb_mujoco_python.egg-info/requires.txt
[3.631s] writing top-level names to ../../build/abb_mujoco_python/abb_mujoco_python.egg-info/top_level.txt
[3.631s] writing manifest file '../../build/abb_mujoco_python/abb_mujoco_python.egg-info/SOURCES.txt'
[3.633s] reading manifest file '../../build/abb_mujoco_python/abb_mujoco_python.egg-info/SOURCES.txt'
[3.634s] writing manifest file '../../build/abb_mujoco_python/abb_mujoco_python.egg-info/SOURCES.txt'
[3.635s] running build
[3.635s] running build_py
[3.635s] creating /abb_ws/build/abb_mujoco_python/build
[3.635s] creating /abb_ws/build/abb_mujoco_python/build/lib
[3.636s] creating /abb_ws/build/abb_mujoco_python/build/lib/abb_mujoco_python
[3.636s] copying abb_mujoco_python/simulation_init.py -> /abb_ws/build/abb_mujoco_python/build/lib/abb_mujoco_python
[3.636s] copying abb_mujoco_python/__init__.py -> /abb_ws/build/abb_mujoco_python/build/lib/abb_mujoco_python
[3.636s] running install
[3.636s] running install_lib
[3.637s] creating /abb_ws/install/abb_mujoco_python/lib/python3.10/site-packages/abb_mujoco_python
[3.638s] copying /abb_ws/build/abb_mujoco_python/build/lib/abb_mujoco_python/simulation_init.py -> /abb_ws/install/abb_mujoco_python/lib/python3.10/site-packages/abb_mujoco_python
[3.638s] copying /abb_ws/build/abb_mujoco_python/build/lib/abb_mujoco_python/__init__.py -> /abb_ws/install/abb_mujoco_python/lib/python3.10/site-packages/abb_mujoco_python
[3.638s] byte-compiling /abb_ws/install/abb_mujoco_python/lib/python3.10/site-packages/abb_mujoco_python/simulation_init.py to simulation_init.cpython-310.pyc
[3.641s] byte-compiling /abb_ws/install/abb_mujoco_python/lib/python3.10/site-packages/abb_mujoco_python/__init__.py to __init__.cpython-310.pyc
[3.641s] running install_data
[3.642s] creating /abb_ws/install/abb_mujoco_python/share/ament_index
[3.642s] creating /abb_ws/install/abb_mujoco_python/share/ament_index/resource_index
[3.642s] creating /abb_ws/install/abb_mujoco_python/share/ament_index/resource_index/packages
[3.643s] copying resource/abb_mujoco_python -> /abb_ws/install/abb_mujoco_python/share/ament_index/resource_index/packages
[3.644s] copying package.xml -> /abb_ws/install/abb_mujoco_python/share/abb_mujoco_python
[3.644s] creating /abb_ws/install/abb_mujoco_python/share/abb_mujoco_python/launch
[3.644s] creating /abb_ws/install/abb_mujoco_python/share/abb_mujoco_python/descriptions
[3.644s] copying descriptions/abb.xml -> /abb_ws/install/abb_mujoco_python/share/abb_mujoco_python/descriptions
[3.644s] creating /abb_ws/install/abb_mujoco_python/share/abb_mujoco_python/config
[3.645s] running install_egg_info
[3.645s] Copying ../../build/abb_mujoco_python/abb_mujoco_python.egg-info to /abb_ws/install/abb_mujoco_python/lib/python3.10/site-packages/abb_mujoco_python-0.0.0-py3.10.egg-info
[3.645s] running install_scripts
[3.685s] Installing abb_sim_mujoco script to /abb_ws/install/abb_mujoco_python/lib/abb_mujoco_python
[3.686s] writing list of installed files to '/abb_ws/build/abb_mujoco_python/install.log'
[3.734s] Invoked command in '/abb_ws/src/abb_mujoco_python' returned '0': PYTHONPATH=/abb_ws/build/abb_mujoco_python/prefix_override:/usr/lib/python3/dist-packages/colcon_core/task/python/colcon_distutils_commands:/abb_ws/install/abb_mujoco_python/lib/python3.10/site-packages:${PYTHONPATH} /usr/bin/python3 -W ignore:setup.py install is deprecated -W ignore:easy_install command is deprecated setup.py egg_info --egg-base ../../build/abb_mujoco_python build --build-base /abb_ws/build/abb_mujoco_python/build install --record /abb_ws/build/abb_mujoco_python/install.log --single-version-externally-managed install_data
