[0.100s] Invoking command in '/abb_ws/build/abb_gz_bringup': CMAKE_PREFIX_PATH=/opt/ros/humble /usr/bin/cmake /abb_ws/src/abb_gz_bringup -DCMAKE_INSTALL_PREFIX=/abb_ws/install/abb_gz_bringup
[2.387s] -- The C compiler identification is GNU 11.4.0
[2.388s] -- The CXX compiler identification is GNU 11.4.0
[2.388s] -- Detecting C compiler ABI info
[2.389s] -- Detecting C compiler ABI info - done
[2.389s] -- Check for working C compiler: /usr/bin/cc - skipped
[2.389s] -- Detecting C compile features
[2.389s] -- Detecting C compile features - done
[2.389s] -- Detecting CXX compiler ABI info
[2.390s] -- Detecting CXX compiler ABI info - done
[2.390s] -- Check for working CXX compiler: /usr/bin/c++ - skipped
[2.390s] -- Detecting CXX compile features
[2.390s] -- Detecting CXX compile features - done
[2.390s] -- Found ament_cmake: 1.3.12 (/opt/ros/humble/share/ament_cmake/cmake)
[2.390s] -- Found Python3: /usr/bin/python3 (found version "3.10.12") found components: Interpreter 
[2.390s] -- Configuring done
[2.391s] -- Generating done
[2.391s] -- Build files have been written to: /abb_ws/build/abb_gz_bringup
[2.422s] Invoked command in '/abb_ws/build/abb_gz_bringup' returned '0': CMAKE_PREFIX_PATH=/opt/ros/humble /usr/bin/cmake /abb_ws/src/abb_gz_bringup -DCMAKE_INSTALL_PREFIX=/abb_ws/install/abb_gz_bringup
[2.423s] Invoking command in '/abb_ws/build/abb_gz_bringup': CMAKE_PREFIX_PATH=/opt/ros/humble /usr/bin/cmake --build /abb_ws/build/abb_gz_bringup -- -j12 -l12
[2.459s] Invoked command in '/abb_ws/build/abb_gz_bringup' returned '0': CMAKE_PREFIX_PATH=/opt/ros/humble /usr/bin/cmake --build /abb_ws/build/abb_gz_bringup -- -j12 -l12
[2.475s] Invoking command in '/abb_ws/build/abb_gz_bringup': CMAKE_PREFIX_PATH=/opt/ros/humble /usr/bin/cmake --install /abb_ws/build/abb_gz_bringup
[2.499s] -- Install configuration: ""
[2.500s] -- Installing: /abb_ws/install/abb_gz_bringup/share/abb_gz_bringup//launch
[2.500s] -- Installing: /abb_ws/install/abb_gz_bringup/share/abb_gz_bringup//launch/abb_launch.launch.xml
[2.500s] -- Installing: /abb_ws/install/abb_gz_bringup/share/abb_gz_bringup//config
[2.500s] -- Installing: /abb_ws/install/abb_gz_bringup/share/abb_gz_bringup//config/abb_config.rviz
[2.500s] -- Installing: /abb_ws/install/abb_gz_bringup/share/abb_gz_bringup//config/gazebo_bridge.yaml
[2.500s] -- Installing: /abb_ws/install/abb_gz_bringup/share/abb_gz_bringup//config/controllers.yaml
[2.501s] -- Installing: /abb_ws/install/abb_gz_bringup/share/ament_index/resource_index/package_run_dependencies/abb_gz_bringup
[2.501s] -- Installing: /abb_ws/install/abb_gz_bringup/share/ament_index/resource_index/parent_prefix_path/abb_gz_bringup
[2.503s] -- Installing: /abb_ws/install/abb_gz_bringup/share/abb_gz_bringup/environment/ament_prefix_path.sh
[2.504s] -- Installing: /abb_ws/install/abb_gz_bringup/share/abb_gz_bringup/environment/ament_prefix_path.dsv
[2.504s] -- Installing: /abb_ws/install/abb_gz_bringup/share/abb_gz_bringup/environment/path.sh
[2.504s] -- Installing: /abb_ws/install/abb_gz_bringup/share/abb_gz_bringup/environment/path.dsv
[2.504s] -- Installing: /abb_ws/install/abb_gz_bringup/share/abb_gz_bringup/local_setup.bash
[2.504s] -- Installing: /abb_ws/install/abb_gz_bringup/share/abb_gz_bringup/local_setup.sh
[2.508s] -- Installing: /abb_ws/install/abb_gz_bringup/share/abb_gz_bringup/local_setup.zsh
[2.509s] -- Installing: /abb_ws/install/abb_gz_bringup/share/abb_gz_bringup/local_setup.dsv
[2.509s] -- Installing: /abb_ws/install/abb_gz_bringup/share/abb_gz_bringup/package.dsv
[2.509s] -- Installing: /abb_ws/install/abb_gz_bringup/share/ament_index/resource_index/packages/abb_gz_bringup
[2.509s] -- Installing: /abb_ws/install/abb_gz_bringup/share/abb_gz_bringup/cmake/abb_gz_bringupConfig.cmake
[2.509s] -- Installing: /abb_ws/install/abb_gz_bringup/share/abb_gz_bringup/cmake/abb_gz_bringupConfig-version.cmake
[2.513s] -- Installing: /abb_ws/install/abb_gz_bringup/share/abb_gz_bringup/package.xml
[2.515s] Invoked command in '/abb_ws/build/abb_gz_bringup' returned '0': CMAKE_PREFIX_PATH=/opt/ros/humble /usr/bin/cmake --install /abb_ws/build/abb_gz_bringup
