[2.083s] Invoking command in '/rov_ws/build/rov_path_generator': PYTHONPATH=/rov_ws/build/rov_path_generator/prefix_override:/usr/lib/python3/dist-packages/colcon_core/task/python/colcon_distutils_commands:/rov_ws/install/rov_path_generator/lib/python3.10/site-packages:${PYTHONPATH} /usr/bin/python3 -W ignore:setup.py install is deprecated -W ignore:easy_install command is deprecated setup.py develop --editable --build-directory /rov_ws/build/rov_path_generator/build --no-deps symlink_data
[2.406s] running develop
[2.552s] running egg_info
[2.552s] creating rov_path_generator.egg-info
[2.552s] writing rov_path_generator.egg-info/PKG-INFO
[2.552s] writing dependency_links to rov_path_generator.egg-info/dependency_links.txt
[2.553s] writing entry points to rov_path_generator.egg-info/entry_points.txt
[2.553s] writing requirements to rov_path_generator.egg-info/requires.txt
[2.553s] writing top-level names to rov_path_generator.egg-info/top_level.txt
[2.553s] writing manifest file 'rov_path_generator.egg-info/SOURCES.txt'
[2.555s] reading manifest file 'rov_path_generator.egg-info/SOURCES.txt'
[2.555s] writing manifest file 'rov_path_generator.egg-info/SOURCES.txt'
[2.557s] running build_ext
[2.557s] Creating /rov_ws/install/rov_path_generator/lib/python3.10/site-packages/rov-path-generator.egg-link (link to .)
[2.558s] Installing rov_path_generator script to /rov_ws/install/rov_path_generator/lib/rov_path_generator
[2.558s] 
[2.558s] Installed /rov_ws/build/rov_path_generator
[2.558s] running symlink_data
[2.559s] creating /rov_ws/install/rov_path_generator/share/ament_index
[2.559s] creating /rov_ws/install/rov_path_generator/share/ament_index/resource_index
[2.559s] creating /rov_ws/install/rov_path_generator/share/ament_index/resource_index/packages
[2.559s] symbolically linking /rov_ws/build/rov_path_generator/resource/rov_path_generator -> /rov_ws/install/rov_path_generator/share/ament_index/resource_index/packages
[2.559s] symbolically linking /rov_ws/build/rov_path_generator/package.xml -> /rov_ws/install/rov_path_generator/share/rov_path_generator
[2.559s] creating /rov_ws/install/rov_path_generator/share/rov_path_generator/launch
[2.559s] creating /rov_ws/install/rov_path_generator/share/rov_path_generator/descriptions
[2.559s] creating /rov_ws/install/rov_path_generator/share/rov_path_generator/config
[2.604s] Invoked command in '/rov_ws/build/rov_path_generator' returned '0': PYTHONPATH=/rov_ws/build/rov_path_generator/prefix_override:/usr/lib/python3/dist-packages/colcon_core/task/python/colcon_distutils_commands:/rov_ws/install/rov_path_generator/lib/python3.10/site-packages:${PYTHONPATH} /usr/bin/python3 -W ignore:setup.py install is deprecated -W ignore:easy_install command is deprecated setup.py develop --editable --build-directory /rov_ws/build/rov_path_generator/build --no-deps symlink_data
