[1.648s] Invoking command in '/abb_ws/build/abb_path_generator': PYTHONPATH=/abb_ws/build/abb_path_generator/prefix_override:/usr/lib/python3/dist-packages/colcon_core/task/python/colcon_distutils_commands:/abb_ws/install/abb_path_generator/lib/python3.10/site-packages:${PYTHONPATH} /usr/bin/python3 -W ignore:setup.py install is deprecated -W ignore:easy_install command is deprecated setup.py develop --editable --build-directory /abb_ws/build/abb_path_generator/build --no-deps symlink_data
[1.898s] running develop
[2.034s] running egg_info
[2.034s] creating abb_path_generator.egg-info
[2.034s] writing abb_path_generator.egg-info/PKG-INFO
[2.034s] writing dependency_links to abb_path_generator.egg-info/dependency_links.txt
[2.034s] writing entry points to abb_path_generator.egg-info/entry_points.txt
[2.035s] writing requirements to abb_path_generator.egg-info/requires.txt
[2.035s] writing top-level names to abb_path_generator.egg-info/top_level.txt
[2.035s] writing manifest file 'abb_path_generator.egg-info/SOURCES.txt'
[2.036s] reading manifest file 'abb_path_generator.egg-info/SOURCES.txt'
[2.036s] writing manifest file 'abb_path_generator.egg-info/SOURCES.txt'
[2.038s] running build_ext
[2.038s] Creating /abb_ws/install/abb_path_generator/lib/python3.10/site-packages/abb-path-generator.egg-link (link to .)
[2.039s] Installing abb_path_generator script to /abb_ws/install/abb_path_generator/lib/abb_path_generator
[2.039s] 
[2.039s] Installed /abb_ws/build/abb_path_generator
[2.039s] running symlink_data
[2.040s] creating /abb_ws/install/abb_path_generator/share/ament_index
[2.040s] creating /abb_ws/install/abb_path_generator/share/ament_index/resource_index
[2.040s] creating /abb_ws/install/abb_path_generator/share/ament_index/resource_index/packages
[2.040s] symbolically linking /abb_ws/build/abb_path_generator/resource/abb_path_generator -> /abb_ws/install/abb_path_generator/share/ament_index/resource_index/packages
[2.040s] symbolically linking /abb_ws/build/abb_path_generator/package.xml -> /abb_ws/install/abb_path_generator/share/abb_path_generator
[2.040s] creating /abb_ws/install/abb_path_generator/share/abb_path_generator/launch
[2.040s] creating /abb_ws/install/abb_path_generator/share/abb_path_generator/descriptions
[2.040s] creating /abb_ws/install/abb_path_generator/share/abb_path_generator/config
[2.071s] Invoked command in '/abb_ws/build/abb_path_generator' returned '0': PYTHONPATH=/abb_ws/build/abb_path_generator/prefix_override:/usr/lib/python3/dist-packages/colcon_core/task/python/colcon_distutils_commands:/abb_ws/install/abb_path_generator/lib/python3.10/site-packages:${PYTHONPATH} /usr/bin/python3 -W ignore:setup.py install is deprecated -W ignore:easy_install command is deprecated setup.py develop --editable --build-directory /abb_ws/build/abb_path_generator/build --no-deps symlink_data
