[3.063s] Invoking command in '/home/eia/rbi_2025/scara/scara_ws/build/scara_gz_bringup': CMAKE_PREFIX_PATH=${CMAKE_PREFIX_PATH}:/home/eia/rbi_2025/scara/scara_ws/install/scara_tf_generator:/home/eia/rbi_2025/scara/scara_ws/install/scara_path_generator:/home/eia/rbi_2025/scara/scara_ws/install/scara_path_controller:/home/eia/rbi_2025/scara/scara_ws/install/scara_mujoco_python_sim:/home/eia/rbi_2025/scara/scara_ws/install/scara_general_ik_solver:/home/eia/rbi_2025/scara/scara_ws/install/premade_path_publisher:/opt/ros/humble /usr/bin/cmake --build /home/eia/rbi_2025/scara/scara_ws/build/scara_gz_bringup -- -j12 -l12
[7.454s] Invoked command in '/home/eia/rbi_2025/scara/scara_ws/build/scara_gz_bringup' returned '0': CMAKE_PREFIX_PATH=${CMAKE_PREFIX_PATH}:/home/eia/rbi_2025/scara/scara_ws/install/scara_tf_generator:/home/eia/rbi_2025/scara/scara_ws/install/scara_path_generator:/home/eia/rbi_2025/scara/scara_ws/install/scara_path_controller:/home/eia/rbi_2025/scara/scara_ws/install/scara_mujoco_python_sim:/home/eia/rbi_2025/scara/scara_ws/install/scara_general_ik_solver:/home/eia/rbi_2025/scara/scara_ws/install/premade_path_publisher:/opt/ros/humble /usr/bin/cmake --build /home/eia/rbi_2025/scara/scara_ws/build/scara_gz_bringup -- -j12 -l12
[7.485s] Invoking command in '/home/eia/rbi_2025/scara/scara_ws/build/scara_gz_bringup': CMAKE_PREFIX_PATH=${CMAKE_PREFIX_PATH}:/home/eia/rbi_2025/scara/scara_ws/install/scara_tf_generator:/home/eia/rbi_2025/scara/scara_ws/install/scara_path_generator:/home/eia/rbi_2025/scara/scara_ws/install/scara_path_controller:/home/eia/rbi_2025/scara/scara_ws/install/scara_mujoco_python_sim:/home/eia/rbi_2025/scara/scara_ws/install/scara_general_ik_solver:/home/eia/rbi_2025/scara/scara_ws/install/premade_path_publisher:/opt/ros/humble /usr/bin/cmake --install /home/eia/rbi_2025/scara/scara_ws/build/scara_gz_bringup
[7.550s] -- Install configuration: ""
[7.551s] -- Execute custom install script
[7.552s] -- Up-to-date symlink: /home/eia/rbi_2025/scara/scara_ws/install/scara_gz_bringup/share/scara_gz_bringup//launch/scara_bringup.launch.xml
[7.561s] -- Up-to-date symlink: /home/eia/rbi_2025/scara/scara_ws/install/scara_gz_bringup/share/scara_gz_bringup//config/controllers.yaml
[7.565s] -- Up-to-date symlink: /home/eia/rbi_2025/scara/scara_ws/install/scara_gz_bringup/share/scara_gz_bringup//config/gazebo_bridge.yaml
[7.566s] -- Up-to-date symlink: /home/eia/rbi_2025/scara/scara_ws/install/scara_gz_bringup/share/scara_gz_bringup//config/scara_config.rviz
[7.567s] -- Up-to-date symlink: /home/eia/rbi_2025/scara/scara_ws/install/scara_gz_bringup/share/ament_index/resource_index/package_run_dependencies/scara_gz_bringup
[7.568s] -- Up-to-date symlink: /home/eia/rbi_2025/scara/scara_ws/install/scara_gz_bringup/share/ament_index/resource_index/parent_prefix_path/scara_gz_bringup
[7.569s] -- Up-to-date symlink: /home/eia/rbi_2025/scara/scara_ws/install/scara_gz_bringup/share/scara_gz_bringup/environment/ament_prefix_path.sh
[7.569s] -- Up-to-date symlink: /home/eia/rbi_2025/scara/scara_ws/install/scara_gz_bringup/share/scara_gz_bringup/environment/ament_prefix_path.dsv
[7.571s] -- Up-to-date symlink: /home/eia/rbi_2025/scara/scara_ws/install/scara_gz_bringup/share/scara_gz_bringup/environment/path.sh
[7.576s] -- Up-to-date symlink: /home/eia/rbi_2025/scara/scara_ws/install/scara_gz_bringup/share/scara_gz_bringup/environment/path.dsv
[7.577s] -- Up-to-date symlink: /home/eia/rbi_2025/scara/scara_ws/install/scara_gz_bringup/share/scara_gz_bringup/local_setup.bash
[7.578s] -- Up-to-date symlink: /home/eia/rbi_2025/scara/scara_ws/install/scara_gz_bringup/share/scara_gz_bringup/local_setup.sh
[7.579s] -- Up-to-date symlink: /home/eia/rbi_2025/scara/scara_ws/install/scara_gz_bringup/share/scara_gz_bringup/local_setup.zsh
[7.581s] -- Up-to-date symlink: /home/eia/rbi_2025/scara/scara_ws/install/scara_gz_bringup/share/scara_gz_bringup/local_setup.dsv
[7.584s] -- Symlinking: /home/eia/rbi_2025/scara/scara_ws/install/scara_gz_bringup/share/scara_gz_bringup/package.dsv
[7.656s] -- Up-to-date symlink: /home/eia/rbi_2025/scara/scara_ws/install/scara_gz_bringup/share/ament_index/resource_index/packages/scara_gz_bringup
[7.657s] -- Up-to-date symlink: /home/eia/rbi_2025/scara/scara_ws/install/scara_gz_bringup/share/scara_gz_bringup/cmake/scara_gz_bringupConfig.cmake
[7.658s] -- Up-to-date symlink: /home/eia/rbi_2025/scara/scara_ws/install/scara_gz_bringup/share/scara_gz_bringup/cmake/scara_gz_bringupConfig-version.cmake
[7.658s] -- Up-to-date symlink: /home/eia/rbi_2025/scara/scara_ws/install/scara_gz_bringup/share/scara_gz_bringup/package.xml
[7.701s] Invoked command in '/home/eia/rbi_2025/scara/scara_ws/build/scara_gz_bringup' returned '0': CMAKE_PREFIX_PATH=${CMAKE_PREFIX_PATH}:/home/eia/rbi_2025/scara/scara_ws/install/scara_tf_generator:/home/eia/rbi_2025/scara/scara_ws/install/scara_path_generator:/home/eia/rbi_2025/scara/scara_ws/install/scara_path_controller:/home/eia/rbi_2025/scara/scara_ws/install/scara_mujoco_python_sim:/home/eia/rbi_2025/scara/scara_ws/install/scara_general_ik_solver:/home/eia/rbi_2025/scara/scara_ws/install/premade_path_publisher:/opt/ros/humble /usr/bin/cmake --install /home/eia/rbi_2025/scara/scara_ws/build/scara_gz_bringup
