[0.107s] Invoking command in '/abb_ws/build/abb_controllers': CMAKE_PREFIX_PATH=/opt/ros/humble /usr/bin/cmake /abb_ws/src/abb_controllers -DCMAKE_INSTALL_PREFIX=/abb_ws/install/abb_controllers
[2.392s] -- The C compiler identification is GNU 11.4.0
[2.393s] -- The CXX compiler identification is GNU 11.4.0
[2.394s] -- Detecting C compiler ABI info
[2.394s] -- Detecting C compiler ABI info - done
[2.394s] -- Check for working C compiler: /usr/bin/cc - skipped
[2.394s] -- Detecting C compile features
[2.394s] -- Detecting C compile features - done
[2.394s] -- Detecting CXX compiler ABI info
[2.394s] -- Detecting CXX compiler ABI info - done
[2.395s] -- Check for working CXX compiler: /usr/bin/c++ - skipped
[2.395s] -- Detecting CXX compile features
[2.395s] -- Detecting CXX compile features - done
[2.395s] -- Found ament_cmake: 1.3.12 (/opt/ros/humble/share/ament_cmake/cmake)
[2.395s] -- Found Python3: /usr/bin/python3 (found version "3.10.12") found components: Interpreter 
[2.395s] -- Found rclcpp: 16.0.14 (/opt/ros/humble/share/rclcpp/cmake)
[2.395s] -- Found rosidl_generator_c: 3.1.7 (/opt/ros/humble/share/rosidl_generator_c/cmake)
[2.395s] -- Found rosidl_adapter: 3.1.7 (/opt/ros/humble/share/rosidl_adapter/cmake)
[2.395s] -- Found rosidl_generator_cpp: 3.1.7 (/opt/ros/humble/share/rosidl_generator_cpp/cmake)
[2.395s] -- Using all available rosidl_typesupport_c: rosidl_typesupport_fastrtps_c;rosidl_typesupport_introspection_c
[2.395s] -- Using all available rosidl_typesupport_cpp: rosidl_typesupport_fastrtps_cpp;rosidl_typesupport_introspection_cpp
[2.396s] -- Found rmw_implementation_cmake: 6.1.2 (/opt/ros/humble/share/rmw_implementation_cmake/cmake)
[2.396s] -- Found rmw_fastrtps_cpp: 6.2.8 (/opt/ros/humble/share/rmw_fastrtps_cpp/cmake)
[2.396s] -- Found OpenSSL: /usr/lib/x86_64-linux-gnu/libcrypto.so (found version "3.0.2")  
[2.396s] -- Found FastRTPS: /opt/ros/humble/include  
[2.396s] -- Using RMW implementation 'rmw_fastrtps_cpp' as default
[2.396s] -- Looking for pthread.h
[2.396s] -- Looking for pthread.h - found
[2.396s] -- Performing Test CMAKE_HAVE_LIBC_PTHREAD
[2.397s] -- Performing Test CMAKE_HAVE_LIBC_PTHREAD - Success
[2.397s] -- Found Threads: TRUE  
[2.399s] -- Found rclcpp_lifecycle: 16.0.14 (/opt/ros/humble/share/rclcpp_lifecycle/cmake)
[2.399s] -- Found pluginlib: 5.1.0 (/opt/ros/humble/share/pluginlib/cmake)
[2.399s] -- Found geometry_msgs: 4.9.0 (/opt/ros/humble/share/geometry_msgs/cmake)
[2.433s] -- Found controller_interface: 2.51.0 (/opt/ros/humble/share/controller_interface/cmake)
[2.687s] -- Found tf2_ros: 0.25.16 (/opt/ros/humble/share/tf2_ros/cmake)
[3.009s] -- Configuring done
[3.089s] -- Generating done
[3.105s] -- Build files have been written to: /abb_ws/build/abb_controllers
[3.132s] Invoked command in '/abb_ws/build/abb_controllers' returned '0': CMAKE_PREFIX_PATH=/opt/ros/humble /usr/bin/cmake /abb_ws/src/abb_controllers -DCMAKE_INSTALL_PREFIX=/abb_ws/install/abb_controllers
[3.133s] Invoking command in '/abb_ws/build/abb_controllers': CMAKE_PREFIX_PATH=/opt/ros/humble /usr/bin/cmake --build /abb_ws/build/abb_controllers -- -j12 -l12
[3.231s] [ 50%] [32mBuilding CXX object CMakeFiles/abb_controllers.dir/src/abb_forward_controller.cpp.o[0m
[13.766s] [100%] [32m[1mLinking CXX shared library libabb_controllers.so[0m
[14.294s] [100%] Built target abb_controllers
[14.308s] Invoked command in '/abb_ws/build/abb_controllers' returned '0': CMAKE_PREFIX_PATH=/opt/ros/humble /usr/bin/cmake --build /abb_ws/build/abb_controllers -- -j12 -l12
[14.310s] Invoking command in '/abb_ws/build/abb_controllers': CMAKE_PREFIX_PATH=/opt/ros/humble /usr/bin/cmake --install /abb_ws/build/abb_controllers
[14.319s] -- Install configuration: ""
[14.320s] -- Installing: /abb_ws/install/abb_controllers/share/abb_controllers/abb_controller.xml
[14.320s] -- Installing: /abb_ws/install/abb_controllers/lib/libabb_controllers.so
[14.327s] -- Set runtime path of "/abb_ws/install/abb_controllers/lib/libabb_controllers.so" to ""
[14.327s] -- Installing: /abb_ws/install/abb_controllers/include/include
[14.327s] -- Installing: /abb_ws/install/abb_controllers/include/include/abb_controllers
[14.327s] -- Installing: /abb_ws/install/abb_controllers/include/include/abb_controllers/abb_forward_controller.hpp
[14.327s] -- Installing: /abb_ws/install/abb_controllers/share/abb_controllers/environment/library_path.sh
[14.328s] -- Installing: /abb_ws/install/abb_controllers/share/abb_controllers/environment/library_path.dsv
[14.328s] -- Installing: /abb_ws/install/abb_controllers/share/ament_index/resource_index/package_run_dependencies/abb_controllers
[14.328s] -- Installing: /abb_ws/install/abb_controllers/share/ament_index/resource_index/parent_prefix_path/abb_controllers
[14.328s] -- Installing: /abb_ws/install/abb_controllers/share/abb_controllers/environment/ament_prefix_path.sh
[14.328s] -- Installing: /abb_ws/install/abb_controllers/share/abb_controllers/environment/ament_prefix_path.dsv
[14.328s] -- Installing: /abb_ws/install/abb_controllers/share/abb_controllers/environment/path.sh
[14.329s] -- Installing: /abb_ws/install/abb_controllers/share/abb_controllers/environment/path.dsv
[14.329s] -- Installing: /abb_ws/install/abb_controllers/share/abb_controllers/local_setup.bash
[14.329s] -- Installing: /abb_ws/install/abb_controllers/share/abb_controllers/local_setup.sh
[14.329s] -- Installing: /abb_ws/install/abb_controllers/share/abb_controllers/local_setup.zsh
[14.329s] -- Installing: /abb_ws/install/abb_controllers/share/abb_controllers/local_setup.dsv
[14.329s] -- Installing: /abb_ws/install/abb_controllers/share/abb_controllers/package.dsv
[14.330s] -- Installing: /abb_ws/install/abb_controllers/share/ament_index/resource_index/packages/abb_controllers
[14.330s] -- Installing: /abb_ws/install/abb_controllers/share/ament_index/resource_index/controller_interface__pluginlib__plugin/abb_controllers
[14.330s] -- Installing: /abb_ws/install/abb_controllers/share/abb_controllers/cmake/ament_cmake_export_libraries-extras.cmake
[14.330s] -- Installing: /abb_ws/install/abb_controllers/share/abb_controllers/cmake/ament_cmake_export_dependencies-extras.cmake
[14.330s] -- Installing: /abb_ws/install/abb_controllers/share/abb_controllers/cmake/abb_controllersConfig.cmake
[14.331s] -- Installing: /abb_ws/install/abb_controllers/share/abb_controllers/cmake/abb_controllersConfig-version.cmake
[14.331s] -- Installing: /abb_ws/install/abb_controllers/share/abb_controllers/package.xml
[14.334s] Invoked command in '/abb_ws/build/abb_controllers' returned '0': CMAKE_PREFIX_PATH=/opt/ros/humble /usr/bin/cmake --install /abb_ws/build/abb_controllers
