-- The C compiler identification is GNU 11.4.0
-- The CXX compiler identification is GNU 11.4.0
-- Detecting C compiler ABI info
-- Detecting C compiler ABI info - done
-- Check for working C compiler: /usr/bin/cc - skipped
-- Detecting C compile features
-- Detecting C compile features - done
-- Detecting CXX compiler ABI info
-- Detecting CXX compiler ABI info - done
-- Check for working CXX compiler: /usr/bin/c++ - skipped
-- Detecting CXX compile features
-- Detecting CXX compile features - done
-- Found ament_cmake: 1.3.12 (/opt/ros/humble/share/ament_cmake/cmake)
-- Found Python3: /usr/bin/python3 (found version "3.10.12") found components: Interpreter 
-- Override CMake install command with custom implementation using symlinks instead of copying resources
-- Configuring done
-- Generating done
-- Build files have been written to: /abb_ws/build/abb_mujoco_description
-- Install configuration: ""
-- Execute custom install script
-- Symlinking: /abb_ws/install/abb_mujoco_description/share/abb_mujoco_description//urdf/MUJOCO_LOG.TXT
-- Symlinking: /abb_ws/install/abb_mujoco_description/share/abb_mujoco_description//urdf/abb_description.urdf.xacro
-- Symlinking: /abb_ws/install/abb_mujoco_description/share/abb_mujoco_description//launch/display.launch.xml
-- Symlinking: /abb_ws/install/abb_mujoco_description/share/ament_index/resource_index/package_run_dependencies/abb_mujoco_description
-- Symlinking: /abb_ws/install/abb_mujoco_description/share/ament_index/resource_index/parent_prefix_path/abb_mujoco_description
-- Symlinking: /abb_ws/install/abb_mujoco_description/share/abb_mujoco_description/environment/ament_prefix_path.sh
-- Symlinking: /abb_ws/install/abb_mujoco_description/share/abb_mujoco_description/environment/ament_prefix_path.dsv
-- Symlinking: /abb_ws/install/abb_mujoco_description/share/abb_mujoco_description/environment/path.sh
-- Symlinking: /abb_ws/install/abb_mujoco_description/share/abb_mujoco_description/environment/path.dsv
-- Symlinking: /abb_ws/install/abb_mujoco_description/share/abb_mujoco_description/local_setup.bash
-- Symlinking: /abb_ws/install/abb_mujoco_description/share/abb_mujoco_description/local_setup.sh
-- Symlinking: /abb_ws/install/abb_mujoco_description/share/abb_mujoco_description/local_setup.zsh
-- Symlinking: /abb_ws/install/abb_mujoco_description/share/abb_mujoco_description/local_setup.dsv
-- Symlinking: /abb_ws/install/abb_mujoco_description/share/abb_mujoco_description/package.dsv
-- Symlinking: /abb_ws/install/abb_mujoco_description/share/ament_index/resource_index/packages/abb_mujoco_description
-- Symlinking: /abb_ws/install/abb_mujoco_description/share/abb_mujoco_description/cmake/abb_mujoco_descriptionConfig.cmake
-- Symlinking: /abb_ws/install/abb_mujoco_description/share/abb_mujoco_description/cmake/abb_mujoco_descriptionConfig-version.cmake
-- Symlinking: /abb_ws/install/abb_mujoco_description/share/abb_mujoco_description/package.xml
