[0.295s] Invoking command in '/abb_ws/build/abb_mujoco_description': CMAKE_PREFIX_PATH=/opt/ros/humble /usr/bin/cmake /abb_ws/src/abb_mujoco_description -DAMENT_CMAKE_SYMLINK_INSTALL=1 -DCMAKE_INSTALL_PREFIX=/abb_ws/install/abb_mujoco_description
[0.878s] -- The C compiler identification is GNU 11.4.0
[0.878s] -- The CXX compiler identification is GNU 11.4.0
[0.878s] -- Detecting C compiler ABI info
[0.879s] -- Detecting C compiler ABI info - done
[0.879s] -- Check for working C compiler: /usr/bin/cc - skipped
[0.879s] -- Detecting C compile features
[0.879s] -- Detecting C compile features - done
[0.879s] -- Detecting CXX compiler ABI info
[0.879s] -- Detecting CXX compiler ABI info - done
[0.879s] -- Check for working CXX compiler: /usr/bin/c++ - skipped
[0.879s] -- Detecting CXX compile features
[0.879s] -- Detecting CXX compile features - done
[0.879s] -- Found ament_cmake: 1.3.12 (/opt/ros/humble/share/ament_cmake/cmake)
[0.879s] -- Found Python3: /usr/bin/python3 (found version "3.10.12") found components: Interpreter 
[0.880s] -- Override CMake install command with custom implementation using symlinks instead of copying resources
[1.018s] -- Configuring done
[1.022s] -- Generating done
[1.024s] -- Build files have been written to: /abb_ws/build/abb_mujoco_description
[1.031s] Invoked command in '/abb_ws/build/abb_mujoco_description' returned '0': CMAKE_PREFIX_PATH=/opt/ros/humble /usr/bin/cmake /abb_ws/src/abb_mujoco_description -DAMENT_CMAKE_SYMLINK_INSTALL=1 -DCMAKE_INSTALL_PREFIX=/abb_ws/install/abb_mujoco_description
[1.032s] Invoking command in '/abb_ws/build/abb_mujoco_description': CMAKE_PREFIX_PATH=/opt/ros/humble /usr/bin/cmake --build /abb_ws/build/abb_mujoco_description -- -j12 -l12
[1.076s] Invoked command in '/abb_ws/build/abb_mujoco_description' returned '0': CMAKE_PREFIX_PATH=/opt/ros/humble /usr/bin/cmake --build /abb_ws/build/abb_mujoco_description -- -j12 -l12
[1.078s] Invoking command in '/abb_ws/build/abb_mujoco_description': CMAKE_PREFIX_PATH=/opt/ros/humble /usr/bin/cmake --install /abb_ws/build/abb_mujoco_description
[1.088s] -- Install configuration: ""
[1.088s] -- Execute custom install script
[1.088s] -- Symlinking: /abb_ws/install/abb_mujoco_description/share/abb_mujoco_description//urdf/MUJOCO_LOG.TXT
[1.096s] -- Symlinking: /abb_ws/install/abb_mujoco_description/share/abb_mujoco_description//urdf/abb_description.urdf.xacro
[1.104s] -- Symlinking: /abb_ws/install/abb_mujoco_description/share/abb_mujoco_description//launch/display.launch.xml
[1.113s] -- Symlinking: /abb_ws/install/abb_mujoco_description/share/ament_index/resource_index/package_run_dependencies/abb_mujoco_description
[1.124s] -- Symlinking: /abb_ws/install/abb_mujoco_description/share/ament_index/resource_index/parent_prefix_path/abb_mujoco_description
[1.132s] -- Symlinking: /abb_ws/install/abb_mujoco_description/share/abb_mujoco_description/environment/ament_prefix_path.sh
[1.141s] -- Symlinking: /abb_ws/install/abb_mujoco_description/share/abb_mujoco_description/environment/ament_prefix_path.dsv
[1.149s] -- Symlinking: /abb_ws/install/abb_mujoco_description/share/abb_mujoco_description/environment/path.sh
[1.159s] -- Symlinking: /abb_ws/install/abb_mujoco_description/share/abb_mujoco_description/environment/path.dsv
[1.166s] -- Symlinking: /abb_ws/install/abb_mujoco_description/share/abb_mujoco_description/local_setup.bash
[1.177s] -- Symlinking: /abb_ws/install/abb_mujoco_description/share/abb_mujoco_description/local_setup.sh
[1.188s] -- Symlinking: /abb_ws/install/abb_mujoco_description/share/abb_mujoco_description/local_setup.zsh
[1.199s] -- Symlinking: /abb_ws/install/abb_mujoco_description/share/abb_mujoco_description/local_setup.dsv
[1.207s] -- Symlinking: /abb_ws/install/abb_mujoco_description/share/abb_mujoco_description/package.dsv
[1.216s] -- Symlinking: /abb_ws/install/abb_mujoco_description/share/ament_index/resource_index/packages/abb_mujoco_description
[1.224s] -- Symlinking: /abb_ws/install/abb_mujoco_description/share/abb_mujoco_description/cmake/abb_mujoco_descriptionConfig.cmake
[1.235s] -- Symlinking: /abb_ws/install/abb_mujoco_description/share/abb_mujoco_description/cmake/abb_mujoco_descriptionConfig-version.cmake
[1.244s] -- Symlinking: /abb_ws/install/abb_mujoco_description/share/abb_mujoco_description/package.xml
[1.256s] Invoked command in '/abb_ws/build/abb_mujoco_description' returned '0': CMAKE_PREFIX_PATH=/opt/ros/humble /usr/bin/cmake --install /abb_ws/build/abb_mujoco_description
