[11.681s] Invoking command in '/home/eia/rbi_2025/scara/scara_ws/build/premade_path_publisher': PYTHONPATH=/home/eia/rbi_2025/scara/scara_ws/build/premade_path_publisher/prefix_override:/home/eia/.local/lib/python3.10/site-packages/colcon_core/task/python/colcon_distutils_commands:/home/eia/rbi_2025/scara/scara_ws/install/premade_path_publisher/lib/python3.10/site-packages:${PYTHONPATH} /usr/bin/python3 -W ignore:setup.py install is deprecated -W ignore:easy_install command is deprecated setup.py develop --editable --build-directory /home/eia/rbi_2025/scara/scara_ws/build/premade_path_publisher/build --no-deps symlink_data
[13.630s] running develop
[14.932s] running egg_info
[14.933s] creating premade_path_publisher.egg-info
[14.933s] writing premade_path_publisher.egg-info/PKG-INFO
[14.934s] writing dependency_links to premade_path_publisher.egg-info/dependency_links.txt
[14.935s] writing entry points to premade_path_publisher.egg-info/entry_points.txt
[14.935s] writing requirements to premade_path_publisher.egg-info/requires.txt
[14.936s] writing top-level names to premade_path_publisher.egg-info/top_level.txt
[14.937s] writing manifest file 'premade_path_publisher.egg-info/SOURCES.txt'
[14.943s] reading manifest file 'premade_path_publisher.egg-info/SOURCES.txt'
[14.945s] writing manifest file 'premade_path_publisher.egg-info/SOURCES.txt'
[15.159s] running build_ext
[15.160s] Creating /home/eia/rbi_2025/scara/scara_ws/install/premade_path_publisher/lib/python3.10/site-packages/premade-path-publisher.egg-link (link to .)
[15.168s] Installing premade_path_publisher script to /home/eia/rbi_2025/scara/scara_ws/install/premade_path_publisher/lib/premade_path_publisher
[15.169s] 
[15.170s] Installed /home/eia/rbi_2025/scara/scara_ws/build/premade_path_publisher
[15.170s] running symlink_data
[15.171s] creating /home/eia/rbi_2025/scara/scara_ws/install/premade_path_publisher/share/ament_index
[15.172s] creating /home/eia/rbi_2025/scara/scara_ws/install/premade_path_publisher/share/ament_index/resource_index
[15.172s] creating /home/eia/rbi_2025/scara/scara_ws/install/premade_path_publisher/share/ament_index/resource_index/packages
[15.174s] symbolically linking /home/eia/rbi_2025/scara/scara_ws/build/premade_path_publisher/resource/premade_path_publisher -> /home/eia/rbi_2025/scara/scara_ws/install/premade_path_publisher/share/ament_index/resource_index/packages
[15.176s] symbolically linking /home/eia/rbi_2025/scara/scara_ws/build/premade_path_publisher/package.xml -> /home/eia/rbi_2025/scara/scara_ws/install/premade_path_publisher/share/premade_path_publisher
[15.177s] creating /home/eia/rbi_2025/scara/scara_ws/install/premade_path_publisher/share/premade_path_publisher/launch
[15.179s] creating /home/eia/rbi_2025/scara/scara_ws/install/premade_path_publisher/share/premade_path_publisher/descriptions
[15.182s] creating /home/eia/rbi_2025/scara/scara_ws/install/premade_path_publisher/share/premade_path_publisher/config
[15.183s] symbolically linking /home/eia/rbi_2025/scara/scara_ws/build/premade_path_publisher/config/path_square.txt -> /home/eia/rbi_2025/scara/scara_ws/install/premade_path_publisher/share/premade_path_publisher/config
[15.183s] symbolically linking /home/eia/rbi_2025/scara/scara_ws/build/premade_path_publisher/config/heart_path.txt -> /home/eia/rbi_2025/scara/scara_ws/install/premade_path_publisher/share/premade_path_publisher/config
[15.184s] symbolically linking /home/eia/rbi_2025/scara/scara_ws/build/premade_path_publisher/config/path_spiral.txt -> /home/eia/rbi_2025/scara/scara_ws/install/premade_path_publisher/share/premade_path_publisher/config
[15.292s] Invoked command in '/home/eia/rbi_2025/scara/scara_ws/build/premade_path_publisher' returned '0': PYTHONPATH=/home/eia/rbi_2025/scara/scara_ws/build/premade_path_publisher/prefix_override:/home/eia/.local/lib/python3.10/site-packages/colcon_core/task/python/colcon_distutils_commands:/home/eia/rbi_2025/scara/scara_ws/install/premade_path_publisher/lib/python3.10/site-packages:${PYTHONPATH} /usr/bin/python3 -W ignore:setup.py install is deprecated -W ignore:easy_install command is deprecated setup.py develop --editable --build-directory /home/eia/rbi_2025/scara/scara_ws/build/premade_path_publisher/build --no-deps symlink_data
