[2.679s] Invoking command in '/home/eia/repo/rbi_2025_2/scara/scara_ws/build/scara_mujoco_python_sim': PYTHONPATH=/home/eia/repo/rbi_2025_2/scara/scara_ws/build/scara_mujoco_python_sim/prefix_override:/home/eia/.local/lib/python3.10/site-packages/colcon_core/task/python/colcon_distutils_commands:/home/eia/repo/rbi_2025_2/scara/scara_ws/install/scara_mujoco_python_sim/lib/python3.10/site-packages:${PYTHONPATH} /usr/bin/python3 -W ignore:setup.py install is deprecated -W ignore:easy_install command is deprecated setup.py develop --editable --build-directory /home/eia/repo/rbi_2025_2/scara/scara_ws/build/scara_mujoco_python_sim/build --no-deps symlink_data
[3.243s] running develop
[3.633s] running egg_info
[3.633s] creating scara_mujoco_python_sim.egg-info
[3.633s] writing scara_mujoco_python_sim.egg-info/PKG-INFO
[3.634s] writing dependency_links to scara_mujoco_python_sim.egg-info/dependency_links.txt
[3.634s] writing entry points to scara_mujoco_python_sim.egg-info/entry_points.txt
[3.634s] writing requirements to scara_mujoco_python_sim.egg-info/requires.txt
[3.634s] writing top-level names to scara_mujoco_python_sim.egg-info/top_level.txt
[3.634s] writing manifest file 'scara_mujoco_python_sim.egg-info/SOURCES.txt'
[3.635s] reading manifest file 'scara_mujoco_python_sim.egg-info/SOURCES.txt'
[3.636s] writing manifest file 'scara_mujoco_python_sim.egg-info/SOURCES.txt'
[3.686s] running build_ext
[3.686s] Creating /home/eia/repo/rbi_2025_2/scara/scara_ws/install/scara_mujoco_python_sim/lib/python3.10/site-packages/scara-mujoco-python-sim.egg-link (link to .)
[3.687s] Installing scara_mujoco_python_sim script to /home/eia/repo/rbi_2025_2/scara/scara_ws/install/scara_mujoco_python_sim/lib/scara_mujoco_python_sim
[3.687s] 
[3.687s] Installed /home/eia/repo/rbi_2025_2/scara/scara_ws/build/scara_mujoco_python_sim
[3.687s] running symlink_data
[3.687s] creating /home/eia/repo/rbi_2025_2/scara/scara_ws/install/scara_mujoco_python_sim/share/ament_index
[3.688s] creating /home/eia/repo/rbi_2025_2/scara/scara_ws/install/scara_mujoco_python_sim/share/ament_index/resource_index
[3.688s] creating /home/eia/repo/rbi_2025_2/scara/scara_ws/install/scara_mujoco_python_sim/share/ament_index/resource_index/packages
[3.688s] symbolically linking /home/eia/repo/rbi_2025_2/scara/scara_ws/build/scara_mujoco_python_sim/resource/scara_mujoco_python_sim -> /home/eia/repo/rbi_2025_2/scara/scara_ws/install/scara_mujoco_python_sim/share/ament_index/resource_index/packages
[3.688s] symbolically linking /home/eia/repo/rbi_2025_2/scara/scara_ws/build/scara_mujoco_python_sim/package.xml -> /home/eia/repo/rbi_2025_2/scara/scara_ws/install/scara_mujoco_python_sim/share/scara_mujoco_python_sim
[3.688s] creating /home/eia/repo/rbi_2025_2/scara/scara_ws/install/scara_mujoco_python_sim/share/scara_mujoco_python_sim/launch
[3.688s] creating /home/eia/repo/rbi_2025_2/scara/scara_ws/install/scara_mujoco_python_sim/share/scara_mujoco_python_sim/descriptions
[3.688s] symbolically linking /home/eia/repo/rbi_2025_2/scara/scara_ws/build/scara_mujoco_python_sim/descriptions/basic_scenario.xml -> /home/eia/repo/rbi_2025_2/scara/scara_ws/install/scara_mujoco_python_sim/share/scara_mujoco_python_sim/descriptions
[3.688s] creating /home/eia/repo/rbi_2025_2/scara/scara_ws/install/scara_mujoco_python_sim/share/scara_mujoco_python_sim/config
[3.729s] Invoked command in '/home/eia/repo/rbi_2025_2/scara/scara_ws/build/scara_mujoco_python_sim' returned '0': PYTHONPATH=/home/eia/repo/rbi_2025_2/scara/scara_ws/build/scara_mujoco_python_sim/prefix_override:/home/eia/.local/lib/python3.10/site-packages/colcon_core/task/python/colcon_distutils_commands:/home/eia/repo/rbi_2025_2/scara/scara_ws/install/scara_mujoco_python_sim/lib/python3.10/site-packages:${PYTHONPATH} /usr/bin/python3 -W ignore:setup.py install is deprecated -W ignore:easy_install command is deprecated setup.py develop --editable --build-directory /home/eia/repo/rbi_2025_2/scara/scara_ws/build/scara_mujoco_python_sim/build --no-deps symlink_data
