[0.084s] Invoking command in '/abb_ws/build/abb_gz_hardware': CMAKE_PREFIX_PATH=/opt/ros/humble /usr/bin/cmake --build /abb_ws/build/abb_gz_hardware -- -j12 -l12
[1.877s] Invoked command in '/abb_ws/build/abb_gz_hardware' returned '0': CMAKE_PREFIX_PATH=/opt/ros/humble /usr/bin/cmake --build /abb_ws/build/abb_gz_hardware -- -j12 -l12
[1.891s] Invoking command in '/abb_ws/build/abb_gz_hardware': CMAKE_PREFIX_PATH=/opt/ros/humble /usr/bin/cmake --install /abb_ws/build/abb_gz_hardware
[1.909s] -- Install configuration: ""
[1.909s] -- Execute custom install script
[1.910s] -- Up-to-date symlink: /abb_ws/install/abb_gz_hardware/share/ament_index/resource_index/package_run_dependencies/abb_gz_hardware
[1.912s] -- Up-to-date symlink: /abb_ws/install/abb_gz_hardware/share/ament_index/resource_index/parent_prefix_path/abb_gz_hardware
[1.915s] -- Up-to-date symlink: /abb_ws/install/abb_gz_hardware/share/abb_gz_hardware/environment/ament_prefix_path.sh
[1.916s] -- Up-to-date symlink: /abb_ws/install/abb_gz_hardware/share/abb_gz_hardware/environment/ament_prefix_path.dsv
[1.916s] -- Up-to-date symlink: /abb_ws/install/abb_gz_hardware/share/abb_gz_hardware/environment/path.sh
[1.916s] -- Up-to-date symlink: /abb_ws/install/abb_gz_hardware/share/abb_gz_hardware/environment/path.dsv
[1.917s] -- Up-to-date symlink: /abb_ws/install/abb_gz_hardware/share/abb_gz_hardware/local_setup.bash
[1.918s] -- Up-to-date symlink: /abb_ws/install/abb_gz_hardware/share/abb_gz_hardware/local_setup.sh
[1.918s] -- Up-to-date symlink: /abb_ws/install/abb_gz_hardware/share/abb_gz_hardware/local_setup.zsh
[1.918s] -- Up-to-date symlink: /abb_ws/install/abb_gz_hardware/share/abb_gz_hardware/local_setup.dsv
[1.919s] -- Symlinking: /abb_ws/install/abb_gz_hardware/share/abb_gz_hardware/package.dsv
[1.934s] -- Up-to-date symlink: /abb_ws/install/abb_gz_hardware/share/ament_index/resource_index/packages/abb_gz_hardware
[1.934s] -- Up-to-date symlink: /abb_ws/install/abb_gz_hardware/share/abb_gz_hardware/cmake/abb_gz_hardwareConfig.cmake
[1.935s] -- Up-to-date symlink: /abb_ws/install/abb_gz_hardware/share/abb_gz_hardware/cmake/abb_gz_hardwareConfig-version.cmake
[1.935s] -- Up-to-date symlink: /abb_ws/install/abb_gz_hardware/share/abb_gz_hardware/package.xml
[1.954s] Invoked command in '/abb_ws/build/abb_gz_hardware' returned '0': CMAKE_PREFIX_PATH=/opt/ros/humble /usr/bin/cmake --install /abb_ws/build/abb_gz_hardware
