[3.725s] Invoking command in '/home/eia/rbi_2025/rov/rov_ws/build/direct_control': PYTHONPATH=/home/eia/rbi_2025/rov/rov_ws/build/direct_control/prefix_override:/home/eia/.local/lib/python3.10/site-packages/colcon_core/task/python/colcon_distutils_commands:/home/eia/rbi_2025/rov/rov_ws/install/direct_control/lib/python3.10/site-packages:${PYTHONPATH} /usr/bin/python3 -W ignore:setup.py install is deprecated -W ignore:easy_install command is deprecated setup.py develop --editable --build-directory /home/eia/rbi_2025/rov/rov_ws/build/direct_control/build --no-deps symlink_data
[4.455s] running develop
[4.861s] running egg_info
[4.862s] creating direct_control.egg-info
[4.862s] writing direct_control.egg-info/PKG-INFO
[4.862s] writing dependency_links to direct_control.egg-info/dependency_links.txt
[4.862s] writing entry points to direct_control.egg-info/entry_points.txt
[4.864s] writing requirements to direct_control.egg-info/requires.txt
[4.864s] writing top-level names to direct_control.egg-info/top_level.txt
[4.864s] writing manifest file 'direct_control.egg-info/SOURCES.txt'
[4.866s] reading manifest file 'direct_control.egg-info/SOURCES.txt'
[4.867s] writing manifest file 'direct_control.egg-info/SOURCES.txt'
[4.942s] running build_ext
[4.942s] Creating /home/eia/rbi_2025/rov/rov_ws/install/direct_control/lib/python3.10/site-packages/direct-control.egg-link (link to .)
[4.943s] Installing direct_control script to /home/eia/rbi_2025/rov/rov_ws/install/direct_control/lib/direct_control
[4.944s] 
[4.944s] Installed /home/eia/rbi_2025/rov/rov_ws/build/direct_control
[4.944s] running symlink_data
[4.944s] creating /home/eia/rbi_2025/rov/rov_ws/install/direct_control/share/ament_index
[4.945s] creating /home/eia/rbi_2025/rov/rov_ws/install/direct_control/share/ament_index/resource_index
[4.945s] creating /home/eia/rbi_2025/rov/rov_ws/install/direct_control/share/ament_index/resource_index/packages
[4.945s] symbolically linking /home/eia/rbi_2025/rov/rov_ws/build/direct_control/resource/direct_control -> /home/eia/rbi_2025/rov/rov_ws/install/direct_control/share/ament_index/resource_index/packages
[4.945s] symbolically linking /home/eia/rbi_2025/rov/rov_ws/build/direct_control/package.xml -> /home/eia/rbi_2025/rov/rov_ws/install/direct_control/share/direct_control
[4.945s] creating /home/eia/rbi_2025/rov/rov_ws/install/direct_control/share/direct_control/launch
[4.945s] symbolically linking /home/eia/rbi_2025/rov/rov_ws/build/direct_control/launch/raw_teleop_launch.launch.py -> /home/eia/rbi_2025/rov/rov_ws/install/direct_control/share/direct_control/launch
[4.946s] creating /home/eia/rbi_2025/rov/rov_ws/install/direct_control/share/direct_control/descriptions
[4.946s] creating /home/eia/rbi_2025/rov/rov_ws/install/direct_control/share/direct_control/config
[4.946s] symbolically linking /home/eia/rbi_2025/rov/rov_ws/build/direct_control/config/joystick.yaml -> /home/eia/rbi_2025/rov/rov_ws/install/direct_control/share/direct_control/config
[4.946s] symbolically linking /home/eia/rbi_2025/rov/rov_ws/build/direct_control/config/mux.yaml -> /home/eia/rbi_2025/rov/rov_ws/install/direct_control/share/direct_control/config
[5.022s] Invoked command in '/home/eia/rbi_2025/rov/rov_ws/build/direct_control' returned '0': PYTHONPATH=/home/eia/rbi_2025/rov/rov_ws/build/direct_control/prefix_override:/home/eia/.local/lib/python3.10/site-packages/colcon_core/task/python/colcon_distutils_commands:/home/eia/rbi_2025/rov/rov_ws/install/direct_control/lib/python3.10/site-packages:${PYTHONPATH} /usr/bin/python3 -W ignore:setup.py install is deprecated -W ignore:easy_install command is deprecated setup.py develop --editable --build-directory /home/eia/rbi_2025/rov/rov_ws/build/direct_control/build --no-deps symlink_data
