[0.063s] Invoking command in '/abb_ws/build/abb_gz_bringup': CMAKE_PREFIX_PATH=${CMAKE_PREFIX_PATH}:/abb_ws/install/abb_path_controller:/abb_ws/install/abb_mujoco_python:/abb_ws/install/abb_ik_solver:/opt/ros/humble /usr/bin/cmake --build /abb_ws/build/abb_gz_bringup -- -j12 -l12
[0.801s] Invoked command in '/abb_ws/build/abb_gz_bringup' returned '0': CMAKE_PREFIX_PATH=${CMAKE_PREFIX_PATH}:/abb_ws/install/abb_path_controller:/abb_ws/install/abb_mujoco_python:/abb_ws/install/abb_ik_solver:/opt/ros/humble /usr/bin/cmake --build /abb_ws/build/abb_gz_bringup -- -j12 -l12
[0.810s] Invoking command in '/abb_ws/build/abb_gz_bringup': CMAKE_PREFIX_PATH=${CMAKE_PREFIX_PATH}:/abb_ws/install/abb_path_controller:/abb_ws/install/abb_mujoco_python:/abb_ws/install/abb_ik_solver:/opt/ros/humble /usr/bin/cmake --install /abb_ws/build/abb_gz_bringup
[0.819s] -- Install configuration: ""
[0.820s] -- Execute custom install script
[0.820s] -- Up-to-date symlink: /abb_ws/install/abb_gz_bringup/share/abb_gz_bringup//launch/abb_launch.launch.xml
[0.820s] -- Up-to-date symlink: /abb_ws/install/abb_gz_bringup/share/abb_gz_bringup//config/abb_config.rviz
[0.822s] -- Up-to-date symlink: /abb_ws/install/abb_gz_bringup/share/abb_gz_bringup//config/controllers.yaml
[0.822s] -- Up-to-date symlink: /abb_ws/install/abb_gz_bringup/share/abb_gz_bringup//config/gazebo_bridge.yaml
[0.824s] -- Up-to-date symlink: /abb_ws/install/abb_gz_bringup/share/ament_index/resource_index/package_run_dependencies/abb_gz_bringup
[0.824s] -- Up-to-date symlink: /abb_ws/install/abb_gz_bringup/share/ament_index/resource_index/parent_prefix_path/abb_gz_bringup
[0.825s] -- Up-to-date symlink: /abb_ws/install/abb_gz_bringup/share/abb_gz_bringup/environment/ament_prefix_path.sh
[0.825s] -- Up-to-date symlink: /abb_ws/install/abb_gz_bringup/share/abb_gz_bringup/environment/ament_prefix_path.dsv
[0.825s] -- Up-to-date symlink: /abb_ws/install/abb_gz_bringup/share/abb_gz_bringup/environment/path.sh
[0.826s] -- Up-to-date symlink: /abb_ws/install/abb_gz_bringup/share/abb_gz_bringup/environment/path.dsv
[0.828s] -- Up-to-date symlink: /abb_ws/install/abb_gz_bringup/share/abb_gz_bringup/local_setup.bash
[0.829s] -- Up-to-date symlink: /abb_ws/install/abb_gz_bringup/share/abb_gz_bringup/local_setup.sh
[0.830s] -- Up-to-date symlink: /abb_ws/install/abb_gz_bringup/share/abb_gz_bringup/local_setup.zsh
[0.830s] -- Up-to-date symlink: /abb_ws/install/abb_gz_bringup/share/abb_gz_bringup/local_setup.dsv
[0.830s] -- Symlinking: /abb_ws/install/abb_gz_bringup/share/abb_gz_bringup/package.dsv
[0.835s] -- Up-to-date symlink: /abb_ws/install/abb_gz_bringup/share/ament_index/resource_index/packages/abb_gz_bringup
[0.836s] -- Up-to-date symlink: /abb_ws/install/abb_gz_bringup/share/abb_gz_bringup/cmake/abb_gz_bringupConfig.cmake
[0.842s] -- Up-to-date symlink: /abb_ws/install/abb_gz_bringup/share/abb_gz_bringup/cmake/abb_gz_bringupConfig-version.cmake
[0.842s] -- Up-to-date symlink: /abb_ws/install/abb_gz_bringup/share/abb_gz_bringup/package.xml
[0.866s] Invoked command in '/abb_ws/build/abb_gz_bringup' returned '0': CMAKE_PREFIX_PATH=${CMAKE_PREFIX_PATH}:/abb_ws/install/abb_path_controller:/abb_ws/install/abb_mujoco_python:/abb_ws/install/abb_ik_solver:/opt/ros/humble /usr/bin/cmake --install /abb_ws/build/abb_gz_bringup
