[0.085s] Invoking command in '/home/eia/rbi_2025/abb/abb_ws/build/abb_gz_hardware': CMAKE_PREFIX_PATH=${CMAKE_PREFIX_PATH}:/home/eia/rbi_2025/abb/abb_ws/install/abb_tf_generator:/home/eia/rbi_2025/abb/abb_ws/install/abb_path_generator:/home/eia/rbi_2025/abb/abb_ws/install/abb_path_controller:/home/eia/rbi_2025/abb/abb_ws/install/abb_mujoco_python:/home/eia/rbi_2025/abb/abb_ws/install/abb_ik_solver:/home/eia/rbi_2025/scara/scara_ws/install/scara_tf_generator:/home/eia/rbi_2025/scara/scara_ws/install/scara_path_generator:/home/eia/rbi_2025/scara/scara_ws/install/scara_path_controller:/home/eia/rbi_2025/scara/scara_ws/install/scara_mujoco_python_sim:/home/eia/rbi_2025/scara/scara_ws/install/scara_general_ik_solver:/home/eia/rbi_2025/scara/scara_ws/install/premade_path_publisher:/opt/ros/humble /usr/bin/cmake --build /home/eia/rbi_2025/abb/abb_ws/build/abb_gz_hardware -- -j12 -l12
[2.049s] Invoked command in '/home/eia/rbi_2025/abb/abb_ws/build/abb_gz_hardware' returned '0': CMAKE_PREFIX_PATH=${CMAKE_PREFIX_PATH}:/home/eia/rbi_2025/abb/abb_ws/install/abb_tf_generator:/home/eia/rbi_2025/abb/abb_ws/install/abb_path_generator:/home/eia/rbi_2025/abb/abb_ws/install/abb_path_controller:/home/eia/rbi_2025/abb/abb_ws/install/abb_mujoco_python:/home/eia/rbi_2025/abb/abb_ws/install/abb_ik_solver:/home/eia/rbi_2025/scara/scara_ws/install/scara_tf_generator:/home/eia/rbi_2025/scara/scara_ws/install/scara_path_generator:/home/eia/rbi_2025/scara/scara_ws/install/scara_path_controller:/home/eia/rbi_2025/scara/scara_ws/install/scara_mujoco_python_sim:/home/eia/rbi_2025/scara/scara_ws/install/scara_general_ik_solver:/home/eia/rbi_2025/scara/scara_ws/install/premade_path_publisher:/opt/ros/humble /usr/bin/cmake --build /home/eia/rbi_2025/abb/abb_ws/build/abb_gz_hardware -- -j12 -l12
[2.051s] Invoking command in '/home/eia/rbi_2025/abb/abb_ws/build/abb_gz_hardware': CMAKE_PREFIX_PATH=${CMAKE_PREFIX_PATH}:/home/eia/rbi_2025/abb/abb_ws/install/abb_tf_generator:/home/eia/rbi_2025/abb/abb_ws/install/abb_path_generator:/home/eia/rbi_2025/abb/abb_ws/install/abb_path_controller:/home/eia/rbi_2025/abb/abb_ws/install/abb_mujoco_python:/home/eia/rbi_2025/abb/abb_ws/install/abb_ik_solver:/home/eia/rbi_2025/scara/scara_ws/install/scara_tf_generator:/home/eia/rbi_2025/scara/scara_ws/install/scara_path_generator:/home/eia/rbi_2025/scara/scara_ws/install/scara_path_controller:/home/eia/rbi_2025/scara/scara_ws/install/scara_mujoco_python_sim:/home/eia/rbi_2025/scara/scara_ws/install/scara_general_ik_solver:/home/eia/rbi_2025/scara/scara_ws/install/premade_path_publisher:/opt/ros/humble /usr/bin/cmake --install /home/eia/rbi_2025/abb/abb_ws/build/abb_gz_hardware
[2.080s] -- Install configuration: ""
[2.081s] -- Execute custom install script
[2.081s] -- Up-to-date symlink: /home/eia/rbi_2025/abb/abb_ws/install/abb_gz_hardware/share/ament_index/resource_index/package_run_dependencies/abb_gz_hardware
[2.081s] -- Up-to-date symlink: /home/eia/rbi_2025/abb/abb_ws/install/abb_gz_hardware/share/ament_index/resource_index/parent_prefix_path/abb_gz_hardware
[2.081s] -- Up-to-date symlink: /home/eia/rbi_2025/abb/abb_ws/install/abb_gz_hardware/share/abb_gz_hardware/environment/ament_prefix_path.sh
[2.081s] -- Up-to-date symlink: /home/eia/rbi_2025/abb/abb_ws/install/abb_gz_hardware/share/abb_gz_hardware/environment/ament_prefix_path.dsv
[2.081s] -- Up-to-date symlink: /home/eia/rbi_2025/abb/abb_ws/install/abb_gz_hardware/share/abb_gz_hardware/environment/path.sh
[2.081s] -- Up-to-date symlink: /home/eia/rbi_2025/abb/abb_ws/install/abb_gz_hardware/share/abb_gz_hardware/environment/path.dsv
[2.081s] -- Up-to-date symlink: /home/eia/rbi_2025/abb/abb_ws/install/abb_gz_hardware/share/abb_gz_hardware/local_setup.bash
[2.081s] -- Up-to-date symlink: /home/eia/rbi_2025/abb/abb_ws/install/abb_gz_hardware/share/abb_gz_hardware/local_setup.sh
[2.081s] -- Up-to-date symlink: /home/eia/rbi_2025/abb/abb_ws/install/abb_gz_hardware/share/abb_gz_hardware/local_setup.zsh
[2.082s] -- Up-to-date symlink: /home/eia/rbi_2025/abb/abb_ws/install/abb_gz_hardware/share/abb_gz_hardware/local_setup.dsv
[2.082s] -- Symlinking: /home/eia/rbi_2025/abb/abb_ws/install/abb_gz_hardware/share/abb_gz_hardware/package.dsv
[2.094s] -- Up-to-date symlink: /home/eia/rbi_2025/abb/abb_ws/install/abb_gz_hardware/share/ament_index/resource_index/packages/abb_gz_hardware
[2.095s] -- Up-to-date symlink: /home/eia/rbi_2025/abb/abb_ws/install/abb_gz_hardware/share/abb_gz_hardware/cmake/abb_gz_hardwareConfig.cmake
[2.095s] -- Up-to-date symlink: /home/eia/rbi_2025/abb/abb_ws/install/abb_gz_hardware/share/abb_gz_hardware/cmake/abb_gz_hardwareConfig-version.cmake
[2.095s] -- Up-to-date symlink: /home/eia/rbi_2025/abb/abb_ws/install/abb_gz_hardware/share/abb_gz_hardware/package.xml
[2.132s] Invoked command in '/home/eia/rbi_2025/abb/abb_ws/build/abb_gz_hardware' returned '0': CMAKE_PREFIX_PATH=${CMAKE_PREFIX_PATH}:/home/eia/rbi_2025/abb/abb_ws/install/abb_tf_generator:/home/eia/rbi_2025/abb/abb_ws/install/abb_path_generator:/home/eia/rbi_2025/abb/abb_ws/install/abb_path_controller:/home/eia/rbi_2025/abb/abb_ws/install/abb_mujoco_python:/home/eia/rbi_2025/abb/abb_ws/install/abb_ik_solver:/home/eia/rbi_2025/scara/scara_ws/install/scara_tf_generator:/home/eia/rbi_2025/scara/scara_ws/install/scara_path_generator:/home/eia/rbi_2025/scara/scara_ws/install/scara_path_controller:/home/eia/rbi_2025/scara/scara_ws/install/scara_mujoco_python_sim:/home/eia/rbi_2025/scara/scara_ws/install/scara_general_ik_solver:/home/eia/rbi_2025/scara/scara_ws/install/premade_path_publisher:/opt/ros/humble /usr/bin/cmake --install /home/eia/rbi_2025/abb/abb_ws/build/abb_gz_hardware
