[2.287s] Invoking command in '/abb_ws/build/abb_mujoco_sim': CMAKE_PREFIX_PATH=${CMAKE_PREFIX_PATH}:/abb_ws/install/abb_tf_generator:/abb_ws/install/abb_path_generator:/abb_ws/install/abb_path_controller:/abb_ws/install/abb_mujoco_python:/abb_ws/install/abb_ik_solver:/opt/ros/humble /usr/bin/cmake /abb_ws/src/abb_mujoco_sim -DAMENT_CMAKE_SYMLINK_INSTALL=1 -DCMAKE_INSTALL_PREFIX=/abb_ws/install/abb_mujoco_sim
[5.305s] -- Found ament_cmake: 1.3.12 (/opt/ros/humble/share/ament_cmake/cmake)
[5.306s] -- Override CMake install command with custom implementation using symlinks instead of copying resources
[5.306s] -- Found rclcpp: 16.0.14 (/opt/ros/humble/share/rclcpp/cmake)
[5.307s] -- Found rosidl_generator_c: 3.1.7 (/opt/ros/humble/share/rosidl_generator_c/cmake)
[5.317s] -- Found rosidl_adapter: 3.1.7 (/opt/ros/humble/share/rosidl_adapter/cmake)
[5.318s] -- Found rosidl_generator_cpp: 3.1.7 (/opt/ros/humble/share/rosidl_generator_cpp/cmake)
[5.319s] -- Using all available rosidl_typesupport_c: rosidl_typesupport_fastrtps_c;rosidl_typesupport_introspection_c
[5.319s] -- Using all available rosidl_typesupport_cpp: rosidl_typesupport_fastrtps_cpp;rosidl_typesupport_introspection_cpp
[5.319s] -- Found rmw_implementation_cmake: 6.1.2 (/opt/ros/humble/share/rmw_implementation_cmake/cmake)
[5.320s] -- Found rmw_fastrtps_cpp: 6.2.8 (/opt/ros/humble/share/rmw_fastrtps_cpp/cmake)
[5.320s] -- Using RMW implementation 'rmw_fastrtps_cpp' as default
[5.321s] -- Found rclcpp_lifecycle: 16.0.14 (/opt/ros/humble/share/rclcpp_lifecycle/cmake)
[5.332s] -- Found pluginlib: 5.1.0 (/opt/ros/humble/share/pluginlib/cmake)
[5.333s] -- Found geometry_msgs: 4.9.0 (/opt/ros/humble/share/geometry_msgs/cmake)
[5.333s] -- Found hardware_interface: 2.51.0 (/opt/ros/humble/share/hardware_interface/cmake)
[5.334s] -- Configuring done
[5.334s] -- Generating done
[5.335s] -- Build files have been written to: /abb_ws/build/abb_mujoco_sim
[5.421s] Invoked command in '/abb_ws/build/abb_mujoco_sim' returned '0': CMAKE_PREFIX_PATH=${CMAKE_PREFIX_PATH}:/abb_ws/install/abb_tf_generator:/abb_ws/install/abb_path_generator:/abb_ws/install/abb_path_controller:/abb_ws/install/abb_mujoco_python:/abb_ws/install/abb_ik_solver:/opt/ros/humble /usr/bin/cmake /abb_ws/src/abb_mujoco_sim -DAMENT_CMAKE_SYMLINK_INSTALL=1 -DCMAKE_INSTALL_PREFIX=/abb_ws/install/abb_mujoco_sim
[5.430s] Invoking command in '/abb_ws/build/abb_mujoco_sim': CMAKE_PREFIX_PATH=${CMAKE_PREFIX_PATH}:/abb_ws/install/abb_tf_generator:/abb_ws/install/abb_path_generator:/abb_ws/install/abb_path_controller:/abb_ws/install/abb_mujoco_python:/abb_ws/install/abb_ik_solver:/opt/ros/humble /usr/bin/cmake --build /abb_ws/build/abb_mujoco_sim -- -j12 -l12
[5.471s] [35m[1mConsolidate compiler generated dependencies of target abb_mujoco_sim[0m
[5.583s] [ 50%] [32m[1mLinking CXX shared library libabb_mujoco_sim.so[0m
[6.766s] [100%] Built target abb_mujoco_sim
[6.896s] Invoked command in '/abb_ws/build/abb_mujoco_sim' returned '0': CMAKE_PREFIX_PATH=${CMAKE_PREFIX_PATH}:/abb_ws/install/abb_tf_generator:/abb_ws/install/abb_path_generator:/abb_ws/install/abb_path_controller:/abb_ws/install/abb_mujoco_python:/abb_ws/install/abb_ik_solver:/opt/ros/humble /usr/bin/cmake --build /abb_ws/build/abb_mujoco_sim -- -j12 -l12
[6.898s] Invoking command in '/abb_ws/build/abb_mujoco_sim': CMAKE_PREFIX_PATH=${CMAKE_PREFIX_PATH}:/abb_ws/install/abb_tf_generator:/abb_ws/install/abb_path_generator:/abb_ws/install/abb_path_controller:/abb_ws/install/abb_mujoco_python:/abb_ws/install/abb_ik_solver:/opt/ros/humble /usr/bin/cmake --install /abb_ws/build/abb_mujoco_sim
[6.935s] -- Install configuration: ""
[6.941s] -- Execute custom install script
[6.941s] -- Symlinking: /abb_ws/install/abb_mujoco_sim/share/abb_mujoco_sim//abb_hardware_interface.xml
[6.978s] -- Symlinking: /abb_ws/install/abb_mujoco_sim/lib/libabb_mujoco_sim.so
[7.008s] -- Symlinking: /abb_ws/install/abb_mujoco_sim/include/include/abb_mujoco_sim/mujoco_sim_interface.hpp
[7.047s] -- Symlinking: /abb_ws/install/abb_mujoco_sim/share/abb_mujoco_sim/environment/library_path.sh
[7.089s] -- Symlinking: /abb_ws/install/abb_mujoco_sim/share/abb_mujoco_sim/environment/library_path.dsv
[7.119s] -- Symlinking: /abb_ws/install/abb_mujoco_sim/share/ament_index/resource_index/package_run_dependencies/abb_mujoco_sim
[7.151s] -- Symlinking: /abb_ws/install/abb_mujoco_sim/share/ament_index/resource_index/parent_prefix_path/abb_mujoco_sim
[7.180s] -- Symlinking: /abb_ws/install/abb_mujoco_sim/share/abb_mujoco_sim/environment/ament_prefix_path.sh
[7.218s] -- Symlinking: /abb_ws/install/abb_mujoco_sim/share/abb_mujoco_sim/environment/ament_prefix_path.dsv
[7.258s] -- Symlinking: /abb_ws/install/abb_mujoco_sim/share/abb_mujoco_sim/environment/path.sh
[7.299s] -- Symlinking: /abb_ws/install/abb_mujoco_sim/share/abb_mujoco_sim/environment/path.dsv
[7.343s] -- Symlinking: /abb_ws/install/abb_mujoco_sim/share/abb_mujoco_sim/local_setup.bash
[7.384s] -- Symlinking: /abb_ws/install/abb_mujoco_sim/share/abb_mujoco_sim/local_setup.sh
[7.430s] -- Symlinking: /abb_ws/install/abb_mujoco_sim/share/abb_mujoco_sim/local_setup.zsh
[7.466s] -- Symlinking: /abb_ws/install/abb_mujoco_sim/share/abb_mujoco_sim/local_setup.dsv
[7.498s] -- Symlinking: /abb_ws/install/abb_mujoco_sim/share/abb_mujoco_sim/package.dsv
[7.544s] -- Symlinking: /abb_ws/install/abb_mujoco_sim/share/ament_index/resource_index/packages/abb_mujoco_sim
[7.592s] -- Symlinking: /abb_ws/install/abb_mujoco_sim/share/ament_index/resource_index/hardware_interface__pluginlib__plugin/abb_mujoco_sim
[7.647s] -- Symlinking: /abb_ws/install/abb_mujoco_sim/share/abb_mujoco_sim/cmake/ament_cmake_export_libraries-extras.cmake
[7.690s] -- Symlinking: /abb_ws/install/abb_mujoco_sim/share/abb_mujoco_sim/cmake/ament_cmake_export_dependencies-extras.cmake
[7.730s] -- Symlinking: /abb_ws/install/abb_mujoco_sim/share/abb_mujoco_sim/cmake/abb_mujoco_simConfig.cmake
[7.783s] -- Symlinking: /abb_ws/install/abb_mujoco_sim/share/abb_mujoco_sim/cmake/abb_mujoco_simConfig-version.cmake
[7.829s] -- Symlinking: /abb_ws/install/abb_mujoco_sim/share/abb_mujoco_sim/package.xml
[7.882s] Invoked command in '/abb_ws/build/abb_mujoco_sim' returned '0': CMAKE_PREFIX_PATH=${CMAKE_PREFIX_PATH}:/abb_ws/install/abb_tf_generator:/abb_ws/install/abb_path_generator:/abb_ws/install/abb_path_controller:/abb_ws/install/abb_mujoco_python:/abb_ws/install/abb_ik_solver:/opt/ros/humble /usr/bin/cmake --install /abb_ws/build/abb_mujoco_sim
