[0.333s] Invoking command in '/rov_ws/build/rov_mujoco_sim': CMAKE_PREFIX_PATH=${CMAKE_PREFIX_PATH}:/rov_ws/install/rov_position_controller:/rov_ws/install/rov_path_generator:/rov_ws/install/rov_path_follower:/rov_ws/install/rov_attitude_controller:/opt/ros/humble /usr/bin/cmake --build /rov_ws/build/rov_mujoco_sim -- -j12 -l12
[0.943s] [35m[1mConsolidate compiler generated dependencies of target rov_mujoco_sim_direct[0m
[0.944s] [35m[1mConsolidate compiler generated dependencies of target rov_mujoco_sim[0m
[0.944s] [ 50%] Built target rov_mujoco_sim_direct
[0.944s] [100%] Built target rov_mujoco_sim
[1.248s] Invoked command in '/rov_ws/build/rov_mujoco_sim' returned '0': CMAKE_PREFIX_PATH=${CMAKE_PREFIX_PATH}:/rov_ws/install/rov_position_controller:/rov_ws/install/rov_path_generator:/rov_ws/install/rov_path_follower:/rov_ws/install/rov_attitude_controller:/opt/ros/humble /usr/bin/cmake --build /rov_ws/build/rov_mujoco_sim -- -j12 -l12
[1.249s] Invoking command in '/rov_ws/build/rov_mujoco_sim': CMAKE_PREFIX_PATH=${CMAKE_PREFIX_PATH}:/rov_ws/install/rov_position_controller:/rov_ws/install/rov_path_generator:/rov_ws/install/rov_path_follower:/rov_ws/install/rov_attitude_controller:/opt/ros/humble /usr/bin/cmake --install /rov_ws/build/rov_mujoco_sim
[1.264s] -- Install configuration: ""
[1.265s] -- Execute custom install script
[1.265s] -- Up-to-date symlink: /rov_ws/install/rov_mujoco_sim/share/rov_mujoco_sim//rov_hardware_interface.xml
[1.266s] -- Up-to-date symlink: /rov_ws/install/rov_mujoco_sim/lib/librov_mujoco_sim.so
[1.267s] -- Up-to-date symlink: /rov_ws/install/rov_mujoco_sim/include/include/rov_sim/mujoco_interface.hpp
[1.267s] -- Up-to-date symlink: /rov_ws/install/rov_mujoco_sim/include/include/rov_sim/mujoco_sim_interface.hpp
[1.267s] -- Up-to-date symlink: /rov_ws/install/rov_mujoco_sim/share/rov_mujoco_sim/environment/library_path.sh
[1.268s] -- Up-to-date symlink: /rov_ws/install/rov_mujoco_sim/share/rov_mujoco_sim/environment/library_path.dsv
[1.268s] -- Up-to-date symlink: /rov_ws/install/rov_mujoco_sim/lib/rov_mujoco_sim/rov_mujoco_sim_direct
[1.268s] -- Up-to-date symlink: /rov_ws/install/rov_mujoco_sim/share/ament_index/resource_index/package_run_dependencies/rov_mujoco_sim
[1.268s] -- Up-to-date symlink: /rov_ws/install/rov_mujoco_sim/share/ament_index/resource_index/parent_prefix_path/rov_mujoco_sim
[1.268s] -- Up-to-date symlink: /rov_ws/install/rov_mujoco_sim/share/rov_mujoco_sim/environment/ament_prefix_path.sh
[1.269s] -- Up-to-date symlink: /rov_ws/install/rov_mujoco_sim/share/rov_mujoco_sim/environment/ament_prefix_path.dsv
[1.269s] -- Up-to-date symlink: /rov_ws/install/rov_mujoco_sim/share/rov_mujoco_sim/environment/path.sh
[1.269s] -- Up-to-date symlink: /rov_ws/install/rov_mujoco_sim/share/rov_mujoco_sim/environment/path.dsv
[1.269s] -- Up-to-date symlink: /rov_ws/install/rov_mujoco_sim/share/rov_mujoco_sim/local_setup.bash
[1.269s] -- Up-to-date symlink: /rov_ws/install/rov_mujoco_sim/share/rov_mujoco_sim/local_setup.sh
[1.270s] -- Up-to-date symlink: /rov_ws/install/rov_mujoco_sim/share/rov_mujoco_sim/local_setup.zsh
[1.270s] -- Up-to-date symlink: /rov_ws/install/rov_mujoco_sim/share/rov_mujoco_sim/local_setup.dsv
[1.270s] -- Symlinking: /rov_ws/install/rov_mujoco_sim/share/rov_mujoco_sim/package.dsv
[1.274s] -- Up-to-date symlink: /rov_ws/install/rov_mujoco_sim/share/ament_index/resource_index/packages/rov_mujoco_sim
[1.274s] -- Up-to-date symlink: /rov_ws/install/rov_mujoco_sim/share/ament_index/resource_index/hardware_interface__pluginlib__plugin/rov_mujoco_sim
[1.275s] -- Up-to-date symlink: /rov_ws/install/rov_mujoco_sim/share/rov_mujoco_sim/cmake/ament_cmake_export_libraries-extras.cmake
[1.275s] -- Up-to-date symlink: /rov_ws/install/rov_mujoco_sim/share/rov_mujoco_sim/cmake/ament_cmake_export_dependencies-extras.cmake
[1.275s] -- Up-to-date symlink: /rov_ws/install/rov_mujoco_sim/share/rov_mujoco_sim/cmake/rov_mujoco_simConfig.cmake
[1.275s] -- Up-to-date symlink: /rov_ws/install/rov_mujoco_sim/share/rov_mujoco_sim/cmake/rov_mujoco_simConfig-version.cmake
[1.276s] -- Up-to-date symlink: /rov_ws/install/rov_mujoco_sim/share/rov_mujoco_sim/package.xml
[1.292s] Invoked command in '/rov_ws/build/rov_mujoco_sim' returned '0': CMAKE_PREFIX_PATH=${CMAKE_PREFIX_PATH}:/rov_ws/install/rov_position_controller:/rov_ws/install/rov_path_generator:/rov_ws/install/rov_path_follower:/rov_ws/install/rov_attitude_controller:/opt/ros/humble /usr/bin/cmake --install /rov_ws/build/rov_mujoco_sim
