[0.272s] Invoking command in '/home/eia/rbi_2025/scara/scara_ws/build/scara_real_description': CMAKE_PREFIX_PATH=${CMAKE_PREFIX_PATH}:/home/eia/rbi_2025/scara/scara_ws/install/scara_tf_generator:/home/eia/rbi_2025/scara/scara_ws/install/scara_path_generator:/home/eia/rbi_2025/scara/scara_ws/install/scara_path_controller:/home/eia/rbi_2025/scara/scara_ws/install/scara_mujoco_python_sim:/home/eia/rbi_2025/scara/scara_ws/install/scara_general_ik_solver:/home/eia/rbi_2025/scara/scara_ws/install/premade_path_publisher:/opt/ros/humble /usr/bin/cmake --build /home/eia/rbi_2025/scara/scara_ws/build/scara_real_description -- -j12 -l12
[2.166s] Invoked command in '/home/eia/rbi_2025/scara/scara_ws/build/scara_real_description' returned '0': CMAKE_PREFIX_PATH=${CMAKE_PREFIX_PATH}:/home/eia/rbi_2025/scara/scara_ws/install/scara_tf_generator:/home/eia/rbi_2025/scara/scara_ws/install/scara_path_generator:/home/eia/rbi_2025/scara/scara_ws/install/scara_path_controller:/home/eia/rbi_2025/scara/scara_ws/install/scara_mujoco_python_sim:/home/eia/rbi_2025/scara/scara_ws/install/scara_general_ik_solver:/home/eia/rbi_2025/scara/scara_ws/install/premade_path_publisher:/opt/ros/humble /usr/bin/cmake --build /home/eia/rbi_2025/scara/scara_ws/build/scara_real_description -- -j12 -l12
[2.175s] Invoking command in '/home/eia/rbi_2025/scara/scara_ws/build/scara_real_description': CMAKE_PREFIX_PATH=${CMAKE_PREFIX_PATH}:/home/eia/rbi_2025/scara/scara_ws/install/scara_tf_generator:/home/eia/rbi_2025/scara/scara_ws/install/scara_path_generator:/home/eia/rbi_2025/scara/scara_ws/install/scara_path_controller:/home/eia/rbi_2025/scara/scara_ws/install/scara_mujoco_python_sim:/home/eia/rbi_2025/scara/scara_ws/install/scara_general_ik_solver:/home/eia/rbi_2025/scara/scara_ws/install/premade_path_publisher:/opt/ros/humble /usr/bin/cmake --install /home/eia/rbi_2025/scara/scara_ws/build/scara_real_description
[2.212s] -- Install configuration: ""
[2.214s] -- Execute custom install script
[2.216s] -- Up-to-date symlink: /home/eia/rbi_2025/scara/scara_ws/install/scara_real_description/share/scara_real_description//urdf/common_properties.xacro
[2.218s] -- Up-to-date symlink: /home/eia/rbi_2025/scara/scara_ws/install/scara_real_description/share/scara_real_description//urdf/scara.urdf.xacro
[2.219s] -- Up-to-date symlink: /home/eia/rbi_2025/scara/scara_ws/install/scara_real_description/share/scara_real_description//urdf/scara_description.xacro
[2.220s] -- Up-to-date symlink: /home/eia/rbi_2025/scara/scara_ws/install/scara_real_description/share/scara_real_description//launch/display.launch.xml
[2.220s] -- Up-to-date symlink: /home/eia/rbi_2025/scara/scara_ws/install/scara_real_description/share/ament_index/resource_index/package_run_dependencies/scara_real_description
[2.221s] -- Up-to-date symlink: /home/eia/rbi_2025/scara/scara_ws/install/scara_real_description/share/ament_index/resource_index/parent_prefix_path/scara_real_description
[2.224s] -- Up-to-date symlink: /home/eia/rbi_2025/scara/scara_ws/install/scara_real_description/share/scara_real_description/environment/ament_prefix_path.sh
[2.227s] -- Up-to-date symlink: /home/eia/rbi_2025/scara/scara_ws/install/scara_real_description/share/scara_real_description/environment/ament_prefix_path.dsv
[2.227s] -- Up-to-date symlink: /home/eia/rbi_2025/scara/scara_ws/install/scara_real_description/share/scara_real_description/environment/path.sh
[2.228s] -- Up-to-date symlink: /home/eia/rbi_2025/scara/scara_ws/install/scara_real_description/share/scara_real_description/environment/path.dsv
[2.232s] -- Up-to-date symlink: /home/eia/rbi_2025/scara/scara_ws/install/scara_real_description/share/scara_real_description/local_setup.bash
[2.232s] -- Up-to-date symlink: /home/eia/rbi_2025/scara/scara_ws/install/scara_real_description/share/scara_real_description/local_setup.sh
[2.233s] -- Up-to-date symlink: /home/eia/rbi_2025/scara/scara_ws/install/scara_real_description/share/scara_real_description/local_setup.zsh
[2.233s] -- Up-to-date symlink: /home/eia/rbi_2025/scara/scara_ws/install/scara_real_description/share/scara_real_description/local_setup.dsv
[2.234s] -- Symlinking: /home/eia/rbi_2025/scara/scara_ws/install/scara_real_description/share/scara_real_description/package.dsv
[2.299s] -- Up-to-date symlink: /home/eia/rbi_2025/scara/scara_ws/install/scara_real_description/share/ament_index/resource_index/packages/scara_real_description
[2.304s] -- Up-to-date symlink: /home/eia/rbi_2025/scara/scara_ws/install/scara_real_description/share/scara_real_description/cmake/scara_real_descriptionConfig.cmake
[2.305s] -- Up-to-date symlink: /home/eia/rbi_2025/scara/scara_ws/install/scara_real_description/share/scara_real_description/cmake/scara_real_descriptionConfig-version.cmake
[2.305s] -- Up-to-date symlink: /home/eia/rbi_2025/scara/scara_ws/install/scara_real_description/share/scara_real_description/package.xml
[2.324s] Invoked command in '/home/eia/rbi_2025/scara/scara_ws/build/scara_real_description' returned '0': CMAKE_PREFIX_PATH=${CMAKE_PREFIX_PATH}:/home/eia/rbi_2025/scara/scara_ws/install/scara_tf_generator:/home/eia/rbi_2025/scara/scara_ws/install/scara_path_generator:/home/eia/rbi_2025/scara/scara_ws/install/scara_path_controller:/home/eia/rbi_2025/scara/scara_ws/install/scara_mujoco_python_sim:/home/eia/rbi_2025/scara/scara_ws/install/scara_general_ik_solver:/home/eia/rbi_2025/scara/scara_ws/install/premade_path_publisher:/opt/ros/humble /usr/bin/cmake --install /home/eia/rbi_2025/scara/scara_ws/build/scara_real_description
