[0.095s] Invoking command in '/home/eia/repo/rbi_2025_2/scara/scara_ws/build/scara_real_description': CMAKE_PREFIX_PATH=${CMAKE_PREFIX_PATH}:/home/eia/repo/rbi_2025_2/scara/scara_ws/install/scara_general_ik_solver:/home/eia/repo/rbi_2025_2/scara/scara_ws/install/scara_tf_generator:/home/eia/repo/rbi_2025_2/scara/scara_ws/install/scara_path_generator:/home/eia/repo/rbi_2025_2/scara/scara_ws/install/scara_path_controller:/home/eia/repo/rbi_2025_2/scara/scara_ws/install/scara_mujoco_python_sim:/home/eia/repo/rbi_2025_2/scara/scara_ws/install/scara_ik_solver:/home/eia/repo/rbi_2025_2/scara/scara_ws/install/premade_path_publisher:/opt/ros/humble /usr/bin/cmake /home/eia/repo/rbi_2025_2/scara/scara_ws/src/scara_real_description -DAMENT_CMAKE_SYMLINK_INSTALL=1 -DCMAKE_INSTALL_PREFIX=/home/eia/repo/rbi_2025_2/scara/scara_ws/install/scara_real_description
[0.169s] -- The C compiler identification is GNU 11.4.0
[0.260s] -- The CXX compiler identification is GNU 11.4.0
[0.270s] -- Detecting C compiler ABI info
[0.362s] -- Detecting C compiler ABI info - done
[0.377s] -- Check for working C compiler: /usr/bin/cc - skipped
[0.377s] -- Detecting C compile features
[0.378s] -- Detecting C compile features - done
[0.383s] -- Detecting CXX compiler ABI info
[0.472s] -- Detecting CXX compiler ABI info - done
[0.479s] -- Check for working CXX compiler: /usr/bin/c++ - skipped
[0.479s] -- Detecting CXX compile features
[0.480s] -- Detecting CXX compile features - done
[0.483s] -- Found ament_cmake: 1.3.12 (/opt/ros/humble/share/ament_cmake/cmake)
[0.669s] -- Found Python3: /usr/bin/python3 (found version "3.10.12") found components: Interpreter 
[0.787s] -- Override CMake install command with custom implementation using symlinks instead of copying resources
[1.013s] -- Configuring done
[1.017s] -- Generating done
[1.019s] -- Build files have been written to: /home/eia/repo/rbi_2025_2/scara/scara_ws/build/scara_real_description
[1.031s] Invoked command in '/home/eia/repo/rbi_2025_2/scara/scara_ws/build/scara_real_description' returned '0': CMAKE_PREFIX_PATH=${CMAKE_PREFIX_PATH}:/home/eia/repo/rbi_2025_2/scara/scara_ws/install/scara_general_ik_solver:/home/eia/repo/rbi_2025_2/scara/scara_ws/install/scara_tf_generator:/home/eia/repo/rbi_2025_2/scara/scara_ws/install/scara_path_generator:/home/eia/repo/rbi_2025_2/scara/scara_ws/install/scara_path_controller:/home/eia/repo/rbi_2025_2/scara/scara_ws/install/scara_mujoco_python_sim:/home/eia/repo/rbi_2025_2/scara/scara_ws/install/scara_ik_solver:/home/eia/repo/rbi_2025_2/scara/scara_ws/install/premade_path_publisher:/opt/ros/humble /usr/bin/cmake /home/eia/repo/rbi_2025_2/scara/scara_ws/src/scara_real_description -DAMENT_CMAKE_SYMLINK_INSTALL=1 -DCMAKE_INSTALL_PREFIX=/home/eia/repo/rbi_2025_2/scara/scara_ws/install/scara_real_description
[1.031s] Invoking command in '/home/eia/repo/rbi_2025_2/scara/scara_ws/build/scara_real_description': CMAKE_PREFIX_PATH=${CMAKE_PREFIX_PATH}:/home/eia/repo/rbi_2025_2/scara/scara_ws/install/scara_general_ik_solver:/home/eia/repo/rbi_2025_2/scara/scara_ws/install/scara_tf_generator:/home/eia/repo/rbi_2025_2/scara/scara_ws/install/scara_path_generator:/home/eia/repo/rbi_2025_2/scara/scara_ws/install/scara_path_controller:/home/eia/repo/rbi_2025_2/scara/scara_ws/install/scara_mujoco_python_sim:/home/eia/repo/rbi_2025_2/scara/scara_ws/install/scara_ik_solver:/home/eia/repo/rbi_2025_2/scara/scara_ws/install/premade_path_publisher:/opt/ros/humble /usr/bin/cmake --build /home/eia/repo/rbi_2025_2/scara/scara_ws/build/scara_real_description -- -j12 -l12
[1.085s] Invoked command in '/home/eia/repo/rbi_2025_2/scara/scara_ws/build/scara_real_description' returned '0': CMAKE_PREFIX_PATH=${CMAKE_PREFIX_PATH}:/home/eia/repo/rbi_2025_2/scara/scara_ws/install/scara_general_ik_solver:/home/eia/repo/rbi_2025_2/scara/scara_ws/install/scara_tf_generator:/home/eia/repo/rbi_2025_2/scara/scara_ws/install/scara_path_generator:/home/eia/repo/rbi_2025_2/scara/scara_ws/install/scara_path_controller:/home/eia/repo/rbi_2025_2/scara/scara_ws/install/scara_mujoco_python_sim:/home/eia/repo/rbi_2025_2/scara/scara_ws/install/scara_ik_solver:/home/eia/repo/rbi_2025_2/scara/scara_ws/install/premade_path_publisher:/opt/ros/humble /usr/bin/cmake --build /home/eia/repo/rbi_2025_2/scara/scara_ws/build/scara_real_description -- -j12 -l12
[1.086s] Invoking command in '/home/eia/repo/rbi_2025_2/scara/scara_ws/build/scara_real_description': CMAKE_PREFIX_PATH=${CMAKE_PREFIX_PATH}:/home/eia/repo/rbi_2025_2/scara/scara_ws/install/scara_general_ik_solver:/home/eia/repo/rbi_2025_2/scara/scara_ws/install/scara_tf_generator:/home/eia/repo/rbi_2025_2/scara/scara_ws/install/scara_path_generator:/home/eia/repo/rbi_2025_2/scara/scara_ws/install/scara_path_controller:/home/eia/repo/rbi_2025_2/scara/scara_ws/install/scara_mujoco_python_sim:/home/eia/repo/rbi_2025_2/scara/scara_ws/install/scara_ik_solver:/home/eia/repo/rbi_2025_2/scara/scara_ws/install/premade_path_publisher:/opt/ros/humble /usr/bin/cmake --install /home/eia/repo/rbi_2025_2/scara/scara_ws/build/scara_real_description
[1.095s] -- Install configuration: ""
[1.096s] -- Execute custom install script
[1.097s] -- Symlinking: /home/eia/repo/rbi_2025_2/scara/scara_ws/install/scara_real_description/share/scara_real_description//urdf/common_properties.xacro
[1.109s] -- Symlinking: /home/eia/repo/rbi_2025_2/scara/scara_ws/install/scara_real_description/share/scara_real_description//urdf/scara.urdf.xacro
[1.122s] -- Symlinking: /home/eia/repo/rbi_2025_2/scara/scara_ws/install/scara_real_description/share/scara_real_description//urdf/scara_description.xacro
[1.134s] -- Symlinking: /home/eia/repo/rbi_2025_2/scara/scara_ws/install/scara_real_description/share/scara_real_description//launch/display.launch.xml
[1.147s] -- Symlinking: /home/eia/repo/rbi_2025_2/scara/scara_ws/install/scara_real_description/share/ament_index/resource_index/package_run_dependencies/scara_real_description
[1.159s] -- Symlinking: /home/eia/repo/rbi_2025_2/scara/scara_ws/install/scara_real_description/share/ament_index/resource_index/parent_prefix_path/scara_real_description
[1.171s] -- Symlinking: /home/eia/repo/rbi_2025_2/scara/scara_ws/install/scara_real_description/share/scara_real_description/environment/ament_prefix_path.sh
[1.183s] -- Symlinking: /home/eia/repo/rbi_2025_2/scara/scara_ws/install/scara_real_description/share/scara_real_description/environment/ament_prefix_path.dsv
[1.195s] -- Symlinking: /home/eia/repo/rbi_2025_2/scara/scara_ws/install/scara_real_description/share/scara_real_description/environment/path.sh
[1.207s] -- Symlinking: /home/eia/repo/rbi_2025_2/scara/scara_ws/install/scara_real_description/share/scara_real_description/environment/path.dsv
[1.219s] -- Symlinking: /home/eia/repo/rbi_2025_2/scara/scara_ws/install/scara_real_description/share/scara_real_description/local_setup.bash
[1.231s] -- Symlinking: /home/eia/repo/rbi_2025_2/scara/scara_ws/install/scara_real_description/share/scara_real_description/local_setup.sh
[1.244s] -- Symlinking: /home/eia/repo/rbi_2025_2/scara/scara_ws/install/scara_real_description/share/scara_real_description/local_setup.zsh
[1.256s] -- Symlinking: /home/eia/repo/rbi_2025_2/scara/scara_ws/install/scara_real_description/share/scara_real_description/local_setup.dsv
[1.269s] -- Symlinking: /home/eia/repo/rbi_2025_2/scara/scara_ws/install/scara_real_description/share/scara_real_description/package.dsv
[1.281s] -- Symlinking: /home/eia/repo/rbi_2025_2/scara/scara_ws/install/scara_real_description/share/ament_index/resource_index/packages/scara_real_description
[1.293s] -- Symlinking: /home/eia/repo/rbi_2025_2/scara/scara_ws/install/scara_real_description/share/scara_real_description/cmake/scara_real_descriptionConfig.cmake
[1.304s] -- Symlinking: /home/eia/repo/rbi_2025_2/scara/scara_ws/install/scara_real_description/share/scara_real_description/cmake/scara_real_descriptionConfig-version.cmake
[1.316s] -- Symlinking: /home/eia/repo/rbi_2025_2/scara/scara_ws/install/scara_real_description/share/scara_real_description/package.xml
[1.336s] Invoked command in '/home/eia/repo/rbi_2025_2/scara/scara_ws/build/scara_real_description' returned '0': CMAKE_PREFIX_PATH=${CMAKE_PREFIX_PATH}:/home/eia/repo/rbi_2025_2/scara/scara_ws/install/scara_general_ik_solver:/home/eia/repo/rbi_2025_2/scara/scara_ws/install/scara_tf_generator:/home/eia/repo/rbi_2025_2/scara/scara_ws/install/scara_path_generator:/home/eia/repo/rbi_2025_2/scara/scara_ws/install/scara_path_controller:/home/eia/repo/rbi_2025_2/scara/scara_ws/install/scara_mujoco_python_sim:/home/eia/repo/rbi_2025_2/scara/scara_ws/install/scara_ik_solver:/home/eia/repo/rbi_2025_2/scara/scara_ws/install/premade_path_publisher:/opt/ros/humble /usr/bin/cmake --install /home/eia/repo/rbi_2025_2/scara/scara_ws/build/scara_real_description
