[0.062s] Invoking command in '/abb_ws/build/abb_gz_bringup': CMAKE_PREFIX_PATH=${CMAKE_PREFIX_PATH}:/abb_ws/install/abb_path_controller:/abb_ws/install/abb_mujoco_python:/abb_ws/install/abb_ik_solver:/opt/ros/humble /usr/bin/cmake --build /abb_ws/build/abb_gz_bringup -- -j12 -l12
[0.793s] Invoked command in '/abb_ws/build/abb_gz_bringup' returned '0': CMAKE_PREFIX_PATH=${CMAKE_PREFIX_PATH}:/abb_ws/install/abb_path_controller:/abb_ws/install/abb_mujoco_python:/abb_ws/install/abb_ik_solver:/opt/ros/humble /usr/bin/cmake --build /abb_ws/build/abb_gz_bringup -- -j12 -l12
[0.801s] Invoking command in '/abb_ws/build/abb_gz_bringup': CMAKE_PREFIX_PATH=${CMAKE_PREFIX_PATH}:/abb_ws/install/abb_path_controller:/abb_ws/install/abb_mujoco_python:/abb_ws/install/abb_ik_solver:/opt/ros/humble /usr/bin/cmake --install /abb_ws/build/abb_gz_bringup
[0.815s] -- Install configuration: ""
[0.817s] -- Execute custom install script
[0.817s] -- Up-to-date symlink: /abb_ws/install/abb_gz_bringup/share/abb_gz_bringup//launch/abb_launch.launch.xml
[0.817s] -- Up-to-date symlink: /abb_ws/install/abb_gz_bringup/share/abb_gz_bringup//config/abb_config.rviz
[0.817s] -- Up-to-date symlink: /abb_ws/install/abb_gz_bringup/share/abb_gz_bringup//config/controllers.yaml
[0.818s] -- Up-to-date symlink: /abb_ws/install/abb_gz_bringup/share/abb_gz_bringup//config/gazebo_bridge.yaml
[0.818s] -- Up-to-date symlink: /abb_ws/install/abb_gz_bringup/share/ament_index/resource_index/package_run_dependencies/abb_gz_bringup
[0.818s] -- Up-to-date symlink: /abb_ws/install/abb_gz_bringup/share/ament_index/resource_index/parent_prefix_path/abb_gz_bringup
[0.818s] -- Up-to-date symlink: /abb_ws/install/abb_gz_bringup/share/abb_gz_bringup/environment/ament_prefix_path.sh
[0.818s] -- Up-to-date symlink: /abb_ws/install/abb_gz_bringup/share/abb_gz_bringup/environment/ament_prefix_path.dsv
[0.819s] -- Up-to-date symlink: /abb_ws/install/abb_gz_bringup/share/abb_gz_bringup/environment/path.sh
[0.819s] -- Up-to-date symlink: /abb_ws/install/abb_gz_bringup/share/abb_gz_bringup/environment/path.dsv
[0.819s] -- Up-to-date symlink: /abb_ws/install/abb_gz_bringup/share/abb_gz_bringup/local_setup.bash
[0.819s] -- Up-to-date symlink: /abb_ws/install/abb_gz_bringup/share/abb_gz_bringup/local_setup.sh
[0.819s] -- Up-to-date symlink: /abb_ws/install/abb_gz_bringup/share/abb_gz_bringup/local_setup.zsh
[0.820s] -- Up-to-date symlink: /abb_ws/install/abb_gz_bringup/share/abb_gz_bringup/local_setup.dsv
[0.820s] -- Symlinking: /abb_ws/install/abb_gz_bringup/share/abb_gz_bringup/package.dsv
[0.837s] -- Up-to-date symlink: /abb_ws/install/abb_gz_bringup/share/ament_index/resource_index/packages/abb_gz_bringup
[0.837s] -- Up-to-date symlink: /abb_ws/install/abb_gz_bringup/share/abb_gz_bringup/cmake/abb_gz_bringupConfig.cmake
[0.837s] -- Up-to-date symlink: /abb_ws/install/abb_gz_bringup/share/abb_gz_bringup/cmake/abb_gz_bringupConfig-version.cmake
[0.837s] -- Up-to-date symlink: /abb_ws/install/abb_gz_bringup/share/abb_gz_bringup/package.xml
[0.859s] Invoked command in '/abb_ws/build/abb_gz_bringup' returned '0': CMAKE_PREFIX_PATH=${CMAKE_PREFIX_PATH}:/abb_ws/install/abb_path_controller:/abb_ws/install/abb_mujoco_python:/abb_ws/install/abb_ik_solver:/opt/ros/humble /usr/bin/cmake --install /abb_ws/build/abb_gz_bringup
