[1.215s] Invoking command in '/home/eia/repo/rbi_2025_2/scara/scara_ws/build/scara_tf_generator': PYTHONPATH=/home/eia/repo/rbi_2025_2/scara/scara_ws/build/scara_tf_generator/prefix_override:/home/eia/.local/lib/python3.10/site-packages/colcon_core/task/python/colcon_distutils_commands:/home/eia/repo/rbi_2025_2/scara/scara_ws/install/scara_tf_generator/lib/python3.10/site-packages:${PYTHONPATH} /usr/bin/python3 -W ignore:setup.py install is deprecated -W ignore:easy_install command is deprecated setup.py develop --editable --build-directory /home/eia/repo/rbi_2025_2/scara/scara_ws/build/scara_tf_generator/build --no-deps symlink_data
[1.573s] running develop
[1.794s] running egg_info
[1.795s] creating scara_tf_generator.egg-info
[1.795s] writing scara_tf_generator.egg-info/PKG-INFO
[1.795s] writing dependency_links to scara_tf_generator.egg-info/dependency_links.txt
[1.795s] writing entry points to scara_tf_generator.egg-info/entry_points.txt
[1.795s] writing requirements to scara_tf_generator.egg-info/requires.txt
[1.795s] writing top-level names to scara_tf_generator.egg-info/top_level.txt
[1.795s] writing manifest file 'scara_tf_generator.egg-info/SOURCES.txt'
[1.797s] reading manifest file 'scara_tf_generator.egg-info/SOURCES.txt'
[1.797s] writing manifest file 'scara_tf_generator.egg-info/SOURCES.txt'
[1.838s] running build_ext
[1.838s] Creating /home/eia/repo/rbi_2025_2/scara/scara_ws/install/scara_tf_generator/lib/python3.10/site-packages/scara-tf-generator.egg-link (link to .)
[1.839s] Installing scara_tf_generator script to /home/eia/repo/rbi_2025_2/scara/scara_ws/install/scara_tf_generator/lib/scara_tf_generator
[1.839s] 
[1.839s] Installed /home/eia/repo/rbi_2025_2/scara/scara_ws/build/scara_tf_generator
[1.839s] running symlink_data
[1.839s] creating /home/eia/repo/rbi_2025_2/scara/scara_ws/install/scara_tf_generator/share/ament_index
[1.839s] creating /home/eia/repo/rbi_2025_2/scara/scara_ws/install/scara_tf_generator/share/ament_index/resource_index
[1.839s] creating /home/eia/repo/rbi_2025_2/scara/scara_ws/install/scara_tf_generator/share/ament_index/resource_index/packages
[1.839s] symbolically linking /home/eia/repo/rbi_2025_2/scara/scara_ws/build/scara_tf_generator/resource/scara_tf_generator -> /home/eia/repo/rbi_2025_2/scara/scara_ws/install/scara_tf_generator/share/ament_index/resource_index/packages
[1.839s] symbolically linking /home/eia/repo/rbi_2025_2/scara/scara_ws/build/scara_tf_generator/package.xml -> /home/eia/repo/rbi_2025_2/scara/scara_ws/install/scara_tf_generator/share/scara_tf_generator
[1.840s] creating /home/eia/repo/rbi_2025_2/scara/scara_ws/install/scara_tf_generator/share/scara_tf_generator/launch
[1.840s] creating /home/eia/repo/rbi_2025_2/scara/scara_ws/install/scara_tf_generator/share/scara_tf_generator/descriptions
[1.840s] creating /home/eia/repo/rbi_2025_2/scara/scara_ws/install/scara_tf_generator/share/scara_tf_generator/config
[1.871s] Invoked command in '/home/eia/repo/rbi_2025_2/scara/scara_ws/build/scara_tf_generator' returned '0': PYTHONPATH=/home/eia/repo/rbi_2025_2/scara/scara_ws/build/scara_tf_generator/prefix_override:/home/eia/.local/lib/python3.10/site-packages/colcon_core/task/python/colcon_distutils_commands:/home/eia/repo/rbi_2025_2/scara/scara_ws/install/scara_tf_generator/lib/python3.10/site-packages:${PYTHONPATH} /usr/bin/python3 -W ignore:setup.py install is deprecated -W ignore:easy_install command is deprecated setup.py develop --editable --build-directory /home/eia/repo/rbi_2025_2/scara/scara_ws/build/scara_tf_generator/build --no-deps symlink_data
