[0.357s] Invoking command in '/rov_ws/build/rov_mujoco_description': CMAKE_PREFIX_PATH=${CMAKE_PREFIX_PATH}:/rov_ws/install/rov_position_controller:/rov_ws/install/rov_path_generator:/rov_ws/install/rov_path_follower:/rov_ws/install/rov_attitude_controller:/opt/ros/humble /usr/bin/cmake --build /rov_ws/build/rov_mujoco_description -- -j12 -l12
[1.366s] Invoked command in '/rov_ws/build/rov_mujoco_description' returned '0': CMAKE_PREFIX_PATH=${CMAKE_PREFIX_PATH}:/rov_ws/install/rov_position_controller:/rov_ws/install/rov_path_generator:/rov_ws/install/rov_path_follower:/rov_ws/install/rov_attitude_controller:/opt/ros/humble /usr/bin/cmake --build /rov_ws/build/rov_mujoco_description -- -j12 -l12
[1.374s] Invoking command in '/rov_ws/build/rov_mujoco_description': CMAKE_PREFIX_PATH=${CMAKE_PREFIX_PATH}:/rov_ws/install/rov_position_controller:/rov_ws/install/rov_path_generator:/rov_ws/install/rov_path_follower:/rov_ws/install/rov_attitude_controller:/opt/ros/humble /usr/bin/cmake --install /rov_ws/build/rov_mujoco_description
[1.381s] -- Install configuration: ""
[1.381s] -- Execute custom install script
[1.384s] -- Up-to-date symlink: /rov_ws/install/rov_mujoco_description/share/rov_mujoco_description//urdf/common_properties.xacro
[1.385s] -- Up-to-date symlink: /rov_ws/install/rov_mujoco_description/share/rov_mujoco_description//urdf/rov_description.urdf.xacro
[1.386s] -- Up-to-date symlink: /rov_ws/install/rov_mujoco_description/share/rov_mujoco_description//launch/display.launch.xml
[1.387s] -- Up-to-date symlink: /rov_ws/install/rov_mujoco_description/share/ament_index/resource_index/package_run_dependencies/rov_mujoco_description
[1.388s] -- Up-to-date symlink: /rov_ws/install/rov_mujoco_description/share/ament_index/resource_index/parent_prefix_path/rov_mujoco_description
[1.388s] -- Up-to-date symlink: /rov_ws/install/rov_mujoco_description/share/rov_mujoco_description/environment/ament_prefix_path.sh
[1.389s] -- Up-to-date symlink: /rov_ws/install/rov_mujoco_description/share/rov_mujoco_description/environment/ament_prefix_path.dsv
[1.389s] -- Up-to-date symlink: /rov_ws/install/rov_mujoco_description/share/rov_mujoco_description/environment/path.sh
[1.389s] -- Up-to-date symlink: /rov_ws/install/rov_mujoco_description/share/rov_mujoco_description/environment/path.dsv
[1.391s] -- Up-to-date symlink: /rov_ws/install/rov_mujoco_description/share/rov_mujoco_description/local_setup.bash
[1.393s] -- Up-to-date symlink: /rov_ws/install/rov_mujoco_description/share/rov_mujoco_description/local_setup.sh
[1.393s] -- Up-to-date symlink: /rov_ws/install/rov_mujoco_description/share/rov_mujoco_description/local_setup.zsh
[1.393s] -- Up-to-date symlink: /rov_ws/install/rov_mujoco_description/share/rov_mujoco_description/local_setup.dsv
[1.393s] -- Symlinking: /rov_ws/install/rov_mujoco_description/share/rov_mujoco_description/package.dsv
[1.406s] -- Up-to-date symlink: /rov_ws/install/rov_mujoco_description/share/ament_index/resource_index/packages/rov_mujoco_description
[1.406s] -- Up-to-date symlink: /rov_ws/install/rov_mujoco_description/share/rov_mujoco_description/cmake/rov_mujoco_descriptionConfig.cmake
[1.407s] -- Up-to-date symlink: /rov_ws/install/rov_mujoco_description/share/rov_mujoco_description/cmake/rov_mujoco_descriptionConfig-version.cmake
[1.407s] -- Up-to-date symlink: /rov_ws/install/rov_mujoco_description/share/rov_mujoco_description/package.xml
[1.435s] Invoked command in '/rov_ws/build/rov_mujoco_description' returned '0': CMAKE_PREFIX_PATH=${CMAKE_PREFIX_PATH}:/rov_ws/install/rov_position_controller:/rov_ws/install/rov_path_generator:/rov_ws/install/rov_path_follower:/rov_ws/install/rov_attitude_controller:/opt/ros/humble /usr/bin/cmake --install /rov_ws/build/rov_mujoco_description
