[0.334s] Invoking command in '/rov_ws/build/rov_mujoco_description': CMAKE_PREFIX_PATH=${CMAKE_PREFIX_PATH}:/rov_ws/install/rov_position_controller:/rov_ws/install/rov_path_generator:/rov_ws/install/rov_path_follower:/rov_ws/install/rov_attitude_controller:/opt/ros/humble /usr/bin/cmake --build /rov_ws/build/rov_mujoco_description -- -j12 -l12
[1.241s] Invoked command in '/rov_ws/build/rov_mujoco_description' returned '0': CMAKE_PREFIX_PATH=${CMAKE_PREFIX_PATH}:/rov_ws/install/rov_position_controller:/rov_ws/install/rov_path_generator:/rov_ws/install/rov_path_follower:/rov_ws/install/rov_attitude_controller:/opt/ros/humble /usr/bin/cmake --build /rov_ws/build/rov_mujoco_description -- -j12 -l12
[1.249s] Invoking command in '/rov_ws/build/rov_mujoco_description': CMAKE_PREFIX_PATH=${CMAKE_PREFIX_PATH}:/rov_ws/install/rov_position_controller:/rov_ws/install/rov_path_generator:/rov_ws/install/rov_path_follower:/rov_ws/install/rov_attitude_controller:/opt/ros/humble /usr/bin/cmake --install /rov_ws/build/rov_mujoco_description
[1.255s] -- Install configuration: ""
[1.256s] -- Execute custom install script
[1.256s] -- Up-to-date symlink: /rov_ws/install/rov_mujoco_description/share/rov_mujoco_description//urdf/common_properties.xacro
[1.257s] -- Up-to-date symlink: /rov_ws/install/rov_mujoco_description/share/rov_mujoco_description//urdf/rov_description.urdf.xacro
[1.259s] -- Up-to-date symlink: /rov_ws/install/rov_mujoco_description/share/rov_mujoco_description//launch/display.launch.xml
[1.259s] -- Up-to-date symlink: /rov_ws/install/rov_mujoco_description/share/ament_index/resource_index/package_run_dependencies/rov_mujoco_description
[1.260s] -- Up-to-date symlink: /rov_ws/install/rov_mujoco_description/share/ament_index/resource_index/parent_prefix_path/rov_mujoco_description
[1.261s] -- Up-to-date symlink: /rov_ws/install/rov_mujoco_description/share/rov_mujoco_description/environment/ament_prefix_path.sh
[1.261s] -- Up-to-date symlink: /rov_ws/install/rov_mujoco_description/share/rov_mujoco_description/environment/ament_prefix_path.dsv
[1.262s] -- Up-to-date symlink: /rov_ws/install/rov_mujoco_description/share/rov_mujoco_description/environment/path.sh
[1.262s] -- Up-to-date symlink: /rov_ws/install/rov_mujoco_description/share/rov_mujoco_description/environment/path.dsv
[1.262s] -- Up-to-date symlink: /rov_ws/install/rov_mujoco_description/share/rov_mujoco_description/local_setup.bash
[1.263s] -- Up-to-date symlink: /rov_ws/install/rov_mujoco_description/share/rov_mujoco_description/local_setup.sh
[1.263s] -- Up-to-date symlink: /rov_ws/install/rov_mujoco_description/share/rov_mujoco_description/local_setup.zsh
[1.264s] -- Up-to-date symlink: /rov_ws/install/rov_mujoco_description/share/rov_mujoco_description/local_setup.dsv
[1.265s] -- Symlinking: /rov_ws/install/rov_mujoco_description/share/rov_mujoco_description/package.dsv
[1.276s] -- Up-to-date symlink: /rov_ws/install/rov_mujoco_description/share/ament_index/resource_index/packages/rov_mujoco_description
[1.276s] -- Up-to-date symlink: /rov_ws/install/rov_mujoco_description/share/rov_mujoco_description/cmake/rov_mujoco_descriptionConfig.cmake
[1.276s] -- Up-to-date symlink: /rov_ws/install/rov_mujoco_description/share/rov_mujoco_description/cmake/rov_mujoco_descriptionConfig-version.cmake
[1.276s] -- Up-to-date symlink: /rov_ws/install/rov_mujoco_description/share/rov_mujoco_description/package.xml
[1.279s] Invoked command in '/rov_ws/build/rov_mujoco_description' returned '0': CMAKE_PREFIX_PATH=${CMAKE_PREFIX_PATH}:/rov_ws/install/rov_position_controller:/rov_ws/install/rov_path_generator:/rov_ws/install/rov_path_follower:/rov_ws/install/rov_attitude_controller:/opt/ros/humble /usr/bin/cmake --install /rov_ws/build/rov_mujoco_description
