[2.573s] Invoking command in '/home/eia/rbi_2025/rov/rov_ws/build/rov_real_bringup': CMAKE_PREFIX_PATH=${CMAKE_PREFIX_PATH}:/home/eia/repo/rbi_2025_2/rov/rov_ws/install/rov_position_controller:/home/eia/repo/rbi_2025_2/rov/rov_ws/install/rov_path_generator:/home/eia/repo/rbi_2025_2/rov/rov_ws/install/rov_path_follower:/home/eia/repo/rbi_2025_2/rov/rov_ws/install/rov_attitude_controller:/home/eia/repo/rbi_2025_2/rov/rov_ws/install/direct_control:/opt/ros/humble /usr/bin/cmake /home/eia/rbi_2025/rov/rov_ws/src/rov_real_bringup -DAMENT_CMAKE_SYMLINK_INSTALL=1 -DCMAKE_INSTALL_PREFIX=/home/eia/rbi_2025/rov/rov_ws/install/rov_real_bringup
[2.642s] -- The C compiler identification is GNU 11.4.0
[2.742s] -- The CXX compiler identification is GNU 11.4.0
[2.754s] -- Detecting C compiler ABI info
[2.863s] -- Detecting C compiler ABI info - done
[2.880s] -- Check for working C compiler: /usr/bin/cc - skipped
[2.881s] -- Detecting C compile features
[2.882s] -- Detecting C compile features - done
[2.888s] -- Detecting CXX compiler ABI info
[3.005s] -- Detecting CXX compiler ABI info - done
[3.022s] -- Check for working CXX compiler: /usr/bin/c++ - skipped
[3.023s] -- Detecting CXX compile features
[3.023s] -- Detecting CXX compile features - done
[3.027s] -- Found ament_cmake: 1.3.12 (/opt/ros/humble/share/ament_cmake/cmake)
[3.413s] -- Found Python3: /usr/bin/python3 (found version "3.10.12") found components: Interpreter 
[3.496s] -- Override CMake install command with custom implementation using symlinks instead of copying resources
[3.539s] -- Found rclcpp: 16.0.14 (/opt/ros/humble/share/rclcpp/cmake)
[3.599s] -- Found rosidl_generator_c: 3.1.7 (/opt/ros/humble/share/rosidl_generator_c/cmake)
[3.606s] -- Found rosidl_adapter: 3.1.7 (/opt/ros/humble/share/rosidl_adapter/cmake)
[3.618s] -- Found rosidl_generator_cpp: 3.1.7 (/opt/ros/humble/share/rosidl_generator_cpp/cmake)
[3.634s] -- Using all available rosidl_typesupport_c: rosidl_typesupport_fastrtps_c;rosidl_typesupport_introspection_c
[3.659s] -- Using all available rosidl_typesupport_cpp: rosidl_typesupport_fastrtps_cpp;rosidl_typesupport_introspection_cpp
[3.729s] -- Found rmw_implementation_cmake: 6.1.2 (/opt/ros/humble/share/rmw_implementation_cmake/cmake)
[3.732s] -- Found rmw_fastrtps_cpp: 6.2.8 (/opt/ros/humble/share/rmw_fastrtps_cpp/cmake)
[3.813s] -- Found OpenSSL: /usr/lib/x86_64-linux-gnu/libcrypto.so (found version "3.0.2")  
[3.840s] -- Found FastRTPS: /opt/ros/humble/include  
[3.878s] -- Using RMW implementation 'rmw_fastrtps_cpp' as default
[3.888s] -- Looking for pthread.h
[3.951s] -- Looking for pthread.h - found
[3.951s] -- Performing Test CMAKE_HAVE_LIBC_PTHREAD
[4.045s] -- Performing Test CMAKE_HAVE_LIBC_PTHREAD - Success
[4.047s] -- Found Threads: TRUE  
[4.192s] -- Configuring done
[4.195s] -- Generating done
[4.196s] -- Build files have been written to: /home/eia/rbi_2025/rov/rov_ws/build/rov_real_bringup
