[0.061s] Invoking command in '/home/eia/rbi_2025/abb/abb_ws/build/abb_gz_hardware': CMAKE_PREFIX_PATH=${CMAKE_PREFIX_PATH}:/home/eia/rbi_2025/abb/abb_ws/install/abb_tf_generator:/home/eia/rbi_2025/abb/abb_ws/install/abb_path_generator:/home/eia/rbi_2025/abb/abb_ws/install/abb_path_controller:/home/eia/rbi_2025/abb/abb_ws/install/abb_mujoco_python:/home/eia/rbi_2025/abb/abb_ws/install/abb_ik_solver:/home/eia/rbi_2025/scara/scara_ws/install/scara_tf_generator:/home/eia/rbi_2025/scara/scara_ws/install/scara_path_generator:/home/eia/rbi_2025/scara/scara_ws/install/scara_path_controller:/home/eia/rbi_2025/scara/scara_ws/install/scara_mujoco_python_sim:/home/eia/rbi_2025/scara/scara_ws/install/scara_general_ik_solver:/home/eia/rbi_2025/scara/scara_ws/install/premade_path_publisher:/opt/ros/humble /usr/bin/cmake /home/eia/rbi_2025/abb/abb_ws/src/abb_gz_hardware -DAMENT_CMAKE_SYMLINK_INSTALL=1 -DCMAKE_INSTALL_PREFIX=/home/eia/rbi_2025/abb/abb_ws/install/abb_gz_hardware
[1.986s] -- The C compiler identification is GNU 11.4.0
[1.986s] -- The CXX compiler identification is GNU 11.4.0
[1.986s] -- Detecting C compiler ABI info
[1.986s] -- Detecting C compiler ABI info - done
[1.986s] -- Check for working C compiler: /usr/bin/cc - skipped
[1.986s] -- Detecting C compile features
[1.986s] -- Detecting C compile features - done
[1.986s] -- Detecting CXX compiler ABI info
[1.986s] -- Detecting CXX compiler ABI info - done
[1.986s] -- Check for working CXX compiler: /usr/bin/c++ - skipped
[1.986s] -- Detecting CXX compile features
[1.986s] -- Detecting CXX compile features - done
[1.986s] -- Found ament_cmake: 1.3.12 (/opt/ros/humble/share/ament_cmake/cmake)
[1.986s] -- Found Python3: /usr/bin/python3 (found version "3.10.12") found components: Interpreter 
[1.987s] -- Override CMake install command with custom implementation using symlinks instead of copying resources
[1.987s] -- Found ament_lint_auto: 0.12.14 (/opt/ros/humble/share/ament_lint_auto/cmake)
[1.987s] -- Added test 'lint_cmake' to check CMake code style
[1.987s] -- Added test 'xmllint' to check XML markup files
[1.987s] -- Configuring done
[1.987s] -- Generating done
[1.987s] -- Build files have been written to: /home/eia/rbi_2025/abb/abb_ws/build/abb_gz_hardware
[1.999s] Invoked command in '/home/eia/rbi_2025/abb/abb_ws/build/abb_gz_hardware' returned '0': CMAKE_PREFIX_PATH=${CMAKE_PREFIX_PATH}:/home/eia/rbi_2025/abb/abb_ws/install/abb_tf_generator:/home/eia/rbi_2025/abb/abb_ws/install/abb_path_generator:/home/eia/rbi_2025/abb/abb_ws/install/abb_path_controller:/home/eia/rbi_2025/abb/abb_ws/install/abb_mujoco_python:/home/eia/rbi_2025/abb/abb_ws/install/abb_ik_solver:/home/eia/rbi_2025/scara/scara_ws/install/scara_tf_generator:/home/eia/rbi_2025/scara/scara_ws/install/scara_path_generator:/home/eia/rbi_2025/scara/scara_ws/install/scara_path_controller:/home/eia/rbi_2025/scara/scara_ws/install/scara_mujoco_python_sim:/home/eia/rbi_2025/scara/scara_ws/install/scara_general_ik_solver:/home/eia/rbi_2025/scara/scara_ws/install/premade_path_publisher:/opt/ros/humble /usr/bin/cmake /home/eia/rbi_2025/abb/abb_ws/src/abb_gz_hardware -DAMENT_CMAKE_SYMLINK_INSTALL=1 -DCMAKE_INSTALL_PREFIX=/home/eia/rbi_2025/abb/abb_ws/install/abb_gz_hardware
[2.000s] Invoking command in '/home/eia/rbi_2025/abb/abb_ws/build/abb_gz_hardware': CMAKE_PREFIX_PATH=${CMAKE_PREFIX_PATH}:/home/eia/rbi_2025/abb/abb_ws/install/abb_tf_generator:/home/eia/rbi_2025/abb/abb_ws/install/abb_path_generator:/home/eia/rbi_2025/abb/abb_ws/install/abb_path_controller:/home/eia/rbi_2025/abb/abb_ws/install/abb_mujoco_python:/home/eia/rbi_2025/abb/abb_ws/install/abb_ik_solver:/home/eia/rbi_2025/scara/scara_ws/install/scara_tf_generator:/home/eia/rbi_2025/scara/scara_ws/install/scara_path_generator:/home/eia/rbi_2025/scara/scara_ws/install/scara_path_controller:/home/eia/rbi_2025/scara/scara_ws/install/scara_mujoco_python_sim:/home/eia/rbi_2025/scara/scara_ws/install/scara_general_ik_solver:/home/eia/rbi_2025/scara/scara_ws/install/premade_path_publisher:/opt/ros/humble /usr/bin/cmake --build /home/eia/rbi_2025/abb/abb_ws/build/abb_gz_hardware -- -j12 -l12
[2.056s] Invoked command in '/home/eia/rbi_2025/abb/abb_ws/build/abb_gz_hardware' returned '0': CMAKE_PREFIX_PATH=${CMAKE_PREFIX_PATH}:/home/eia/rbi_2025/abb/abb_ws/install/abb_tf_generator:/home/eia/rbi_2025/abb/abb_ws/install/abb_path_generator:/home/eia/rbi_2025/abb/abb_ws/install/abb_path_controller:/home/eia/rbi_2025/abb/abb_ws/install/abb_mujoco_python:/home/eia/rbi_2025/abb/abb_ws/install/abb_ik_solver:/home/eia/rbi_2025/scara/scara_ws/install/scara_tf_generator:/home/eia/rbi_2025/scara/scara_ws/install/scara_path_generator:/home/eia/rbi_2025/scara/scara_ws/install/scara_path_controller:/home/eia/rbi_2025/scara/scara_ws/install/scara_mujoco_python_sim:/home/eia/rbi_2025/scara/scara_ws/install/scara_general_ik_solver:/home/eia/rbi_2025/scara/scara_ws/install/premade_path_publisher:/opt/ros/humble /usr/bin/cmake --build /home/eia/rbi_2025/abb/abb_ws/build/abb_gz_hardware -- -j12 -l12
[2.060s] Invoking command in '/home/eia/rbi_2025/abb/abb_ws/build/abb_gz_hardware': CMAKE_PREFIX_PATH=${CMAKE_PREFIX_PATH}:/home/eia/rbi_2025/abb/abb_ws/install/abb_tf_generator:/home/eia/rbi_2025/abb/abb_ws/install/abb_path_generator:/home/eia/rbi_2025/abb/abb_ws/install/abb_path_controller:/home/eia/rbi_2025/abb/abb_ws/install/abb_mujoco_python:/home/eia/rbi_2025/abb/abb_ws/install/abb_ik_solver:/home/eia/rbi_2025/scara/scara_ws/install/scara_tf_generator:/home/eia/rbi_2025/scara/scara_ws/install/scara_path_generator:/home/eia/rbi_2025/scara/scara_ws/install/scara_path_controller:/home/eia/rbi_2025/scara/scara_ws/install/scara_mujoco_python_sim:/home/eia/rbi_2025/scara/scara_ws/install/scara_general_ik_solver:/home/eia/rbi_2025/scara/scara_ws/install/premade_path_publisher:/opt/ros/humble /usr/bin/cmake --install /home/eia/rbi_2025/abb/abb_ws/build/abb_gz_hardware
[2.070s] -- Install configuration: ""
[2.070s] -- Execute custom install script
[2.070s] -- Symlinking: /home/eia/rbi_2025/abb/abb_ws/install/abb_gz_hardware/share/ament_index/resource_index/package_run_dependencies/abb_gz_hardware
[2.078s] -- Symlinking: /home/eia/rbi_2025/abb/abb_ws/install/abb_gz_hardware/share/ament_index/resource_index/parent_prefix_path/abb_gz_hardware
[2.089s] -- Symlinking: /home/eia/rbi_2025/abb/abb_ws/install/abb_gz_hardware/share/abb_gz_hardware/environment/ament_prefix_path.sh
[2.102s] -- Symlinking: /home/eia/rbi_2025/abb/abb_ws/install/abb_gz_hardware/share/abb_gz_hardware/environment/ament_prefix_path.dsv
[2.122s] -- Symlinking: /home/eia/rbi_2025/abb/abb_ws/install/abb_gz_hardware/share/abb_gz_hardware/environment/path.sh
[2.125s] -- Symlinking: /home/eia/rbi_2025/abb/abb_ws/install/abb_gz_hardware/share/abb_gz_hardware/environment/path.dsv
[2.133s] -- Symlinking: /home/eia/rbi_2025/abb/abb_ws/install/abb_gz_hardware/share/abb_gz_hardware/local_setup.bash
[2.141s] -- Symlinking: /home/eia/rbi_2025/abb/abb_ws/install/abb_gz_hardware/share/abb_gz_hardware/local_setup.sh
[2.152s] -- Symlinking: /home/eia/rbi_2025/abb/abb_ws/install/abb_gz_hardware/share/abb_gz_hardware/local_setup.zsh
[2.162s] -- Symlinking: /home/eia/rbi_2025/abb/abb_ws/install/abb_gz_hardware/share/abb_gz_hardware/local_setup.dsv
[2.173s] -- Symlinking: /home/eia/rbi_2025/abb/abb_ws/install/abb_gz_hardware/share/abb_gz_hardware/package.dsv
[2.184s] -- Symlinking: /home/eia/rbi_2025/abb/abb_ws/install/abb_gz_hardware/share/ament_index/resource_index/packages/abb_gz_hardware
[2.194s] -- Symlinking: /home/eia/rbi_2025/abb/abb_ws/install/abb_gz_hardware/share/abb_gz_hardware/cmake/abb_gz_hardwareConfig.cmake
[2.206s] -- Symlinking: /home/eia/rbi_2025/abb/abb_ws/install/abb_gz_hardware/share/abb_gz_hardware/cmake/abb_gz_hardwareConfig-version.cmake
[2.219s] -- Symlinking: /home/eia/rbi_2025/abb/abb_ws/install/abb_gz_hardware/share/abb_gz_hardware/package.xml
