[3.039s] Invoking command in '/home/eia/rbi_2025/scara/scara_ws/build/scara_hardware_interface': CMAKE_PREFIX_PATH=${CMAKE_PREFIX_PATH}:/home/eia/rbi_2025/scara/scara_ws/install/scara_tf_generator:/home/eia/rbi_2025/scara/scara_ws/install/scara_path_generator:/home/eia/rbi_2025/scara/scara_ws/install/scara_path_controller:/home/eia/rbi_2025/scara/scara_ws/install/scara_mujoco_python_sim:/home/eia/rbi_2025/scara/scara_ws/install/scara_general_ik_solver:/home/eia/rbi_2025/scara/scara_ws/install/premade_path_publisher:/opt/ros/humble /usr/bin/cmake --build /home/eia/rbi_2025/scara/scara_ws/build/scara_hardware_interface -- -j12 -l12
[7.424s] [100%] Built target scara_hardware_interface
[7.481s] Invoked command in '/home/eia/rbi_2025/scara/scara_ws/build/scara_hardware_interface' returned '0': CMAKE_PREFIX_PATH=${CMAKE_PREFIX_PATH}:/home/eia/rbi_2025/scara/scara_ws/install/scara_tf_generator:/home/eia/rbi_2025/scara/scara_ws/install/scara_path_generator:/home/eia/rbi_2025/scara/scara_ws/install/scara_path_controller:/home/eia/rbi_2025/scara/scara_ws/install/scara_mujoco_python_sim:/home/eia/rbi_2025/scara/scara_ws/install/scara_general_ik_solver:/home/eia/rbi_2025/scara/scara_ws/install/premade_path_publisher:/opt/ros/humble /usr/bin/cmake --build /home/eia/rbi_2025/scara/scara_ws/build/scara_hardware_interface -- -j12 -l12
[7.488s] Invoking command in '/home/eia/rbi_2025/scara/scara_ws/build/scara_hardware_interface': CMAKE_PREFIX_PATH=${CMAKE_PREFIX_PATH}:/home/eia/rbi_2025/scara/scara_ws/install/scara_tf_generator:/home/eia/rbi_2025/scara/scara_ws/install/scara_path_generator:/home/eia/rbi_2025/scara/scara_ws/install/scara_path_controller:/home/eia/rbi_2025/scara/scara_ws/install/scara_mujoco_python_sim:/home/eia/rbi_2025/scara/scara_ws/install/scara_general_ik_solver:/home/eia/rbi_2025/scara/scara_ws/install/premade_path_publisher:/opt/ros/humble /usr/bin/cmake --install /home/eia/rbi_2025/scara/scara_ws/build/scara_hardware_interface
[7.622s] -- Install configuration: ""
[7.623s] -- Execute custom install script
[7.625s] -- Up-to-date symlink: /home/eia/rbi_2025/scara/scara_ws/install/scara_hardware_interface/share/scara_hardware_interface//scara_hardware_interface.xml
[7.626s] -- Up-to-date symlink: /home/eia/rbi_2025/scara/scara_ws/install/scara_hardware_interface/lib/libscara_hardware_interface.so
[7.627s] -- Up-to-date symlink: /home/eia/rbi_2025/scara/scara_ws/install/scara_hardware_interface/include/include/scara_hardware_interface/scara_hardware_interface.hpp
[7.627s] -- Up-to-date symlink: /home/eia/rbi_2025/scara/scara_ws/install/scara_hardware_interface/share/scara_hardware_interface/environment/library_path.sh
[7.628s] -- Up-to-date symlink: /home/eia/rbi_2025/scara/scara_ws/install/scara_hardware_interface/share/scara_hardware_interface/environment/library_path.dsv
[7.628s] -- Up-to-date symlink: /home/eia/rbi_2025/scara/scara_ws/install/scara_hardware_interface/share/ament_index/resource_index/package_run_dependencies/scara_hardware_interface
[7.629s] -- Up-to-date symlink: /home/eia/rbi_2025/scara/scara_ws/install/scara_hardware_interface/share/ament_index/resource_index/parent_prefix_path/scara_hardware_interface
[7.629s] -- Up-to-date symlink: /home/eia/rbi_2025/scara/scara_ws/install/scara_hardware_interface/share/scara_hardware_interface/environment/ament_prefix_path.sh
[7.630s] -- Up-to-date symlink: /home/eia/rbi_2025/scara/scara_ws/install/scara_hardware_interface/share/scara_hardware_interface/environment/ament_prefix_path.dsv
[7.631s] -- Up-to-date symlink: /home/eia/rbi_2025/scara/scara_ws/install/scara_hardware_interface/share/scara_hardware_interface/environment/path.sh
[7.631s] -- Up-to-date symlink: /home/eia/rbi_2025/scara/scara_ws/install/scara_hardware_interface/share/scara_hardware_interface/environment/path.dsv
[7.631s] -- Up-to-date symlink: /home/eia/rbi_2025/scara/scara_ws/install/scara_hardware_interface/share/scara_hardware_interface/local_setup.bash
[7.632s] -- Up-to-date symlink: /home/eia/rbi_2025/scara/scara_ws/install/scara_hardware_interface/share/scara_hardware_interface/local_setup.sh
[7.632s] -- Up-to-date symlink: /home/eia/rbi_2025/scara/scara_ws/install/scara_hardware_interface/share/scara_hardware_interface/local_setup.zsh
[7.633s] -- Up-to-date symlink: /home/eia/rbi_2025/scara/scara_ws/install/scara_hardware_interface/share/scara_hardware_interface/local_setup.dsv
[7.633s] -- Symlinking: /home/eia/rbi_2025/scara/scara_ws/install/scara_hardware_interface/share/scara_hardware_interface/package.dsv
[7.634s] -- Up-to-date symlink: /home/eia/rbi_2025/scara/scara_ws/install/scara_hardware_interface/share/ament_index/resource_index/packages/scara_hardware_interface
[7.634s] -- Up-to-date symlink: /home/eia/rbi_2025/scara/scara_ws/install/scara_hardware_interface/share/ament_index/resource_index/hardware_interface__pluginlib__plugin/scara_hardware_interface
[7.635s] -- Up-to-date symlink: /home/eia/rbi_2025/scara/scara_ws/install/scara_hardware_interface/share/scara_hardware_interface/cmake/ament_cmake_export_libraries-extras.cmake
[7.635s] -- Up-to-date symlink: /home/eia/rbi_2025/scara/scara_ws/install/scara_hardware_interface/share/scara_hardware_interface/cmake/ament_cmake_export_dependencies-extras.cmake
[7.638s] -- Up-to-date symlink: /home/eia/rbi_2025/scara/scara_ws/install/scara_hardware_interface/share/scara_hardware_interface/cmake/scara_hardware_interfaceConfig.cmake
[7.640s] -- Up-to-date symlink: /home/eia/rbi_2025/scara/scara_ws/install/scara_hardware_interface/share/scara_hardware_interface/cmake/scara_hardware_interfaceConfig-version.cmake
[7.641s] -- Up-to-date symlink: /home/eia/rbi_2025/scara/scara_ws/install/scara_hardware_interface/share/scara_hardware_interface/package.xml
[8.072s] Invoked command in '/home/eia/rbi_2025/scara/scara_ws/build/scara_hardware_interface' returned '0': CMAKE_PREFIX_PATH=${CMAKE_PREFIX_PATH}:/home/eia/rbi_2025/scara/scara_ws/install/scara_tf_generator:/home/eia/rbi_2025/scara/scara_ws/install/scara_path_generator:/home/eia/rbi_2025/scara/scara_ws/install/scara_path_controller:/home/eia/rbi_2025/scara/scara_ws/install/scara_mujoco_python_sim:/home/eia/rbi_2025/scara/scara_ws/install/scara_general_ik_solver:/home/eia/rbi_2025/scara/scara_ws/install/premade_path_publisher:/opt/ros/humble /usr/bin/cmake --install /home/eia/rbi_2025/scara/scara_ws/build/scara_hardware_interface
