[0.453s] Invoking command in '/home/eia/rbi_2025/abb/abb_ws/build/abb_mujoco_description': CMAKE_PREFIX_PATH=${CMAKE_PREFIX_PATH}:/home/eia/rbi_2025/abb/abb_ws/install/abb_tf_generator:/home/eia/rbi_2025/abb/abb_ws/install/abb_path_generator:/home/eia/rbi_2025/abb/abb_ws/install/abb_path_controller:/home/eia/rbi_2025/abb/abb_ws/install/abb_mujoco_python:/home/eia/rbi_2025/abb/abb_ws/install/abb_ik_solver:/home/eia/rbi_2025/scara/scara_ws/install/scara_tf_generator:/home/eia/rbi_2025/scara/scara_ws/install/scara_path_generator:/home/eia/rbi_2025/scara/scara_ws/install/scara_path_controller:/home/eia/rbi_2025/scara/scara_ws/install/scara_mujoco_python_sim:/home/eia/rbi_2025/scara/scara_ws/install/scara_general_ik_solver:/home/eia/rbi_2025/scara/scara_ws/install/premade_path_publisher:/opt/ros/humble /usr/bin/cmake /home/eia/rbi_2025/abb/abb_ws/src/abb_mujoco_description -DAMENT_CMAKE_SYMLINK_INSTALL=1 -DCMAKE_INSTALL_PREFIX=/home/eia/rbi_2025/abb/abb_ws/install/abb_mujoco_description
[1.975s] -- The C compiler identification is GNU 11.4.0
[1.975s] -- The CXX compiler identification is GNU 11.4.0
[1.975s] -- Detecting C compiler ABI info
[1.975s] -- Detecting C compiler ABI info - done
[1.976s] -- Check for working C compiler: /usr/bin/cc - skipped
[1.976s] -- Detecting C compile features
[1.976s] -- Detecting C compile features - done
[1.976s] -- Detecting CXX compiler ABI info
[1.976s] -- Detecting CXX compiler ABI info - done
[1.976s] -- Check for working CXX compiler: /usr/bin/c++ - skipped
[1.976s] -- Detecting CXX compile features
[1.976s] -- Detecting CXX compile features - done
[1.976s] -- Found ament_cmake: 1.3.12 (/opt/ros/humble/share/ament_cmake/cmake)
[1.976s] -- Found Python3: /usr/bin/python3 (found version "3.10.12") found components: Interpreter 
[1.976s] -- Override CMake install command with custom implementation using symlinks instead of copying resources
[1.976s] -- Configuring done
[1.976s] -- Generating done
[1.976s] -- Build files have been written to: /home/eia/rbi_2025/abb/abb_ws/build/abb_mujoco_description
[1.982s] Invoked command in '/home/eia/rbi_2025/abb/abb_ws/build/abb_mujoco_description' returned '0': CMAKE_PREFIX_PATH=${CMAKE_PREFIX_PATH}:/home/eia/rbi_2025/abb/abb_ws/install/abb_tf_generator:/home/eia/rbi_2025/abb/abb_ws/install/abb_path_generator:/home/eia/rbi_2025/abb/abb_ws/install/abb_path_controller:/home/eia/rbi_2025/abb/abb_ws/install/abb_mujoco_python:/home/eia/rbi_2025/abb/abb_ws/install/abb_ik_solver:/home/eia/rbi_2025/scara/scara_ws/install/scara_tf_generator:/home/eia/rbi_2025/scara/scara_ws/install/scara_path_generator:/home/eia/rbi_2025/scara/scara_ws/install/scara_path_controller:/home/eia/rbi_2025/scara/scara_ws/install/scara_mujoco_python_sim:/home/eia/rbi_2025/scara/scara_ws/install/scara_general_ik_solver:/home/eia/rbi_2025/scara/scara_ws/install/premade_path_publisher:/opt/ros/humble /usr/bin/cmake /home/eia/rbi_2025/abb/abb_ws/src/abb_mujoco_description -DAMENT_CMAKE_SYMLINK_INSTALL=1 -DCMAKE_INSTALL_PREFIX=/home/eia/rbi_2025/abb/abb_ws/install/abb_mujoco_description
[1.983s] Invoking command in '/home/eia/rbi_2025/abb/abb_ws/build/abb_mujoco_description': CMAKE_PREFIX_PATH=${CMAKE_PREFIX_PATH}:/home/eia/rbi_2025/abb/abb_ws/install/abb_tf_generator:/home/eia/rbi_2025/abb/abb_ws/install/abb_path_generator:/home/eia/rbi_2025/abb/abb_ws/install/abb_path_controller:/home/eia/rbi_2025/abb/abb_ws/install/abb_mujoco_python:/home/eia/rbi_2025/abb/abb_ws/install/abb_ik_solver:/home/eia/rbi_2025/scara/scara_ws/install/scara_tf_generator:/home/eia/rbi_2025/scara/scara_ws/install/scara_path_generator:/home/eia/rbi_2025/scara/scara_ws/install/scara_path_controller:/home/eia/rbi_2025/scara/scara_ws/install/scara_mujoco_python_sim:/home/eia/rbi_2025/scara/scara_ws/install/scara_general_ik_solver:/home/eia/rbi_2025/scara/scara_ws/install/premade_path_publisher:/opt/ros/humble /usr/bin/cmake --build /home/eia/rbi_2025/abb/abb_ws/build/abb_mujoco_description -- -j12 -l12
[2.038s] Invoked command in '/home/eia/rbi_2025/abb/abb_ws/build/abb_mujoco_description' returned '0': CMAKE_PREFIX_PATH=${CMAKE_PREFIX_PATH}:/home/eia/rbi_2025/abb/abb_ws/install/abb_tf_generator:/home/eia/rbi_2025/abb/abb_ws/install/abb_path_generator:/home/eia/rbi_2025/abb/abb_ws/install/abb_path_controller:/home/eia/rbi_2025/abb/abb_ws/install/abb_mujoco_python:/home/eia/rbi_2025/abb/abb_ws/install/abb_ik_solver:/home/eia/rbi_2025/scara/scara_ws/install/scara_tf_generator:/home/eia/rbi_2025/scara/scara_ws/install/scara_path_generator:/home/eia/rbi_2025/scara/scara_ws/install/scara_path_controller:/home/eia/rbi_2025/scara/scara_ws/install/scara_mujoco_python_sim:/home/eia/rbi_2025/scara/scara_ws/install/scara_general_ik_solver:/home/eia/rbi_2025/scara/scara_ws/install/premade_path_publisher:/opt/ros/humble /usr/bin/cmake --build /home/eia/rbi_2025/abb/abb_ws/build/abb_mujoco_description -- -j12 -l12
[2.040s] Invoking command in '/home/eia/rbi_2025/abb/abb_ws/build/abb_mujoco_description': CMAKE_PREFIX_PATH=${CMAKE_PREFIX_PATH}:/home/eia/rbi_2025/abb/abb_ws/install/abb_tf_generator:/home/eia/rbi_2025/abb/abb_ws/install/abb_path_generator:/home/eia/rbi_2025/abb/abb_ws/install/abb_path_controller:/home/eia/rbi_2025/abb/abb_ws/install/abb_mujoco_python:/home/eia/rbi_2025/abb/abb_ws/install/abb_ik_solver:/home/eia/rbi_2025/scara/scara_ws/install/scara_tf_generator:/home/eia/rbi_2025/scara/scara_ws/install/scara_path_generator:/home/eia/rbi_2025/scara/scara_ws/install/scara_path_controller:/home/eia/rbi_2025/scara/scara_ws/install/scara_mujoco_python_sim:/home/eia/rbi_2025/scara/scara_ws/install/scara_general_ik_solver:/home/eia/rbi_2025/scara/scara_ws/install/premade_path_publisher:/opt/ros/humble /usr/bin/cmake --install /home/eia/rbi_2025/abb/abb_ws/build/abb_mujoco_description
[2.047s] -- Install configuration: ""
[2.047s] -- Execute custom install script
[2.049s] -- Symlinking: /home/eia/rbi_2025/abb/abb_ws/install/abb_mujoco_description/share/abb_mujoco_description//urdf/MUJOCO_LOG.TXT
[2.058s] -- Symlinking: /home/eia/rbi_2025/abb/abb_ws/install/abb_mujoco_description/share/abb_mujoco_description//urdf/abb_description.urdf.xacro
[2.073s] -- Symlinking: /home/eia/rbi_2025/abb/abb_ws/install/abb_mujoco_description/share/abb_mujoco_description//launch/display.launch.xml
[2.082s] [31mCMake Error at ament_cmake_symlink_install/ament_cmake_symlink_install.cmake:100 (message):
[2.082s]   ament_cmake_symlink_install_directory() can't find
[2.082s]   '/home/eia/rbi_2025/abb/abb_ws/src/abb_mujoco_description/rviz'
[2.082s] Call Stack (most recent call first):
[2.082s]   ament_cmake_symlink_install/ament_cmake_symlink_install.cmake:314 (ament_cmake_symlink_install_directory)
[2.082s]   cmake_install.cmake:46 (include)
[2.082s] 
[2.083s] [0m
[2.085s] Invoked command in '/home/eia/rbi_2025/abb/abb_ws/build/abb_mujoco_description' returned '1': CMAKE_PREFIX_PATH=${CMAKE_PREFIX_PATH}:/home/eia/rbi_2025/abb/abb_ws/install/abb_tf_generator:/home/eia/rbi_2025/abb/abb_ws/install/abb_path_generator:/home/eia/rbi_2025/abb/abb_ws/install/abb_path_controller:/home/eia/rbi_2025/abb/abb_ws/install/abb_mujoco_python:/home/eia/rbi_2025/abb/abb_ws/install/abb_ik_solver:/home/eia/rbi_2025/scara/scara_ws/install/scara_tf_generator:/home/eia/rbi_2025/scara/scara_ws/install/scara_path_generator:/home/eia/rbi_2025/scara/scara_ws/install/scara_path_controller:/home/eia/rbi_2025/scara/scara_ws/install/scara_mujoco_python_sim:/home/eia/rbi_2025/scara/scara_ws/install/scara_general_ik_solver:/home/eia/rbi_2025/scara/scara_ws/install/premade_path_publisher:/opt/ros/humble /usr/bin/cmake --install /home/eia/rbi_2025/abb/abb_ws/build/abb_mujoco_description
