[0.095s] Invoking command in '/abb_ws/build/abb_gz_description': CMAKE_PREFIX_PATH=/opt/ros/humble /usr/bin/cmake --build /abb_ws/build/abb_gz_description -- -j12 -l12
[1.912s] Invoked command in '/abb_ws/build/abb_gz_description' returned '0': CMAKE_PREFIX_PATH=/opt/ros/humble /usr/bin/cmake --build /abb_ws/build/abb_gz_description -- -j12 -l12
[1.914s] Invoking command in '/abb_ws/build/abb_gz_description': CMAKE_PREFIX_PATH=/opt/ros/humble /usr/bin/cmake --install /abb_ws/build/abb_gz_description
[1.937s] -- Install configuration: ""
[1.937s] -- Execute custom install script
[1.938s] -- Up-to-date symlink: /abb_ws/install/abb_gz_description/share/abb_gz_description//urdf/common_properties.xacro
[1.938s] -- Up-to-date symlink: /abb_ws/install/abb_gz_description/share/abb_gz_description//urdf/irb140.urdf.xacro
[1.938s] -- Up-to-date symlink: /abb_ws/install/abb_gz_description/share/abb_gz_description//urdf/irb140_description.xacro
[1.941s] -- Up-to-date symlink: /abb_ws/install/abb_gz_description/share/abb_gz_description//launch/display.launch.xml
[1.942s] -- Up-to-date symlink: /abb_ws/install/abb_gz_description/share/abb_gz_description//meshes/irb140/collision/base_link.stl
[1.942s] -- Up-to-date symlink: /abb_ws/install/abb_gz_description/share/abb_gz_description//meshes/irb140/collision/link_1.stl
[1.942s] -- Up-to-date symlink: /abb_ws/install/abb_gz_description/share/abb_gz_description//meshes/irb140/collision/link_2.stl
[1.943s] -- Up-to-date symlink: /abb_ws/install/abb_gz_description/share/abb_gz_description//meshes/irb140/collision/link_3.stl
[1.943s] -- Up-to-date symlink: /abb_ws/install/abb_gz_description/share/abb_gz_description//meshes/irb140/collision/link_4.stl
[1.943s] -- Up-to-date symlink: /abb_ws/install/abb_gz_description/share/abb_gz_description//meshes/irb140/collision/link_5.stl
[1.944s] -- Up-to-date symlink: /abb_ws/install/abb_gz_description/share/abb_gz_description//meshes/irb140/collision/link_6.stl
[1.944s] -- Up-to-date symlink: /abb_ws/install/abb_gz_description/share/abb_gz_description//meshes/irb140/visual/base_link.stl
[1.944s] -- Up-to-date symlink: /abb_ws/install/abb_gz_description/share/abb_gz_description//meshes/irb140/visual/link_1.stl
[1.944s] -- Up-to-date symlink: /abb_ws/install/abb_gz_description/share/abb_gz_description//meshes/irb140/visual/link_2.stl
[1.945s] -- Up-to-date symlink: /abb_ws/install/abb_gz_description/share/abb_gz_description//meshes/irb140/visual/link_3.stl
[1.945s] -- Up-to-date symlink: /abb_ws/install/abb_gz_description/share/abb_gz_description//meshes/irb140/visual/link_4.stl
[1.946s] -- Up-to-date symlink: /abb_ws/install/abb_gz_description/share/abb_gz_description//meshes/irb140/visual/link_5.stl
[1.947s] -- Up-to-date symlink: /abb_ws/install/abb_gz_description/share/abb_gz_description//meshes/irb140/visual/link_6.stl
[1.948s] -- Up-to-date symlink: /abb_ws/install/abb_gz_description/share/ament_index/resource_index/package_run_dependencies/abb_gz_description
[1.948s] -- Up-to-date symlink: /abb_ws/install/abb_gz_description/share/ament_index/resource_index/parent_prefix_path/abb_gz_description
[1.949s] -- Up-to-date symlink: /abb_ws/install/abb_gz_description/share/abb_gz_description/environment/ament_prefix_path.sh
[1.949s] -- Up-to-date symlink: /abb_ws/install/abb_gz_description/share/abb_gz_description/environment/ament_prefix_path.dsv
[1.950s] -- Up-to-date symlink: /abb_ws/install/abb_gz_description/share/abb_gz_description/environment/path.sh
[1.950s] -- Up-to-date symlink: /abb_ws/install/abb_gz_description/share/abb_gz_description/environment/path.dsv
[1.950s] -- Up-to-date symlink: /abb_ws/install/abb_gz_description/share/abb_gz_description/local_setup.bash
[1.950s] -- Up-to-date symlink: /abb_ws/install/abb_gz_description/share/abb_gz_description/local_setup.sh
[1.950s] -- Up-to-date symlink: /abb_ws/install/abb_gz_description/share/abb_gz_description/local_setup.zsh
[1.951s] -- Up-to-date symlink: /abb_ws/install/abb_gz_description/share/abb_gz_description/local_setup.dsv
[1.951s] -- Symlinking: /abb_ws/install/abb_gz_description/share/abb_gz_description/package.dsv
[1.952s] -- Up-to-date symlink: /abb_ws/install/abb_gz_description/share/ament_index/resource_index/packages/abb_gz_description
[1.953s] -- Up-to-date symlink: /abb_ws/install/abb_gz_description/share/abb_gz_description/cmake/abb_gz_descriptionConfig.cmake
[1.953s] -- Up-to-date symlink: /abb_ws/install/abb_gz_description/share/abb_gz_description/cmake/abb_gz_descriptionConfig-version.cmake
[1.953s] -- Up-to-date symlink: /abb_ws/install/abb_gz_description/share/abb_gz_description/package.xml
[2.045s] Invoked command in '/abb_ws/build/abb_gz_description' returned '0': CMAKE_PREFIX_PATH=/opt/ros/humble /usr/bin/cmake --install /abb_ws/build/abb_gz_description
