[1.103s] Invoking command in '/home/eia/rbi_2025/rov/rov_ws/build/rov_mujoco_sim': CMAKE_PREFIX_PATH=${CMAKE_PREFIX_PATH}:/home/eia/rbi_2025/rov/rov_ws/install/rov_position_controller:/home/eia/rbi_2025/rov/rov_ws/install/rov_path_generator:/home/eia/rbi_2025/rov/rov_ws/install/rov_path_follower:/home/eia/rbi_2025/rov/rov_ws/install/rov_attitude_controller:/home/eia/rbi_2025/rov/rov_ws/install/direct_control:/home/eia/repo/rbi_2025_2/rov/rov_ws/install/rov_position_controller:/home/eia/repo/rbi_2025_2/rov/rov_ws/install/rov_path_generator:/home/eia/repo/rbi_2025_2/rov/rov_ws/install/rov_path_follower:/home/eia/repo/rbi_2025_2/rov/rov_ws/install/rov_attitude_controller:/home/eia/repo/rbi_2025_2/rov/rov_ws/install/direct_control:/opt/ros/humble /usr/bin/cmake --build /home/eia/rbi_2025/rov/rov_ws/build/rov_mujoco_sim -- -j12 -l12
[2.783s] [ 25%] [32mBuilding CXX object CMakeFiles/rov_mujoco_sim_direct.dir/src/mujoco_interface.cpp.o[0m
[2.784s] [ 50%] [32mBuilding CXX object CMakeFiles/rov_mujoco_sim.dir/src/mujoco_sim_interface.cpp.o[0m
[5.400s] In file included from [01m[K/opt/ros/humble/include/rclcpp/rclcpp/logging.hpp:24[m[K,
[5.400s]                  from [01m[K/opt/ros/humble/include/rclcpp/rclcpp/client.hpp:40[m[K,
[5.401s]                  from [01m[K/opt/ros/humble/include/rclcpp/rclcpp/callback_group.hpp:24[m[K,
[5.401s]                  from [01m[K/opt/ros/humble/include/rclcpp/rclcpp/any_executable.hpp:20[m[K,
[5.401s]                  from [01m[K/opt/ros/humble/include/rclcpp/rclcpp/memory_strategy.hpp:25[m[K,
[5.401s]                  from [01m[K/opt/ros/humble/include/rclcpp/rclcpp/memory_strategies.hpp:18[m[K,
[5.401s]                  from [01m[K/opt/ros/humble/include/rclcpp/rclcpp/executor_options.hpp:20[m[K,
[5.401s]                  from [01m[K/opt/ros/humble/include/rclcpp/rclcpp/executor.hpp:37[m[K,
[5.401s]                  from [01m[K/opt/ros/humble/include/rclcpp/rclcpp/executors/multi_threaded_executor.hpp:25[m[K,
[5.401s]                  from [01m[K/opt/ros/humble/include/rclcpp/rclcpp/executors.hpp:21[m[K,
[5.401s]                  from [01m[K/opt/ros/humble/include/rclcpp/rclcpp/rclcpp.hpp:155[m[K,
[5.401s]                  from [01m[K/home/eia/rbi_2025/rov/rov_ws/src/rov_mujoco_sim/include/rov_sim/mujoco_sim_interface.hpp:20[m[K,
[5.401s]                  from [01m[K/home/eia/rbi_2025/rov/rov_ws/src/rov_mujoco_sim/src/mujoco_sim_interface.cpp:1[m[K:
[5.401s] [01m[K/home/eia/rbi_2025/rov/rov_ws/src/rov_mujoco_sim/src/mujoco_sim_interface.cpp:[m[K In member function ‘[01m[Kvirtual hardware_interface::CallbackReturn rov_simulator_layer::RovSimulatorInterface::on_configure(const rclcpp_lifecycle::State&)[m[K’:
[5.401s] [01m[K/home/eia/rbi_2025/rov/rov_ws/src/rov_mujoco_sim/src/mujoco_sim_interface.cpp:27:52:[m[K [01;35m[Kwarning: [m[Kformat not a string literal and no format arguments [[01;35m[K]8;;https://gcc.gnu.org/onlinedocs/gcc/Warning-Options.html#index-Wformat-security-Wformat-security]8;;[m[K]
[5.401s]    27 |         RCLCPP_INFO(rclcpp::get_logger("rov sim"), [01;35m[Kerr_string[m[K);
[5.402s]       |                                                    [01;35m[K^~~~~~~~~~[m[K
[7.138s] [ 75%] [32m[1mLinking CXX shared library librov_mujoco_sim.so[0m
[7.343s] [ 75%] Built target rov_mujoco_sim
[11.157s] [100%] [32m[1mLinking CXX executable rov_mujoco_sim_direct[0m
[11.665s] [100%] Built target rov_mujoco_sim_direct
[11.678s] Invoked command in '/home/eia/rbi_2025/rov/rov_ws/build/rov_mujoco_sim' returned '0': CMAKE_PREFIX_PATH=${CMAKE_PREFIX_PATH}:/home/eia/rbi_2025/rov/rov_ws/install/rov_position_controller:/home/eia/rbi_2025/rov/rov_ws/install/rov_path_generator:/home/eia/rbi_2025/rov/rov_ws/install/rov_path_follower:/home/eia/rbi_2025/rov/rov_ws/install/rov_attitude_controller:/home/eia/rbi_2025/rov/rov_ws/install/direct_control:/home/eia/repo/rbi_2025_2/rov/rov_ws/install/rov_position_controller:/home/eia/repo/rbi_2025_2/rov/rov_ws/install/rov_path_generator:/home/eia/repo/rbi_2025_2/rov/rov_ws/install/rov_path_follower:/home/eia/repo/rbi_2025_2/rov/rov_ws/install/rov_attitude_controller:/home/eia/repo/rbi_2025_2/rov/rov_ws/install/direct_control:/opt/ros/humble /usr/bin/cmake --build /home/eia/rbi_2025/rov/rov_ws/build/rov_mujoco_sim -- -j12 -l12
[11.680s] Invoking command in '/home/eia/rbi_2025/rov/rov_ws/build/rov_mujoco_sim': CMAKE_PREFIX_PATH=${CMAKE_PREFIX_PATH}:/home/eia/rbi_2025/rov/rov_ws/install/rov_position_controller:/home/eia/rbi_2025/rov/rov_ws/install/rov_path_generator:/home/eia/rbi_2025/rov/rov_ws/install/rov_path_follower:/home/eia/rbi_2025/rov/rov_ws/install/rov_attitude_controller:/home/eia/rbi_2025/rov/rov_ws/install/direct_control:/home/eia/repo/rbi_2025_2/rov/rov_ws/install/rov_position_controller:/home/eia/repo/rbi_2025_2/rov/rov_ws/install/rov_path_generator:/home/eia/repo/rbi_2025_2/rov/rov_ws/install/rov_path_follower:/home/eia/repo/rbi_2025_2/rov/rov_ws/install/rov_attitude_controller:/home/eia/repo/rbi_2025_2/rov/rov_ws/install/direct_control:/opt/ros/humble /usr/bin/cmake --install /home/eia/rbi_2025/rov/rov_ws/build/rov_mujoco_sim
[11.688s] -- Install configuration: ""
[11.688s] -- Execute custom install script
[11.689s] -- Up-to-date symlink: /home/eia/rbi_2025/rov/rov_ws/install/rov_mujoco_sim/share/rov_mujoco_sim//rov_hardware_interface.xml
[11.689s] -- Up-to-date symlink: /home/eia/rbi_2025/rov/rov_ws/install/rov_mujoco_sim/lib/librov_mujoco_sim.so
[11.689s] -- Up-to-date symlink: /home/eia/rbi_2025/rov/rov_ws/install/rov_mujoco_sim/include/include/rov_sim/mujoco_interface.hpp
[11.689s] -- Up-to-date symlink: /home/eia/rbi_2025/rov/rov_ws/install/rov_mujoco_sim/include/include/rov_sim/mujoco_sim_interface.hpp
[11.690s] -- Up-to-date symlink: /home/eia/rbi_2025/rov/rov_ws/install/rov_mujoco_sim/share/rov_mujoco_sim/environment/library_path.sh
[11.690s] -- Up-to-date symlink: /home/eia/rbi_2025/rov/rov_ws/install/rov_mujoco_sim/share/rov_mujoco_sim/environment/library_path.dsv
[11.690s] -- Up-to-date symlink: /home/eia/rbi_2025/rov/rov_ws/install/rov_mujoco_sim/lib/rov_mujoco_sim/rov_mujoco_sim_direct
[11.690s] -- Up-to-date symlink: /home/eia/rbi_2025/rov/rov_ws/install/rov_mujoco_sim/share/ament_index/resource_index/package_run_dependencies/rov_mujoco_sim
[11.690s] -- Up-to-date symlink: /home/eia/rbi_2025/rov/rov_ws/install/rov_mujoco_sim/share/ament_index/resource_index/parent_prefix_path/rov_mujoco_sim
[11.691s] -- Up-to-date symlink: /home/eia/rbi_2025/rov/rov_ws/install/rov_mujoco_sim/share/rov_mujoco_sim/environment/ament_prefix_path.sh
[11.691s] -- Up-to-date symlink: /home/eia/rbi_2025/rov/rov_ws/install/rov_mujoco_sim/share/rov_mujoco_sim/environment/ament_prefix_path.dsv
[11.691s] -- Up-to-date symlink: /home/eia/rbi_2025/rov/rov_ws/install/rov_mujoco_sim/share/rov_mujoco_sim/environment/path.sh
[11.691s] -- Up-to-date symlink: /home/eia/rbi_2025/rov/rov_ws/install/rov_mujoco_sim/share/rov_mujoco_sim/environment/path.dsv
[11.691s] -- Up-to-date symlink: /home/eia/rbi_2025/rov/rov_ws/install/rov_mujoco_sim/share/rov_mujoco_sim/local_setup.bash
[11.691s] -- Up-to-date symlink: /home/eia/rbi_2025/rov/rov_ws/install/rov_mujoco_sim/share/rov_mujoco_sim/local_setup.sh
[11.691s] -- Up-to-date symlink: /home/eia/rbi_2025/rov/rov_ws/install/rov_mujoco_sim/share/rov_mujoco_sim/local_setup.zsh
[11.692s] -- Up-to-date symlink: /home/eia/rbi_2025/rov/rov_ws/install/rov_mujoco_sim/share/rov_mujoco_sim/local_setup.dsv
[11.692s] -- Symlinking: /home/eia/rbi_2025/rov/rov_ws/install/rov_mujoco_sim/share/rov_mujoco_sim/package.dsv
[11.700s] -- Up-to-date symlink: /home/eia/rbi_2025/rov/rov_ws/install/rov_mujoco_sim/share/ament_index/resource_index/packages/rov_mujoco_sim
[11.700s] -- Up-to-date symlink: /home/eia/rbi_2025/rov/rov_ws/install/rov_mujoco_sim/share/ament_index/resource_index/hardware_interface__pluginlib__plugin/rov_mujoco_sim
[11.700s] -- Up-to-date symlink: /home/eia/rbi_2025/rov/rov_ws/install/rov_mujoco_sim/share/rov_mujoco_sim/cmake/ament_cmake_export_libraries-extras.cmake
[11.700s] -- Up-to-date symlink: /home/eia/rbi_2025/rov/rov_ws/install/rov_mujoco_sim/share/rov_mujoco_sim/cmake/ament_cmake_export_dependencies-extras.cmake
[11.701s] -- Up-to-date symlink: /home/eia/rbi_2025/rov/rov_ws/install/rov_mujoco_sim/share/rov_mujoco_sim/cmake/rov_mujoco_simConfig.cmake
[11.701s] -- Up-to-date symlink: /home/eia/rbi_2025/rov/rov_ws/install/rov_mujoco_sim/share/rov_mujoco_sim/cmake/rov_mujoco_simConfig-version.cmake
[11.701s] -- Up-to-date symlink: /home/eia/rbi_2025/rov/rov_ws/install/rov_mujoco_sim/share/rov_mujoco_sim/package.xml
[11.703s] Invoked command in '/home/eia/rbi_2025/rov/rov_ws/build/rov_mujoco_sim' returned '0': CMAKE_PREFIX_PATH=${CMAKE_PREFIX_PATH}:/home/eia/rbi_2025/rov/rov_ws/install/rov_position_controller:/home/eia/rbi_2025/rov/rov_ws/install/rov_path_generator:/home/eia/rbi_2025/rov/rov_ws/install/rov_path_follower:/home/eia/rbi_2025/rov/rov_ws/install/rov_attitude_controller:/home/eia/rbi_2025/rov/rov_ws/install/direct_control:/home/eia/repo/rbi_2025_2/rov/rov_ws/install/rov_position_controller:/home/eia/repo/rbi_2025_2/rov/rov_ws/install/rov_path_generator:/home/eia/repo/rbi_2025_2/rov/rov_ws/install/rov_path_follower:/home/eia/repo/rbi_2025_2/rov/rov_ws/install/rov_attitude_controller:/home/eia/repo/rbi_2025_2/rov/rov_ws/install/direct_control:/opt/ros/humble /usr/bin/cmake --install /home/eia/rbi_2025/rov/rov_ws/build/rov_mujoco_sim
