[2.700s] Invoking command in '/home/eia/repo/rbi_2025_2/scara/scara_ws/build/premade_path_publisher': PYTHONPATH=/home/eia/repo/rbi_2025_2/scara/scara_ws/build/premade_path_publisher/prefix_override:/home/eia/.local/lib/python3.10/site-packages/colcon_core/task/python/colcon_distutils_commands:/home/eia/repo/rbi_2025_2/scara/scara_ws/install/premade_path_publisher/lib/python3.10/site-packages:${PYTHONPATH} /usr/bin/python3 -W ignore:setup.py install is deprecated -W ignore:easy_install command is deprecated setup.py develop --editable --build-directory /home/eia/repo/rbi_2025_2/scara/scara_ws/build/premade_path_publisher/build --no-deps symlink_data
[3.144s] running develop
[3.435s] running egg_info
[3.435s] creating premade_path_publisher.egg-info
[3.436s] writing premade_path_publisher.egg-info/PKG-INFO
[3.436s] writing dependency_links to premade_path_publisher.egg-info/dependency_links.txt
[3.436s] writing entry points to premade_path_publisher.egg-info/entry_points.txt
[3.436s] writing requirements to premade_path_publisher.egg-info/requires.txt
[3.436s] writing top-level names to premade_path_publisher.egg-info/top_level.txt
[3.437s] writing manifest file 'premade_path_publisher.egg-info/SOURCES.txt'
[3.438s] reading manifest file 'premade_path_publisher.egg-info/SOURCES.txt'
[3.439s] writing manifest file 'premade_path_publisher.egg-info/SOURCES.txt'
[3.490s] running build_ext
[3.491s] Creating /home/eia/repo/rbi_2025_2/scara/scara_ws/install/premade_path_publisher/lib/python3.10/site-packages/premade-path-publisher.egg-link (link to .)
[3.491s] Installing premade_path_publisher script to /home/eia/repo/rbi_2025_2/scara/scara_ws/install/premade_path_publisher/lib/premade_path_publisher
[3.492s] 
[3.492s] Installed /home/eia/repo/rbi_2025_2/scara/scara_ws/build/premade_path_publisher
[3.492s] running symlink_data
[3.492s] creating /home/eia/repo/rbi_2025_2/scara/scara_ws/install/premade_path_publisher/share/ament_index
[3.492s] creating /home/eia/repo/rbi_2025_2/scara/scara_ws/install/premade_path_publisher/share/ament_index/resource_index
[3.492s] creating /home/eia/repo/rbi_2025_2/scara/scara_ws/install/premade_path_publisher/share/ament_index/resource_index/packages
[3.492s] symbolically linking /home/eia/repo/rbi_2025_2/scara/scara_ws/build/premade_path_publisher/resource/premade_path_publisher -> /home/eia/repo/rbi_2025_2/scara/scara_ws/install/premade_path_publisher/share/ament_index/resource_index/packages
[3.493s] symbolically linking /home/eia/repo/rbi_2025_2/scara/scara_ws/build/premade_path_publisher/package.xml -> /home/eia/repo/rbi_2025_2/scara/scara_ws/install/premade_path_publisher/share/premade_path_publisher
[3.493s] creating /home/eia/repo/rbi_2025_2/scara/scara_ws/install/premade_path_publisher/share/premade_path_publisher/launch
[3.493s] creating /home/eia/repo/rbi_2025_2/scara/scara_ws/install/premade_path_publisher/share/premade_path_publisher/descriptions
[3.494s] creating /home/eia/repo/rbi_2025_2/scara/scara_ws/install/premade_path_publisher/share/premade_path_publisher/config
[3.494s] symbolically linking /home/eia/repo/rbi_2025_2/scara/scara_ws/build/premade_path_publisher/config/path_square.txt -> /home/eia/repo/rbi_2025_2/scara/scara_ws/install/premade_path_publisher/share/premade_path_publisher/config
[3.494s] symbolically linking /home/eia/repo/rbi_2025_2/scara/scara_ws/build/premade_path_publisher/config/heart_path.txt -> /home/eia/repo/rbi_2025_2/scara/scara_ws/install/premade_path_publisher/share/premade_path_publisher/config
[3.494s] symbolically linking /home/eia/repo/rbi_2025_2/scara/scara_ws/build/premade_path_publisher/config/path.txt -> /home/eia/repo/rbi_2025_2/scara/scara_ws/install/premade_path_publisher/share/premade_path_publisher/config
[3.534s] Invoked command in '/home/eia/repo/rbi_2025_2/scara/scara_ws/build/premade_path_publisher' returned '0': PYTHONPATH=/home/eia/repo/rbi_2025_2/scara/scara_ws/build/premade_path_publisher/prefix_override:/home/eia/.local/lib/python3.10/site-packages/colcon_core/task/python/colcon_distutils_commands:/home/eia/repo/rbi_2025_2/scara/scara_ws/install/premade_path_publisher/lib/python3.10/site-packages:${PYTHONPATH} /usr/bin/python3 -W ignore:setup.py install is deprecated -W ignore:easy_install command is deprecated setup.py develop --editable --build-directory /home/eia/repo/rbi_2025_2/scara/scara_ws/build/premade_path_publisher/build --no-deps symlink_data
