[0.518s] Invoking command in '/home/eia/rbi_2025/scara/scara_ws/build/scara_real_description': CMAKE_PREFIX_PATH=${CMAKE_PREFIX_PATH}:/home/eia/rbi_2025/scara/scara_ws/install/scara_tf_generator:/home/eia/rbi_2025/scara/scara_ws/install/scara_path_generator:/home/eia/rbi_2025/scara/scara_ws/install/scara_path_controller:/home/eia/rbi_2025/scara/scara_ws/install/scara_mujoco_python_sim:/home/eia/rbi_2025/scara/scara_ws/install/scara_general_ik_solver:/home/eia/rbi_2025/scara/scara_ws/install/premade_path_publisher:/opt/ros/humble /usr/bin/cmake --build /home/eia/rbi_2025/scara/scara_ws/build/scara_real_description -- -j12 -l12
[2.148s] Invoked command in '/home/eia/rbi_2025/scara/scara_ws/build/scara_real_description' returned '0': CMAKE_PREFIX_PATH=${CMAKE_PREFIX_PATH}:/home/eia/rbi_2025/scara/scara_ws/install/scara_tf_generator:/home/eia/rbi_2025/scara/scara_ws/install/scara_path_generator:/home/eia/rbi_2025/scara/scara_ws/install/scara_path_controller:/home/eia/rbi_2025/scara/scara_ws/install/scara_mujoco_python_sim:/home/eia/rbi_2025/scara/scara_ws/install/scara_general_ik_solver:/home/eia/rbi_2025/scara/scara_ws/install/premade_path_publisher:/opt/ros/humble /usr/bin/cmake --build /home/eia/rbi_2025/scara/scara_ws/build/scara_real_description -- -j12 -l12
[2.151s] Invoking command in '/home/eia/rbi_2025/scara/scara_ws/build/scara_real_description': CMAKE_PREFIX_PATH=${CMAKE_PREFIX_PATH}:/home/eia/rbi_2025/scara/scara_ws/install/scara_tf_generator:/home/eia/rbi_2025/scara/scara_ws/install/scara_path_generator:/home/eia/rbi_2025/scara/scara_ws/install/scara_path_controller:/home/eia/rbi_2025/scara/scara_ws/install/scara_mujoco_python_sim:/home/eia/rbi_2025/scara/scara_ws/install/scara_general_ik_solver:/home/eia/rbi_2025/scara/scara_ws/install/premade_path_publisher:/opt/ros/humble /usr/bin/cmake --install /home/eia/rbi_2025/scara/scara_ws/build/scara_real_description
[2.158s] -- Install configuration: ""
[2.160s] -- Execute custom install script
[2.163s] -- Up-to-date symlink: /home/eia/rbi_2025/scara/scara_ws/install/scara_real_description/share/scara_real_description//urdf/common_properties.xacro
[2.164s] -- Up-to-date symlink: /home/eia/rbi_2025/scara/scara_ws/install/scara_real_description/share/scara_real_description//urdf/scara.urdf.xacro
[2.164s] -- Up-to-date symlink: /home/eia/rbi_2025/scara/scara_ws/install/scara_real_description/share/scara_real_description//urdf/scara_description.xacro
[2.166s] -- Up-to-date symlink: /home/eia/rbi_2025/scara/scara_ws/install/scara_real_description/share/scara_real_description//launch/display.launch.xml
[2.167s] -- Up-to-date symlink: /home/eia/rbi_2025/scara/scara_ws/install/scara_real_description/share/ament_index/resource_index/package_run_dependencies/scara_real_description
[2.168s] -- Up-to-date symlink: /home/eia/rbi_2025/scara/scara_ws/install/scara_real_description/share/ament_index/resource_index/parent_prefix_path/scara_real_description
[2.169s] -- Up-to-date symlink: /home/eia/rbi_2025/scara/scara_ws/install/scara_real_description/share/scara_real_description/environment/ament_prefix_path.sh
[2.170s] -- Up-to-date symlink: /home/eia/rbi_2025/scara/scara_ws/install/scara_real_description/share/scara_real_description/environment/ament_prefix_path.dsv
[2.171s] -- Up-to-date symlink: /home/eia/rbi_2025/scara/scara_ws/install/scara_real_description/share/scara_real_description/environment/path.sh
[2.172s] -- Up-to-date symlink: /home/eia/rbi_2025/scara/scara_ws/install/scara_real_description/share/scara_real_description/environment/path.dsv
[2.173s] -- Up-to-date symlink: /home/eia/rbi_2025/scara/scara_ws/install/scara_real_description/share/scara_real_description/local_setup.bash
[2.174s] -- Up-to-date symlink: /home/eia/rbi_2025/scara/scara_ws/install/scara_real_description/share/scara_real_description/local_setup.sh
[2.175s] -- Up-to-date symlink: /home/eia/rbi_2025/scara/scara_ws/install/scara_real_description/share/scara_real_description/local_setup.zsh
[2.176s] -- Up-to-date symlink: /home/eia/rbi_2025/scara/scara_ws/install/scara_real_description/share/scara_real_description/local_setup.dsv
[2.177s] -- Symlinking: /home/eia/rbi_2025/scara/scara_ws/install/scara_real_description/share/scara_real_description/package.dsv
[2.222s] -- Up-to-date symlink: /home/eia/rbi_2025/scara/scara_ws/install/scara_real_description/share/ament_index/resource_index/packages/scara_real_description
[2.223s] -- Up-to-date symlink: /home/eia/rbi_2025/scara/scara_ws/install/scara_real_description/share/scara_real_description/cmake/scara_real_descriptionConfig.cmake
[2.223s] -- Up-to-date symlink: /home/eia/rbi_2025/scara/scara_ws/install/scara_real_description/share/scara_real_description/cmake/scara_real_descriptionConfig-version.cmake
[2.224s] -- Up-to-date symlink: /home/eia/rbi_2025/scara/scara_ws/install/scara_real_description/share/scara_real_description/package.xml
[2.233s] Invoked command in '/home/eia/rbi_2025/scara/scara_ws/build/scara_real_description' returned '0': CMAKE_PREFIX_PATH=${CMAKE_PREFIX_PATH}:/home/eia/rbi_2025/scara/scara_ws/install/scara_tf_generator:/home/eia/rbi_2025/scara/scara_ws/install/scara_path_generator:/home/eia/rbi_2025/scara/scara_ws/install/scara_path_controller:/home/eia/rbi_2025/scara/scara_ws/install/scara_mujoco_python_sim:/home/eia/rbi_2025/scara/scara_ws/install/scara_general_ik_solver:/home/eia/rbi_2025/scara/scara_ws/install/premade_path_publisher:/opt/ros/humble /usr/bin/cmake --install /home/eia/rbi_2025/scara/scara_ws/build/scara_real_description
