[7.026s] Invoking command in '/home/eia/rbi_2025/scara/scara_ws/build/scara_real_bringup': CMAKE_PREFIX_PATH=${CMAKE_PREFIX_PATH}:/home/eia/rbi_2025/scara/scara_ws/install/scara_tf_generator:/home/eia/rbi_2025/scara/scara_ws/install/scara_path_generator:/home/eia/rbi_2025/scara/scara_ws/install/scara_path_controller:/home/eia/rbi_2025/scara/scara_ws/install/scara_mujoco_python_sim:/home/eia/rbi_2025/scara/scara_ws/install/scara_general_ik_solver:/home/eia/rbi_2025/scara/scara_ws/install/premade_path_publisher:/opt/ros/humble /usr/bin/cmake --build /home/eia/rbi_2025/scara/scara_ws/build/scara_real_bringup -- -j12 -l12
[7.458s] Invoked command in '/home/eia/rbi_2025/scara/scara_ws/build/scara_real_bringup' returned '0': CMAKE_PREFIX_PATH=${CMAKE_PREFIX_PATH}:/home/eia/rbi_2025/scara/scara_ws/install/scara_tf_generator:/home/eia/rbi_2025/scara/scara_ws/install/scara_path_generator:/home/eia/rbi_2025/scara/scara_ws/install/scara_path_controller:/home/eia/rbi_2025/scara/scara_ws/install/scara_mujoco_python_sim:/home/eia/rbi_2025/scara/scara_ws/install/scara_general_ik_solver:/home/eia/rbi_2025/scara/scara_ws/install/premade_path_publisher:/opt/ros/humble /usr/bin/cmake --build /home/eia/rbi_2025/scara/scara_ws/build/scara_real_bringup -- -j12 -l12
[7.466s] Invoking command in '/home/eia/rbi_2025/scara/scara_ws/build/scara_real_bringup': CMAKE_PREFIX_PATH=${CMAKE_PREFIX_PATH}:/home/eia/rbi_2025/scara/scara_ws/install/scara_tf_generator:/home/eia/rbi_2025/scara/scara_ws/install/scara_path_generator:/home/eia/rbi_2025/scara/scara_ws/install/scara_path_controller:/home/eia/rbi_2025/scara/scara_ws/install/scara_mujoco_python_sim:/home/eia/rbi_2025/scara/scara_ws/install/scara_general_ik_solver:/home/eia/rbi_2025/scara/scara_ws/install/premade_path_publisher:/opt/ros/humble /usr/bin/cmake --install /home/eia/rbi_2025/scara/scara_ws/build/scara_real_bringup
[7.797s] -- Install configuration: ""
[7.798s] -- Execute custom install script
[7.799s] -- Up-to-date symlink: /home/eia/rbi_2025/scara/scara_ws/install/scara_real_bringup/share/scara_real_bringup//launch/scara_bringup.launch.xml
[7.800s] -- Up-to-date symlink: /home/eia/rbi_2025/scara/scara_ws/install/scara_real_bringup/share/scara_real_bringup//config/controllers.yaml
[7.801s] -- Up-to-date symlink: /home/eia/rbi_2025/scara/scara_ws/install/scara_real_bringup/share/scara_real_bringup//config/gazebo_bridge.yaml
[7.802s] -- Up-to-date symlink: /home/eia/rbi_2025/scara/scara_ws/install/scara_real_bringup/share/scara_real_bringup//config/scara_config.rviz
[7.802s] -- Up-to-date symlink: /home/eia/rbi_2025/scara/scara_ws/install/scara_real_bringup/share/ament_index/resource_index/package_run_dependencies/scara_real_bringup
[7.803s] -- Up-to-date symlink: /home/eia/rbi_2025/scara/scara_ws/install/scara_real_bringup/share/ament_index/resource_index/parent_prefix_path/scara_real_bringup
[7.804s] -- Up-to-date symlink: /home/eia/rbi_2025/scara/scara_ws/install/scara_real_bringup/share/scara_real_bringup/environment/ament_prefix_path.sh
[7.804s] -- Up-to-date symlink: /home/eia/rbi_2025/scara/scara_ws/install/scara_real_bringup/share/scara_real_bringup/environment/ament_prefix_path.dsv
[7.805s] -- Up-to-date symlink: /home/eia/rbi_2025/scara/scara_ws/install/scara_real_bringup/share/scara_real_bringup/environment/path.sh
[7.805s] -- Up-to-date symlink: /home/eia/rbi_2025/scara/scara_ws/install/scara_real_bringup/share/scara_real_bringup/environment/path.dsv
[7.806s] -- Up-to-date symlink: /home/eia/rbi_2025/scara/scara_ws/install/scara_real_bringup/share/scara_real_bringup/local_setup.bash
[7.807s] -- Up-to-date symlink: /home/eia/rbi_2025/scara/scara_ws/install/scara_real_bringup/share/scara_real_bringup/local_setup.sh
[7.808s] -- Up-to-date symlink: /home/eia/rbi_2025/scara/scara_ws/install/scara_real_bringup/share/scara_real_bringup/local_setup.zsh
[7.808s] -- Up-to-date symlink: /home/eia/rbi_2025/scara/scara_ws/install/scara_real_bringup/share/scara_real_bringup/local_setup.dsv
[7.809s] -- Symlinking: /home/eia/rbi_2025/scara/scara_ws/install/scara_real_bringup/share/scara_real_bringup/package.dsv
[7.810s] -- Up-to-date symlink: /home/eia/rbi_2025/scara/scara_ws/install/scara_real_bringup/share/ament_index/resource_index/packages/scara_real_bringup
[7.810s] -- Up-to-date symlink: /home/eia/rbi_2025/scara/scara_ws/install/scara_real_bringup/share/scara_real_bringup/cmake/scara_real_bringupConfig.cmake
[7.811s] -- Up-to-date symlink: /home/eia/rbi_2025/scara/scara_ws/install/scara_real_bringup/share/scara_real_bringup/cmake/scara_real_bringupConfig-version.cmake
[7.812s] -- Up-to-date symlink: /home/eia/rbi_2025/scara/scara_ws/install/scara_real_bringup/share/scara_real_bringup/package.xml
[9.431s] Invoked command in '/home/eia/rbi_2025/scara/scara_ws/build/scara_real_bringup' returned '0': CMAKE_PREFIX_PATH=${CMAKE_PREFIX_PATH}:/home/eia/rbi_2025/scara/scara_ws/install/scara_tf_generator:/home/eia/rbi_2025/scara/scara_ws/install/scara_path_generator:/home/eia/rbi_2025/scara/scara_ws/install/scara_path_controller:/home/eia/rbi_2025/scara/scara_ws/install/scara_mujoco_python_sim:/home/eia/rbi_2025/scara/scara_ws/install/scara_general_ik_solver:/home/eia/rbi_2025/scara/scara_ws/install/premade_path_publisher:/opt/ros/humble /usr/bin/cmake --install /home/eia/rbi_2025/scara/scara_ws/build/scara_real_bringup
