[0.098s] Invoking command in '/abb_ws/build/abb_gz_description': CMAKE_PREFIX_PATH=/opt/ros/humble /usr/bin/cmake /abb_ws/src/abb_gz_description -DCMAKE_INSTALL_PREFIX=/abb_ws/install/abb_gz_description
[2.386s] -- The C compiler identification is GNU 11.4.0
[2.386s] -- The CXX compiler identification is GNU 11.4.0
[2.386s] -- Detecting C compiler ABI info
[2.386s] -- Detecting C compiler ABI info - done
[2.386s] -- Check for working C compiler: /usr/bin/cc - skipped
[2.386s] -- Detecting C compile features
[2.386s] -- Detecting C compile features - done
[2.386s] -- Detecting CXX compiler ABI info
[2.387s] -- Detecting CXX compiler ABI info - done
[2.387s] -- Check for working CXX compiler: /usr/bin/c++ - skipped
[2.387s] -- Detecting CXX compile features
[2.387s] -- Detecting CXX compile features - done
[2.387s] -- Found ament_cmake: 1.3.12 (/opt/ros/humble/share/ament_cmake/cmake)
[2.387s] -- Found Python3: /usr/bin/python3 (found version "3.10.12") found components: Interpreter 
[2.387s] -- Configuring done
[2.387s] -- Generating done
[2.388s] -- Build files have been written to: /abb_ws/build/abb_gz_description
[2.418s] Invoked command in '/abb_ws/build/abb_gz_description' returned '0': CMAKE_PREFIX_PATH=/opt/ros/humble /usr/bin/cmake /abb_ws/src/abb_gz_description -DCMAKE_INSTALL_PREFIX=/abb_ws/install/abb_gz_description
[2.419s] Invoking command in '/abb_ws/build/abb_gz_description': CMAKE_PREFIX_PATH=/opt/ros/humble /usr/bin/cmake --build /abb_ws/build/abb_gz_description -- -j12 -l12
[2.473s] Invoked command in '/abb_ws/build/abb_gz_description' returned '0': CMAKE_PREFIX_PATH=/opt/ros/humble /usr/bin/cmake --build /abb_ws/build/abb_gz_description -- -j12 -l12
[2.475s] Invoking command in '/abb_ws/build/abb_gz_description': CMAKE_PREFIX_PATH=/opt/ros/humble /usr/bin/cmake --install /abb_ws/build/abb_gz_description
[2.495s] -- Install configuration: ""
[2.496s] -- Installing: /abb_ws/install/abb_gz_description/share/abb_gz_description//urdf
[2.496s] -- Installing: /abb_ws/install/abb_gz_description/share/abb_gz_description//urdf/irb140.urdf.xacro
[2.496s] -- Installing: /abb_ws/install/abb_gz_description/share/abb_gz_description//urdf/common_properties.xacro
[2.497s] -- Installing: /abb_ws/install/abb_gz_description/share/abb_gz_description//urdf/irb140_description.xacro
[2.498s] -- Installing: /abb_ws/install/abb_gz_description/share/abb_gz_description//launch
[2.498s] -- Installing: /abb_ws/install/abb_gz_description/share/abb_gz_description//launch/display.launch.xml
[2.498s] -- Installing: /abb_ws/install/abb_gz_description/share/abb_gz_description//meshes
[2.500s] -- Installing: /abb_ws/install/abb_gz_description/share/abb_gz_description//meshes/irb140
[2.502s] -- Installing: /abb_ws/install/abb_gz_description/share/abb_gz_description//meshes/irb140/visual
[2.503s] -- Installing: /abb_ws/install/abb_gz_description/share/abb_gz_description//meshes/irb140/visual/link_2.stl
[2.503s] -- Installing: /abb_ws/install/abb_gz_description/share/abb_gz_description//meshes/irb140/visual/link_6.stl
[2.504s] -- Installing: /abb_ws/install/abb_gz_description/share/abb_gz_description//meshes/irb140/visual/link_3.stl
[2.504s] -- Installing: /abb_ws/install/abb_gz_description/share/abb_gz_description//meshes/irb140/visual/link_5.stl
[2.504s] -- Installing: /abb_ws/install/abb_gz_description/share/abb_gz_description//meshes/irb140/visual/link_4.stl
[2.505s] -- Installing: /abb_ws/install/abb_gz_description/share/abb_gz_description//meshes/irb140/visual/base_link.stl
[2.506s] -- Installing: /abb_ws/install/abb_gz_description/share/abb_gz_description//meshes/irb140/visual/link_1.stl
[2.508s] -- Installing: /abb_ws/install/abb_gz_description/share/abb_gz_description//meshes/irb140/collision
[2.509s] -- Installing: /abb_ws/install/abb_gz_description/share/abb_gz_description//meshes/irb140/collision/link_2.stl
[2.509s] -- Installing: /abb_ws/install/abb_gz_description/share/abb_gz_description//meshes/irb140/collision/link_6.stl
[2.509s] -- Installing: /abb_ws/install/abb_gz_description/share/abb_gz_description//meshes/irb140/collision/link_3.stl
[2.510s] -- Installing: /abb_ws/install/abb_gz_description/share/abb_gz_description//meshes/irb140/collision/link_5.stl
[2.513s] -- Installing: /abb_ws/install/abb_gz_description/share/abb_gz_description//meshes/irb140/collision/link_4.stl
[2.515s] -- Installing: /abb_ws/install/abb_gz_description/share/abb_gz_description//meshes/irb140/collision/base_link.stl
[2.517s] -- Installing: /abb_ws/install/abb_gz_description/share/abb_gz_description//meshes/irb140/collision/link_1.stl
[2.518s] -- Installing: /abb_ws/install/abb_gz_description/share/ament_index/resource_index/package_run_dependencies/abb_gz_description
[2.518s] -- Installing: /abb_ws/install/abb_gz_description/share/ament_index/resource_index/parent_prefix_path/abb_gz_description
[2.518s] -- Installing: /abb_ws/install/abb_gz_description/share/abb_gz_description/environment/ament_prefix_path.sh
[2.518s] -- Installing: /abb_ws/install/abb_gz_description/share/abb_gz_description/environment/ament_prefix_path.dsv
[2.518s] -- Installing: /abb_ws/install/abb_gz_description/share/abb_gz_description/environment/path.sh
[2.519s] -- Installing: /abb_ws/install/abb_gz_description/share/abb_gz_description/environment/path.dsv
[2.520s] -- Installing: /abb_ws/install/abb_gz_description/share/abb_gz_description/local_setup.bash
[2.520s] -- Installing: /abb_ws/install/abb_gz_description/share/abb_gz_description/local_setup.sh
[2.520s] -- Installing: /abb_ws/install/abb_gz_description/share/abb_gz_description/local_setup.zsh
[2.521s] -- Installing: /abb_ws/install/abb_gz_description/share/abb_gz_description/local_setup.dsv
[2.521s] -- Installing: /abb_ws/install/abb_gz_description/share/abb_gz_description/package.dsv
[2.521s] -- Installing: /abb_ws/install/abb_gz_description/share/ament_index/resource_index/packages/abb_gz_description
[2.521s] -- Installing: /abb_ws/install/abb_gz_description/share/abb_gz_description/cmake/abb_gz_descriptionConfig.cmake
[2.522s] -- Installing: /abb_ws/install/abb_gz_description/share/abb_gz_description/cmake/abb_gz_descriptionConfig-version.cmake
[2.522s] -- Installing: /abb_ws/install/abb_gz_description/share/abb_gz_description/package.xml
[2.618s] Invoked command in '/abb_ws/build/abb_gz_description' returned '0': CMAKE_PREFIX_PATH=/opt/ros/humble /usr/bin/cmake --install /abb_ws/build/abb_gz_description
