[ 33%] [32mBuilding CXX object CMakeFiles/rov_controllers.dir/src/rov_forward_controller.cpp.o[0m
[ 66%] [32mBuilding CXX object CMakeFiles/rov_controllers.dir/src/rov_hardware_controller.cpp.o[0m
[100%] [32m[1mLinking CXX shared library librov_controllers.so[0m
[100%] Built target rov_controllers
-- Install configuration: ""
-- Execute custom install script
-- Symlinking: /home/eia/rbi_2025/rov/rov_ws/install/rov_controllers/share/rov_controllers//rov_controller.xml
-- Symlinking: /home/eia/rbi_2025/rov/rov_ws/install/rov_controllers/lib/librov_controllers.so
-- Symlinking: /home/eia/rbi_2025/rov/rov_ws/install/rov_controllers/include/include/rov_controllers/rov_forward_controller.hpp
-- Symlinking: /home/eia/rbi_2025/rov/rov_ws/install/rov_controllers/include/include/rov_controllers/rov_hardware_controller.hpp
-- Symlinking: /home/eia/rbi_2025/rov/rov_ws/install/rov_controllers/share/rov_controllers/environment/library_path.sh
-- Symlinking: /home/eia/rbi_2025/rov/rov_ws/install/rov_controllers/share/rov_controllers/environment/library_path.dsv
-- Symlinking: /home/eia/rbi_2025/rov/rov_ws/install/rov_controllers/share/ament_index/resource_index/package_run_dependencies/rov_controllers
-- Symlinking: /home/eia/rbi_2025/rov/rov_ws/install/rov_controllers/share/ament_index/resource_index/parent_prefix_path/rov_controllers
-- Symlinking: /home/eia/rbi_2025/rov/rov_ws/install/rov_controllers/share/rov_controllers/environment/ament_prefix_path.sh
-- Symlinking: /home/eia/rbi_2025/rov/rov_ws/install/rov_controllers/share/rov_controllers/environment/ament_prefix_path.dsv
-- Symlinking: /home/eia/rbi_2025/rov/rov_ws/install/rov_controllers/share/rov_controllers/environment/path.sh
-- Symlinking: /home/eia/rbi_2025/rov/rov_ws/install/rov_controllers/share/rov_controllers/environment/path.dsv
-- Symlinking: /home/eia/rbi_2025/rov/rov_ws/install/rov_controllers/share/rov_controllers/local_setup.bash
-- Symlinking: /home/eia/rbi_2025/rov/rov_ws/install/rov_controllers/share/rov_controllers/local_setup.sh
-- Symlinking: /home/eia/rbi_2025/rov/rov_ws/install/rov_controllers/share/rov_controllers/local_setup.zsh
-- Symlinking: /home/eia/rbi_2025/rov/rov_ws/install/rov_controllers/share/rov_controllers/local_setup.dsv
-- Symlinking: /home/eia/rbi_2025/rov/rov_ws/install/rov_controllers/share/rov_controllers/package.dsv
-- Symlinking: /home/eia/rbi_2025/rov/rov_ws/install/rov_controllers/share/ament_index/resource_index/packages/rov_controllers
-- Symlinking: /home/eia/rbi_2025/rov/rov_ws/install/rov_controllers/share/ament_index/resource_index/controller_interface__pluginlib__plugin/rov_controllers
-- Symlinking: /home/eia/rbi_2025/rov/rov_ws/install/rov_controllers/share/rov_controllers/cmake/ament_cmake_export_libraries-extras.cmake
-- Symlinking: /home/eia/rbi_2025/rov/rov_ws/install/rov_controllers/share/rov_controllers/cmake/ament_cmake_export_dependencies-extras.cmake
-- Symlinking: /home/eia/rbi_2025/rov/rov_ws/install/rov_controllers/share/rov_controllers/cmake/rov_controllersConfig.cmake
-- Symlinking: /home/eia/rbi_2025/rov/rov_ws/install/rov_controllers/share/rov_controllers/cmake/rov_controllersConfig-version.cmake
-- Symlinking: /home/eia/rbi_2025/rov/rov_ws/install/rov_controllers/share/rov_controllers/package.xml
