[1.444s] Invoking command in '/home/eia/repo/rbi_2025_2/rov/rov_ws/build/rov_hardware_interface': CMAKE_PREFIX_PATH=/opt/ros/humble /usr/bin/cmake --build /home/eia/repo/rbi_2025_2/rov/rov_ws/build/rov_hardware_interface -- -j12 -l12
[3.604s] [100%] Built target rov_hardware_interface
[3.674s] Invoked command in '/home/eia/repo/rbi_2025_2/rov/rov_ws/build/rov_hardware_interface' returned '0': CMAKE_PREFIX_PATH=/opt/ros/humble /usr/bin/cmake --build /home/eia/repo/rbi_2025_2/rov/rov_ws/build/rov_hardware_interface -- -j12 -l12
[3.683s] Invoking command in '/home/eia/repo/rbi_2025_2/rov/rov_ws/build/rov_hardware_interface': CMAKE_PREFIX_PATH=/opt/ros/humble /usr/bin/cmake --install /home/eia/repo/rbi_2025_2/rov/rov_ws/build/rov_hardware_interface
[3.810s] -- Install configuration: ""
[3.810s] -- Execute custom install script
[3.811s] -- Up-to-date symlink: /home/eia/repo/rbi_2025_2/rov/rov_ws/install/rov_hardware_interface/share/rov_hardware_interface//rov_hardware_interface.xml
[3.811s] -- Up-to-date symlink: /home/eia/repo/rbi_2025_2/rov/rov_ws/install/rov_hardware_interface/lib/librov_hardware_interface.so
[3.812s] -- Up-to-date symlink: /home/eia/repo/rbi_2025_2/rov/rov_ws/install/rov_hardware_interface/include/include/rov_hardware_interface/rov_hardware_interface.hpp
[3.812s] -- Up-to-date symlink: /home/eia/repo/rbi_2025_2/rov/rov_ws/install/rov_hardware_interface/share/rov_hardware_interface/environment/library_path.sh
[3.813s] -- Up-to-date symlink: /home/eia/repo/rbi_2025_2/rov/rov_ws/install/rov_hardware_interface/share/rov_hardware_interface/environment/library_path.dsv
[3.813s] -- Up-to-date symlink: /home/eia/repo/rbi_2025_2/rov/rov_ws/install/rov_hardware_interface/share/ament_index/resource_index/package_run_dependencies/rov_hardware_interface
[3.814s] -- Up-to-date symlink: /home/eia/repo/rbi_2025_2/rov/rov_ws/install/rov_hardware_interface/share/ament_index/resource_index/parent_prefix_path/rov_hardware_interface
[3.814s] -- Up-to-date symlink: /home/eia/repo/rbi_2025_2/rov/rov_ws/install/rov_hardware_interface/share/rov_hardware_interface/environment/ament_prefix_path.sh
[3.815s] -- Up-to-date symlink: /home/eia/repo/rbi_2025_2/rov/rov_ws/install/rov_hardware_interface/share/rov_hardware_interface/environment/ament_prefix_path.dsv
[3.815s] -- Up-to-date symlink: /home/eia/repo/rbi_2025_2/rov/rov_ws/install/rov_hardware_interface/share/rov_hardware_interface/environment/path.sh
[3.816s] -- Up-to-date symlink: /home/eia/repo/rbi_2025_2/rov/rov_ws/install/rov_hardware_interface/share/rov_hardware_interface/environment/path.dsv
[3.816s] -- Up-to-date symlink: /home/eia/repo/rbi_2025_2/rov/rov_ws/install/rov_hardware_interface/share/rov_hardware_interface/local_setup.bash
[3.817s] -- Up-to-date symlink: /home/eia/repo/rbi_2025_2/rov/rov_ws/install/rov_hardware_interface/share/rov_hardware_interface/local_setup.sh
[3.817s] -- Up-to-date symlink: /home/eia/repo/rbi_2025_2/rov/rov_ws/install/rov_hardware_interface/share/rov_hardware_interface/local_setup.zsh
[3.818s] -- Up-to-date symlink: /home/eia/repo/rbi_2025_2/rov/rov_ws/install/rov_hardware_interface/share/rov_hardware_interface/local_setup.dsv
[3.819s] -- Symlinking: /home/eia/repo/rbi_2025_2/rov/rov_ws/install/rov_hardware_interface/share/rov_hardware_interface/package.dsv
[3.820s] -- Up-to-date symlink: /home/eia/repo/rbi_2025_2/rov/rov_ws/install/rov_hardware_interface/share/ament_index/resource_index/packages/rov_hardware_interface
[3.822s] -- Up-to-date symlink: /home/eia/repo/rbi_2025_2/rov/rov_ws/install/rov_hardware_interface/share/ament_index/resource_index/hardware_interface__pluginlib__plugin/rov_hardware_interface
[3.823s] -- Up-to-date symlink: /home/eia/repo/rbi_2025_2/rov/rov_ws/install/rov_hardware_interface/share/rov_hardware_interface/cmake/ament_cmake_export_libraries-extras.cmake
[3.824s] -- Up-to-date symlink: /home/eia/repo/rbi_2025_2/rov/rov_ws/install/rov_hardware_interface/share/rov_hardware_interface/cmake/ament_cmake_export_dependencies-extras.cmake
[3.824s] -- Up-to-date symlink: /home/eia/repo/rbi_2025_2/rov/rov_ws/install/rov_hardware_interface/share/rov_hardware_interface/cmake/rov_hardware_interfaceConfig.cmake
[3.825s] -- Up-to-date symlink: /home/eia/repo/rbi_2025_2/rov/rov_ws/install/rov_hardware_interface/share/rov_hardware_interface/cmake/rov_hardware_interfaceConfig-version.cmake
[3.825s] -- Up-to-date symlink: /home/eia/repo/rbi_2025_2/rov/rov_ws/install/rov_hardware_interface/share/rov_hardware_interface/package.xml
[4.170s] Invoked command in '/home/eia/repo/rbi_2025_2/rov/rov_ws/build/rov_hardware_interface' returned '0': CMAKE_PREFIX_PATH=/opt/ros/humble /usr/bin/cmake --install /home/eia/repo/rbi_2025_2/rov/rov_ws/build/rov_hardware_interface
