[0.304s] Invoking command in '/rov_ws/src/build/rov_mujoco_description': CMAKE_PREFIX_PATH=/opt/ros/humble /usr/bin/cmake /rov_ws/src/rov_mujoco_description -DAMENT_CMAKE_SYMLINK_INSTALL=1 -DCMAKE_INSTALL_PREFIX=/rov_ws/src/install/rov_mujoco_description
[1.229s] -- The C compiler identification is GNU 11.4.0
[1.229s] -- The CXX compiler identification is GNU 11.4.0
[1.229s] -- Detecting C compiler ABI info
[1.229s] -- Detecting C compiler ABI info - done
[1.229s] -- Check for working C compiler: /usr/bin/cc - skipped
[1.229s] -- Detecting C compile features
[1.229s] -- Detecting C compile features - done
[1.229s] -- Detecting CXX compiler ABI info
[1.229s] -- Detecting CXX compiler ABI info - done
[1.229s] -- Check for working CXX compiler: /usr/bin/c++ - skipped
[1.230s] -- Detecting CXX compile features
[1.230s] -- Detecting CXX compile features - done
[1.230s] -- Found ament_cmake: 1.3.12 (/opt/ros/humble/share/ament_cmake/cmake)
[1.230s] -- Found Python3: /usr/bin/python3 (found version "3.10.12") found components: Interpreter 
[1.230s] -- Override CMake install command with custom implementation using symlinks instead of copying resources
[1.230s] -- Configuring done
[1.230s] -- Generating done
[1.230s] -- Build files have been written to: /rov_ws/src/build/rov_mujoco_description
[1.233s] Invoked command in '/rov_ws/src/build/rov_mujoco_description' returned '0': CMAKE_PREFIX_PATH=/opt/ros/humble /usr/bin/cmake /rov_ws/src/rov_mujoco_description -DAMENT_CMAKE_SYMLINK_INSTALL=1 -DCMAKE_INSTALL_PREFIX=/rov_ws/src/install/rov_mujoco_description
[1.233s] Invoking command in '/rov_ws/src/build/rov_mujoco_description': CMAKE_PREFIX_PATH=/opt/ros/humble /usr/bin/cmake --build /rov_ws/src/build/rov_mujoco_description -- -j12 -l12
[1.266s] Invoked command in '/rov_ws/src/build/rov_mujoco_description' returned '0': CMAKE_PREFIX_PATH=/opt/ros/humble /usr/bin/cmake --build /rov_ws/src/build/rov_mujoco_description -- -j12 -l12
[1.275s] Invoking command in '/rov_ws/src/build/rov_mujoco_description': CMAKE_PREFIX_PATH=/opt/ros/humble /usr/bin/cmake --install /rov_ws/src/build/rov_mujoco_description
[1.283s] -- Install configuration: ""
[1.283s] -- Execute custom install script
[1.284s] -- Symlinking: /rov_ws/src/install/rov_mujoco_description/share/rov_mujoco_description//urdf/common_properties.xacro
[1.292s] -- Symlinking: /rov_ws/src/install/rov_mujoco_description/share/rov_mujoco_description//urdf/rov_description.urdf.xacro
[1.300s] -- Symlinking: /rov_ws/src/install/rov_mujoco_description/share/rov_mujoco_description//launch/display.launch.xml
[1.317s] -- Symlinking: /rov_ws/src/install/rov_mujoco_description/share/ament_index/resource_index/package_run_dependencies/rov_mujoco_description
[1.326s] -- Symlinking: /rov_ws/src/install/rov_mujoco_description/share/ament_index/resource_index/parent_prefix_path/rov_mujoco_description
[1.334s] -- Symlinking: /rov_ws/src/install/rov_mujoco_description/share/rov_mujoco_description/environment/ament_prefix_path.sh
[1.344s] -- Symlinking: /rov_ws/src/install/rov_mujoco_description/share/rov_mujoco_description/environment/ament_prefix_path.dsv
[1.354s] -- Symlinking: /rov_ws/src/install/rov_mujoco_description/share/rov_mujoco_description/environment/path.sh
[1.362s] -- Symlinking: /rov_ws/src/install/rov_mujoco_description/share/rov_mujoco_description/environment/path.dsv
[1.371s] -- Symlinking: /rov_ws/src/install/rov_mujoco_description/share/rov_mujoco_description/local_setup.bash
[1.382s] -- Symlinking: /rov_ws/src/install/rov_mujoco_description/share/rov_mujoco_description/local_setup.sh
[1.392s] -- Symlinking: /rov_ws/src/install/rov_mujoco_description/share/rov_mujoco_description/local_setup.zsh
[1.404s] -- Symlinking: /rov_ws/src/install/rov_mujoco_description/share/rov_mujoco_description/local_setup.dsv
[1.414s] -- Symlinking: /rov_ws/src/install/rov_mujoco_description/share/rov_mujoco_description/package.dsv
[1.422s] -- Symlinking: /rov_ws/src/install/rov_mujoco_description/share/ament_index/resource_index/packages/rov_mujoco_description
[1.431s] -- Symlinking: /rov_ws/src/install/rov_mujoco_description/share/rov_mujoco_description/cmake/rov_mujoco_descriptionConfig.cmake
[1.439s] -- Symlinking: /rov_ws/src/install/rov_mujoco_description/share/rov_mujoco_description/cmake/rov_mujoco_descriptionConfig-version.cmake
[1.447s] -- Symlinking: /rov_ws/src/install/rov_mujoco_description/share/rov_mujoco_description/package.xml
[1.457s] Invoked command in '/rov_ws/src/build/rov_mujoco_description' returned '0': CMAKE_PREFIX_PATH=/opt/ros/humble /usr/bin/cmake --install /rov_ws/src/build/rov_mujoco_description
