[2.649s] Invoking command in '/home/eia/rbi_2025/scara/scara_ws/build/scara_hardware_interface': CMAKE_PREFIX_PATH=${CMAKE_PREFIX_PATH}:/home/eia/rbi_2025/scara/scara_ws/install/scara_tf_generator:/home/eia/rbi_2025/scara/scara_ws/install/scara_path_generator:/home/eia/rbi_2025/scara/scara_ws/install/scara_path_controller:/home/eia/rbi_2025/scara/scara_ws/install/scara_mujoco_python_sim:/home/eia/rbi_2025/scara/scara_ws/install/scara_general_ik_solver:/home/eia/rbi_2025/scara/scara_ws/install/premade_path_publisher:/opt/ros/humble /usr/bin/cmake --build /home/eia/rbi_2025/scara/scara_ws/build/scara_hardware_interface -- -j12 -l12
[6.701s] [100%] Built target scara_hardware_interface
[6.791s] Invoked command in '/home/eia/rbi_2025/scara/scara_ws/build/scara_hardware_interface' returned '0': CMAKE_PREFIX_PATH=${CMAKE_PREFIX_PATH}:/home/eia/rbi_2025/scara/scara_ws/install/scara_tf_generator:/home/eia/rbi_2025/scara/scara_ws/install/scara_path_generator:/home/eia/rbi_2025/scara/scara_ws/install/scara_path_controller:/home/eia/rbi_2025/scara/scara_ws/install/scara_mujoco_python_sim:/home/eia/rbi_2025/scara/scara_ws/install/scara_general_ik_solver:/home/eia/rbi_2025/scara/scara_ws/install/premade_path_publisher:/opt/ros/humble /usr/bin/cmake --build /home/eia/rbi_2025/scara/scara_ws/build/scara_hardware_interface -- -j12 -l12
[6.799s] Invoking command in '/home/eia/rbi_2025/scara/scara_ws/build/scara_hardware_interface': CMAKE_PREFIX_PATH=${CMAKE_PREFIX_PATH}:/home/eia/rbi_2025/scara/scara_ws/install/scara_tf_generator:/home/eia/rbi_2025/scara/scara_ws/install/scara_path_generator:/home/eia/rbi_2025/scara/scara_ws/install/scara_path_controller:/home/eia/rbi_2025/scara/scara_ws/install/scara_mujoco_python_sim:/home/eia/rbi_2025/scara/scara_ws/install/scara_general_ik_solver:/home/eia/rbi_2025/scara/scara_ws/install/premade_path_publisher:/opt/ros/humble /usr/bin/cmake --install /home/eia/rbi_2025/scara/scara_ws/build/scara_hardware_interface
[6.922s] -- Install configuration: ""
[6.923s] -- Execute custom install script
[6.923s] -- Up-to-date symlink: /home/eia/rbi_2025/scara/scara_ws/install/scara_hardware_interface/share/scara_hardware_interface//scara_hardware_interface.xml
[6.923s] -- Up-to-date symlink: /home/eia/rbi_2025/scara/scara_ws/install/scara_hardware_interface/lib/libscara_hardware_interface.so
[6.924s] -- Up-to-date symlink: /home/eia/rbi_2025/scara/scara_ws/install/scara_hardware_interface/include/include/scara_hardware_interface/scara_hardware_interface.hpp
[6.924s] -- Up-to-date symlink: /home/eia/rbi_2025/scara/scara_ws/install/scara_hardware_interface/share/scara_hardware_interface/environment/library_path.sh
[6.925s] -- Up-to-date symlink: /home/eia/rbi_2025/scara/scara_ws/install/scara_hardware_interface/share/scara_hardware_interface/environment/library_path.dsv
[6.926s] -- Up-to-date symlink: /home/eia/rbi_2025/scara/scara_ws/install/scara_hardware_interface/share/ament_index/resource_index/package_run_dependencies/scara_hardware_interface
[6.927s] -- Up-to-date symlink: /home/eia/rbi_2025/scara/scara_ws/install/scara_hardware_interface/share/ament_index/resource_index/parent_prefix_path/scara_hardware_interface
[6.927s] -- Up-to-date symlink: /home/eia/rbi_2025/scara/scara_ws/install/scara_hardware_interface/share/scara_hardware_interface/environment/ament_prefix_path.sh
[6.927s] -- Up-to-date symlink: /home/eia/rbi_2025/scara/scara_ws/install/scara_hardware_interface/share/scara_hardware_interface/environment/ament_prefix_path.dsv
[6.927s] -- Up-to-date symlink: /home/eia/rbi_2025/scara/scara_ws/install/scara_hardware_interface/share/scara_hardware_interface/environment/path.sh
[6.928s] -- Up-to-date symlink: /home/eia/rbi_2025/scara/scara_ws/install/scara_hardware_interface/share/scara_hardware_interface/environment/path.dsv
[6.928s] -- Up-to-date symlink: /home/eia/rbi_2025/scara/scara_ws/install/scara_hardware_interface/share/scara_hardware_interface/local_setup.bash
[6.929s] -- Up-to-date symlink: /home/eia/rbi_2025/scara/scara_ws/install/scara_hardware_interface/share/scara_hardware_interface/local_setup.sh
[6.929s] -- Up-to-date symlink: /home/eia/rbi_2025/scara/scara_ws/install/scara_hardware_interface/share/scara_hardware_interface/local_setup.zsh
[6.929s] -- Up-to-date symlink: /home/eia/rbi_2025/scara/scara_ws/install/scara_hardware_interface/share/scara_hardware_interface/local_setup.dsv
[6.929s] -- Symlinking: /home/eia/rbi_2025/scara/scara_ws/install/scara_hardware_interface/share/scara_hardware_interface/package.dsv
[6.930s] -- Up-to-date symlink: /home/eia/rbi_2025/scara/scara_ws/install/scara_hardware_interface/share/ament_index/resource_index/packages/scara_hardware_interface
[6.930s] -- Up-to-date symlink: /home/eia/rbi_2025/scara/scara_ws/install/scara_hardware_interface/share/ament_index/resource_index/hardware_interface__pluginlib__plugin/scara_hardware_interface
[6.930s] -- Up-to-date symlink: /home/eia/rbi_2025/scara/scara_ws/install/scara_hardware_interface/share/scara_hardware_interface/cmake/ament_cmake_export_libraries-extras.cmake
[6.931s] -- Up-to-date symlink: /home/eia/rbi_2025/scara/scara_ws/install/scara_hardware_interface/share/scara_hardware_interface/cmake/ament_cmake_export_dependencies-extras.cmake
[6.931s] -- Up-to-date symlink: /home/eia/rbi_2025/scara/scara_ws/install/scara_hardware_interface/share/scara_hardware_interface/cmake/scara_hardware_interfaceConfig.cmake
[6.931s] -- Up-to-date symlink: /home/eia/rbi_2025/scara/scara_ws/install/scara_hardware_interface/share/scara_hardware_interface/cmake/scara_hardware_interfaceConfig-version.cmake
[6.932s] -- Up-to-date symlink: /home/eia/rbi_2025/scara/scara_ws/install/scara_hardware_interface/share/scara_hardware_interface/package.xml
[7.361s] Invoked command in '/home/eia/rbi_2025/scara/scara_ws/build/scara_hardware_interface' returned '0': CMAKE_PREFIX_PATH=${CMAKE_PREFIX_PATH}:/home/eia/rbi_2025/scara/scara_ws/install/scara_tf_generator:/home/eia/rbi_2025/scara/scara_ws/install/scara_path_generator:/home/eia/rbi_2025/scara/scara_ws/install/scara_path_controller:/home/eia/rbi_2025/scara/scara_ws/install/scara_mujoco_python_sim:/home/eia/rbi_2025/scara/scara_ws/install/scara_general_ik_solver:/home/eia/rbi_2025/scara/scara_ws/install/premade_path_publisher:/opt/ros/humble /usr/bin/cmake --install /home/eia/rbi_2025/scara/scara_ws/build/scara_hardware_interface
