[0.086s] Invoking command in '/abb_ws/build/abb_gz_description': CMAKE_PREFIX_PATH=${CMAKE_PREFIX_PATH}:/abb_ws/install/abb_tf_generator:/abb_ws/install/abb_path_generator:/abb_ws/install/abb_path_controller:/abb_ws/install/abb_mujoco_python:/abb_ws/install/abb_ik_solver:/opt/ros/humble /usr/bin/cmake --build /abb_ws/build/abb_gz_description -- -j12 -l12
[1.682s] Invoked command in '/abb_ws/build/abb_gz_description' returned '0': CMAKE_PREFIX_PATH=${CMAKE_PREFIX_PATH}:/abb_ws/install/abb_tf_generator:/abb_ws/install/abb_path_generator:/abb_ws/install/abb_path_controller:/abb_ws/install/abb_mujoco_python:/abb_ws/install/abb_ik_solver:/opt/ros/humble /usr/bin/cmake --build /abb_ws/build/abb_gz_description -- -j12 -l12
[1.695s] Invoking command in '/abb_ws/build/abb_gz_description': CMAKE_PREFIX_PATH=${CMAKE_PREFIX_PATH}:/abb_ws/install/abb_tf_generator:/abb_ws/install/abb_path_generator:/abb_ws/install/abb_path_controller:/abb_ws/install/abb_mujoco_python:/abb_ws/install/abb_ik_solver:/opt/ros/humble /usr/bin/cmake --install /abb_ws/build/abb_gz_description
[1.715s] -- Install configuration: ""
[1.717s] -- Up-to-date: /abb_ws/install/abb_gz_description/share/abb_gz_description//urdf
[1.718s] -- Up-to-date: /abb_ws/install/abb_gz_description/share/abb_gz_description//urdf/irb140.urdf.xacro
[1.718s] -- Up-to-date: /abb_ws/install/abb_gz_description/share/abb_gz_description//urdf/common_properties.xacro
[1.719s] -- Up-to-date: /abb_ws/install/abb_gz_description/share/abb_gz_description//urdf/irb140_description.xacro
[1.719s] -- Up-to-date: /abb_ws/install/abb_gz_description/share/abb_gz_description//launch
[1.722s] -- Up-to-date: /abb_ws/install/abb_gz_description/share/abb_gz_description//launch/display.launch.xml
[1.723s] -- Up-to-date: /abb_ws/install/abb_gz_description/share/abb_gz_description//meshes
[1.723s] -- Up-to-date: /abb_ws/install/abb_gz_description/share/abb_gz_description//meshes/irb140
[1.724s] -- Up-to-date: /abb_ws/install/abb_gz_description/share/abb_gz_description//meshes/irb140/visual
[1.725s] -- Up-to-date: /abb_ws/install/abb_gz_description/share/abb_gz_description//meshes/irb140/visual/link_2.stl
[1.726s] -- Up-to-date: /abb_ws/install/abb_gz_description/share/abb_gz_description//meshes/irb140/visual/link_6.stl
[1.726s] -- Up-to-date: /abb_ws/install/abb_gz_description/share/abb_gz_description//meshes/irb140/visual/link_3.stl
[1.727s] -- Up-to-date: /abb_ws/install/abb_gz_description/share/abb_gz_description//meshes/irb140/visual/link_5.stl
[1.727s] -- Up-to-date: /abb_ws/install/abb_gz_description/share/abb_gz_description//meshes/irb140/visual/link_4.stl
[1.728s] -- Up-to-date: /abb_ws/install/abb_gz_description/share/abb_gz_description//meshes/irb140/visual/base_link.stl
[1.729s] -- Up-to-date: /abb_ws/install/abb_gz_description/share/abb_gz_description//meshes/irb140/visual/link_1.stl
[1.729s] -- Up-to-date: /abb_ws/install/abb_gz_description/share/abb_gz_description//meshes/irb140/collision
[1.730s] -- Up-to-date: /abb_ws/install/abb_gz_description/share/abb_gz_description//meshes/irb140/collision/link_2.stl
[1.730s] -- Up-to-date: /abb_ws/install/abb_gz_description/share/abb_gz_description//meshes/irb140/collision/link_6.stl
[1.731s] -- Up-to-date: /abb_ws/install/abb_gz_description/share/abb_gz_description//meshes/irb140/collision/link_3.stl
[1.733s] -- Up-to-date: /abb_ws/install/abb_gz_description/share/abb_gz_description//meshes/irb140/collision/link_5.stl
[1.734s] -- Up-to-date: /abb_ws/install/abb_gz_description/share/abb_gz_description//meshes/irb140/collision/link_4.stl
[1.734s] -- Up-to-date: /abb_ws/install/abb_gz_description/share/abb_gz_description//meshes/irb140/collision/base_link.stl
[1.735s] -- Up-to-date: /abb_ws/install/abb_gz_description/share/abb_gz_description//meshes/irb140/collision/link_1.stl
[1.735s] -- Up-to-date: /abb_ws/install/abb_gz_description/share/ament_index/resource_index/package_run_dependencies/abb_gz_description
[1.736s] -- Up-to-date: /abb_ws/install/abb_gz_description/share/ament_index/resource_index/parent_prefix_path/abb_gz_description
[1.736s] -- Up-to-date: /abb_ws/install/abb_gz_description/share/abb_gz_description/environment/ament_prefix_path.sh
[1.737s] -- Up-to-date: /abb_ws/install/abb_gz_description/share/abb_gz_description/environment/ament_prefix_path.dsv
[1.738s] -- Up-to-date: /abb_ws/install/abb_gz_description/share/abb_gz_description/environment/path.sh
[1.739s] -- Up-to-date: /abb_ws/install/abb_gz_description/share/abb_gz_description/environment/path.dsv
[1.740s] -- Up-to-date: /abb_ws/install/abb_gz_description/share/abb_gz_description/local_setup.bash
[1.742s] -- Up-to-date: /abb_ws/install/abb_gz_description/share/abb_gz_description/local_setup.sh
[1.742s] -- Up-to-date: /abb_ws/install/abb_gz_description/share/abb_gz_description/local_setup.zsh
[1.746s] -- Up-to-date: /abb_ws/install/abb_gz_description/share/abb_gz_description/local_setup.dsv
[1.747s] -- Installing: /abb_ws/install/abb_gz_description/share/abb_gz_description/package.dsv
[1.747s] -- Up-to-date: /abb_ws/install/abb_gz_description/share/ament_index/resource_index/packages/abb_gz_description
[1.747s] -- Up-to-date: /abb_ws/install/abb_gz_description/share/abb_gz_description/cmake/abb_gz_descriptionConfig.cmake
[1.748s] -- Up-to-date: /abb_ws/install/abb_gz_description/share/abb_gz_description/cmake/abb_gz_descriptionConfig-version.cmake
[1.748s] -- Up-to-date: /abb_ws/install/abb_gz_description/share/abb_gz_description/package.xml
[1.808s] Invoked command in '/abb_ws/build/abb_gz_description' returned '0': CMAKE_PREFIX_PATH=${CMAKE_PREFIX_PATH}:/abb_ws/install/abb_tf_generator:/abb_ws/install/abb_path_generator:/abb_ws/install/abb_path_controller:/abb_ws/install/abb_mujoco_python:/abb_ws/install/abb_ik_solver:/opt/ros/humble /usr/bin/cmake --install /abb_ws/build/abb_gz_description
