[0.053s] Invoking command in '/abb_ws/build/abb_gz_bringup': CMAKE_PREFIX_PATH=/opt/ros/humble /usr/bin/cmake /abb_ws/src/abb_gz_bringup -DAMENT_CMAKE_SYMLINK_INSTALL=1 -DCMAKE_INSTALL_PREFIX=/abb_ws/install/abb_gz_bringup
[0.897s] -- The C compiler identification is GNU 11.4.0
[0.898s] -- The CXX compiler identification is GNU 11.4.0
[0.898s] -- Detecting C compiler ABI info
[0.898s] -- Detecting C compiler ABI info - done
[0.898s] -- Check for working C compiler: /usr/bin/cc - skipped
[0.898s] -- Detecting C compile features
[0.898s] -- Detecting C compile features - done
[0.898s] -- Detecting CXX compiler ABI info
[0.898s] -- Detecting CXX compiler ABI info - done
[0.898s] -- Check for working CXX compiler: /usr/bin/c++ - skipped
[0.899s] -- Detecting CXX compile features
[0.899s] -- Detecting CXX compile features - done
[0.899s] -- Found ament_cmake: 1.3.12 (/opt/ros/humble/share/ament_cmake/cmake)
[0.899s] -- Found Python3: /usr/bin/python3 (found version "3.10.12") found components: Interpreter 
[0.899s] -- Override CMake install command with custom implementation using symlinks instead of copying resources
[0.899s] -- Configuring done
[0.899s] -- Generating done
[0.899s] -- Build files have been written to: /abb_ws/build/abb_gz_bringup
[0.921s] Invoked command in '/abb_ws/build/abb_gz_bringup' returned '0': CMAKE_PREFIX_PATH=/opt/ros/humble /usr/bin/cmake /abb_ws/src/abb_gz_bringup -DAMENT_CMAKE_SYMLINK_INSTALL=1 -DCMAKE_INSTALL_PREFIX=/abb_ws/install/abb_gz_bringup
[0.921s] Invoking command in '/abb_ws/build/abb_gz_bringup': CMAKE_PREFIX_PATH=/opt/ros/humble /usr/bin/cmake --build /abb_ws/build/abb_gz_bringup -- -j12 -l12
[0.990s] Invoked command in '/abb_ws/build/abb_gz_bringup' returned '0': CMAKE_PREFIX_PATH=/opt/ros/humble /usr/bin/cmake --build /abb_ws/build/abb_gz_bringup -- -j12 -l12
[0.991s] Invoking command in '/abb_ws/build/abb_gz_bringup': CMAKE_PREFIX_PATH=/opt/ros/humble /usr/bin/cmake --install /abb_ws/build/abb_gz_bringup
[0.999s] -- Install configuration: ""
[0.999s] -- Execute custom install script
[0.999s] -- Symlinking: /abb_ws/install/abb_gz_bringup/share/abb_gz_bringup//launch/abb_launch.launch.xml
[1.010s] -- Symlinking: /abb_ws/install/abb_gz_bringup/share/abb_gz_bringup//config/abb_config.rviz
[1.022s] -- Symlinking: /abb_ws/install/abb_gz_bringup/share/abb_gz_bringup//config/controllers.yaml
[1.035s] -- Symlinking: /abb_ws/install/abb_gz_bringup/share/abb_gz_bringup//config/gazebo_bridge.yaml
[1.043s] -- Symlinking: /abb_ws/install/abb_gz_bringup/share/ament_index/resource_index/package_run_dependencies/abb_gz_bringup
[1.056s] -- Symlinking: /abb_ws/install/abb_gz_bringup/share/ament_index/resource_index/parent_prefix_path/abb_gz_bringup
[1.066s] -- Symlinking: /abb_ws/install/abb_gz_bringup/share/abb_gz_bringup/environment/ament_prefix_path.sh
[1.077s] -- Symlinking: /abb_ws/install/abb_gz_bringup/share/abb_gz_bringup/environment/ament_prefix_path.dsv
[1.090s] -- Symlinking: /abb_ws/install/abb_gz_bringup/share/abb_gz_bringup/environment/path.sh
[1.101s] -- Symlinking: /abb_ws/install/abb_gz_bringup/share/abb_gz_bringup/environment/path.dsv
[1.109s] -- Symlinking: /abb_ws/install/abb_gz_bringup/share/abb_gz_bringup/local_setup.bash
[1.120s] -- Symlinking: /abb_ws/install/abb_gz_bringup/share/abb_gz_bringup/local_setup.sh
[1.132s] -- Symlinking: /abb_ws/install/abb_gz_bringup/share/abb_gz_bringup/local_setup.zsh
[1.141s] -- Symlinking: /abb_ws/install/abb_gz_bringup/share/abb_gz_bringup/local_setup.dsv
[1.152s] -- Symlinking: /abb_ws/install/abb_gz_bringup/share/abb_gz_bringup/package.dsv
[1.163s] -- Symlinking: /abb_ws/install/abb_gz_bringup/share/ament_index/resource_index/packages/abb_gz_bringup
[1.169s] -- Symlinking: /abb_ws/install/abb_gz_bringup/share/abb_gz_bringup/cmake/abb_gz_bringupConfig.cmake
[1.179s] -- Symlinking: /abb_ws/install/abb_gz_bringup/share/abb_gz_bringup/cmake/abb_gz_bringupConfig-version.cmake
[1.190s] -- Symlinking: /abb_ws/install/abb_gz_bringup/share/abb_gz_bringup/package.xml
[1.200s] Invoked command in '/abb_ws/build/abb_gz_bringup' returned '0': CMAKE_PREFIX_PATH=/opt/ros/humble /usr/bin/cmake --install /abb_ws/build/abb_gz_bringup
