[0.056s] Invoking command in '/abb_ws/build/abb_gz_bringup': CMAKE_PREFIX_PATH=${CMAKE_PREFIX_PATH}:/abb_ws/install/abb_tf_generator:/abb_ws/install/abb_path_generator:/abb_ws/install/abb_path_controller:/abb_ws/install/abb_mujoco_python:/abb_ws/install/abb_ik_solver:/opt/ros/humble /usr/bin/cmake --build /abb_ws/build/abb_gz_bringup -- -j12 -l12
[1.063s] Invoked command in '/abb_ws/build/abb_gz_bringup' returned '0': CMAKE_PREFIX_PATH=${CMAKE_PREFIX_PATH}:/abb_ws/install/abb_tf_generator:/abb_ws/install/abb_path_generator:/abb_ws/install/abb_path_controller:/abb_ws/install/abb_mujoco_python:/abb_ws/install/abb_ik_solver:/opt/ros/humble /usr/bin/cmake --build /abb_ws/build/abb_gz_bringup -- -j12 -l12
[1.064s] Invoking command in '/abb_ws/build/abb_gz_bringup': CMAKE_PREFIX_PATH=${CMAKE_PREFIX_PATH}:/abb_ws/install/abb_tf_generator:/abb_ws/install/abb_path_generator:/abb_ws/install/abb_path_controller:/abb_ws/install/abb_mujoco_python:/abb_ws/install/abb_ik_solver:/opt/ros/humble /usr/bin/cmake --install /abb_ws/build/abb_gz_bringup
[1.076s] -- Install configuration: ""
[1.076s] -- Execute custom install script
[1.076s] -- Up-to-date symlink: /abb_ws/install/abb_gz_bringup/share/abb_gz_bringup//launch/abb_launch.launch.xml
[1.076s] -- Up-to-date symlink: /abb_ws/install/abb_gz_bringup/share/abb_gz_bringup//config/abb_config.rviz
[1.076s] -- Up-to-date symlink: /abb_ws/install/abb_gz_bringup/share/abb_gz_bringup//config/controllers.yaml
[1.076s] -- Up-to-date symlink: /abb_ws/install/abb_gz_bringup/share/abb_gz_bringup//config/gazebo_bridge.yaml
[1.076s] -- Up-to-date symlink: /abb_ws/install/abb_gz_bringup/share/ament_index/resource_index/package_run_dependencies/abb_gz_bringup
[1.076s] -- Up-to-date symlink: /abb_ws/install/abb_gz_bringup/share/ament_index/resource_index/parent_prefix_path/abb_gz_bringup
[1.076s] -- Up-to-date symlink: /abb_ws/install/abb_gz_bringup/share/abb_gz_bringup/environment/ament_prefix_path.sh
[1.076s] -- Up-to-date symlink: /abb_ws/install/abb_gz_bringup/share/abb_gz_bringup/environment/ament_prefix_path.dsv
[1.077s] -- Up-to-date symlink: /abb_ws/install/abb_gz_bringup/share/abb_gz_bringup/environment/path.sh
[1.077s] -- Up-to-date symlink: /abb_ws/install/abb_gz_bringup/share/abb_gz_bringup/environment/path.dsv
[1.077s] -- Up-to-date symlink: /abb_ws/install/abb_gz_bringup/share/abb_gz_bringup/local_setup.bash
[1.077s] -- Up-to-date symlink: /abb_ws/install/abb_gz_bringup/share/abb_gz_bringup/local_setup.sh
[1.077s] -- Up-to-date symlink: /abb_ws/install/abb_gz_bringup/share/abb_gz_bringup/local_setup.zsh
[1.077s] -- Up-to-date symlink: /abb_ws/install/abb_gz_bringup/share/abb_gz_bringup/local_setup.dsv
[1.077s] -- Symlinking: /abb_ws/install/abb_gz_bringup/share/abb_gz_bringup/package.dsv
[1.080s] -- Up-to-date symlink: /abb_ws/install/abb_gz_bringup/share/ament_index/resource_index/packages/abb_gz_bringup
[1.081s] -- Up-to-date symlink: /abb_ws/install/abb_gz_bringup/share/abb_gz_bringup/cmake/abb_gz_bringupConfig.cmake
[1.082s] -- Up-to-date symlink: /abb_ws/install/abb_gz_bringup/share/abb_gz_bringup/cmake/abb_gz_bringupConfig-version.cmake
[1.083s] -- Up-to-date symlink: /abb_ws/install/abb_gz_bringup/share/abb_gz_bringup/package.xml
[1.100s] Invoked command in '/abb_ws/build/abb_gz_bringup' returned '0': CMAKE_PREFIX_PATH=${CMAKE_PREFIX_PATH}:/abb_ws/install/abb_tf_generator:/abb_ws/install/abb_path_generator:/abb_ws/install/abb_path_controller:/abb_ws/install/abb_mujoco_python:/abb_ws/install/abb_ik_solver:/opt/ros/humble /usr/bin/cmake --install /abb_ws/build/abb_gz_bringup
