[1.517s] Invoking command in '/abb_ws/build/abb_ik_solver': PYTHONPATH=/abb_ws/build/abb_ik_solver/prefix_override:/usr/lib/python3/dist-packages/colcon_core/task/python/colcon_distutils_commands:/abb_ws/install/abb_ik_solver/lib/python3.10/site-packages:${PYTHONPATH} /usr/bin/python3 -W ignore:setup.py install is deprecated -W ignore:easy_install command is deprecated setup.py develop --editable --build-directory /abb_ws/build/abb_ik_solver/build --no-deps symlink_data
[1.792s] running develop
[1.932s] running egg_info
[1.932s] creating abb_ik_solver.egg-info
[1.932s] writing abb_ik_solver.egg-info/PKG-INFO
[1.932s] writing dependency_links to abb_ik_solver.egg-info/dependency_links.txt
[1.933s] writing entry points to abb_ik_solver.egg-info/entry_points.txt
[1.933s] writing requirements to abb_ik_solver.egg-info/requires.txt
[1.933s] writing top-level names to abb_ik_solver.egg-info/top_level.txt
[1.933s] writing manifest file 'abb_ik_solver.egg-info/SOURCES.txt'
[1.935s] reading manifest file 'abb_ik_solver.egg-info/SOURCES.txt'
[1.936s] writing manifest file 'abb_ik_solver.egg-info/SOURCES.txt'
[1.937s] running build_ext
[1.938s] Creating /abb_ws/install/abb_ik_solver/lib/python3.10/site-packages/abb-ik-solver.egg-link (link to .)
[1.938s] Installing abb_ik_solver script to /abb_ws/install/abb_ik_solver/lib/abb_ik_solver
[1.938s] 
[1.938s] Installed /abb_ws/build/abb_ik_solver
[1.938s] running symlink_data
[1.939s] creating /abb_ws/install/abb_ik_solver/share/ament_index
[1.939s] creating /abb_ws/install/abb_ik_solver/share/ament_index/resource_index
[1.939s] creating /abb_ws/install/abb_ik_solver/share/ament_index/resource_index/packages
[1.939s] symbolically linking /abb_ws/build/abb_ik_solver/resource/abb_ik_solver -> /abb_ws/install/abb_ik_solver/share/ament_index/resource_index/packages
[1.939s] symbolically linking /abb_ws/build/abb_ik_solver/package.xml -> /abb_ws/install/abb_ik_solver/share/abb_ik_solver
[1.939s] creating /abb_ws/install/abb_ik_solver/share/abb_ik_solver/launch
[1.939s] creating /abb_ws/install/abb_ik_solver/share/abb_ik_solver/descriptions
[1.939s] creating /abb_ws/install/abb_ik_solver/share/abb_ik_solver/config
[1.974s] Invoked command in '/abb_ws/build/abb_ik_solver' returned '0': PYTHONPATH=/abb_ws/build/abb_ik_solver/prefix_override:/usr/lib/python3/dist-packages/colcon_core/task/python/colcon_distutils_commands:/abb_ws/install/abb_ik_solver/lib/python3.10/site-packages:${PYTHONPATH} /usr/bin/python3 -W ignore:setup.py install is deprecated -W ignore:easy_install command is deprecated setup.py develop --editable --build-directory /abb_ws/build/abb_ik_solver/build --no-deps symlink_data
