[4.063s] Invoking command in '/home/eia/repo/rbi_2025_2/rov/rov_ws/build/rov_path_generator': PYTHONPATH=/home/eia/repo/rbi_2025_2/rov/rov_ws/build/rov_path_generator/prefix_override:/home/eia/.local/lib/python3.10/site-packages/colcon_core/task/python/colcon_distutils_commands:/home/eia/repo/rbi_2025_2/rov/rov_ws/install/rov_path_generator/lib/python3.10/site-packages:${PYTHONPATH} /usr/bin/python3 -W ignore:setup.py install is deprecated -W ignore:easy_install command is deprecated setup.py develop --editable --build-directory /home/eia/repo/rbi_2025_2/rov/rov_ws/build/rov_path_generator/build --no-deps symlink_data
[5.088s] running develop
[5.635s] running egg_info
[5.636s] creating rov_path_generator.egg-info
[5.636s] writing rov_path_generator.egg-info/PKG-INFO
[5.636s] writing dependency_links to rov_path_generator.egg-info/dependency_links.txt
[5.636s] writing entry points to rov_path_generator.egg-info/entry_points.txt
[5.636s] writing requirements to rov_path_generator.egg-info/requires.txt
[5.636s] writing top-level names to rov_path_generator.egg-info/top_level.txt
[5.636s] writing manifest file 'rov_path_generator.egg-info/SOURCES.txt'
[5.637s] reading manifest file 'rov_path_generator.egg-info/SOURCES.txt'
[5.638s] writing manifest file 'rov_path_generator.egg-info/SOURCES.txt'
[5.737s] running build_ext
[5.738s] Creating /home/eia/repo/rbi_2025_2/rov/rov_ws/install/rov_path_generator/lib/python3.10/site-packages/rov-path-generator.egg-link (link to .)
[5.738s] Installing rov_path_generator script to /home/eia/repo/rbi_2025_2/rov/rov_ws/install/rov_path_generator/lib/rov_path_generator
[5.739s] 
[5.739s] Installed /home/eia/repo/rbi_2025_2/rov/rov_ws/build/rov_path_generator
[5.739s] running symlink_data
[5.742s] creating /home/eia/repo/rbi_2025_2/rov/rov_ws/install/rov_path_generator/share/ament_index
[5.743s] creating /home/eia/repo/rbi_2025_2/rov/rov_ws/install/rov_path_generator/share/ament_index/resource_index
[5.743s] creating /home/eia/repo/rbi_2025_2/rov/rov_ws/install/rov_path_generator/share/ament_index/resource_index/packages
[5.743s] symbolically linking /home/eia/repo/rbi_2025_2/rov/rov_ws/build/rov_path_generator/resource/rov_path_generator -> /home/eia/repo/rbi_2025_2/rov/rov_ws/install/rov_path_generator/share/ament_index/resource_index/packages
[5.743s] symbolically linking /home/eia/repo/rbi_2025_2/rov/rov_ws/build/rov_path_generator/package.xml -> /home/eia/repo/rbi_2025_2/rov/rov_ws/install/rov_path_generator/share/rov_path_generator
[5.743s] creating /home/eia/repo/rbi_2025_2/rov/rov_ws/install/rov_path_generator/share/rov_path_generator/launch
[5.743s] creating /home/eia/repo/rbi_2025_2/rov/rov_ws/install/rov_path_generator/share/rov_path_generator/descriptions
[5.743s] creating /home/eia/repo/rbi_2025_2/rov/rov_ws/install/rov_path_generator/share/rov_path_generator/config
[5.864s] Invoked command in '/home/eia/repo/rbi_2025_2/rov/rov_ws/build/rov_path_generator' returned '0': PYTHONPATH=/home/eia/repo/rbi_2025_2/rov/rov_ws/build/rov_path_generator/prefix_override:/home/eia/.local/lib/python3.10/site-packages/colcon_core/task/python/colcon_distutils_commands:/home/eia/repo/rbi_2025_2/rov/rov_ws/install/rov_path_generator/lib/python3.10/site-packages:${PYTHONPATH} /usr/bin/python3 -W ignore:setup.py install is deprecated -W ignore:easy_install command is deprecated setup.py develop --editable --build-directory /home/eia/repo/rbi_2025_2/rov/rov_ws/build/rov_path_generator/build --no-deps symlink_data
