[0.454s] Invoking command in '/home/eia/rbi_2025/abb/abb_ws/build/abb_mujoco_bringup': CMAKE_PREFIX_PATH=${CMAKE_PREFIX_PATH}:/home/eia/rbi_2025/abb/abb_ws/install/abb_tf_generator:/home/eia/rbi_2025/abb/abb_ws/install/abb_path_generator:/home/eia/rbi_2025/abb/abb_ws/install/abb_path_controller:/home/eia/rbi_2025/abb/abb_ws/install/abb_mujoco_python:/home/eia/rbi_2025/abb/abb_ws/install/abb_ik_solver:/home/eia/rbi_2025/scara/scara_ws/install/scara_tf_generator:/home/eia/rbi_2025/scara/scara_ws/install/scara_path_generator:/home/eia/rbi_2025/scara/scara_ws/install/scara_path_controller:/home/eia/rbi_2025/scara/scara_ws/install/scara_mujoco_python_sim:/home/eia/rbi_2025/scara/scara_ws/install/scara_general_ik_solver:/home/eia/rbi_2025/scara/scara_ws/install/premade_path_publisher:/opt/ros/humble /usr/bin/cmake /home/eia/rbi_2025/abb/abb_ws/src/abb_mujoco_bringup -DAMENT_CMAKE_SYMLINK_INSTALL=1 -DCMAKE_INSTALL_PREFIX=/home/eia/rbi_2025/abb/abb_ws/install/abb_mujoco_bringup
[1.977s] -- The C compiler identification is GNU 11.4.0
[1.977s] -- The CXX compiler identification is GNU 11.4.0
[1.977s] -- Detecting C compiler ABI info
[1.977s] -- Detecting C compiler ABI info - done
[1.977s] -- Check for working C compiler: /usr/bin/cc - skipped
[1.977s] -- Detecting C compile features
[1.978s] -- Detecting C compile features - done
[1.978s] -- Detecting CXX compiler ABI info
[1.978s] -- Detecting CXX compiler ABI info - done
[1.978s] -- Check for working CXX compiler: /usr/bin/c++ - skipped
[1.978s] -- Detecting CXX compile features
[1.978s] -- Detecting CXX compile features - done
[1.978s] -- Found ament_cmake: 1.3.12 (/opt/ros/humble/share/ament_cmake/cmake)
[1.978s] -- Found Python3: /usr/bin/python3 (found version "3.10.12") found components: Interpreter 
[1.978s] -- Override CMake install command with custom implementation using symlinks instead of copying resources
[1.978s] -- Found rclcpp: 16.0.14 (/opt/ros/humble/share/rclcpp/cmake)
[1.978s] -- Found rosidl_generator_c: 3.1.7 (/opt/ros/humble/share/rosidl_generator_c/cmake)
[1.978s] -- Found rosidl_adapter: 3.1.7 (/opt/ros/humble/share/rosidl_adapter/cmake)
[1.978s] -- Found rosidl_generator_cpp: 3.1.7 (/opt/ros/humble/share/rosidl_generator_cpp/cmake)
[1.978s] -- Using all available rosidl_typesupport_c: rosidl_typesupport_fastrtps_c;rosidl_typesupport_introspection_c
[1.978s] -- Using all available rosidl_typesupport_cpp: rosidl_typesupport_fastrtps_cpp;rosidl_typesupport_introspection_cpp
[1.978s] -- Found rmw_implementation_cmake: 6.1.2 (/opt/ros/humble/share/rmw_implementation_cmake/cmake)
[1.979s] -- Found rmw_fastrtps_cpp: 6.2.8 (/opt/ros/humble/share/rmw_fastrtps_cpp/cmake)
[1.979s] -- Found OpenSSL: /usr/lib/x86_64-linux-gnu/libcrypto.so (found version "3.0.2")  
[1.979s] -- Found FastRTPS: /opt/ros/humble/include  
[1.979s] -- Using RMW implementation 'rmw_fastrtps_cpp' as default
[1.979s] -- Looking for pthread.h
[1.979s] -- Looking for pthread.h - found
[1.979s] -- Performing Test CMAKE_HAVE_LIBC_PTHREAD
[1.979s] -- Performing Test CMAKE_HAVE_LIBC_PTHREAD - Success
[1.979s] -- Found Threads: TRUE  
[1.979s] -- Configuring done
[1.980s] -- Generating done
[1.980s] -- Build files have been written to: /home/eia/rbi_2025/abb/abb_ws/build/abb_mujoco_bringup
[1.993s] Invoked command in '/home/eia/rbi_2025/abb/abb_ws/build/abb_mujoco_bringup' returned '0': CMAKE_PREFIX_PATH=${CMAKE_PREFIX_PATH}:/home/eia/rbi_2025/abb/abb_ws/install/abb_tf_generator:/home/eia/rbi_2025/abb/abb_ws/install/abb_path_generator:/home/eia/rbi_2025/abb/abb_ws/install/abb_path_controller:/home/eia/rbi_2025/abb/abb_ws/install/abb_mujoco_python:/home/eia/rbi_2025/abb/abb_ws/install/abb_ik_solver:/home/eia/rbi_2025/scara/scara_ws/install/scara_tf_generator:/home/eia/rbi_2025/scara/scara_ws/install/scara_path_generator:/home/eia/rbi_2025/scara/scara_ws/install/scara_path_controller:/home/eia/rbi_2025/scara/scara_ws/install/scara_mujoco_python_sim:/home/eia/rbi_2025/scara/scara_ws/install/scara_general_ik_solver:/home/eia/rbi_2025/scara/scara_ws/install/premade_path_publisher:/opt/ros/humble /usr/bin/cmake /home/eia/rbi_2025/abb/abb_ws/src/abb_mujoco_bringup -DAMENT_CMAKE_SYMLINK_INSTALL=1 -DCMAKE_INSTALL_PREFIX=/home/eia/rbi_2025/abb/abb_ws/install/abb_mujoco_bringup
[1.995s] Invoking command in '/home/eia/rbi_2025/abb/abb_ws/build/abb_mujoco_bringup': CMAKE_PREFIX_PATH=${CMAKE_PREFIX_PATH}:/home/eia/rbi_2025/abb/abb_ws/install/abb_tf_generator:/home/eia/rbi_2025/abb/abb_ws/install/abb_path_generator:/home/eia/rbi_2025/abb/abb_ws/install/abb_path_controller:/home/eia/rbi_2025/abb/abb_ws/install/abb_mujoco_python:/home/eia/rbi_2025/abb/abb_ws/install/abb_ik_solver:/home/eia/rbi_2025/scara/scara_ws/install/scara_tf_generator:/home/eia/rbi_2025/scara/scara_ws/install/scara_path_generator:/home/eia/rbi_2025/scara/scara_ws/install/scara_path_controller:/home/eia/rbi_2025/scara/scara_ws/install/scara_mujoco_python_sim:/home/eia/rbi_2025/scara/scara_ws/install/scara_general_ik_solver:/home/eia/rbi_2025/scara/scara_ws/install/premade_path_publisher:/opt/ros/humble /usr/bin/cmake --build /home/eia/rbi_2025/abb/abb_ws/build/abb_mujoco_bringup -- -j12 -l12
[2.052s] Invoked command in '/home/eia/rbi_2025/abb/abb_ws/build/abb_mujoco_bringup' returned '0': CMAKE_PREFIX_PATH=${CMAKE_PREFIX_PATH}:/home/eia/rbi_2025/abb/abb_ws/install/abb_tf_generator:/home/eia/rbi_2025/abb/abb_ws/install/abb_path_generator:/home/eia/rbi_2025/abb/abb_ws/install/abb_path_controller:/home/eia/rbi_2025/abb/abb_ws/install/abb_mujoco_python:/home/eia/rbi_2025/abb/abb_ws/install/abb_ik_solver:/home/eia/rbi_2025/scara/scara_ws/install/scara_tf_generator:/home/eia/rbi_2025/scara/scara_ws/install/scara_path_generator:/home/eia/rbi_2025/scara/scara_ws/install/scara_path_controller:/home/eia/rbi_2025/scara/scara_ws/install/scara_mujoco_python_sim:/home/eia/rbi_2025/scara/scara_ws/install/scara_general_ik_solver:/home/eia/rbi_2025/scara/scara_ws/install/premade_path_publisher:/opt/ros/humble /usr/bin/cmake --build /home/eia/rbi_2025/abb/abb_ws/build/abb_mujoco_bringup -- -j12 -l12
[2.054s] Invoking command in '/home/eia/rbi_2025/abb/abb_ws/build/abb_mujoco_bringup': CMAKE_PREFIX_PATH=${CMAKE_PREFIX_PATH}:/home/eia/rbi_2025/abb/abb_ws/install/abb_tf_generator:/home/eia/rbi_2025/abb/abb_ws/install/abb_path_generator:/home/eia/rbi_2025/abb/abb_ws/install/abb_path_controller:/home/eia/rbi_2025/abb/abb_ws/install/abb_mujoco_python:/home/eia/rbi_2025/abb/abb_ws/install/abb_ik_solver:/home/eia/rbi_2025/scara/scara_ws/install/scara_tf_generator:/home/eia/rbi_2025/scara/scara_ws/install/scara_path_generator:/home/eia/rbi_2025/scara/scara_ws/install/scara_path_controller:/home/eia/rbi_2025/scara/scara_ws/install/scara_mujoco_python_sim:/home/eia/rbi_2025/scara/scara_ws/install/scara_general_ik_solver:/home/eia/rbi_2025/scara/scara_ws/install/premade_path_publisher:/opt/ros/humble /usr/bin/cmake --install /home/eia/rbi_2025/abb/abb_ws/build/abb_mujoco_bringup
[2.064s] -- Install configuration: ""
[2.065s] -- Execute custom install script
[2.065s] -- Symlinking: /home/eia/rbi_2025/abb/abb_ws/install/abb_mujoco_bringup/share/abb_mujoco_bringup//config/abb_controllers.yaml
[2.075s] -- Symlinking: /home/eia/rbi_2025/abb/abb_ws/install/abb_mujoco_bringup/share/abb_mujoco_bringup//launch/abb_bringup_launch.launch.xml
[2.086s] -- Symlinking: /home/eia/rbi_2025/abb/abb_ws/install/abb_mujoco_bringup/share/ament_index/resource_index/package_run_dependencies/abb_mujoco_bringup
[2.098s] -- Symlinking: /home/eia/rbi_2025/abb/abb_ws/install/abb_mujoco_bringup/share/ament_index/resource_index/parent_prefix_path/abb_mujoco_bringup
[2.115s] -- Symlinking: /home/eia/rbi_2025/abb/abb_ws/install/abb_mujoco_bringup/share/abb_mujoco_bringup/environment/ament_prefix_path.sh
[2.119s] -- Symlinking: /home/eia/rbi_2025/abb/abb_ws/install/abb_mujoco_bringup/share/abb_mujoco_bringup/environment/ament_prefix_path.dsv
[2.129s] -- Symlinking: /home/eia/rbi_2025/abb/abb_ws/install/abb_mujoco_bringup/share/abb_mujoco_bringup/environment/path.sh
[2.141s] -- Symlinking: /home/eia/rbi_2025/abb/abb_ws/install/abb_mujoco_bringup/share/abb_mujoco_bringup/environment/path.dsv
[2.152s] -- Symlinking: /home/eia/rbi_2025/abb/abb_ws/install/abb_mujoco_bringup/share/abb_mujoco_bringup/local_setup.bash
[2.162s] -- Symlinking: /home/eia/rbi_2025/abb/abb_ws/install/abb_mujoco_bringup/share/abb_mujoco_bringup/local_setup.sh
[2.173s] -- Symlinking: /home/eia/rbi_2025/abb/abb_ws/install/abb_mujoco_bringup/share/abb_mujoco_bringup/local_setup.zsh
[2.184s] -- Symlinking: /home/eia/rbi_2025/abb/abb_ws/install/abb_mujoco_bringup/share/abb_mujoco_bringup/local_setup.dsv
[2.195s] -- Symlinking: /home/eia/rbi_2025/abb/abb_ws/install/abb_mujoco_bringup/share/abb_mujoco_bringup/package.dsv
[2.205s] -- Symlinking: /home/eia/rbi_2025/abb/abb_ws/install/abb_mujoco_bringup/share/ament_index/resource_index/packages/abb_mujoco_bringup
[2.215s] -- Symlinking: /home/eia/rbi_2025/abb/abb_ws/install/abb_mujoco_bringup/share/abb_mujoco_bringup/cmake/abb_mujoco_bringupConfig.cmake
[2.224s] -- Symlinking: /home/eia/rbi_2025/abb/abb_ws/install/abb_mujoco_bringup/share/abb_mujoco_bringup/cmake/abb_mujoco_bringupConfig-version.cmake
[2.232s] -- Symlinking: /home/eia/rbi_2025/abb/abb_ws/install/abb_mujoco_bringup/share/abb_mujoco_bringup/package.xml
