[7.261s] Invoking command in '/home/eia/rbi_2025/scara/scara_ws/build/scara_real_bringup': CMAKE_PREFIX_PATH=${CMAKE_PREFIX_PATH}:/home/eia/rbi_2025/scara/scara_ws/install/scara_tf_generator:/home/eia/rbi_2025/scara/scara_ws/install/scara_path_generator:/home/eia/rbi_2025/scara/scara_ws/install/scara_path_controller:/home/eia/rbi_2025/scara/scara_ws/install/scara_mujoco_python_sim:/home/eia/rbi_2025/scara/scara_ws/install/scara_general_ik_solver:/home/eia/rbi_2025/scara/scara_ws/install/premade_path_publisher:/opt/ros/humble /usr/bin/cmake --build /home/eia/rbi_2025/scara/scara_ws/build/scara_real_bringup -- -j12 -l12
[7.512s] Invoked command in '/home/eia/rbi_2025/scara/scara_ws/build/scara_real_bringup' returned '0': CMAKE_PREFIX_PATH=${CMAKE_PREFIX_PATH}:/home/eia/rbi_2025/scara/scara_ws/install/scara_tf_generator:/home/eia/rbi_2025/scara/scara_ws/install/scara_path_generator:/home/eia/rbi_2025/scara/scara_ws/install/scara_path_controller:/home/eia/rbi_2025/scara/scara_ws/install/scara_mujoco_python_sim:/home/eia/rbi_2025/scara/scara_ws/install/scara_general_ik_solver:/home/eia/rbi_2025/scara/scara_ws/install/premade_path_publisher:/opt/ros/humble /usr/bin/cmake --build /home/eia/rbi_2025/scara/scara_ws/build/scara_real_bringup -- -j12 -l12
[7.523s] Invoking command in '/home/eia/rbi_2025/scara/scara_ws/build/scara_real_bringup': CMAKE_PREFIX_PATH=${CMAKE_PREFIX_PATH}:/home/eia/rbi_2025/scara/scara_ws/install/scara_tf_generator:/home/eia/rbi_2025/scara/scara_ws/install/scara_path_generator:/home/eia/rbi_2025/scara/scara_ws/install/scara_path_controller:/home/eia/rbi_2025/scara/scara_ws/install/scara_mujoco_python_sim:/home/eia/rbi_2025/scara/scara_ws/install/scara_general_ik_solver:/home/eia/rbi_2025/scara/scara_ws/install/premade_path_publisher:/opt/ros/humble /usr/bin/cmake --install /home/eia/rbi_2025/scara/scara_ws/build/scara_real_bringup
[7.691s] -- Install configuration: ""
[7.692s] -- Execute custom install script
[7.693s] -- Up-to-date symlink: /home/eia/rbi_2025/scara/scara_ws/install/scara_real_bringup/share/scara_real_bringup//launch/scara_bringup.launch.xml
[7.693s] -- Up-to-date symlink: /home/eia/rbi_2025/scara/scara_ws/install/scara_real_bringup/share/scara_real_bringup//config/controllers.yaml
[7.694s] -- Up-to-date symlink: /home/eia/rbi_2025/scara/scara_ws/install/scara_real_bringup/share/scara_real_bringup//config/gazebo_bridge.yaml
[7.694s] -- Up-to-date symlink: /home/eia/rbi_2025/scara/scara_ws/install/scara_real_bringup/share/scara_real_bringup//config/scara_config.rviz
[7.696s] -- Up-to-date symlink: /home/eia/rbi_2025/scara/scara_ws/install/scara_real_bringup/share/ament_index/resource_index/package_run_dependencies/scara_real_bringup
[7.696s] -- Up-to-date symlink: /home/eia/rbi_2025/scara/scara_ws/install/scara_real_bringup/share/ament_index/resource_index/parent_prefix_path/scara_real_bringup
[7.697s] -- Up-to-date symlink: /home/eia/rbi_2025/scara/scara_ws/install/scara_real_bringup/share/scara_real_bringup/environment/ament_prefix_path.sh
[7.698s] -- Up-to-date symlink: /home/eia/rbi_2025/scara/scara_ws/install/scara_real_bringup/share/scara_real_bringup/environment/ament_prefix_path.dsv
[7.699s] -- Up-to-date symlink: /home/eia/rbi_2025/scara/scara_ws/install/scara_real_bringup/share/scara_real_bringup/environment/path.sh
[7.699s] -- Up-to-date symlink: /home/eia/rbi_2025/scara/scara_ws/install/scara_real_bringup/share/scara_real_bringup/environment/path.dsv
[7.700s] -- Up-to-date symlink: /home/eia/rbi_2025/scara/scara_ws/install/scara_real_bringup/share/scara_real_bringup/local_setup.bash
[7.701s] -- Up-to-date symlink: /home/eia/rbi_2025/scara/scara_ws/install/scara_real_bringup/share/scara_real_bringup/local_setup.sh
[7.701s] -- Up-to-date symlink: /home/eia/rbi_2025/scara/scara_ws/install/scara_real_bringup/share/scara_real_bringup/local_setup.zsh
[7.702s] -- Up-to-date symlink: /home/eia/rbi_2025/scara/scara_ws/install/scara_real_bringup/share/scara_real_bringup/local_setup.dsv
[7.703s] -- Symlinking: /home/eia/rbi_2025/scara/scara_ws/install/scara_real_bringup/share/scara_real_bringup/package.dsv
[7.704s] -- Up-to-date symlink: /home/eia/rbi_2025/scara/scara_ws/install/scara_real_bringup/share/ament_index/resource_index/packages/scara_real_bringup
[7.705s] -- Up-to-date symlink: /home/eia/rbi_2025/scara/scara_ws/install/scara_real_bringup/share/scara_real_bringup/cmake/scara_real_bringupConfig.cmake
[7.707s] -- Up-to-date symlink: /home/eia/rbi_2025/scara/scara_ws/install/scara_real_bringup/share/scara_real_bringup/cmake/scara_real_bringupConfig-version.cmake
[7.708s] -- Up-to-date symlink: /home/eia/rbi_2025/scara/scara_ws/install/scara_real_bringup/share/scara_real_bringup/package.xml
[8.029s] Invoked command in '/home/eia/rbi_2025/scara/scara_ws/build/scara_real_bringup' returned '0': CMAKE_PREFIX_PATH=${CMAKE_PREFIX_PATH}:/home/eia/rbi_2025/scara/scara_ws/install/scara_tf_generator:/home/eia/rbi_2025/scara/scara_ws/install/scara_path_generator:/home/eia/rbi_2025/scara/scara_ws/install/scara_path_controller:/home/eia/rbi_2025/scara/scara_ws/install/scara_mujoco_python_sim:/home/eia/rbi_2025/scara/scara_ws/install/scara_general_ik_solver:/home/eia/rbi_2025/scara/scara_ws/install/premade_path_publisher:/opt/ros/humble /usr/bin/cmake --install /home/eia/rbi_2025/scara/scara_ws/build/scara_real_bringup
