[0.075s] Invoking command in '/abb_ws/build/abb_controllers': CMAKE_PREFIX_PATH=${CMAKE_PREFIX_PATH}:/abb_ws/install/abb_tf_generator:/abb_ws/install/abb_path_controller:/abb_ws/install/abb_mujoco_python:/abb_ws/install/abb_ik_solver:/opt/ros/humble /usr/bin/cmake --build /abb_ws/build/abb_controllers -- -j12 -l12
[1.281s] [100%] Built target abb_controllers
[1.294s] Invoked command in '/abb_ws/build/abb_controllers' returned '0': CMAKE_PREFIX_PATH=${CMAKE_PREFIX_PATH}:/abb_ws/install/abb_tf_generator:/abb_ws/install/abb_path_controller:/abb_ws/install/abb_mujoco_python:/abb_ws/install/abb_ik_solver:/opt/ros/humble /usr/bin/cmake --build /abb_ws/build/abb_controllers -- -j12 -l12
[1.295s] Invoking command in '/abb_ws/build/abb_controllers': CMAKE_PREFIX_PATH=${CMAKE_PREFIX_PATH}:/abb_ws/install/abb_tf_generator:/abb_ws/install/abb_path_controller:/abb_ws/install/abb_mujoco_python:/abb_ws/install/abb_ik_solver:/opt/ros/humble /usr/bin/cmake --install /abb_ws/build/abb_controllers
[1.316s] -- Install configuration: ""
[1.316s] -- Execute custom install script
[1.316s] -- Up-to-date symlink: /abb_ws/install/abb_controllers/share/abb_controllers//abb_controller.xml
[1.316s] -- Up-to-date symlink: /abb_ws/install/abb_controllers/lib/libabb_controllers.so
[1.316s] -- Up-to-date symlink: /abb_ws/install/abb_controllers/include/include/abb_controllers/abb_forward_controller.hpp
[1.316s] -- Up-to-date symlink: /abb_ws/install/abb_controllers/share/abb_controllers/environment/library_path.sh
[1.316s] -- Up-to-date symlink: /abb_ws/install/abb_controllers/share/abb_controllers/environment/library_path.dsv
[1.317s] -- Up-to-date symlink: /abb_ws/install/abb_controllers/share/ament_index/resource_index/package_run_dependencies/abb_controllers
[1.317s] -- Up-to-date symlink: /abb_ws/install/abb_controllers/share/ament_index/resource_index/parent_prefix_path/abb_controllers
[1.317s] -- Up-to-date symlink: /abb_ws/install/abb_controllers/share/abb_controllers/environment/ament_prefix_path.sh
[1.317s] -- Up-to-date symlink: /abb_ws/install/abb_controllers/share/abb_controllers/environment/ament_prefix_path.dsv
[1.317s] -- Up-to-date symlink: /abb_ws/install/abb_controllers/share/abb_controllers/environment/path.sh
[1.317s] -- Up-to-date symlink: /abb_ws/install/abb_controllers/share/abb_controllers/environment/path.dsv
[1.317s] -- Up-to-date symlink: /abb_ws/install/abb_controllers/share/abb_controllers/local_setup.bash
[1.317s] -- Up-to-date symlink: /abb_ws/install/abb_controllers/share/abb_controllers/local_setup.sh
[1.317s] -- Up-to-date symlink: /abb_ws/install/abb_controllers/share/abb_controllers/local_setup.zsh
[1.317s] -- Up-to-date symlink: /abb_ws/install/abb_controllers/share/abb_controllers/local_setup.dsv
[1.317s] -- Symlinking: /abb_ws/install/abb_controllers/share/abb_controllers/package.dsv
[1.336s] -- Up-to-date symlink: /abb_ws/install/abb_controllers/share/ament_index/resource_index/packages/abb_controllers
[1.336s] -- Up-to-date symlink: /abb_ws/install/abb_controllers/share/ament_index/resource_index/controller_interface__pluginlib__plugin/abb_controllers
[1.337s] -- Up-to-date symlink: /abb_ws/install/abb_controllers/share/abb_controllers/cmake/ament_cmake_export_libraries-extras.cmake
[1.337s] -- Up-to-date symlink: /abb_ws/install/abb_controllers/share/abb_controllers/cmake/ament_cmake_export_dependencies-extras.cmake
[1.337s] -- Up-to-date symlink: /abb_ws/install/abb_controllers/share/abb_controllers/cmake/abb_controllersConfig.cmake
[1.337s] -- Up-to-date symlink: /abb_ws/install/abb_controllers/share/abb_controllers/cmake/abb_controllersConfig-version.cmake
[1.337s] -- Up-to-date symlink: /abb_ws/install/abb_controllers/share/abb_controllers/package.xml
[1.377s] Invoked command in '/abb_ws/build/abb_controllers' returned '0': CMAKE_PREFIX_PATH=${CMAKE_PREFIX_PATH}:/abb_ws/install/abb_tf_generator:/abb_ws/install/abb_path_controller:/abb_ws/install/abb_mujoco_python:/abb_ws/install/abb_ik_solver:/opt/ros/humble /usr/bin/cmake --install /abb_ws/build/abb_controllers
