[2.628s] Invoking command in '/home/eia/repo/rbi_2025_2/rov/rov_ws/build/rov_mujoco_bringup': CMAKE_PREFIX_PATH=/opt/ros/humble /usr/bin/cmake --build /home/eia/repo/rbi_2025_2/rov/rov_ws/build/rov_mujoco_bringup -- -j12 -l12
[5.292s] Invoked command in '/home/eia/repo/rbi_2025_2/rov/rov_ws/build/rov_mujoco_bringup' returned '0': CMAKE_PREFIX_PATH=/opt/ros/humble /usr/bin/cmake --build /home/eia/repo/rbi_2025_2/rov/rov_ws/build/rov_mujoco_bringup -- -j12 -l12
[5.310s] Invoking command in '/home/eia/repo/rbi_2025_2/rov/rov_ws/build/rov_mujoco_bringup': CMAKE_PREFIX_PATH=/opt/ros/humble /usr/bin/cmake --install /home/eia/repo/rbi_2025_2/rov/rov_ws/build/rov_mujoco_bringup
[5.374s] -- Install configuration: ""
[5.376s] -- Execute custom install script
[5.381s] -- Up-to-date symlink: /home/eia/repo/rbi_2025_2/rov/rov_ws/install/rov_mujoco_bringup/share/rov_mujoco_bringup//config/rov_controllers.yaml
[5.382s] -- Up-to-date symlink: /home/eia/repo/rbi_2025_2/rov/rov_ws/install/rov_mujoco_bringup/share/rov_mujoco_bringup//config/rviz_config.rviz
[5.384s] -- Up-to-date symlink: /home/eia/repo/rbi_2025_2/rov/rov_ws/install/rov_mujoco_bringup/share/rov_mujoco_bringup//launch/rov_bringup_launch.launch.xml
[5.386s] -- Up-to-date symlink: /home/eia/repo/rbi_2025_2/rov/rov_ws/install/rov_mujoco_bringup/share/ament_index/resource_index/package_run_dependencies/rov_mujoco_bringup
[5.391s] -- Up-to-date symlink: /home/eia/repo/rbi_2025_2/rov/rov_ws/install/rov_mujoco_bringup/share/ament_index/resource_index/parent_prefix_path/rov_mujoco_bringup
[5.393s] -- Up-to-date symlink: /home/eia/repo/rbi_2025_2/rov/rov_ws/install/rov_mujoco_bringup/share/rov_mujoco_bringup/environment/ament_prefix_path.sh
[5.395s] -- Up-to-date symlink: /home/eia/repo/rbi_2025_2/rov/rov_ws/install/rov_mujoco_bringup/share/rov_mujoco_bringup/environment/ament_prefix_path.dsv
[5.401s] -- Up-to-date symlink: /home/eia/repo/rbi_2025_2/rov/rov_ws/install/rov_mujoco_bringup/share/rov_mujoco_bringup/environment/path.sh
[5.408s] -- Up-to-date symlink: /home/eia/repo/rbi_2025_2/rov/rov_ws/install/rov_mujoco_bringup/share/rov_mujoco_bringup/environment/path.dsv
[5.412s] -- Up-to-date symlink: /home/eia/repo/rbi_2025_2/rov/rov_ws/install/rov_mujoco_bringup/share/rov_mujoco_bringup/local_setup.bash
[5.416s] -- Up-to-date symlink: /home/eia/repo/rbi_2025_2/rov/rov_ws/install/rov_mujoco_bringup/share/rov_mujoco_bringup/local_setup.sh
[5.417s] -- Up-to-date symlink: /home/eia/repo/rbi_2025_2/rov/rov_ws/install/rov_mujoco_bringup/share/rov_mujoco_bringup/local_setup.zsh
[5.417s] -- Up-to-date symlink: /home/eia/repo/rbi_2025_2/rov/rov_ws/install/rov_mujoco_bringup/share/rov_mujoco_bringup/local_setup.dsv
[5.418s] -- Symlinking: /home/eia/repo/rbi_2025_2/rov/rov_ws/install/rov_mujoco_bringup/share/rov_mujoco_bringup/package.dsv
[5.418s] -- Up-to-date symlink: /home/eia/repo/rbi_2025_2/rov/rov_ws/install/rov_mujoco_bringup/share/ament_index/resource_index/packages/rov_mujoco_bringup
[5.422s] -- Up-to-date symlink: /home/eia/repo/rbi_2025_2/rov/rov_ws/install/rov_mujoco_bringup/share/rov_mujoco_bringup/cmake/rov_mujoco_bringupConfig.cmake
[5.422s] -- Up-to-date symlink: /home/eia/repo/rbi_2025_2/rov/rov_ws/install/rov_mujoco_bringup/share/rov_mujoco_bringup/cmake/rov_mujoco_bringupConfig-version.cmake
[5.423s] -- Up-to-date symlink: /home/eia/repo/rbi_2025_2/rov/rov_ws/install/rov_mujoco_bringup/share/rov_mujoco_bringup/package.xml
[5.644s] Invoked command in '/home/eia/repo/rbi_2025_2/rov/rov_ws/build/rov_mujoco_bringup' returned '0': CMAKE_PREFIX_PATH=/opt/ros/humble /usr/bin/cmake --install /home/eia/repo/rbi_2025_2/rov/rov_ws/build/rov_mujoco_bringup
