[2.811s] Invoking command in '/home/eia/rbi_2025/scara/scara_ws/build/scara_hardware_interface': CMAKE_PREFIX_PATH=${CMAKE_PREFIX_PATH}:/home/eia/rbi_2025/scara/scara_ws/install/scara_tf_generator:/home/eia/rbi_2025/scara/scara_ws/install/scara_path_generator:/home/eia/rbi_2025/scara/scara_ws/install/scara_path_controller:/home/eia/rbi_2025/scara/scara_ws/install/scara_mujoco_python_sim:/home/eia/rbi_2025/scara/scara_ws/install/scara_general_ik_solver:/home/eia/rbi_2025/scara/scara_ws/install/premade_path_publisher:/opt/ros/humble /usr/bin/cmake --build /home/eia/rbi_2025/scara/scara_ws/build/scara_hardware_interface -- -j12 -l12
[7.160s] [35m[1mConsolidate compiler generated dependencies of target scara_hardware_interface[0m
[7.164s] [100%] Built target scara_hardware_interface
[7.250s] Invoked command in '/home/eia/rbi_2025/scara/scara_ws/build/scara_hardware_interface' returned '0': CMAKE_PREFIX_PATH=${CMAKE_PREFIX_PATH}:/home/eia/rbi_2025/scara/scara_ws/install/scara_tf_generator:/home/eia/rbi_2025/scara/scara_ws/install/scara_path_generator:/home/eia/rbi_2025/scara/scara_ws/install/scara_path_controller:/home/eia/rbi_2025/scara/scara_ws/install/scara_mujoco_python_sim:/home/eia/rbi_2025/scara/scara_ws/install/scara_general_ik_solver:/home/eia/rbi_2025/scara/scara_ws/install/premade_path_publisher:/opt/ros/humble /usr/bin/cmake --build /home/eia/rbi_2025/scara/scara_ws/build/scara_hardware_interface -- -j12 -l12
[7.259s] Invoking command in '/home/eia/rbi_2025/scara/scara_ws/build/scara_hardware_interface': CMAKE_PREFIX_PATH=${CMAKE_PREFIX_PATH}:/home/eia/rbi_2025/scara/scara_ws/install/scara_tf_generator:/home/eia/rbi_2025/scara/scara_ws/install/scara_path_generator:/home/eia/rbi_2025/scara/scara_ws/install/scara_path_controller:/home/eia/rbi_2025/scara/scara_ws/install/scara_mujoco_python_sim:/home/eia/rbi_2025/scara/scara_ws/install/scara_general_ik_solver:/home/eia/rbi_2025/scara/scara_ws/install/premade_path_publisher:/opt/ros/humble /usr/bin/cmake --install /home/eia/rbi_2025/scara/scara_ws/build/scara_hardware_interface
[7.389s] -- Install configuration: ""
[7.394s] -- Execute custom install script
[7.394s] -- Up-to-date symlink: /home/eia/rbi_2025/scara/scara_ws/install/scara_hardware_interface/share/scara_hardware_interface//scara_hardware_interface.xml
[7.395s] -- Up-to-date symlink: /home/eia/rbi_2025/scara/scara_ws/install/scara_hardware_interface/lib/libscara_hardware_interface.so
[7.397s] -- Up-to-date symlink: /home/eia/rbi_2025/scara/scara_ws/install/scara_hardware_interface/include/include/scara_hardware_interface/scara_hardware_interface.hpp
[7.399s] -- Up-to-date symlink: /home/eia/rbi_2025/scara/scara_ws/install/scara_hardware_interface/share/scara_hardware_interface/environment/library_path.sh
[7.401s] -- Up-to-date symlink: /home/eia/rbi_2025/scara/scara_ws/install/scara_hardware_interface/share/scara_hardware_interface/environment/library_path.dsv
[7.401s] -- Up-to-date symlink: /home/eia/rbi_2025/scara/scara_ws/install/scara_hardware_interface/share/ament_index/resource_index/package_run_dependencies/scara_hardware_interface
[7.402s] -- Up-to-date symlink: /home/eia/rbi_2025/scara/scara_ws/install/scara_hardware_interface/share/ament_index/resource_index/parent_prefix_path/scara_hardware_interface
[7.403s] -- Up-to-date symlink: /home/eia/rbi_2025/scara/scara_ws/install/scara_hardware_interface/share/scara_hardware_interface/environment/ament_prefix_path.sh
[7.403s] -- Up-to-date symlink: /home/eia/rbi_2025/scara/scara_ws/install/scara_hardware_interface/share/scara_hardware_interface/environment/ament_prefix_path.dsv
[7.404s] -- Up-to-date symlink: /home/eia/rbi_2025/scara/scara_ws/install/scara_hardware_interface/share/scara_hardware_interface/environment/path.sh
[7.404s] -- Up-to-date symlink: /home/eia/rbi_2025/scara/scara_ws/install/scara_hardware_interface/share/scara_hardware_interface/environment/path.dsv
[7.405s] -- Up-to-date symlink: /home/eia/rbi_2025/scara/scara_ws/install/scara_hardware_interface/share/scara_hardware_interface/local_setup.bash
[7.405s] -- Up-to-date symlink: /home/eia/rbi_2025/scara/scara_ws/install/scara_hardware_interface/share/scara_hardware_interface/local_setup.sh
[7.407s] -- Up-to-date symlink: /home/eia/rbi_2025/scara/scara_ws/install/scara_hardware_interface/share/scara_hardware_interface/local_setup.zsh
[7.408s] -- Up-to-date symlink: /home/eia/rbi_2025/scara/scara_ws/install/scara_hardware_interface/share/scara_hardware_interface/local_setup.dsv
[7.408s] -- Symlinking: /home/eia/rbi_2025/scara/scara_ws/install/scara_hardware_interface/share/scara_hardware_interface/package.dsv
[7.420s] -- Up-to-date symlink: /home/eia/rbi_2025/scara/scara_ws/install/scara_hardware_interface/share/ament_index/resource_index/packages/scara_hardware_interface
[7.421s] -- Up-to-date symlink: /home/eia/rbi_2025/scara/scara_ws/install/scara_hardware_interface/share/ament_index/resource_index/hardware_interface__pluginlib__plugin/scara_hardware_interface
[7.421s] -- Up-to-date symlink: /home/eia/rbi_2025/scara/scara_ws/install/scara_hardware_interface/share/scara_hardware_interface/cmake/ament_cmake_export_libraries-extras.cmake
[7.422s] -- Up-to-date symlink: /home/eia/rbi_2025/scara/scara_ws/install/scara_hardware_interface/share/scara_hardware_interface/cmake/ament_cmake_export_dependencies-extras.cmake
[7.422s] -- Up-to-date symlink: /home/eia/rbi_2025/scara/scara_ws/install/scara_hardware_interface/share/scara_hardware_interface/cmake/scara_hardware_interfaceConfig.cmake
[7.423s] -- Up-to-date symlink: /home/eia/rbi_2025/scara/scara_ws/install/scara_hardware_interface/share/scara_hardware_interface/cmake/scara_hardware_interfaceConfig-version.cmake
[7.425s] -- Up-to-date symlink: /home/eia/rbi_2025/scara/scara_ws/install/scara_hardware_interface/share/scara_hardware_interface/package.xml
[7.943s] Invoked command in '/home/eia/rbi_2025/scara/scara_ws/build/scara_hardware_interface' returned '0': CMAKE_PREFIX_PATH=${CMAKE_PREFIX_PATH}:/home/eia/rbi_2025/scara/scara_ws/install/scara_tf_generator:/home/eia/rbi_2025/scara/scara_ws/install/scara_path_generator:/home/eia/rbi_2025/scara/scara_ws/install/scara_path_controller:/home/eia/rbi_2025/scara/scara_ws/install/scara_mujoco_python_sim:/home/eia/rbi_2025/scara/scara_ws/install/scara_general_ik_solver:/home/eia/rbi_2025/scara/scara_ws/install/premade_path_publisher:/opt/ros/humble /usr/bin/cmake --install /home/eia/rbi_2025/scara/scara_ws/build/scara_hardware_interface
