[1.278s] Invoking command in '/abb_ws/build/abb_mujoco_description': CMAKE_PREFIX_PATH=${CMAKE_PREFIX_PATH}:/abb_ws/install/abb_tf_generator:/abb_ws/install/abb_path_generator:/abb_ws/install/abb_path_controller:/abb_ws/install/abb_mujoco_python:/abb_ws/install/abb_ik_solver:/opt/ros/humble /usr/bin/cmake /abb_ws/src/abb_mujoco_description -DAMENT_CMAKE_SYMLINK_INSTALL=1 -DCMAKE_INSTALL_PREFIX=/abb_ws/install/abb_mujoco_description
[5.294s] -- Found ament_cmake: 1.3.12 (/opt/ros/humble/share/ament_cmake/cmake)
[5.294s] -- Override CMake install command with custom implementation using symlinks instead of copying resources
[5.308s] -- Configuring done
[5.312s] -- Generating done
[5.313s] -- Build files have been written to: /abb_ws/build/abb_mujoco_description
[5.423s] Invoked command in '/abb_ws/build/abb_mujoco_description' returned '0': CMAKE_PREFIX_PATH=${CMAKE_PREFIX_PATH}:/abb_ws/install/abb_tf_generator:/abb_ws/install/abb_path_generator:/abb_ws/install/abb_path_controller:/abb_ws/install/abb_mujoco_python:/abb_ws/install/abb_ik_solver:/opt/ros/humble /usr/bin/cmake /abb_ws/src/abb_mujoco_description -DAMENT_CMAKE_SYMLINK_INSTALL=1 -DCMAKE_INSTALL_PREFIX=/abb_ws/install/abb_mujoco_description
[5.431s] Invoking command in '/abb_ws/build/abb_mujoco_description': CMAKE_PREFIX_PATH=${CMAKE_PREFIX_PATH}:/abb_ws/install/abb_tf_generator:/abb_ws/install/abb_path_generator:/abb_ws/install/abb_path_controller:/abb_ws/install/abb_mujoco_python:/abb_ws/install/abb_ik_solver:/opt/ros/humble /usr/bin/cmake --build /abb_ws/build/abb_mujoco_description -- -j12 -l12
[5.511s] Invoked command in '/abb_ws/build/abb_mujoco_description' returned '0': CMAKE_PREFIX_PATH=${CMAKE_PREFIX_PATH}:/abb_ws/install/abb_tf_generator:/abb_ws/install/abb_path_generator:/abb_ws/install/abb_path_controller:/abb_ws/install/abb_mujoco_python:/abb_ws/install/abb_ik_solver:/opt/ros/humble /usr/bin/cmake --build /abb_ws/build/abb_mujoco_description -- -j12 -l12
[5.514s] Invoking command in '/abb_ws/build/abb_mujoco_description': CMAKE_PREFIX_PATH=${CMAKE_PREFIX_PATH}:/abb_ws/install/abb_tf_generator:/abb_ws/install/abb_path_generator:/abb_ws/install/abb_path_controller:/abb_ws/install/abb_mujoco_python:/abb_ws/install/abb_ik_solver:/opt/ros/humble /usr/bin/cmake --install /abb_ws/build/abb_mujoco_description
[5.570s] -- Install configuration: ""
[5.572s] -- Execute custom install script
[5.573s] -- Symlinking: /abb_ws/install/abb_mujoco_description/share/abb_mujoco_description//urdf/MUJOCO_LOG.TXT
[5.625s] -- Symlinking: /abb_ws/install/abb_mujoco_description/share/abb_mujoco_description//urdf/abb_description.urdf.xacro
[5.653s] -- Symlinking: /abb_ws/install/abb_mujoco_description/share/abb_mujoco_description//launch/display.launch.xml
[5.704s] -- Symlinking: /abb_ws/install/abb_mujoco_description/share/ament_index/resource_index/package_run_dependencies/abb_mujoco_description
[5.766s] -- Symlinking: /abb_ws/install/abb_mujoco_description/share/ament_index/resource_index/parent_prefix_path/abb_mujoco_description
[5.835s] -- Symlinking: /abb_ws/install/abb_mujoco_description/share/abb_mujoco_description/environment/ament_prefix_path.sh
[5.884s] -- Symlinking: /abb_ws/install/abb_mujoco_description/share/abb_mujoco_description/environment/ament_prefix_path.dsv
[5.925s] -- Symlinking: /abb_ws/install/abb_mujoco_description/share/abb_mujoco_description/environment/path.sh
[5.966s] -- Symlinking: /abb_ws/install/abb_mujoco_description/share/abb_mujoco_description/environment/path.dsv
[6.007s] -- Symlinking: /abb_ws/install/abb_mujoco_description/share/abb_mujoco_description/local_setup.bash
[6.052s] -- Symlinking: /abb_ws/install/abb_mujoco_description/share/abb_mujoco_description/local_setup.sh
[6.095s] -- Symlinking: /abb_ws/install/abb_mujoco_description/share/abb_mujoco_description/local_setup.zsh
[6.137s] -- Symlinking: /abb_ws/install/abb_mujoco_description/share/abb_mujoco_description/local_setup.dsv
[6.181s] -- Symlinking: /abb_ws/install/abb_mujoco_description/share/abb_mujoco_description/package.dsv
[6.226s] -- Symlinking: /abb_ws/install/abb_mujoco_description/share/ament_index/resource_index/packages/abb_mujoco_description
[6.268s] -- Symlinking: /abb_ws/install/abb_mujoco_description/share/abb_mujoco_description/cmake/abb_mujoco_descriptionConfig.cmake
[6.312s] -- Symlinking: /abb_ws/install/abb_mujoco_description/share/abb_mujoco_description/cmake/abb_mujoco_descriptionConfig-version.cmake
[6.356s] -- Symlinking: /abb_ws/install/abb_mujoco_description/share/abb_mujoco_description/package.xml
[6.408s] Invoked command in '/abb_ws/build/abb_mujoco_description' returned '0': CMAKE_PREFIX_PATH=${CMAKE_PREFIX_PATH}:/abb_ws/install/abb_tf_generator:/abb_ws/install/abb_path_generator:/abb_ws/install/abb_path_controller:/abb_ws/install/abb_mujoco_python:/abb_ws/install/abb_ik_solver:/opt/ros/humble /usr/bin/cmake --install /abb_ws/build/abb_mujoco_description
