[3.168s] Invoking command in '/abb_ws/src/abb_path_controller': PYTHONPATH=/abb_ws/build/abb_path_controller/prefix_override:/usr/lib/python3/dist-packages/colcon_core/task/python/colcon_distutils_commands:/abb_ws/install/abb_path_controller/lib/python3.10/site-packages:${PYTHONPATH} /usr/bin/python3 -W ignore:setup.py install is deprecated -W ignore:easy_install command is deprecated setup.py egg_info --egg-base ../../build/abb_path_controller build --build-base /abb_ws/build/abb_path_controller/build install --record /abb_ws/build/abb_path_controller/install.log --single-version-externally-managed install_data
[3.716s] running egg_info
[3.718s] creating ../../build/abb_path_controller/abb_path_controller.egg-info
[3.719s] writing ../../build/abb_path_controller/abb_path_controller.egg-info/PKG-INFO
[3.720s] writing dependency_links to ../../build/abb_path_controller/abb_path_controller.egg-info/dependency_links.txt
[3.721s] writing entry points to ../../build/abb_path_controller/abb_path_controller.egg-info/entry_points.txt
[3.721s] writing requirements to ../../build/abb_path_controller/abb_path_controller.egg-info/requires.txt
[3.721s] writing top-level names to ../../build/abb_path_controller/abb_path_controller.egg-info/top_level.txt
[3.721s] writing manifest file '../../build/abb_path_controller/abb_path_controller.egg-info/SOURCES.txt'
[3.724s] reading manifest file '../../build/abb_path_controller/abb_path_controller.egg-info/SOURCES.txt'
[3.725s] writing manifest file '../../build/abb_path_controller/abb_path_controller.egg-info/SOURCES.txt'
[3.725s] running build
[3.726s] running build_py
[3.726s] creating /abb_ws/build/abb_path_controller/build
[3.726s] creating /abb_ws/build/abb_path_controller/build/lib
[3.726s] creating /abb_ws/build/abb_path_controller/build/lib/abb_path_controller
[3.726s] copying abb_path_controller/__init__.py -> /abb_ws/build/abb_path_controller/build/lib/abb_path_controller
[3.727s] copying abb_path_controller/abb_path_controller.py -> /abb_ws/build/abb_path_controller/build/lib/abb_path_controller
[3.727s] running install
[3.728s] running install_lib
[3.729s] creating /abb_ws/install/abb_path_controller/lib/python3.10/site-packages/abb_path_controller
[3.729s] copying /abb_ws/build/abb_path_controller/build/lib/abb_path_controller/__init__.py -> /abb_ws/install/abb_path_controller/lib/python3.10/site-packages/abb_path_controller
[3.729s] copying /abb_ws/build/abb_path_controller/build/lib/abb_path_controller/abb_path_controller.py -> /abb_ws/install/abb_path_controller/lib/python3.10/site-packages/abb_path_controller
[3.730s] byte-compiling /abb_ws/install/abb_path_controller/lib/python3.10/site-packages/abb_path_controller/__init__.py to __init__.cpython-310.pyc
[3.733s] byte-compiling /abb_ws/install/abb_path_controller/lib/python3.10/site-packages/abb_path_controller/abb_path_controller.py to abb_path_controller.cpython-310.pyc
[3.734s] running install_data
[3.734s] creating /abb_ws/install/abb_path_controller/share/ament_index
[3.734s] creating /abb_ws/install/abb_path_controller/share/ament_index/resource_index
[3.734s] creating /abb_ws/install/abb_path_controller/share/ament_index/resource_index/packages
[3.734s] copying resource/abb_path_controller -> /abb_ws/install/abb_path_controller/share/ament_index/resource_index/packages
[3.735s] copying package.xml -> /abb_ws/install/abb_path_controller/share/abb_path_controller
[3.735s] creating /abb_ws/install/abb_path_controller/share/abb_path_controller/launch
[3.735s] creating /abb_ws/install/abb_path_controller/share/abb_path_controller/descriptions
[3.735s] creating /abb_ws/install/abb_path_controller/share/abb_path_controller/config
[3.735s] running install_egg_info
[3.737s] Copying ../../build/abb_path_controller/abb_path_controller.egg-info to /abb_ws/install/abb_path_controller/lib/python3.10/site-packages/abb_path_controller-0.0.0-py3.10.egg-info
[3.739s] running install_scripts
[3.785s] Installing abb_path_controller script to /abb_ws/install/abb_path_controller/lib/abb_path_controller
[3.785s] Installing abb_path_generator script to /abb_ws/install/abb_path_controller/lib/abb_path_controller
[3.786s] writing list of installed files to '/abb_ws/build/abb_path_controller/install.log'
[3.819s] Invoked command in '/abb_ws/src/abb_path_controller' returned '0': PYTHONPATH=/abb_ws/build/abb_path_controller/prefix_override:/usr/lib/python3/dist-packages/colcon_core/task/python/colcon_distutils_commands:/abb_ws/install/abb_path_controller/lib/python3.10/site-packages:${PYTHONPATH} /usr/bin/python3 -W ignore:setup.py install is deprecated -W ignore:easy_install command is deprecated setup.py egg_info --egg-base ../../build/abb_path_controller build --build-base /abb_ws/build/abb_path_controller/build install --record /abb_ws/build/abb_path_controller/install.log --single-version-externally-managed install_data
