[11.568s] Invoking command in '/home/eia/rbi_2025/scara/scara_ws/build/scara_path_controller': PYTHONPATH=/home/eia/rbi_2025/scara/scara_ws/build/scara_path_controller/prefix_override:/home/eia/.local/lib/python3.10/site-packages/colcon_core/task/python/colcon_distutils_commands:/home/eia/rbi_2025/scara/scara_ws/install/scara_path_controller/lib/python3.10/site-packages:${PYTHONPATH} /usr/bin/python3 -W ignore:setup.py install is deprecated -W ignore:easy_install command is deprecated setup.py develop --editable --build-directory /home/eia/rbi_2025/scara/scara_ws/build/scara_path_controller/build --no-deps symlink_data
[13.917s] running develop
[15.714s] running egg_info
[15.714s] creating scara_path_controller.egg-info
[15.715s] writing scara_path_controller.egg-info/PKG-INFO
[15.715s] writing dependency_links to scara_path_controller.egg-info/dependency_links.txt
[15.716s] writing entry points to scara_path_controller.egg-info/entry_points.txt
[15.716s] writing requirements to scara_path_controller.egg-info/requires.txt
[15.717s] writing top-level names to scara_path_controller.egg-info/top_level.txt
[15.718s] writing manifest file 'scara_path_controller.egg-info/SOURCES.txt'
[15.724s] reading manifest file 'scara_path_controller.egg-info/SOURCES.txt'
[15.726s] writing manifest file 'scara_path_controller.egg-info/SOURCES.txt'
[15.907s] running build_ext
[15.908s] Creating /home/eia/rbi_2025/scara/scara_ws/install/scara_path_controller/lib/python3.10/site-packages/scara-path-controller.egg-link (link to .)
[15.911s] Installing scara_path_controller script to /home/eia/rbi_2025/scara/scara_ws/install/scara_path_controller/lib/scara_path_controller
[15.912s] 
[15.912s] Installed /home/eia/rbi_2025/scara/scara_ws/build/scara_path_controller
[15.913s] running symlink_data
[15.914s] creating /home/eia/rbi_2025/scara/scara_ws/install/scara_path_controller/share/ament_index
[15.914s] creating /home/eia/rbi_2025/scara/scara_ws/install/scara_path_controller/share/ament_index/resource_index
[15.914s] creating /home/eia/rbi_2025/scara/scara_ws/install/scara_path_controller/share/ament_index/resource_index/packages
[15.915s] symbolically linking /home/eia/rbi_2025/scara/scara_ws/build/scara_path_controller/resource/scara_path_controller -> /home/eia/rbi_2025/scara/scara_ws/install/scara_path_controller/share/ament_index/resource_index/packages
[15.915s] symbolically linking /home/eia/rbi_2025/scara/scara_ws/build/scara_path_controller/package.xml -> /home/eia/rbi_2025/scara/scara_ws/install/scara_path_controller/share/scara_path_controller
[15.916s] creating /home/eia/rbi_2025/scara/scara_ws/install/scara_path_controller/share/scara_path_controller/launch
[15.916s] creating /home/eia/rbi_2025/scara/scara_ws/install/scara_path_controller/share/scara_path_controller/descriptions
[15.916s] creating /home/eia/rbi_2025/scara/scara_ws/install/scara_path_controller/share/scara_path_controller/config
[16.063s] Invoked command in '/home/eia/rbi_2025/scara/scara_ws/build/scara_path_controller' returned '0': PYTHONPATH=/home/eia/rbi_2025/scara/scara_ws/build/scara_path_controller/prefix_override:/home/eia/.local/lib/python3.10/site-packages/colcon_core/task/python/colcon_distutils_commands:/home/eia/rbi_2025/scara/scara_ws/install/scara_path_controller/lib/python3.10/site-packages:${PYTHONPATH} /usr/bin/python3 -W ignore:setup.py install is deprecated -W ignore:easy_install command is deprecated setup.py develop --editable --build-directory /home/eia/rbi_2025/scara/scara_ws/build/scara_path_controller/build --no-deps symlink_data
