[3.675s] Invoking command in '/home/eia/rbi_2025/rov/rov_ws/build/rov_path_follower': PYTHONPATH=/home/eia/rbi_2025/rov/rov_ws/build/rov_path_follower/prefix_override:/home/eia/.local/lib/python3.10/site-packages/colcon_core/task/python/colcon_distutils_commands:/home/eia/rbi_2025/rov/rov_ws/install/rov_path_follower/lib/python3.10/site-packages:${PYTHONPATH} /usr/bin/python3 -W ignore:setup.py install is deprecated -W ignore:easy_install command is deprecated setup.py develop --editable --build-directory /home/eia/rbi_2025/rov/rov_ws/build/rov_path_follower/build --no-deps symlink_data
[4.392s] running develop
[4.960s] running egg_info
[4.960s] creating rov_path_follower.egg-info
[4.960s] writing rov_path_follower.egg-info/PKG-INFO
[4.961s] writing dependency_links to rov_path_follower.egg-info/dependency_links.txt
[4.961s] writing entry points to rov_path_follower.egg-info/entry_points.txt
[4.961s] writing requirements to rov_path_follower.egg-info/requires.txt
[4.961s] writing top-level names to rov_path_follower.egg-info/top_level.txt
[4.962s] writing manifest file 'rov_path_follower.egg-info/SOURCES.txt'
[4.965s] reading manifest file 'rov_path_follower.egg-info/SOURCES.txt'
[4.967s] writing manifest file 'rov_path_follower.egg-info/SOURCES.txt'
[5.060s] running build_ext
[5.060s] Creating /home/eia/rbi_2025/rov/rov_ws/install/rov_path_follower/lib/python3.10/site-packages/rov-path-follower.egg-link (link to .)
[5.063s] Installing rov_path_follower script to /home/eia/rbi_2025/rov/rov_ws/install/rov_path_follower/lib/rov_path_follower
[5.063s] 
[5.063s] Installed /home/eia/rbi_2025/rov/rov_ws/build/rov_path_follower
[5.063s] running symlink_data
[5.063s] creating /home/eia/rbi_2025/rov/rov_ws/install/rov_path_follower/share/ament_index
[5.063s] creating /home/eia/rbi_2025/rov/rov_ws/install/rov_path_follower/share/ament_index/resource_index
[5.063s] creating /home/eia/rbi_2025/rov/rov_ws/install/rov_path_follower/share/ament_index/resource_index/packages
[5.064s] symbolically linking /home/eia/rbi_2025/rov/rov_ws/build/rov_path_follower/resource/rov_path_follower -> /home/eia/rbi_2025/rov/rov_ws/install/rov_path_follower/share/ament_index/resource_index/packages
[5.064s] symbolically linking /home/eia/rbi_2025/rov/rov_ws/build/rov_path_follower/package.xml -> /home/eia/rbi_2025/rov/rov_ws/install/rov_path_follower/share/rov_path_follower
[5.064s] creating /home/eia/rbi_2025/rov/rov_ws/install/rov_path_follower/share/rov_path_follower/launch
[5.064s] creating /home/eia/rbi_2025/rov/rov_ws/install/rov_path_follower/share/rov_path_follower/descriptions
[5.064s] creating /home/eia/rbi_2025/rov/rov_ws/install/rov_path_follower/share/rov_path_follower/config
[5.133s] Invoked command in '/home/eia/rbi_2025/rov/rov_ws/build/rov_path_follower' returned '0': PYTHONPATH=/home/eia/rbi_2025/rov/rov_ws/build/rov_path_follower/prefix_override:/home/eia/.local/lib/python3.10/site-packages/colcon_core/task/python/colcon_distutils_commands:/home/eia/rbi_2025/rov/rov_ws/install/rov_path_follower/lib/python3.10/site-packages:${PYTHONPATH} /usr/bin/python3 -W ignore:setup.py install is deprecated -W ignore:easy_install command is deprecated setup.py develop --editable --build-directory /home/eia/rbi_2025/rov/rov_ws/build/rov_path_follower/build --no-deps symlink_data
