[2.562s] Invoking command in '/home/eia/rbi_2025/scara/scara_ws/build/scara_mujoco_description': CMAKE_PREFIX_PATH=/opt/ros/humble /usr/bin/cmake /home/eia/rbi_2025/scara/scara_ws/src/scara_mujoco_description -DAMENT_CMAKE_SYMLINK_INSTALL=1 -DCMAKE_INSTALL_PREFIX=/home/eia/rbi_2025/scara/scara_ws/install/scara_mujoco_description
[7.726s] -- The C compiler identification is GNU 11.4.0
[7.726s] -- The CXX compiler identification is GNU 11.4.0
[7.727s] -- Detecting C compiler ABI info
[7.727s] -- Detecting C compiler ABI info - done
[7.727s] -- Check for working C compiler: /usr/bin/cc - skipped
[7.727s] -- Detecting C compile features
[7.728s] -- Detecting C compile features - done
[7.728s] -- Detecting CXX compiler ABI info
[7.728s] -- Detecting CXX compiler ABI info - done
[7.729s] -- Check for working CXX compiler: /usr/bin/c++ - skipped
[7.729s] -- Detecting CXX compile features
[7.729s] -- Detecting CXX compile features - done
[7.729s] -- Found ament_cmake: 1.3.12 (/opt/ros/humble/share/ament_cmake/cmake)
[7.730s] -- Found Python3: /usr/bin/python3 (found version "3.10.12") found components: Interpreter 
[7.730s] -- Override CMake install command with custom implementation using symlinks instead of copying resources
[7.730s] -- Configuring done
[7.731s] -- Generating done
[7.731s] -- Build files have been written to: /home/eia/rbi_2025/scara/scara_ws/build/scara_mujoco_description
[7.774s] Invoked command in '/home/eia/rbi_2025/scara/scara_ws/build/scara_mujoco_description' returned '0': CMAKE_PREFIX_PATH=/opt/ros/humble /usr/bin/cmake /home/eia/rbi_2025/scara/scara_ws/src/scara_mujoco_description -DAMENT_CMAKE_SYMLINK_INSTALL=1 -DCMAKE_INSTALL_PREFIX=/home/eia/rbi_2025/scara/scara_ws/install/scara_mujoco_description
[7.777s] Invoking command in '/home/eia/rbi_2025/scara/scara_ws/build/scara_mujoco_description': CMAKE_PREFIX_PATH=/opt/ros/humble /usr/bin/cmake --build /home/eia/rbi_2025/scara/scara_ws/build/scara_mujoco_description -- -j12 -l12
[7.943s] Invoked command in '/home/eia/rbi_2025/scara/scara_ws/build/scara_mujoco_description' returned '0': CMAKE_PREFIX_PATH=/opt/ros/humble /usr/bin/cmake --build /home/eia/rbi_2025/scara/scara_ws/build/scara_mujoco_description -- -j12 -l12
[7.963s] Invoking command in '/home/eia/rbi_2025/scara/scara_ws/build/scara_mujoco_description': CMAKE_PREFIX_PATH=/opt/ros/humble /usr/bin/cmake --install /home/eia/rbi_2025/scara/scara_ws/build/scara_mujoco_description
[8.003s] -- Install configuration: ""
[8.009s] -- Execute custom install script
[8.009s] -- Symlinking: /home/eia/rbi_2025/scara/scara_ws/install/scara_mujoco_description/share/scara_mujoco_description//urdf/common_properties.xacro
[8.054s] -- Symlinking: /home/eia/rbi_2025/scara/scara_ws/install/scara_mujoco_description/share/scara_mujoco_description//urdf/scara.urdf.xacro
[8.099s] -- Symlinking: /home/eia/rbi_2025/scara/scara_ws/install/scara_mujoco_description/share/scara_mujoco_description//urdf/scara_description.xacro
[8.139s] -- Symlinking: /home/eia/rbi_2025/scara/scara_ws/install/scara_mujoco_description/share/scara_mujoco_description//launch/display.launch.xml
[8.185s] -- Symlinking: /home/eia/rbi_2025/scara/scara_ws/install/scara_mujoco_description/share/ament_index/resource_index/package_run_dependencies/scara_mujoco_description
[8.269s] -- Symlinking: /home/eia/rbi_2025/scara/scara_ws/install/scara_mujoco_description/share/ament_index/resource_index/parent_prefix_path/scara_mujoco_description
[8.336s] -- Symlinking: /home/eia/rbi_2025/scara/scara_ws/install/scara_mujoco_description/share/scara_mujoco_description/environment/ament_prefix_path.sh
[8.415s] -- Symlinking: /home/eia/rbi_2025/scara/scara_ws/install/scara_mujoco_description/share/scara_mujoco_description/environment/ament_prefix_path.dsv
[8.504s] -- Symlinking: /home/eia/rbi_2025/scara/scara_ws/install/scara_mujoco_description/share/scara_mujoco_description/environment/path.sh
[8.586s] -- Symlinking: /home/eia/rbi_2025/scara/scara_ws/install/scara_mujoco_description/share/scara_mujoco_description/environment/path.dsv
[8.661s] -- Symlinking: /home/eia/rbi_2025/scara/scara_ws/install/scara_mujoco_description/share/scara_mujoco_description/local_setup.bash
[8.727s] -- Symlinking: /home/eia/rbi_2025/scara/scara_ws/install/scara_mujoco_description/share/scara_mujoco_description/local_setup.sh
[8.805s] -- Symlinking: /home/eia/rbi_2025/scara/scara_ws/install/scara_mujoco_description/share/scara_mujoco_description/local_setup.zsh
[8.857s] -- Symlinking: /home/eia/rbi_2025/scara/scara_ws/install/scara_mujoco_description/share/scara_mujoco_description/local_setup.dsv
[8.912s] -- Symlinking: /home/eia/rbi_2025/scara/scara_ws/install/scara_mujoco_description/share/scara_mujoco_description/package.dsv
[8.973s] -- Symlinking: /home/eia/rbi_2025/scara/scara_ws/install/scara_mujoco_description/share/ament_index/resource_index/packages/scara_mujoco_description
[9.017s] -- Symlinking: /home/eia/rbi_2025/scara/scara_ws/install/scara_mujoco_description/share/scara_mujoco_description/cmake/scara_mujoco_descriptionConfig.cmake
[9.053s] -- Symlinking: /home/eia/rbi_2025/scara/scara_ws/install/scara_mujoco_description/share/scara_mujoco_description/cmake/scara_mujoco_descriptionConfig-version.cmake
[9.095s] -- Symlinking: /home/eia/rbi_2025/scara/scara_ws/install/scara_mujoco_description/share/scara_mujoco_description/package.xml
[9.199s] Invoked command in '/home/eia/rbi_2025/scara/scara_ws/build/scara_mujoco_description' returned '0': CMAKE_PREFIX_PATH=/opt/ros/humble /usr/bin/cmake --install /home/eia/rbi_2025/scara/scara_ws/build/scara_mujoco_description
