[5.172s] Invoking command in '/home/eia/repo/rbi_2025_2/rov/rov_ws/build/rov_real_description': CMAKE_PREFIX_PATH=/opt/ros/humble /usr/bin/cmake --build /home/eia/repo/rbi_2025_2/rov/rov_ws/build/rov_real_description -- -j12 -l12
[5.430s] Invoked command in '/home/eia/repo/rbi_2025_2/rov/rov_ws/build/rov_real_description' returned '0': CMAKE_PREFIX_PATH=/opt/ros/humble /usr/bin/cmake --build /home/eia/repo/rbi_2025_2/rov/rov_ws/build/rov_real_description -- -j12 -l12
[5.437s] Invoking command in '/home/eia/repo/rbi_2025_2/rov/rov_ws/build/rov_real_description': CMAKE_PREFIX_PATH=/opt/ros/humble /usr/bin/cmake --install /home/eia/repo/rbi_2025_2/rov/rov_ws/build/rov_real_description
[5.602s] -- Install configuration: ""
[5.603s] -- Execute custom install script
[5.604s] -- Up-to-date symlink: /home/eia/repo/rbi_2025_2/rov/rov_ws/install/rov_real_description/share/rov_real_description//urdf/rov_description.urdf.xacro
[5.605s] -- Up-to-date symlink: /home/eia/repo/rbi_2025_2/rov/rov_ws/install/rov_real_description/share/rov_real_description//launch/display.launch.xml
[5.605s] -- Up-to-date symlink: /home/eia/repo/rbi_2025_2/rov/rov_ws/install/rov_real_description/share/ament_index/resource_index/package_run_dependencies/rov_real_description
[5.606s] -- Up-to-date symlink: /home/eia/repo/rbi_2025_2/rov/rov_ws/install/rov_real_description/share/ament_index/resource_index/parent_prefix_path/rov_real_description
[5.606s] -- Up-to-date symlink: /home/eia/repo/rbi_2025_2/rov/rov_ws/install/rov_real_description/share/rov_real_description/environment/ament_prefix_path.sh
[5.607s] -- Up-to-date symlink: /home/eia/repo/rbi_2025_2/rov/rov_ws/install/rov_real_description/share/rov_real_description/environment/ament_prefix_path.dsv
[5.607s] -- Up-to-date symlink: /home/eia/repo/rbi_2025_2/rov/rov_ws/install/rov_real_description/share/rov_real_description/environment/path.sh
[5.608s] -- Up-to-date symlink: /home/eia/repo/rbi_2025_2/rov/rov_ws/install/rov_real_description/share/rov_real_description/environment/path.dsv
[5.609s] -- Up-to-date symlink: /home/eia/repo/rbi_2025_2/rov/rov_ws/install/rov_real_description/share/rov_real_description/local_setup.bash
[5.609s] -- Up-to-date symlink: /home/eia/repo/rbi_2025_2/rov/rov_ws/install/rov_real_description/share/rov_real_description/local_setup.sh
[5.609s] -- Up-to-date symlink: /home/eia/repo/rbi_2025_2/rov/rov_ws/install/rov_real_description/share/rov_real_description/local_setup.zsh
[5.610s] -- Up-to-date symlink: /home/eia/repo/rbi_2025_2/rov/rov_ws/install/rov_real_description/share/rov_real_description/local_setup.dsv
[5.612s] -- Symlinking: /home/eia/repo/rbi_2025_2/rov/rov_ws/install/rov_real_description/share/rov_real_description/package.dsv
[5.613s] -- Up-to-date symlink: /home/eia/repo/rbi_2025_2/rov/rov_ws/install/rov_real_description/share/ament_index/resource_index/packages/rov_real_description
[5.614s] -- Up-to-date symlink: /home/eia/repo/rbi_2025_2/rov/rov_ws/install/rov_real_description/share/rov_real_description/cmake/rov_real_descriptionConfig.cmake
[5.616s] -- Up-to-date symlink: /home/eia/repo/rbi_2025_2/rov/rov_ws/install/rov_real_description/share/rov_real_description/cmake/rov_real_descriptionConfig-version.cmake
[5.617s] -- Up-to-date symlink: /home/eia/repo/rbi_2025_2/rov/rov_ws/install/rov_real_description/share/rov_real_description/package.xml
[5.748s] Invoked command in '/home/eia/repo/rbi_2025_2/rov/rov_ws/build/rov_real_description' returned '0': CMAKE_PREFIX_PATH=/opt/ros/humble /usr/bin/cmake --install /home/eia/repo/rbi_2025_2/rov/rov_ws/build/rov_real_description
