[3.057s] Invoking command in '/home/eia/rbi_2025/scara/scara_ws/build/scara_gz_bringup': CMAKE_PREFIX_PATH=${CMAKE_PREFIX_PATH}:/home/eia/rbi_2025/scara/scara_ws/install/scara_tf_generator:/home/eia/rbi_2025/scara/scara_ws/install/scara_path_generator:/home/eia/rbi_2025/scara/scara_ws/install/scara_path_controller:/home/eia/rbi_2025/scara/scara_ws/install/scara_mujoco_python_sim:/home/eia/rbi_2025/scara/scara_ws/install/scara_general_ik_solver:/home/eia/rbi_2025/scara/scara_ws/install/premade_path_publisher:/opt/ros/humble /usr/bin/cmake --build /home/eia/rbi_2025/scara/scara_ws/build/scara_gz_bringup -- -j12 -l12
[7.539s] Invoked command in '/home/eia/rbi_2025/scara/scara_ws/build/scara_gz_bringup' returned '0': CMAKE_PREFIX_PATH=${CMAKE_PREFIX_PATH}:/home/eia/rbi_2025/scara/scara_ws/install/scara_tf_generator:/home/eia/rbi_2025/scara/scara_ws/install/scara_path_generator:/home/eia/rbi_2025/scara/scara_ws/install/scara_path_controller:/home/eia/rbi_2025/scara/scara_ws/install/scara_mujoco_python_sim:/home/eia/rbi_2025/scara/scara_ws/install/scara_general_ik_solver:/home/eia/rbi_2025/scara/scara_ws/install/premade_path_publisher:/opt/ros/humble /usr/bin/cmake --build /home/eia/rbi_2025/scara/scara_ws/build/scara_gz_bringup -- -j12 -l12
[7.546s] Invoking command in '/home/eia/rbi_2025/scara/scara_ws/build/scara_gz_bringup': CMAKE_PREFIX_PATH=${CMAKE_PREFIX_PATH}:/home/eia/rbi_2025/scara/scara_ws/install/scara_tf_generator:/home/eia/rbi_2025/scara/scara_ws/install/scara_path_generator:/home/eia/rbi_2025/scara/scara_ws/install/scara_path_controller:/home/eia/rbi_2025/scara/scara_ws/install/scara_mujoco_python_sim:/home/eia/rbi_2025/scara/scara_ws/install/scara_general_ik_solver:/home/eia/rbi_2025/scara/scara_ws/install/premade_path_publisher:/opt/ros/humble /usr/bin/cmake --install /home/eia/rbi_2025/scara/scara_ws/build/scara_gz_bringup
[7.713s] -- Install configuration: ""
[7.713s] -- Execute custom install script
[7.719s] -- Up-to-date symlink: /home/eia/rbi_2025/scara/scara_ws/install/scara_gz_bringup/share/scara_gz_bringup//launch/scara_bringup.launch.xml
[7.719s] -- Up-to-date symlink: /home/eia/rbi_2025/scara/scara_ws/install/scara_gz_bringup/share/scara_gz_bringup//config/controllers.yaml
[7.734s] -- Up-to-date symlink: /home/eia/rbi_2025/scara/scara_ws/install/scara_gz_bringup/share/scara_gz_bringup//config/gazebo_bridge.yaml
[7.734s] -- Up-to-date symlink: /home/eia/rbi_2025/scara/scara_ws/install/scara_gz_bringup/share/scara_gz_bringup//config/scara_config.rviz
[7.735s] -- Up-to-date symlink: /home/eia/rbi_2025/scara/scara_ws/install/scara_gz_bringup/share/ament_index/resource_index/package_run_dependencies/scara_gz_bringup
[7.735s] -- Up-to-date symlink: /home/eia/rbi_2025/scara/scara_ws/install/scara_gz_bringup/share/ament_index/resource_index/parent_prefix_path/scara_gz_bringup
[7.736s] -- Up-to-date symlink: /home/eia/rbi_2025/scara/scara_ws/install/scara_gz_bringup/share/scara_gz_bringup/environment/ament_prefix_path.sh
[7.736s] -- Up-to-date symlink: /home/eia/rbi_2025/scara/scara_ws/install/scara_gz_bringup/share/scara_gz_bringup/environment/ament_prefix_path.dsv
[7.737s] -- Up-to-date symlink: /home/eia/rbi_2025/scara/scara_ws/install/scara_gz_bringup/share/scara_gz_bringup/environment/path.sh
[7.742s] -- Up-to-date symlink: /home/eia/rbi_2025/scara/scara_ws/install/scara_gz_bringup/share/scara_gz_bringup/environment/path.dsv
[7.742s] -- Up-to-date symlink: /home/eia/rbi_2025/scara/scara_ws/install/scara_gz_bringup/share/scara_gz_bringup/local_setup.bash
[7.743s] -- Up-to-date symlink: /home/eia/rbi_2025/scara/scara_ws/install/scara_gz_bringup/share/scara_gz_bringup/local_setup.sh
[7.743s] -- Up-to-date symlink: /home/eia/rbi_2025/scara/scara_ws/install/scara_gz_bringup/share/scara_gz_bringup/local_setup.zsh
[7.744s] -- Up-to-date symlink: /home/eia/rbi_2025/scara/scara_ws/install/scara_gz_bringup/share/scara_gz_bringup/local_setup.dsv
[7.752s] -- Symlinking: /home/eia/rbi_2025/scara/scara_ws/install/scara_gz_bringup/share/scara_gz_bringup/package.dsv
[7.753s] -- Up-to-date symlink: /home/eia/rbi_2025/scara/scara_ws/install/scara_gz_bringup/share/ament_index/resource_index/packages/scara_gz_bringup
[7.753s] -- Up-to-date symlink: /home/eia/rbi_2025/scara/scara_ws/install/scara_gz_bringup/share/scara_gz_bringup/cmake/scara_gz_bringupConfig.cmake
[7.754s] -- Up-to-date symlink: /home/eia/rbi_2025/scara/scara_ws/install/scara_gz_bringup/share/scara_gz_bringup/cmake/scara_gz_bringupConfig-version.cmake
[7.754s] -- Up-to-date symlink: /home/eia/rbi_2025/scara/scara_ws/install/scara_gz_bringup/share/scara_gz_bringup/package.xml
[8.012s] Invoked command in '/home/eia/rbi_2025/scara/scara_ws/build/scara_gz_bringup' returned '0': CMAKE_PREFIX_PATH=${CMAKE_PREFIX_PATH}:/home/eia/rbi_2025/scara/scara_ws/install/scara_tf_generator:/home/eia/rbi_2025/scara/scara_ws/install/scara_path_generator:/home/eia/rbi_2025/scara/scara_ws/install/scara_path_controller:/home/eia/rbi_2025/scara/scara_ws/install/scara_mujoco_python_sim:/home/eia/rbi_2025/scara/scara_ws/install/scara_general_ik_solver:/home/eia/rbi_2025/scara/scara_ws/install/premade_path_publisher:/opt/ros/humble /usr/bin/cmake --install /home/eia/rbi_2025/scara/scara_ws/build/scara_gz_bringup
