[ 50%] [32mBuilding CXX object CMakeFiles/abb_controllers.dir/src/abb_forward_controller.cpp.o[0m
[100%] [32m[1mLinking CXX shared library libabb_controllers.so[0m
[100%] Built target abb_controllers
-- Install configuration: ""
-- Execute custom install script
-- Symlinking: /home/eia/rbi_2025/abb/abb_ws/install/abb_controllers/share/abb_controllers//abb_controller.xml
-- Symlinking: /home/eia/rbi_2025/abb/abb_ws/install/abb_controllers/lib/libabb_controllers.so
-- Symlinking: /home/eia/rbi_2025/abb/abb_ws/install/abb_controllers/include/include/abb_controllers/abb_forward_controller.hpp
-- Symlinking: /home/eia/rbi_2025/abb/abb_ws/install/abb_controllers/share/abb_controllers/environment/library_path.sh
-- Symlinking: /home/eia/rbi_2025/abb/abb_ws/install/abb_controllers/share/abb_controllers/environment/library_path.dsv
-- Symlinking: /home/eia/rbi_2025/abb/abb_ws/install/abb_controllers/share/ament_index/resource_index/package_run_dependencies/abb_controllers
-- Symlinking: /home/eia/rbi_2025/abb/abb_ws/install/abb_controllers/share/ament_index/resource_index/parent_prefix_path/abb_controllers
-- Symlinking: /home/eia/rbi_2025/abb/abb_ws/install/abb_controllers/share/abb_controllers/environment/ament_prefix_path.sh
-- Symlinking: /home/eia/rbi_2025/abb/abb_ws/install/abb_controllers/share/abb_controllers/environment/ament_prefix_path.dsv
-- Symlinking: /home/eia/rbi_2025/abb/abb_ws/install/abb_controllers/share/abb_controllers/environment/path.sh
-- Symlinking: /home/eia/rbi_2025/abb/abb_ws/install/abb_controllers/share/abb_controllers/environment/path.dsv
-- Symlinking: /home/eia/rbi_2025/abb/abb_ws/install/abb_controllers/share/abb_controllers/local_setup.bash
-- Symlinking: /home/eia/rbi_2025/abb/abb_ws/install/abb_controllers/share/abb_controllers/local_setup.sh
-- Symlinking: /home/eia/rbi_2025/abb/abb_ws/install/abb_controllers/share/abb_controllers/local_setup.zsh
-- Symlinking: /home/eia/rbi_2025/abb/abb_ws/install/abb_controllers/share/abb_controllers/local_setup.dsv
-- Symlinking: /home/eia/rbi_2025/abb/abb_ws/install/abb_controllers/share/abb_controllers/package.dsv
-- Symlinking: /home/eia/rbi_2025/abb/abb_ws/install/abb_controllers/share/ament_index/resource_index/packages/abb_controllers
-- Symlinking: /home/eia/rbi_2025/abb/abb_ws/install/abb_controllers/share/ament_index/resource_index/controller_interface__pluginlib__plugin/abb_controllers
-- Symlinking: /home/eia/rbi_2025/abb/abb_ws/install/abb_controllers/share/abb_controllers/cmake/ament_cmake_export_libraries-extras.cmake
-- Symlinking: /home/eia/rbi_2025/abb/abb_ws/install/abb_controllers/share/abb_controllers/cmake/ament_cmake_export_dependencies-extras.cmake
-- Symlinking: /home/eia/rbi_2025/abb/abb_ws/install/abb_controllers/share/abb_controllers/cmake/abb_controllersConfig.cmake
-- Symlinking: /home/eia/rbi_2025/abb/abb_ws/install/abb_controllers/share/abb_controllers/cmake/abb_controllersConfig-version.cmake
-- Symlinking: /home/eia/rbi_2025/abb/abb_ws/install/abb_controllers/share/abb_controllers/package.xml
