[2.654s] Invoking command in '/home/eia/rbi_2025/scara/scara_ws/build/scara_gz_description': CMAKE_PREFIX_PATH=${CMAKE_PREFIX_PATH}:/home/eia/rbi_2025/scara/scara_ws/install/scara_tf_generator:/home/eia/rbi_2025/scara/scara_ws/install/scara_path_generator:/home/eia/rbi_2025/scara/scara_ws/install/scara_path_controller:/home/eia/rbi_2025/scara/scara_ws/install/scara_mujoco_python_sim:/home/eia/rbi_2025/scara/scara_ws/install/scara_general_ik_solver:/home/eia/rbi_2025/scara/scara_ws/install/premade_path_publisher:/opt/ros/humble /usr/bin/cmake --build /home/eia/rbi_2025/scara/scara_ws/build/scara_gz_description -- -j12 -l12
[6.778s] Invoked command in '/home/eia/rbi_2025/scara/scara_ws/build/scara_gz_description' returned '0': CMAKE_PREFIX_PATH=${CMAKE_PREFIX_PATH}:/home/eia/rbi_2025/scara/scara_ws/install/scara_tf_generator:/home/eia/rbi_2025/scara/scara_ws/install/scara_path_generator:/home/eia/rbi_2025/scara/scara_ws/install/scara_path_controller:/home/eia/rbi_2025/scara/scara_ws/install/scara_mujoco_python_sim:/home/eia/rbi_2025/scara/scara_ws/install/scara_general_ik_solver:/home/eia/rbi_2025/scara/scara_ws/install/premade_path_publisher:/opt/ros/humble /usr/bin/cmake --build /home/eia/rbi_2025/scara/scara_ws/build/scara_gz_description -- -j12 -l12
[6.783s] Invoking command in '/home/eia/rbi_2025/scara/scara_ws/build/scara_gz_description': CMAKE_PREFIX_PATH=${CMAKE_PREFIX_PATH}:/home/eia/rbi_2025/scara/scara_ws/install/scara_tf_generator:/home/eia/rbi_2025/scara/scara_ws/install/scara_path_generator:/home/eia/rbi_2025/scara/scara_ws/install/scara_path_controller:/home/eia/rbi_2025/scara/scara_ws/install/scara_mujoco_python_sim:/home/eia/rbi_2025/scara/scara_ws/install/scara_general_ik_solver:/home/eia/rbi_2025/scara/scara_ws/install/premade_path_publisher:/opt/ros/humble /usr/bin/cmake --install /home/eia/rbi_2025/scara/scara_ws/build/scara_gz_description
[6.874s] -- Install configuration: ""
[6.876s] -- Execute custom install script
[6.877s] -- Up-to-date symlink: /home/eia/rbi_2025/scara/scara_ws/install/scara_gz_description/share/scara_gz_description//urdf/scara.urdf.xacro
[6.880s] -- Up-to-date symlink: /home/eia/rbi_2025/scara/scara_ws/install/scara_gz_description/share/scara_gz_description//urdf/scara_description.xacro
[6.883s] -- Up-to-date symlink: /home/eia/rbi_2025/scara/scara_ws/install/scara_gz_description/share/scara_gz_description//launch/display.launch.xml
[6.884s] -- Up-to-date symlink: /home/eia/rbi_2025/scara/scara_ws/install/scara_gz_description/share/ament_index/resource_index/package_run_dependencies/scara_gz_description
[6.884s] -- Up-to-date symlink: /home/eia/rbi_2025/scara/scara_ws/install/scara_gz_description/share/ament_index/resource_index/parent_prefix_path/scara_gz_description
[6.885s] -- Up-to-date symlink: /home/eia/rbi_2025/scara/scara_ws/install/scara_gz_description/share/scara_gz_description/environment/ament_prefix_path.sh
[6.885s] -- Up-to-date symlink: /home/eia/rbi_2025/scara/scara_ws/install/scara_gz_description/share/scara_gz_description/environment/ament_prefix_path.dsv
[6.886s] -- Up-to-date symlink: /home/eia/rbi_2025/scara/scara_ws/install/scara_gz_description/share/scara_gz_description/environment/path.sh
[6.887s] -- Up-to-date symlink: /home/eia/rbi_2025/scara/scara_ws/install/scara_gz_description/share/scara_gz_description/environment/path.dsv
[6.889s] -- Up-to-date symlink: /home/eia/rbi_2025/scara/scara_ws/install/scara_gz_description/share/scara_gz_description/local_setup.bash
[6.890s] -- Up-to-date symlink: /home/eia/rbi_2025/scara/scara_ws/install/scara_gz_description/share/scara_gz_description/local_setup.sh
[6.891s] -- Up-to-date symlink: /home/eia/rbi_2025/scara/scara_ws/install/scara_gz_description/share/scara_gz_description/local_setup.zsh
[6.891s] -- Up-to-date symlink: /home/eia/rbi_2025/scara/scara_ws/install/scara_gz_description/share/scara_gz_description/local_setup.dsv
[6.892s] -- Symlinking: /home/eia/rbi_2025/scara/scara_ws/install/scara_gz_description/share/scara_gz_description/package.dsv
[6.923s] -- Up-to-date symlink: /home/eia/rbi_2025/scara/scara_ws/install/scara_gz_description/share/ament_index/resource_index/packages/scara_gz_description
[6.924s] -- Up-to-date symlink: /home/eia/rbi_2025/scara/scara_ws/install/scara_gz_description/share/scara_gz_description/cmake/scara_gz_descriptionConfig.cmake
[6.924s] -- Up-to-date symlink: /home/eia/rbi_2025/scara/scara_ws/install/scara_gz_description/share/scara_gz_description/cmake/scara_gz_descriptionConfig-version.cmake
[6.925s] -- Up-to-date symlink: /home/eia/rbi_2025/scara/scara_ws/install/scara_gz_description/share/scara_gz_description/package.xml
[7.128s] Invoked command in '/home/eia/rbi_2025/scara/scara_ws/build/scara_gz_description' returned '0': CMAKE_PREFIX_PATH=${CMAKE_PREFIX_PATH}:/home/eia/rbi_2025/scara/scara_ws/install/scara_tf_generator:/home/eia/rbi_2025/scara/scara_ws/install/scara_path_generator:/home/eia/rbi_2025/scara/scara_ws/install/scara_path_controller:/home/eia/rbi_2025/scara/scara_ws/install/scara_mujoco_python_sim:/home/eia/rbi_2025/scara/scara_ws/install/scara_general_ik_solver:/home/eia/rbi_2025/scara/scara_ws/install/premade_path_publisher:/opt/ros/humble /usr/bin/cmake --install /home/eia/rbi_2025/scara/scara_ws/build/scara_gz_description
