[0.063s] Invoking command in '/home/eia/rbi_2025/abb/abb_ws/build/abb_gz_description': CMAKE_PREFIX_PATH=${CMAKE_PREFIX_PATH}:/home/eia/rbi_2025/abb/abb_ws/install/abb_tf_generator:/home/eia/rbi_2025/abb/abb_ws/install/abb_path_generator:/home/eia/rbi_2025/abb/abb_ws/install/abb_path_controller:/home/eia/rbi_2025/abb/abb_ws/install/abb_mujoco_python:/home/eia/rbi_2025/abb/abb_ws/install/abb_ik_solver:/home/eia/rbi_2025/scara/scara_ws/install/scara_tf_generator:/home/eia/rbi_2025/scara/scara_ws/install/scara_path_generator:/home/eia/rbi_2025/scara/scara_ws/install/scara_path_controller:/home/eia/rbi_2025/scara/scara_ws/install/scara_mujoco_python_sim:/home/eia/rbi_2025/scara/scara_ws/install/scara_general_ik_solver:/home/eia/rbi_2025/scara/scara_ws/install/premade_path_publisher:/opt/ros/humble /usr/bin/cmake /home/eia/rbi_2025/abb/abb_ws/src/abb_gz_description -DAMENT_CMAKE_SYMLINK_INSTALL=1 -DCMAKE_INSTALL_PREFIX=/home/eia/rbi_2025/abb/abb_ws/install/abb_gz_description
[1.989s] -- The C compiler identification is GNU 11.4.0
[1.989s] -- The CXX compiler identification is GNU 11.4.0
[1.989s] -- Detecting C compiler ABI info
[1.989s] -- Detecting C compiler ABI info - done
[1.989s] -- Check for working C compiler: /usr/bin/cc - skipped
[1.989s] -- Detecting C compile features
[1.989s] -- Detecting C compile features - done
[1.989s] -- Detecting CXX compiler ABI info
[1.989s] -- Detecting CXX compiler ABI info - done
[1.989s] -- Check for working CXX compiler: /usr/bin/c++ - skipped
[1.989s] -- Detecting CXX compile features
[1.990s] -- Detecting CXX compile features - done
[1.990s] -- Found ament_cmake: 1.3.12 (/opt/ros/humble/share/ament_cmake/cmake)
[1.990s] -- Found Python3: /usr/bin/python3 (found version "3.10.12") found components: Interpreter 
[1.990s] -- Override CMake install command with custom implementation using symlinks instead of copying resources
[1.990s] -- Configuring done
[1.990s] -- Generating done
[1.990s] -- Build files have been written to: /home/eia/rbi_2025/abb/abb_ws/build/abb_gz_description
[2.000s] Invoked command in '/home/eia/rbi_2025/abb/abb_ws/build/abb_gz_description' returned '0': CMAKE_PREFIX_PATH=${CMAKE_PREFIX_PATH}:/home/eia/rbi_2025/abb/abb_ws/install/abb_tf_generator:/home/eia/rbi_2025/abb/abb_ws/install/abb_path_generator:/home/eia/rbi_2025/abb/abb_ws/install/abb_path_controller:/home/eia/rbi_2025/abb/abb_ws/install/abb_mujoco_python:/home/eia/rbi_2025/abb/abb_ws/install/abb_ik_solver:/home/eia/rbi_2025/scara/scara_ws/install/scara_tf_generator:/home/eia/rbi_2025/scara/scara_ws/install/scara_path_generator:/home/eia/rbi_2025/scara/scara_ws/install/scara_path_controller:/home/eia/rbi_2025/scara/scara_ws/install/scara_mujoco_python_sim:/home/eia/rbi_2025/scara/scara_ws/install/scara_general_ik_solver:/home/eia/rbi_2025/scara/scara_ws/install/premade_path_publisher:/opt/ros/humble /usr/bin/cmake /home/eia/rbi_2025/abb/abb_ws/src/abb_gz_description -DAMENT_CMAKE_SYMLINK_INSTALL=1 -DCMAKE_INSTALL_PREFIX=/home/eia/rbi_2025/abb/abb_ws/install/abb_gz_description
[2.001s] Invoking command in '/home/eia/rbi_2025/abb/abb_ws/build/abb_gz_description': CMAKE_PREFIX_PATH=${CMAKE_PREFIX_PATH}:/home/eia/rbi_2025/abb/abb_ws/install/abb_tf_generator:/home/eia/rbi_2025/abb/abb_ws/install/abb_path_generator:/home/eia/rbi_2025/abb/abb_ws/install/abb_path_controller:/home/eia/rbi_2025/abb/abb_ws/install/abb_mujoco_python:/home/eia/rbi_2025/abb/abb_ws/install/abb_ik_solver:/home/eia/rbi_2025/scara/scara_ws/install/scara_tf_generator:/home/eia/rbi_2025/scara/scara_ws/install/scara_path_generator:/home/eia/rbi_2025/scara/scara_ws/install/scara_path_controller:/home/eia/rbi_2025/scara/scara_ws/install/scara_mujoco_python_sim:/home/eia/rbi_2025/scara/scara_ws/install/scara_general_ik_solver:/home/eia/rbi_2025/scara/scara_ws/install/premade_path_publisher:/opt/ros/humble /usr/bin/cmake --build /home/eia/rbi_2025/abb/abb_ws/build/abb_gz_description -- -j12 -l12
[2.053s] Invoked command in '/home/eia/rbi_2025/abb/abb_ws/build/abb_gz_description' returned '0': CMAKE_PREFIX_PATH=${CMAKE_PREFIX_PATH}:/home/eia/rbi_2025/abb/abb_ws/install/abb_tf_generator:/home/eia/rbi_2025/abb/abb_ws/install/abb_path_generator:/home/eia/rbi_2025/abb/abb_ws/install/abb_path_controller:/home/eia/rbi_2025/abb/abb_ws/install/abb_mujoco_python:/home/eia/rbi_2025/abb/abb_ws/install/abb_ik_solver:/home/eia/rbi_2025/scara/scara_ws/install/scara_tf_generator:/home/eia/rbi_2025/scara/scara_ws/install/scara_path_generator:/home/eia/rbi_2025/scara/scara_ws/install/scara_path_controller:/home/eia/rbi_2025/scara/scara_ws/install/scara_mujoco_python_sim:/home/eia/rbi_2025/scara/scara_ws/install/scara_general_ik_solver:/home/eia/rbi_2025/scara/scara_ws/install/premade_path_publisher:/opt/ros/humble /usr/bin/cmake --build /home/eia/rbi_2025/abb/abb_ws/build/abb_gz_description -- -j12 -l12
[2.056s] Invoking command in '/home/eia/rbi_2025/abb/abb_ws/build/abb_gz_description': CMAKE_PREFIX_PATH=${CMAKE_PREFIX_PATH}:/home/eia/rbi_2025/abb/abb_ws/install/abb_tf_generator:/home/eia/rbi_2025/abb/abb_ws/install/abb_path_generator:/home/eia/rbi_2025/abb/abb_ws/install/abb_path_controller:/home/eia/rbi_2025/abb/abb_ws/install/abb_mujoco_python:/home/eia/rbi_2025/abb/abb_ws/install/abb_ik_solver:/home/eia/rbi_2025/scara/scara_ws/install/scara_tf_generator:/home/eia/rbi_2025/scara/scara_ws/install/scara_path_generator:/home/eia/rbi_2025/scara/scara_ws/install/scara_path_controller:/home/eia/rbi_2025/scara/scara_ws/install/scara_mujoco_python_sim:/home/eia/rbi_2025/scara/scara_ws/install/scara_general_ik_solver:/home/eia/rbi_2025/scara/scara_ws/install/premade_path_publisher:/opt/ros/humble /usr/bin/cmake --install /home/eia/rbi_2025/abb/abb_ws/build/abb_gz_description
[2.065s] -- Install configuration: ""
[2.065s] -- Execute custom install script
[2.066s] -- Symlinking: /home/eia/rbi_2025/abb/abb_ws/install/abb_gz_description/share/abb_gz_description//urdf/common_properties.xacro
[2.080s] -- Symlinking: /home/eia/rbi_2025/abb/abb_ws/install/abb_gz_description/share/abb_gz_description//urdf/irb140.urdf.xacro
[2.091s] -- Symlinking: /home/eia/rbi_2025/abb/abb_ws/install/abb_gz_description/share/abb_gz_description//urdf/irb140_description.xacro
[2.102s] -- Symlinking: /home/eia/rbi_2025/abb/abb_ws/install/abb_gz_description/share/abb_gz_description//launch/display.launch.xml
[2.126s] -- Symlinking: /home/eia/rbi_2025/abb/abb_ws/install/abb_gz_description/share/abb_gz_description//meshes/irb140/collision/base_link.stl
[2.134s] -- Symlinking: /home/eia/rbi_2025/abb/abb_ws/install/abb_gz_description/share/abb_gz_description//meshes/irb140/collision/link_1.stl
[2.145s] -- Symlinking: /home/eia/rbi_2025/abb/abb_ws/install/abb_gz_description/share/abb_gz_description//meshes/irb140/collision/link_2.stl
[2.156s] -- Symlinking: /home/eia/rbi_2025/abb/abb_ws/install/abb_gz_description/share/abb_gz_description//meshes/irb140/collision/link_3.stl
[2.166s] -- Symlinking: /home/eia/rbi_2025/abb/abb_ws/install/abb_gz_description/share/abb_gz_description//meshes/irb140/collision/link_4.stl
[2.178s] -- Symlinking: /home/eia/rbi_2025/abb/abb_ws/install/abb_gz_description/share/abb_gz_description//meshes/irb140/collision/link_5.stl
[2.188s] -- Symlinking: /home/eia/rbi_2025/abb/abb_ws/install/abb_gz_description/share/abb_gz_description//meshes/irb140/collision/link_6.stl
[2.199s] -- Symlinking: /home/eia/rbi_2025/abb/abb_ws/install/abb_gz_description/share/abb_gz_description//meshes/irb140/visual/base_link.stl
[2.211s] -- Symlinking: /home/eia/rbi_2025/abb/abb_ws/install/abb_gz_description/share/abb_gz_description//meshes/irb140/visual/link_1.stl
[2.223s] -- Symlinking: /home/eia/rbi_2025/abb/abb_ws/install/abb_gz_description/share/abb_gz_description//meshes/irb140/visual/link_2.stl
[2.231s] -- Symlinking: /home/eia/rbi_2025/abb/abb_ws/install/abb_gz_description/share/abb_gz_description//meshes/irb140/visual/link_3.stl
[2.242s] -- Symlinking: /home/eia/rbi_2025/abb/abb_ws/install/abb_gz_description/share/abb_gz_description//meshes/irb140/visual/link_4.stl
[2.253s] -- Symlinking: /home/eia/rbi_2025/abb/abb_ws/install/abb_gz_description/share/abb_gz_description//meshes/irb140/visual/link_5.stl
[2.263s] -- Symlinking: /home/eia/rbi_2025/abb/abb_ws/install/abb_gz_description/share/abb_gz_description//meshes/irb140/visual/link_6.stl
[2.271s] -- Symlinking: /home/eia/rbi_2025/abb/abb_ws/install/abb_gz_description/share/ament_index/resource_index/package_run_dependencies/abb_gz_description
[2.278s] -- Symlinking: /home/eia/rbi_2025/abb/abb_ws/install/abb_gz_description/share/ament_index/resource_index/parent_prefix_path/abb_gz_description
[2.286s] -- Symlinking: /home/eia/rbi_2025/abb/abb_ws/install/abb_gz_description/share/abb_gz_description/environment/ament_prefix_path.sh
[2.293s] -- Symlinking: /home/eia/rbi_2025/abb/abb_ws/install/abb_gz_description/share/abb_gz_description/environment/ament_prefix_path.dsv
[2.300s] -- Symlinking: /home/eia/rbi_2025/abb/abb_ws/install/abb_gz_description/share/abb_gz_description/environment/path.sh
[2.308s] -- Symlinking: /home/eia/rbi_2025/abb/abb_ws/install/abb_gz_description/share/abb_gz_description/environment/path.dsv
[2.316s] -- Symlinking: /home/eia/rbi_2025/abb/abb_ws/install/abb_gz_description/share/abb_gz_description/local_setup.bash
[2.324s] -- Symlinking: /home/eia/rbi_2025/abb/abb_ws/install/abb_gz_description/share/abb_gz_description/local_setup.sh
[2.331s] -- Symlinking: /home/eia/rbi_2025/abb/abb_ws/install/abb_gz_description/share/abb_gz_description/local_setup.zsh
[2.339s] -- Symlinking: /home/eia/rbi_2025/abb/abb_ws/install/abb_gz_description/share/abb_gz_description/local_setup.dsv
[2.347s] -- Symlinking: /home/eia/rbi_2025/abb/abb_ws/install/abb_gz_description/share/abb_gz_description/package.dsv
[2.354s] -- Symlinking: /home/eia/rbi_2025/abb/abb_ws/install/abb_gz_description/share/ament_index/resource_index/packages/abb_gz_description
[2.361s] -- Symlinking: /home/eia/rbi_2025/abb/abb_ws/install/abb_gz_description/share/abb_gz_description/cmake/abb_gz_descriptionConfig.cmake
[2.369s] -- Symlinking: /home/eia/rbi_2025/abb/abb_ws/install/abb_gz_description/share/abb_gz_description/cmake/abb_gz_descriptionConfig-version.cmake
[2.376s] -- Symlinking: /home/eia/rbi_2025/abb/abb_ws/install/abb_gz_description/share/abb_gz_description/package.xml
