[3.717s] Invoking command in '/home/eia/rbi_2025/rov/rov_ws/build/rov_path_generator': PYTHONPATH=/home/eia/rbi_2025/rov/rov_ws/build/rov_path_generator/prefix_override:/home/eia/.local/lib/python3.10/site-packages/colcon_core/task/python/colcon_distutils_commands:/home/eia/rbi_2025/rov/rov_ws/install/rov_path_generator/lib/python3.10/site-packages:${PYTHONPATH} /usr/bin/python3 -W ignore:setup.py install is deprecated -W ignore:easy_install command is deprecated setup.py develop --editable --build-directory /home/eia/rbi_2025/rov/rov_ws/build/rov_path_generator/build --no-deps symlink_data
[4.618s] running develop
[4.959s] running egg_info
[4.959s] creating rov_path_generator.egg-info
[4.960s] writing rov_path_generator.egg-info/PKG-INFO
[4.960s] writing dependency_links to rov_path_generator.egg-info/dependency_links.txt
[4.960s] writing entry points to rov_path_generator.egg-info/entry_points.txt
[4.960s] writing requirements to rov_path_generator.egg-info/requires.txt
[4.960s] writing top-level names to rov_path_generator.egg-info/top_level.txt
[4.961s] writing manifest file 'rov_path_generator.egg-info/SOURCES.txt'
[4.962s] reading manifest file 'rov_path_generator.egg-info/SOURCES.txt'
[4.963s] writing manifest file 'rov_path_generator.egg-info/SOURCES.txt'
[5.026s] running build_ext
[5.026s] Creating /home/eia/rbi_2025/rov/rov_ws/install/rov_path_generator/lib/python3.10/site-packages/rov-path-generator.egg-link (link to .)
[5.027s] Installing rov_path_generator script to /home/eia/rbi_2025/rov/rov_ws/install/rov_path_generator/lib/rov_path_generator
[5.027s] 
[5.027s] Installed /home/eia/rbi_2025/rov/rov_ws/build/rov_path_generator
[5.028s] running symlink_data
[5.028s] creating /home/eia/rbi_2025/rov/rov_ws/install/rov_path_generator/share/ament_index
[5.028s] creating /home/eia/rbi_2025/rov/rov_ws/install/rov_path_generator/share/ament_index/resource_index
[5.028s] creating /home/eia/rbi_2025/rov/rov_ws/install/rov_path_generator/share/ament_index/resource_index/packages
[5.028s] symbolically linking /home/eia/rbi_2025/rov/rov_ws/build/rov_path_generator/resource/rov_path_generator -> /home/eia/rbi_2025/rov/rov_ws/install/rov_path_generator/share/ament_index/resource_index/packages
[5.028s] symbolically linking /home/eia/rbi_2025/rov/rov_ws/build/rov_path_generator/package.xml -> /home/eia/rbi_2025/rov/rov_ws/install/rov_path_generator/share/rov_path_generator
[5.028s] creating /home/eia/rbi_2025/rov/rov_ws/install/rov_path_generator/share/rov_path_generator/launch
[5.028s] creating /home/eia/rbi_2025/rov/rov_ws/install/rov_path_generator/share/rov_path_generator/descriptions
[5.028s] creating /home/eia/rbi_2025/rov/rov_ws/install/rov_path_generator/share/rov_path_generator/config
[5.092s] Invoked command in '/home/eia/rbi_2025/rov/rov_ws/build/rov_path_generator' returned '0': PYTHONPATH=/home/eia/rbi_2025/rov/rov_ws/build/rov_path_generator/prefix_override:/home/eia/.local/lib/python3.10/site-packages/colcon_core/task/python/colcon_distutils_commands:/home/eia/rbi_2025/rov/rov_ws/install/rov_path_generator/lib/python3.10/site-packages:${PYTHONPATH} /usr/bin/python3 -W ignore:setup.py install is deprecated -W ignore:easy_install command is deprecated setup.py develop --editable --build-directory /home/eia/rbi_2025/rov/rov_ws/build/rov_path_generator/build --no-deps symlink_data
