[2.705s] Invoking command in '/home/eia/repo/rbi_2025_2/rov/rov_ws/build/rov_real_bringup': CMAKE_PREFIX_PATH=${CMAKE_PREFIX_PATH}:/home/eia/repo/rbi_2025_2/rov/rov_ws/install/rov_position_controller:/home/eia/repo/rbi_2025_2/rov/rov_ws/install/rov_path_generator:/home/eia/repo/rbi_2025_2/rov/rov_ws/install/rov_path_follower:/home/eia/repo/rbi_2025_2/rov/rov_ws/install/rov_attitude_controller:/home/eia/repo/rbi_2025_2/rov/rov_ws/install/direct_control:/opt/ros/humble /usr/bin/cmake /home/eia/repo/rbi_2025_2/rov/rov_ws/src/rov_real_bringup -DAMENT_CMAKE_SYMLINK_INSTALL=1 -DCMAKE_INSTALL_PREFIX=/home/eia/repo/rbi_2025_2/rov/rov_ws/install/rov_real_bringup
[2.773s] -- The C compiler identification is GNU 11.4.0
[2.897s] -- The CXX compiler identification is GNU 11.4.0
[2.923s] -- Detecting C compiler ABI info
[3.046s] -- Detecting C compiler ABI info - done
[3.076s] -- Check for working C compiler: /usr/bin/cc - skipped
[3.076s] -- Detecting C compile features
[3.078s] -- Detecting C compile features - done
[3.085s] -- Detecting CXX compiler ABI info
[3.258s] -- Detecting CXX compiler ABI info - done
[3.290s] -- Check for working CXX compiler: /usr/bin/c++ - skipped
[3.290s] -- Detecting CXX compile features
[3.291s] -- Detecting CXX compile features - done
[3.318s] -- Found ament_cmake: 1.3.12 (/opt/ros/humble/share/ament_cmake/cmake)
[3.764s] -- Found Python3: /usr/bin/python3 (found version "3.10.12") found components: Interpreter 
[3.940s] -- Override CMake install command with custom implementation using symlinks instead of copying resources
[4.021s] -- Found rclcpp: 16.0.14 (/opt/ros/humble/share/rclcpp/cmake)
[4.118s] -- Found rosidl_generator_c: 3.1.7 (/opt/ros/humble/share/rosidl_generator_c/cmake)
[4.130s] -- Found rosidl_adapter: 3.1.7 (/opt/ros/humble/share/rosidl_adapter/cmake)
[4.149s] -- Found rosidl_generator_cpp: 3.1.7 (/opt/ros/humble/share/rosidl_generator_cpp/cmake)
[4.178s] -- Using all available rosidl_typesupport_c: rosidl_typesupport_fastrtps_c;rosidl_typesupport_introspection_c
[4.215s] -- Using all available rosidl_typesupport_cpp: rosidl_typesupport_fastrtps_cpp;rosidl_typesupport_introspection_cpp
[4.342s] -- Found rmw_implementation_cmake: 6.1.2 (/opt/ros/humble/share/rmw_implementation_cmake/cmake)
[4.351s] -- Found rmw_fastrtps_cpp: 6.2.8 (/opt/ros/humble/share/rmw_fastrtps_cpp/cmake)
[4.566s] -- Found OpenSSL: /usr/lib/x86_64-linux-gnu/libcrypto.so (found version "3.0.2")  
[4.671s] -- Found FastRTPS: /opt/ros/humble/include  
[4.858s] -- Using RMW implementation 'rmw_fastrtps_cpp' as default
[4.902s] -- Looking for pthread.h
[5.075s] -- Looking for pthread.h - found
[5.076s] -- Performing Test CMAKE_HAVE_LIBC_PTHREAD
[5.239s] -- Performing Test CMAKE_HAVE_LIBC_PTHREAD - Success
[5.245s] -- Found Threads: TRUE  
[5.564s] -- Configuring done
[5.571s] -- Generating done
[5.575s] -- Build files have been written to: /home/eia/repo/rbi_2025_2/rov/rov_ws/build/rov_real_bringup
[5.608s] Invoked command in '/home/eia/repo/rbi_2025_2/rov/rov_ws/build/rov_real_bringup' returned '0': CMAKE_PREFIX_PATH=${CMAKE_PREFIX_PATH}:/home/eia/repo/rbi_2025_2/rov/rov_ws/install/rov_position_controller:/home/eia/repo/rbi_2025_2/rov/rov_ws/install/rov_path_generator:/home/eia/repo/rbi_2025_2/rov/rov_ws/install/rov_path_follower:/home/eia/repo/rbi_2025_2/rov/rov_ws/install/rov_attitude_controller:/home/eia/repo/rbi_2025_2/rov/rov_ws/install/direct_control:/opt/ros/humble /usr/bin/cmake /home/eia/repo/rbi_2025_2/rov/rov_ws/src/rov_real_bringup -DAMENT_CMAKE_SYMLINK_INSTALL=1 -DCMAKE_INSTALL_PREFIX=/home/eia/repo/rbi_2025_2/rov/rov_ws/install/rov_real_bringup
[5.612s] Invoking command in '/home/eia/repo/rbi_2025_2/rov/rov_ws/build/rov_real_bringup': CMAKE_PREFIX_PATH=${CMAKE_PREFIX_PATH}:/home/eia/repo/rbi_2025_2/rov/rov_ws/install/rov_position_controller:/home/eia/repo/rbi_2025_2/rov/rov_ws/install/rov_path_generator:/home/eia/repo/rbi_2025_2/rov/rov_ws/install/rov_path_follower:/home/eia/repo/rbi_2025_2/rov/rov_ws/install/rov_attitude_controller:/home/eia/repo/rbi_2025_2/rov/rov_ws/install/direct_control:/opt/ros/humble /usr/bin/cmake --build /home/eia/repo/rbi_2025_2/rov/rov_ws/build/rov_real_bringup -- -j12 -l12
[5.746s] Invoked command in '/home/eia/repo/rbi_2025_2/rov/rov_ws/build/rov_real_bringup' returned '0': CMAKE_PREFIX_PATH=${CMAKE_PREFIX_PATH}:/home/eia/repo/rbi_2025_2/rov/rov_ws/install/rov_position_controller:/home/eia/repo/rbi_2025_2/rov/rov_ws/install/rov_path_generator:/home/eia/repo/rbi_2025_2/rov/rov_ws/install/rov_path_follower:/home/eia/repo/rbi_2025_2/rov/rov_ws/install/rov_attitude_controller:/home/eia/repo/rbi_2025_2/rov/rov_ws/install/direct_control:/opt/ros/humble /usr/bin/cmake --build /home/eia/repo/rbi_2025_2/rov/rov_ws/build/rov_real_bringup -- -j12 -l12
[5.747s] Invoking command in '/home/eia/repo/rbi_2025_2/rov/rov_ws/build/rov_real_bringup': CMAKE_PREFIX_PATH=${CMAKE_PREFIX_PATH}:/home/eia/repo/rbi_2025_2/rov/rov_ws/install/rov_position_controller:/home/eia/repo/rbi_2025_2/rov/rov_ws/install/rov_path_generator:/home/eia/repo/rbi_2025_2/rov/rov_ws/install/rov_path_follower:/home/eia/repo/rbi_2025_2/rov/rov_ws/install/rov_attitude_controller:/home/eia/repo/rbi_2025_2/rov/rov_ws/install/direct_control:/opt/ros/humble /usr/bin/cmake --install /home/eia/repo/rbi_2025_2/rov/rov_ws/build/rov_real_bringup
[5.786s] -- Install configuration: ""
[5.786s] -- Execute custom install script
[5.786s] -- Symlinking: /home/eia/repo/rbi_2025_2/rov/rov_ws/install/rov_real_bringup/share/rov_real_bringup//config/rov_controllers.yaml
[5.796s] -- Symlinking: /home/eia/repo/rbi_2025_2/rov/rov_ws/install/rov_real_bringup/share/rov_real_bringup//config/rviz_config.rviz
[5.809s] -- Symlinking: /home/eia/repo/rbi_2025_2/rov/rov_ws/install/rov_real_bringup/share/rov_real_bringup//launch/rov_bringup_launch.launch.xml
[5.834s] -- Symlinking: /home/eia/repo/rbi_2025_2/rov/rov_ws/install/rov_real_bringup/share/ament_index/resource_index/package_run_dependencies/rov_real_bringup
[5.854s] -- Symlinking: /home/eia/repo/rbi_2025_2/rov/rov_ws/install/rov_real_bringup/share/ament_index/resource_index/parent_prefix_path/rov_real_bringup
[5.868s] -- Symlinking: /home/eia/repo/rbi_2025_2/rov/rov_ws/install/rov_real_bringup/share/rov_real_bringup/environment/ament_prefix_path.sh
[5.883s] -- Symlinking: /home/eia/repo/rbi_2025_2/rov/rov_ws/install/rov_real_bringup/share/rov_real_bringup/environment/ament_prefix_path.dsv
[5.894s] -- Symlinking: /home/eia/repo/rbi_2025_2/rov/rov_ws/install/rov_real_bringup/share/rov_real_bringup/environment/path.sh
[5.906s] -- Symlinking: /home/eia/repo/rbi_2025_2/rov/rov_ws/install/rov_real_bringup/share/rov_real_bringup/environment/path.dsv
[5.916s] -- Symlinking: /home/eia/repo/rbi_2025_2/rov/rov_ws/install/rov_real_bringup/share/rov_real_bringup/local_setup.bash
[5.928s] -- Symlinking: /home/eia/repo/rbi_2025_2/rov/rov_ws/install/rov_real_bringup/share/rov_real_bringup/local_setup.sh
[5.937s] -- Symlinking: /home/eia/repo/rbi_2025_2/rov/rov_ws/install/rov_real_bringup/share/rov_real_bringup/local_setup.zsh
[5.946s] -- Symlinking: /home/eia/repo/rbi_2025_2/rov/rov_ws/install/rov_real_bringup/share/rov_real_bringup/local_setup.dsv
[5.955s] -- Symlinking: /home/eia/repo/rbi_2025_2/rov/rov_ws/install/rov_real_bringup/share/rov_real_bringup/package.dsv
[5.964s] -- Symlinking: /home/eia/repo/rbi_2025_2/rov/rov_ws/install/rov_real_bringup/share/ament_index/resource_index/packages/rov_real_bringup
[5.974s] -- Symlinking: /home/eia/repo/rbi_2025_2/rov/rov_ws/install/rov_real_bringup/share/rov_real_bringup/cmake/rov_real_bringupConfig.cmake
[5.982s] -- Symlinking: /home/eia/repo/rbi_2025_2/rov/rov_ws/install/rov_real_bringup/share/rov_real_bringup/cmake/rov_real_bringupConfig-version.cmake
[5.992s] -- Symlinking: /home/eia/repo/rbi_2025_2/rov/rov_ws/install/rov_real_bringup/share/rov_real_bringup/package.xml
[6.004s] Invoked command in '/home/eia/repo/rbi_2025_2/rov/rov_ws/build/rov_real_bringup' returned '0': CMAKE_PREFIX_PATH=${CMAKE_PREFIX_PATH}:/home/eia/repo/rbi_2025_2/rov/rov_ws/install/rov_position_controller:/home/eia/repo/rbi_2025_2/rov/rov_ws/install/rov_path_generator:/home/eia/repo/rbi_2025_2/rov/rov_ws/install/rov_path_follower:/home/eia/repo/rbi_2025_2/rov/rov_ws/install/rov_attitude_controller:/home/eia/repo/rbi_2025_2/rov/rov_ws/install/direct_control:/opt/ros/humble /usr/bin/cmake --install /home/eia/repo/rbi_2025_2/rov/rov_ws/build/rov_real_bringup
