[3.905s] Invoking command in '/home/eia/repo/rbi_2025_2/rov/rov_ws/build/rov_real_bringup': /usr/bin/cmake /home/eia/repo/rbi_2025_2/rov/rov_ws/src/rov_real_bringup -DCMAKE_INSTALL_PREFIX=/home/eia/repo/rbi_2025_2/rov/rov_ws/install/rov_real_bringup
[3.947s] -- Found ament_cmake: 1.3.12 (/opt/ros/humble/share/ament_cmake/cmake)
[4.530s] -- Override CMake install command with custom implementation using symlinks instead of copying resources
[4.590s] -- Found rclcpp: 16.0.14 (/opt/ros/humble/share/rclcpp/cmake)
[4.791s] -- Found rosidl_generator_c: 3.1.7 (/opt/ros/humble/share/rosidl_generator_c/cmake)
[4.805s] -- Found rosidl_adapter: 3.1.7 (/opt/ros/humble/share/rosidl_adapter/cmake)
[4.833s] -- Found rosidl_generator_cpp: 3.1.7 (/opt/ros/humble/share/rosidl_generator_cpp/cmake)
[4.882s] -- Using all available rosidl_typesupport_c: rosidl_typesupport_fastrtps_c;rosidl_typesupport_introspection_c
[4.942s] -- Using all available rosidl_typesupport_cpp: rosidl_typesupport_fastrtps_cpp;rosidl_typesupport_introspection_cpp
[5.118s] -- Found rmw_implementation_cmake: 6.1.2 (/opt/ros/humble/share/rmw_implementation_cmake/cmake)
[5.125s] -- Found rmw_fastrtps_cpp: 6.2.8 (/opt/ros/humble/share/rmw_fastrtps_cpp/cmake)
[5.834s] -- Using RMW implementation 'rmw_fastrtps_cpp' as default
[6.388s] Error parsing '/home/eia/repo/rbi_2025_2/rov/rov_ws/src/rov_real_bringup/package.xml':
[6.566s] Traceback (most recent call last):
[6.566s]   File "/opt/ros/humble/share/ament_cmake_core/cmake/core/package_xml_2_cmake.py", line 150, in <module>
[6.567s]     main()
[6.568s]   File "/opt/ros/humble/share/ament_cmake_core/cmake/core/package_xml_2_cmake.py", line 53, in main
[6.568s]     raise e
[6.569s]   File "/opt/ros/humble/share/ament_cmake_core/cmake/core/package_xml_2_cmake.py", line 49, in main
[6.569s]     package = parse_package_string(
[6.570s]   File "/home/eia/.local/lib/python3.10/site-packages/catkin_pkg/package.py", line 786, in parse_package_string
[6.571s]     raise InvalidPackage('Error(s):%s' % (''.join(['\n- %s' % e for e in errors])), filename)
[6.571s] catkin_pkg.package.InvalidPackage: Error(s) in package '/home/eia/repo/rbi_2025_2/rov/rov_ws/src/rov_real_bringup/package.xml':
[6.572s] Error(s):
[6.572s] - The generic dependency on 'controller_manager' is redundant with: exec_depend
[6.638s] [31mCMake Error at /opt/ros/humble/share/ament_cmake_core/cmake/core/ament_package_xml.cmake:95 (message):
[6.638s]   execute_process(/usr/bin/python3
[6.639s]   /opt/ros/humble/share/ament_cmake_core/cmake/core/package_xml_2_cmake.py
[6.639s]   /home/eia/repo/rbi_2025_2/rov/rov_ws/src/rov_real_bringup/package.xml
[6.640s]   /home/eia/repo/rbi_2025_2/rov/rov_ws/build/rov_real_bringup/ament_cmake_core/package.cmake)
[6.641s]   returned error code 1
[6.641s] Call Stack (most recent call first):
[6.642s]   /opt/ros/humble/share/ament_cmake_core/cmake/core/ament_package_xml.cmake:49 (_ament_package_xml)
[6.642s]   /opt/ros/humble/share/ament_cmake_core/cmake/core/ament_package.cmake:63 (ament_package_xml)
[6.643s]   CMakeLists.txt:17 (ament_package)
[6.643s] 
[6.644s] [0m
[6.644s] -- Configuring incomplete, errors occurred!
[6.645s] See also "/home/eia/repo/rbi_2025_2/rov/rov_ws/build/rov_real_bringup/CMakeFiles/CMakeOutput.log".
[6.668s] Invoked command in '/home/eia/repo/rbi_2025_2/rov/rov_ws/build/rov_real_bringup' returned '1': /usr/bin/cmake /home/eia/repo/rbi_2025_2/rov/rov_ws/src/rov_real_bringup -DCMAKE_INSTALL_PREFIX=/home/eia/repo/rbi_2025_2/rov/rov_ws/install/rov_real_bringup
