[1.022s] Invoking command in '/abb_ws/build/abb_mujoco_sim': CMAKE_PREFIX_PATH=/opt/ros/humble /usr/bin/cmake /abb_ws/src/abb_mujoco_sim -DCMAKE_INSTALL_PREFIX=/abb_ws/install/abb_mujoco_sim
[2.352s] -- The C compiler identification is GNU 11.4.0
[2.352s] -- The CXX compiler identification is GNU 11.4.0
[2.353s] -- Detecting C compiler ABI info
[2.353s] -- Detecting C compiler ABI info - done
[2.353s] -- Check for working C compiler: /usr/bin/cc - skipped
[2.353s] -- Detecting C compile features
[2.353s] -- Detecting C compile features - done
[2.353s] -- Detecting CXX compiler ABI info
[2.354s] -- Detecting CXX compiler ABI info - done
[2.354s] -- Check for working CXX compiler: /usr/bin/c++ - skipped
[2.354s] -- Detecting CXX compile features
[2.354s] -- Detecting CXX compile features - done
[2.354s] -- Found ament_cmake: 1.3.12 (/opt/ros/humble/share/ament_cmake/cmake)
[2.354s] -- Found Python3: /usr/bin/python3 (found version "3.10.12") found components: Interpreter 
[2.355s] -- Found PkgConfig: /usr/bin/pkg-config (found version "0.29.2") 
[2.356s] -- Checking for module 'glfw3'
[2.356s] --   Found glfw3, version 3.3.6
[2.357s] -- Found rclcpp: 16.0.14 (/opt/ros/humble/share/rclcpp/cmake)
[2.357s] -- Found rosidl_generator_c: 3.1.7 (/opt/ros/humble/share/rosidl_generator_c/cmake)
[2.357s] -- Found rosidl_adapter: 3.1.7 (/opt/ros/humble/share/rosidl_adapter/cmake)
[2.358s] -- Found rosidl_generator_cpp: 3.1.7 (/opt/ros/humble/share/rosidl_generator_cpp/cmake)
[2.358s] -- Using all available rosidl_typesupport_c: rosidl_typesupport_fastrtps_c;rosidl_typesupport_introspection_c
[2.358s] -- Using all available rosidl_typesupport_cpp: rosidl_typesupport_fastrtps_cpp;rosidl_typesupport_introspection_cpp
[2.362s] -- Found rmw_implementation_cmake: 6.1.2 (/opt/ros/humble/share/rmw_implementation_cmake/cmake)
[2.362s] -- Found rmw_fastrtps_cpp: 6.2.8 (/opt/ros/humble/share/rmw_fastrtps_cpp/cmake)
[2.370s] -- Found OpenSSL: /usr/lib/x86_64-linux-gnu/libcrypto.so (found version "3.0.2")  
[2.443s] -- Found FastRTPS: /opt/ros/humble/include  
[2.548s] -- Using RMW implementation 'rmw_fastrtps_cpp' as default
[2.573s] -- Looking for pthread.h
[2.691s] -- Looking for pthread.h - found
[2.691s] -- Performing Test CMAKE_HAVE_LIBC_PTHREAD
[2.807s] -- Performing Test CMAKE_HAVE_LIBC_PTHREAD - Success
[2.809s] -- Found Threads: TRUE  
[2.897s] -- Found rclcpp_lifecycle: 16.0.14 (/opt/ros/humble/share/rclcpp_lifecycle/cmake)
[2.929s] -- Found pluginlib: 5.1.0 (/opt/ros/humble/share/pluginlib/cmake)
[2.990s] -- Found geometry_msgs: 4.9.0 (/opt/ros/humble/share/geometry_msgs/cmake)
[3.017s] -- Found hardware_interface: 2.51.0 (/opt/ros/humble/share/hardware_interface/cmake)
[3.426s] -- Configuring done
[3.480s] -- Generating done
[3.491s] -- Build files have been written to: /abb_ws/build/abb_mujoco_sim
[3.508s] Invoked command in '/abb_ws/build/abb_mujoco_sim' returned '0': CMAKE_PREFIX_PATH=/opt/ros/humble /usr/bin/cmake /abb_ws/src/abb_mujoco_sim -DCMAKE_INSTALL_PREFIX=/abb_ws/install/abb_mujoco_sim
[3.511s] Invoking command in '/abb_ws/build/abb_mujoco_sim': CMAKE_PREFIX_PATH=/opt/ros/humble /usr/bin/cmake --build /abb_ws/build/abb_mujoco_sim -- -j12 -l12
[3.591s] [ 50%] [32mBuilding CXX object CMakeFiles/abb_mujoco_sim.dir/src/mujoco_sim_interface.cpp.o[0m
[8.817s] [100%] [32m[1mLinking CXX shared library libabb_mujoco_sim.so[0m
[9.048s] [100%] Built target abb_mujoco_sim
[9.061s] Invoked command in '/abb_ws/build/abb_mujoco_sim' returned '0': CMAKE_PREFIX_PATH=/opt/ros/humble /usr/bin/cmake --build /abb_ws/build/abb_mujoco_sim -- -j12 -l12
[9.063s] Invoking command in '/abb_ws/build/abb_mujoco_sim': CMAKE_PREFIX_PATH=/opt/ros/humble /usr/bin/cmake --install /abb_ws/build/abb_mujoco_sim
[9.073s] -- Install configuration: ""
[9.073s] -- Installing: /abb_ws/install/abb_mujoco_sim/share/abb_mujoco_sim/abb_hardware_interface.xml
[9.073s] -- Installing: /abb_ws/install/abb_mujoco_sim/lib/libabb_mujoco_sim.so
[9.074s] -- Set runtime path of "/abb_ws/install/abb_mujoco_sim/lib/libabb_mujoco_sim.so" to "/abb_ws/src/abb_mujoco_sim/../../mujoco/lib"
[9.075s] -- Installing: /abb_ws/install/abb_mujoco_sim/include/include
[9.075s] -- Installing: /abb_ws/install/abb_mujoco_sim/include/include/abb_mujoco_sim
[9.075s] -- Installing: /abb_ws/install/abb_mujoco_sim/include/include/abb_mujoco_sim/mujoco_sim_interface.hpp
[9.075s] -- Installing: /abb_ws/install/abb_mujoco_sim/share/abb_mujoco_sim/environment/library_path.sh
[9.075s] -- Installing: /abb_ws/install/abb_mujoco_sim/share/abb_mujoco_sim/environment/library_path.dsv
[9.076s] -- Installing: /abb_ws/install/abb_mujoco_sim/share/ament_index/resource_index/package_run_dependencies/abb_mujoco_sim
[9.076s] -- Installing: /abb_ws/install/abb_mujoco_sim/share/ament_index/resource_index/parent_prefix_path/abb_mujoco_sim
[9.076s] -- Installing: /abb_ws/install/abb_mujoco_sim/share/abb_mujoco_sim/environment/ament_prefix_path.sh
[9.076s] -- Installing: /abb_ws/install/abb_mujoco_sim/share/abb_mujoco_sim/environment/ament_prefix_path.dsv
[9.076s] -- Installing: /abb_ws/install/abb_mujoco_sim/share/abb_mujoco_sim/environment/path.sh
[9.076s] -- Installing: /abb_ws/install/abb_mujoco_sim/share/abb_mujoco_sim/environment/path.dsv
[9.077s] -- Installing: /abb_ws/install/abb_mujoco_sim/share/abb_mujoco_sim/local_setup.bash
[9.077s] -- Installing: /abb_ws/install/abb_mujoco_sim/share/abb_mujoco_sim/local_setup.sh
[9.077s] -- Installing: /abb_ws/install/abb_mujoco_sim/share/abb_mujoco_sim/local_setup.zsh
[9.077s] -- Installing: /abb_ws/install/abb_mujoco_sim/share/abb_mujoco_sim/local_setup.dsv
[9.077s] -- Installing: /abb_ws/install/abb_mujoco_sim/share/abb_mujoco_sim/package.dsv
[9.077s] -- Installing: /abb_ws/install/abb_mujoco_sim/share/ament_index/resource_index/packages/abb_mujoco_sim
[9.077s] -- Installing: /abb_ws/install/abb_mujoco_sim/share/ament_index/resource_index/hardware_interface__pluginlib__plugin/abb_mujoco_sim
[9.078s] -- Installing: /abb_ws/install/abb_mujoco_sim/share/abb_mujoco_sim/cmake/ament_cmake_export_libraries-extras.cmake
[9.078s] -- Installing: /abb_ws/install/abb_mujoco_sim/share/abb_mujoco_sim/cmake/ament_cmake_export_dependencies-extras.cmake
[9.078s] -- Installing: /abb_ws/install/abb_mujoco_sim/share/abb_mujoco_sim/cmake/abb_mujoco_simConfig.cmake
[9.078s] -- Installing: /abb_ws/install/abb_mujoco_sim/share/abb_mujoco_sim/cmake/abb_mujoco_simConfig-version.cmake
[9.078s] -- Installing: /abb_ws/install/abb_mujoco_sim/share/abb_mujoco_sim/package.xml
[9.081s] Invoked command in '/abb_ws/build/abb_mujoco_sim' returned '0': CMAKE_PREFIX_PATH=/opt/ros/humble /usr/bin/cmake --install /abb_ws/build/abb_mujoco_sim
