[3.501s] Invoking command in '/home/eia/repo/rbi_2025_2/rov/rov_ws/build/rov_real_bringup': /usr/bin/cmake /home/eia/repo/rbi_2025_2/rov/rov_ws/src/rov_real_bringup -DCMAKE_INSTALL_PREFIX=/home/eia/repo/rbi_2025_2/rov/rov_ws/install/rov_real_bringup
[3.535s] -- Found ament_cmake: 1.3.12 (/opt/ros/humble/share/ament_cmake/cmake)
[4.131s] -- Override CMake install command with custom implementation using symlinks instead of copying resources
[4.161s] -- Found rclcpp: 16.0.14 (/opt/ros/humble/share/rclcpp/cmake)
[4.299s] -- Found rosidl_generator_c: 3.1.7 (/opt/ros/humble/share/rosidl_generator_c/cmake)
[4.311s] -- Found rosidl_adapter: 3.1.7 (/opt/ros/humble/share/rosidl_adapter/cmake)
[4.338s] -- Found rosidl_generator_cpp: 3.1.7 (/opt/ros/humble/share/rosidl_generator_cpp/cmake)
[4.382s] -- Using all available rosidl_typesupport_c: rosidl_typesupport_fastrtps_c;rosidl_typesupport_introspection_c
[4.424s] -- Using all available rosidl_typesupport_cpp: rosidl_typesupport_fastrtps_cpp;rosidl_typesupport_introspection_cpp
[4.527s] -- Found rmw_implementation_cmake: 6.1.2 (/opt/ros/humble/share/rmw_implementation_cmake/cmake)
[4.530s] -- Found rmw_fastrtps_cpp: 6.2.8 (/opt/ros/humble/share/rmw_fastrtps_cpp/cmake)
[4.935s] -- Using RMW implementation 'rmw_fastrtps_cpp' as default
[5.401s] Error parsing '/home/eia/repo/rbi_2025_2/rov/rov_ws/src/rov_real_bringup/package.xml':
[5.521s] Traceback (most recent call last):
[5.521s]   File "/opt/ros/humble/share/ament_cmake_core/cmake/core/package_xml_2_cmake.py", line 150, in <module>
[5.522s]     main()
[5.522s]   File "/opt/ros/humble/share/ament_cmake_core/cmake/core/package_xml_2_cmake.py", line 53, in main
[5.522s]     raise e
[5.523s]   File "/opt/ros/humble/share/ament_cmake_core/cmake/core/package_xml_2_cmake.py", line 49, in main
[5.523s]     package = parse_package_string(
[5.523s]   File "/home/eia/.local/lib/python3.10/site-packages/catkin_pkg/package.py", line 786, in parse_package_string
[5.524s]     raise InvalidPackage('Error(s):%s' % (''.join(['\n- %s' % e for e in errors])), filename)
[5.524s] catkin_pkg.package.InvalidPackage: Error(s) in package '/home/eia/repo/rbi_2025_2/rov/rov_ws/src/rov_real_bringup/package.xml':
[5.524s] Error(s):
[5.525s] - The generic dependency on 'controller_manager' is redundant with: exec_depend
[5.579s] [31mCMake Error at /opt/ros/humble/share/ament_cmake_core/cmake/core/ament_package_xml.cmake:95 (message):
[5.579s]   execute_process(/usr/bin/python3
[5.580s]   /opt/ros/humble/share/ament_cmake_core/cmake/core/package_xml_2_cmake.py
[5.580s]   /home/eia/repo/rbi_2025_2/rov/rov_ws/src/rov_real_bringup/package.xml
[5.580s]   /home/eia/repo/rbi_2025_2/rov/rov_ws/build/rov_real_bringup/ament_cmake_core/package.cmake)
[5.581s]   returned error code 1
[5.581s] Call Stack (most recent call first):
[5.581s]   /opt/ros/humble/share/ament_cmake_core/cmake/core/ament_package_xml.cmake:49 (_ament_package_xml)
[5.582s]   /opt/ros/humble/share/ament_cmake_core/cmake/core/ament_package.cmake:63 (ament_package_xml)
[5.582s]   CMakeLists.txt:17 (ament_package)
[5.582s] 
[5.582s] [0m
[5.583s] -- Configuring incomplete, errors occurred!
[5.583s] See also "/home/eia/repo/rbi_2025_2/rov/rov_ws/build/rov_real_bringup/CMakeFiles/CMakeOutput.log".
[5.621s] Invoked command in '/home/eia/repo/rbi_2025_2/rov/rov_ws/build/rov_real_bringup' returned '1': /usr/bin/cmake /home/eia/repo/rbi_2025_2/rov/rov_ws/src/rov_real_bringup -DCMAKE_INSTALL_PREFIX=/home/eia/repo/rbi_2025_2/rov/rov_ws/install/rov_real_bringup
