-- Install configuration: ""
-- Execute custom install script
-- Symlinking: /home/eia/rbi_2025/rov/rov_ws/install/rov_real_bringup/share/rov_real_bringup//config/rov_controllers.yaml
-- Symlinking: /home/eia/rbi_2025/rov/rov_ws/install/rov_real_bringup/share/rov_real_bringup//config/rviz_config.rviz
-- Symlinking: /home/eia/rbi_2025/rov/rov_ws/install/rov_real_bringup/share/rov_real_bringup//launch/rov_bringup_launch.launch.xml
-- Symlinking: /home/eia/rbi_2025/rov/rov_ws/install/rov_real_bringup/share/ament_index/resource_index/package_run_dependencies/rov_real_bringup
-- Symlinking: /home/eia/rbi_2025/rov/rov_ws/install/rov_real_bringup/share/ament_index/resource_index/parent_prefix_path/rov_real_bringup
-- Symlinking: /home/eia/rbi_2025/rov/rov_ws/install/rov_real_bringup/share/rov_real_bringup/environment/ament_prefix_path.sh
-- Symlinking: /home/eia/rbi_2025/rov/rov_ws/install/rov_real_bringup/share/rov_real_bringup/environment/ament_prefix_path.dsv
-- Symlinking: /home/eia/rbi_2025/rov/rov_ws/install/rov_real_bringup/share/rov_real_bringup/environment/path.sh
-- Symlinking: /home/eia/rbi_2025/rov/rov_ws/install/rov_real_bringup/share/rov_real_bringup/environment/path.dsv
-- Symlinking: /home/eia/rbi_2025/rov/rov_ws/install/rov_real_bringup/share/rov_real_bringup/local_setup.bash
-- Symlinking: /home/eia/rbi_2025/rov/rov_ws/install/rov_real_bringup/share/rov_real_bringup/local_setup.sh
-- Symlinking: /home/eia/rbi_2025/rov/rov_ws/install/rov_real_bringup/share/rov_real_bringup/local_setup.zsh
-- Symlinking: /home/eia/rbi_2025/rov/rov_ws/install/rov_real_bringup/share/rov_real_bringup/local_setup.dsv
-- Symlinking: /home/eia/rbi_2025/rov/rov_ws/install/rov_real_bringup/share/rov_real_bringup/package.dsv
-- Symlinking: /home/eia/rbi_2025/rov/rov_ws/install/rov_real_bringup/share/ament_index/resource_index/packages/rov_real_bringup
-- Symlinking: /home/eia/rbi_2025/rov/rov_ws/install/rov_real_bringup/share/rov_real_bringup/cmake/rov_real_bringupConfig.cmake
-- Symlinking: /home/eia/rbi_2025/rov/rov_ws/install/rov_real_bringup/share/rov_real_bringup/cmake/rov_real_bringupConfig-version.cmake
-- Symlinking: /home/eia/rbi_2025/rov/rov_ws/install/rov_real_bringup/share/rov_real_bringup/package.xml
