[0.359s] Invoking command in '/rov_ws/build/rov_mujoco_bringup': CMAKE_PREFIX_PATH=${CMAKE_PREFIX_PATH}:/rov_ws/install/rov_position_controller:/rov_ws/install/rov_path_generator:/rov_ws/install/rov_path_follower:/rov_ws/install/rov_attitude_controller:/opt/ros/humble /usr/bin/cmake --build /rov_ws/build/rov_mujoco_bringup -- -j12 -l12
[1.380s] Invoked command in '/rov_ws/build/rov_mujoco_bringup' returned '0': CMAKE_PREFIX_PATH=${CMAKE_PREFIX_PATH}:/rov_ws/install/rov_position_controller:/rov_ws/install/rov_path_generator:/rov_ws/install/rov_path_follower:/rov_ws/install/rov_attitude_controller:/opt/ros/humble /usr/bin/cmake --build /rov_ws/build/rov_mujoco_bringup -- -j12 -l12
[1.381s] Invoking command in '/rov_ws/build/rov_mujoco_bringup': CMAKE_PREFIX_PATH=${CMAKE_PREFIX_PATH}:/rov_ws/install/rov_position_controller:/rov_ws/install/rov_path_generator:/rov_ws/install/rov_path_follower:/rov_ws/install/rov_attitude_controller:/opt/ros/humble /usr/bin/cmake --install /rov_ws/build/rov_mujoco_bringup
[1.399s] -- Install configuration: ""
[1.399s] -- Execute custom install script
[1.399s] -- Up-to-date symlink: /rov_ws/install/rov_mujoco_bringup/share/rov_mujoco_bringup//config/rov_controllers.yaml
[1.399s] -- Up-to-date symlink: /rov_ws/install/rov_mujoco_bringup/share/rov_mujoco_bringup//launch/rov_bringup_launch.launch.xml
[1.399s] -- Up-to-date symlink: /rov_ws/install/rov_mujoco_bringup/share/ament_index/resource_index/package_run_dependencies/rov_mujoco_bringup
[1.399s] -- Up-to-date symlink: /rov_ws/install/rov_mujoco_bringup/share/ament_index/resource_index/parent_prefix_path/rov_mujoco_bringup
[1.399s] -- Up-to-date symlink: /rov_ws/install/rov_mujoco_bringup/share/rov_mujoco_bringup/environment/ament_prefix_path.sh
[1.399s] -- Up-to-date symlink: /rov_ws/install/rov_mujoco_bringup/share/rov_mujoco_bringup/environment/ament_prefix_path.dsv
[1.399s] -- Up-to-date symlink: /rov_ws/install/rov_mujoco_bringup/share/rov_mujoco_bringup/environment/path.sh
[1.400s] -- Up-to-date symlink: /rov_ws/install/rov_mujoco_bringup/share/rov_mujoco_bringup/environment/path.dsv
[1.400s] -- Up-to-date symlink: /rov_ws/install/rov_mujoco_bringup/share/rov_mujoco_bringup/local_setup.bash
[1.400s] -- Up-to-date symlink: /rov_ws/install/rov_mujoco_bringup/share/rov_mujoco_bringup/local_setup.sh
[1.400s] -- Up-to-date symlink: /rov_ws/install/rov_mujoco_bringup/share/rov_mujoco_bringup/local_setup.zsh
[1.400s] -- Up-to-date symlink: /rov_ws/install/rov_mujoco_bringup/share/rov_mujoco_bringup/local_setup.dsv
[1.400s] -- Symlinking: /rov_ws/install/rov_mujoco_bringup/share/rov_mujoco_bringup/package.dsv
[1.412s] -- Up-to-date symlink: /rov_ws/install/rov_mujoco_bringup/share/ament_index/resource_index/packages/rov_mujoco_bringup
[1.413s] -- Up-to-date symlink: /rov_ws/install/rov_mujoco_bringup/share/rov_mujoco_bringup/cmake/rov_mujoco_bringupConfig.cmake
[1.413s] -- Up-to-date symlink: /rov_ws/install/rov_mujoco_bringup/share/rov_mujoco_bringup/cmake/rov_mujoco_bringupConfig-version.cmake
[1.413s] -- Up-to-date symlink: /rov_ws/install/rov_mujoco_bringup/share/rov_mujoco_bringup/package.xml
[1.415s] Invoked command in '/rov_ws/build/rov_mujoco_bringup' returned '0': CMAKE_PREFIX_PATH=${CMAKE_PREFIX_PATH}:/rov_ws/install/rov_position_controller:/rov_ws/install/rov_path_generator:/rov_ws/install/rov_path_follower:/rov_ws/install/rov_attitude_controller:/opt/ros/humble /usr/bin/cmake --install /rov_ws/build/rov_mujoco_bringup
