running develop
running egg_info
creating abb_mujoco_python.egg-info
writing abb_mujoco_python.egg-info/PKG-INFO
writing dependency_links to abb_mujoco_python.egg-info/dependency_links.txt
writing entry points to abb_mujoco_python.egg-info/entry_points.txt
writing requirements to abb_mujoco_python.egg-info/requires.txt
writing top-level names to abb_mujoco_python.egg-info/top_level.txt
writing manifest file 'abb_mujoco_python.egg-info/SOURCES.txt'
reading manifest file 'abb_mujoco_python.egg-info/SOURCES.txt'
writing manifest file 'abb_mujoco_python.egg-info/SOURCES.txt'
running build_ext
Creating /abb_ws/install/abb_mujoco_python/lib/python3.10/site-packages/abb-mujoco-python.egg-link (link to .)
Installing abb_sim_mujoco script to /abb_ws/install/abb_mujoco_python/lib/abb_mujoco_python

Installed /abb_ws/build/abb_mujoco_python
running symlink_data
creating /abb_ws/install/abb_mujoco_python/share/ament_index
creating /abb_ws/install/abb_mujoco_python/share/ament_index/resource_index
creating /abb_ws/install/abb_mujoco_python/share/ament_index/resource_index/packages
symbolically linking /abb_ws/build/abb_mujoco_python/resource/abb_mujoco_python -> /abb_ws/install/abb_mujoco_python/share/ament_index/resource_index/packages
symbolically linking /abb_ws/build/abb_mujoco_python/package.xml -> /abb_ws/install/abb_mujoco_python/share/abb_mujoco_python
creating /abb_ws/install/abb_mujoco_python/share/abb_mujoco_python/launch
creating /abb_ws/install/abb_mujoco_python/share/abb_mujoco_python/descriptions
symbolically linking /abb_ws/build/abb_mujoco_python/descriptions/abb.xml -> /abb_ws/install/abb_mujoco_python/share/abb_mujoco_python/descriptions
creating /abb_ws/install/abb_mujoco_python/share/abb_mujoco_python/config
