[1.497s] Invoking command in '/abb_ws/build/abb_mujoco_python': PYTHONPATH=/abb_ws/build/abb_mujoco_python/prefix_override:/usr/lib/python3/dist-packages/colcon_core/task/python/colcon_distutils_commands:/abb_ws/install/abb_mujoco_python/lib/python3.10/site-packages:${PYTHONPATH} /usr/bin/python3 -W ignore:setup.py install is deprecated -W ignore:easy_install command is deprecated setup.py develop --editable --build-directory /abb_ws/build/abb_mujoco_python/build --no-deps symlink_data
[1.768s] running develop
[1.907s] running egg_info
[1.907s] creating abb_mujoco_python.egg-info
[1.908s] writing abb_mujoco_python.egg-info/PKG-INFO
[1.908s] writing dependency_links to abb_mujoco_python.egg-info/dependency_links.txt
[1.908s] writing entry points to abb_mujoco_python.egg-info/entry_points.txt
[1.908s] writing requirements to abb_mujoco_python.egg-info/requires.txt
[1.908s] writing top-level names to abb_mujoco_python.egg-info/top_level.txt
[1.908s] writing manifest file 'abb_mujoco_python.egg-info/SOURCES.txt'
[1.910s] reading manifest file 'abb_mujoco_python.egg-info/SOURCES.txt'
[1.911s] writing manifest file 'abb_mujoco_python.egg-info/SOURCES.txt'
[1.913s] running build_ext
[1.913s] Creating /abb_ws/install/abb_mujoco_python/lib/python3.10/site-packages/abb-mujoco-python.egg-link (link to .)
[1.913s] Installing abb_sim_mujoco script to /abb_ws/install/abb_mujoco_python/lib/abb_mujoco_python
[1.914s] 
[1.914s] Installed /abb_ws/build/abb_mujoco_python
[1.914s] running symlink_data
[1.914s] creating /abb_ws/install/abb_mujoco_python/share/ament_index
[1.914s] creating /abb_ws/install/abb_mujoco_python/share/ament_index/resource_index
[1.914s] creating /abb_ws/install/abb_mujoco_python/share/ament_index/resource_index/packages
[1.915s] symbolically linking /abb_ws/build/abb_mujoco_python/resource/abb_mujoco_python -> /abb_ws/install/abb_mujoco_python/share/ament_index/resource_index/packages
[1.915s] symbolically linking /abb_ws/build/abb_mujoco_python/package.xml -> /abb_ws/install/abb_mujoco_python/share/abb_mujoco_python
[1.915s] creating /abb_ws/install/abb_mujoco_python/share/abb_mujoco_python/launch
[1.915s] creating /abb_ws/install/abb_mujoco_python/share/abb_mujoco_python/descriptions
[1.915s] symbolically linking /abb_ws/build/abb_mujoco_python/descriptions/abb.xml -> /abb_ws/install/abb_mujoco_python/share/abb_mujoco_python/descriptions
[1.915s] creating /abb_ws/install/abb_mujoco_python/share/abb_mujoco_python/config
[1.942s] Invoked command in '/abb_ws/build/abb_mujoco_python' returned '0': PYTHONPATH=/abb_ws/build/abb_mujoco_python/prefix_override:/usr/lib/python3/dist-packages/colcon_core/task/python/colcon_distutils_commands:/abb_ws/install/abb_mujoco_python/lib/python3.10/site-packages:${PYTHONPATH} /usr/bin/python3 -W ignore:setup.py install is deprecated -W ignore:easy_install command is deprecated setup.py develop --editable --build-directory /abb_ws/build/abb_mujoco_python/build --no-deps symlink_data
