[0.945s] Invoking command in '/home/eia/rbi_2025/rov/rov_ws/build/rov_mujoco_bringup': CMAKE_PREFIX_PATH=${CMAKE_PREFIX_PATH}:/home/eia/repo/rbi_2025_2/rov/rov_ws/install/rov_position_controller:/home/eia/repo/rbi_2025_2/rov/rov_ws/install/rov_path_generator:/home/eia/repo/rbi_2025_2/rov/rov_ws/install/rov_path_follower:/home/eia/repo/rbi_2025_2/rov/rov_ws/install/rov_attitude_controller:/home/eia/repo/rbi_2025_2/rov/rov_ws/install/direct_control:/opt/ros/humble /usr/bin/cmake /home/eia/rbi_2025/rov/rov_ws/src/rov_mujoco_bringup -DAMENT_CMAKE_SYMLINK_INSTALL=1 -DCMAKE_INSTALL_PREFIX=/home/eia/rbi_2025/rov/rov_ws/install/rov_mujoco_bringup
[2.624s] -- The C compiler identification is GNU 11.4.0
[2.626s] -- The CXX compiler identification is GNU 11.4.0
[2.627s] -- Detecting C compiler ABI info
[2.627s] -- Detecting C compiler ABI info - done
[2.627s] -- Check for working C compiler: /usr/bin/cc - skipped
[2.627s] -- Detecting C compile features
[2.627s] -- Detecting C compile features - done
[2.628s] -- Detecting CXX compiler ABI info
[2.628s] -- Detecting CXX compiler ABI info - done
[2.628s] -- Check for working CXX compiler: /usr/bin/c++ - skipped
[2.628s] -- Detecting CXX compile features
[2.628s] -- Detecting CXX compile features - done
[2.629s] -- Found ament_cmake: 1.3.12 (/opt/ros/humble/share/ament_cmake/cmake)
[2.629s] -- Found Python3: /usr/bin/python3 (found version "3.10.12") found components: Interpreter 
[2.629s] -- Override CMake install command with custom implementation using symlinks instead of copying resources
[2.629s] -- Found rclcpp: 16.0.14 (/opt/ros/humble/share/rclcpp/cmake)
[2.629s] -- Found rosidl_generator_c: 3.1.7 (/opt/ros/humble/share/rosidl_generator_c/cmake)
[2.629s] -- Found rosidl_adapter: 3.1.7 (/opt/ros/humble/share/rosidl_adapter/cmake)
[2.629s] -- Found rosidl_generator_cpp: 3.1.7 (/opt/ros/humble/share/rosidl_generator_cpp/cmake)
[2.629s] -- Using all available rosidl_typesupport_c: rosidl_typesupport_fastrtps_c;rosidl_typesupport_introspection_c
[2.630s] -- Using all available rosidl_typesupport_cpp: rosidl_typesupport_fastrtps_cpp;rosidl_typesupport_introspection_cpp
[2.630s] -- Found rmw_implementation_cmake: 6.1.2 (/opt/ros/humble/share/rmw_implementation_cmake/cmake)
[2.630s] -- Found rmw_fastrtps_cpp: 6.2.8 (/opt/ros/humble/share/rmw_fastrtps_cpp/cmake)
[2.630s] -- Found OpenSSL: /usr/lib/x86_64-linux-gnu/libcrypto.so (found version "3.0.2")  
[2.630s] -- Found FastRTPS: /opt/ros/humble/include  
[2.630s] -- Using RMW implementation 'rmw_fastrtps_cpp' as default
[2.631s] -- Looking for pthread.h
[2.631s] -- Looking for pthread.h - found
[2.631s] -- Performing Test CMAKE_HAVE_LIBC_PTHREAD
[2.631s] -- Performing Test CMAKE_HAVE_LIBC_PTHREAD - Success
[2.631s] -- Found Threads: TRUE  
[2.631s] -- Configuring done
[2.631s] -- Generating done
[2.631s] -- Build files have been written to: /home/eia/rbi_2025/rov/rov_ws/build/rov_mujoco_bringup
[2.643s] Invoked command in '/home/eia/rbi_2025/rov/rov_ws/build/rov_mujoco_bringup' returned '0': CMAKE_PREFIX_PATH=${CMAKE_PREFIX_PATH}:/home/eia/repo/rbi_2025_2/rov/rov_ws/install/rov_position_controller:/home/eia/repo/rbi_2025_2/rov/rov_ws/install/rov_path_generator:/home/eia/repo/rbi_2025_2/rov/rov_ws/install/rov_path_follower:/home/eia/repo/rbi_2025_2/rov/rov_ws/install/rov_attitude_controller:/home/eia/repo/rbi_2025_2/rov/rov_ws/install/direct_control:/opt/ros/humble /usr/bin/cmake /home/eia/rbi_2025/rov/rov_ws/src/rov_mujoco_bringup -DAMENT_CMAKE_SYMLINK_INSTALL=1 -DCMAKE_INSTALL_PREFIX=/home/eia/rbi_2025/rov/rov_ws/install/rov_mujoco_bringup
[2.645s] Invoking command in '/home/eia/rbi_2025/rov/rov_ws/build/rov_mujoco_bringup': CMAKE_PREFIX_PATH=${CMAKE_PREFIX_PATH}:/home/eia/repo/rbi_2025_2/rov/rov_ws/install/rov_position_controller:/home/eia/repo/rbi_2025_2/rov/rov_ws/install/rov_path_generator:/home/eia/repo/rbi_2025_2/rov/rov_ws/install/rov_path_follower:/home/eia/repo/rbi_2025_2/rov/rov_ws/install/rov_attitude_controller:/home/eia/repo/rbi_2025_2/rov/rov_ws/install/direct_control:/opt/ros/humble /usr/bin/cmake --build /home/eia/rbi_2025/rov/rov_ws/build/rov_mujoco_bringup -- -j12 -l12
[2.699s] Invoked command in '/home/eia/rbi_2025/rov/rov_ws/build/rov_mujoco_bringup' returned '0': CMAKE_PREFIX_PATH=${CMAKE_PREFIX_PATH}:/home/eia/repo/rbi_2025_2/rov/rov_ws/install/rov_position_controller:/home/eia/repo/rbi_2025_2/rov/rov_ws/install/rov_path_generator:/home/eia/repo/rbi_2025_2/rov/rov_ws/install/rov_path_follower:/home/eia/repo/rbi_2025_2/rov/rov_ws/install/rov_attitude_controller:/home/eia/repo/rbi_2025_2/rov/rov_ws/install/direct_control:/opt/ros/humble /usr/bin/cmake --build /home/eia/rbi_2025/rov/rov_ws/build/rov_mujoco_bringup -- -j12 -l12
[2.704s] Invoking command in '/home/eia/rbi_2025/rov/rov_ws/build/rov_mujoco_bringup': CMAKE_PREFIX_PATH=${CMAKE_PREFIX_PATH}:/home/eia/repo/rbi_2025_2/rov/rov_ws/install/rov_position_controller:/home/eia/repo/rbi_2025_2/rov/rov_ws/install/rov_path_generator:/home/eia/repo/rbi_2025_2/rov/rov_ws/install/rov_path_follower:/home/eia/repo/rbi_2025_2/rov/rov_ws/install/rov_attitude_controller:/home/eia/repo/rbi_2025_2/rov/rov_ws/install/direct_control:/opt/ros/humble /usr/bin/cmake --install /home/eia/rbi_2025/rov/rov_ws/build/rov_mujoco_bringup
[2.715s] -- Install configuration: ""
[2.715s] -- Execute custom install script
[2.716s] -- Symlinking: /home/eia/rbi_2025/rov/rov_ws/install/rov_mujoco_bringup/share/rov_mujoco_bringup//config/rov_controllers.yaml
[2.730s] -- Symlinking: /home/eia/rbi_2025/rov/rov_ws/install/rov_mujoco_bringup/share/rov_mujoco_bringup//config/rviz_config.rviz
[2.744s] -- Symlinking: /home/eia/rbi_2025/rov/rov_ws/install/rov_mujoco_bringup/share/rov_mujoco_bringup//launch/rov_bringup_launch.launch.xml
[2.759s] -- Symlinking: /home/eia/rbi_2025/rov/rov_ws/install/rov_mujoco_bringup/share/ament_index/resource_index/package_run_dependencies/rov_mujoco_bringup
[2.773s] -- Symlinking: /home/eia/rbi_2025/rov/rov_ws/install/rov_mujoco_bringup/share/ament_index/resource_index/parent_prefix_path/rov_mujoco_bringup
[2.786s] -- Symlinking: /home/eia/rbi_2025/rov/rov_ws/install/rov_mujoco_bringup/share/rov_mujoco_bringup/environment/ament_prefix_path.sh
[2.799s] -- Symlinking: /home/eia/rbi_2025/rov/rov_ws/install/rov_mujoco_bringup/share/rov_mujoco_bringup/environment/ament_prefix_path.dsv
[2.812s] -- Symlinking: /home/eia/rbi_2025/rov/rov_ws/install/rov_mujoco_bringup/share/rov_mujoco_bringup/environment/path.sh
[2.829s] -- Symlinking: /home/eia/rbi_2025/rov/rov_ws/install/rov_mujoco_bringup/share/rov_mujoco_bringup/environment/path.dsv
[2.840s] -- Symlinking: /home/eia/rbi_2025/rov/rov_ws/install/rov_mujoco_bringup/share/rov_mujoco_bringup/local_setup.bash
[2.854s] -- Symlinking: /home/eia/rbi_2025/rov/rov_ws/install/rov_mujoco_bringup/share/rov_mujoco_bringup/local_setup.sh
[2.867s] -- Symlinking: /home/eia/rbi_2025/rov/rov_ws/install/rov_mujoco_bringup/share/rov_mujoco_bringup/local_setup.zsh
[2.882s] -- Symlinking: /home/eia/rbi_2025/rov/rov_ws/install/rov_mujoco_bringup/share/rov_mujoco_bringup/local_setup.dsv
[2.896s] -- Symlinking: /home/eia/rbi_2025/rov/rov_ws/install/rov_mujoco_bringup/share/rov_mujoco_bringup/package.dsv
[2.909s] -- Symlinking: /home/eia/rbi_2025/rov/rov_ws/install/rov_mujoco_bringup/share/ament_index/resource_index/packages/rov_mujoco_bringup
[2.923s] -- Symlinking: /home/eia/rbi_2025/rov/rov_ws/install/rov_mujoco_bringup/share/rov_mujoco_bringup/cmake/rov_mujoco_bringupConfig.cmake
[2.937s] -- Symlinking: /home/eia/rbi_2025/rov/rov_ws/install/rov_mujoco_bringup/share/rov_mujoco_bringup/cmake/rov_mujoco_bringupConfig-version.cmake
[2.951s] -- Symlinking: /home/eia/rbi_2025/rov/rov_ws/install/rov_mujoco_bringup/share/rov_mujoco_bringup/package.xml
