[2.268s] Invoking command in '/abb_ws/src/abb_path_controller': PYTHONPATH=/abb_ws/build/abb_path_controller/prefix_override:/usr/lib/python3/dist-packages/colcon_core/task/python/colcon_distutils_commands:/abb_ws/install/abb_path_controller/lib/python3.10/site-packages:${PYTHONPATH} /usr/bin/python3 -W ignore:setup.py install is deprecated -W ignore:easy_install command is deprecated setup.py egg_info --egg-base ../../build/abb_path_controller build --build-base /abb_ws/build/abb_path_controller/build install --record /abb_ws/build/abb_path_controller/install.log --single-version-externally-managed install_data
[2.682s] running egg_info
[2.683s] writing ../../build/abb_path_controller/abb_path_controller.egg-info/PKG-INFO
[2.683s] writing dependency_links to ../../build/abb_path_controller/abb_path_controller.egg-info/dependency_links.txt
[2.683s] writing entry points to ../../build/abb_path_controller/abb_path_controller.egg-info/entry_points.txt
[2.684s] writing requirements to ../../build/abb_path_controller/abb_path_controller.egg-info/requires.txt
[2.684s] writing top-level names to ../../build/abb_path_controller/abb_path_controller.egg-info/top_level.txt
[2.687s] reading manifest file '../../build/abb_path_controller/abb_path_controller.egg-info/SOURCES.txt'
[2.688s] writing manifest file '../../build/abb_path_controller/abb_path_controller.egg-info/SOURCES.txt'
[2.688s] running build
[2.688s] running build_py
[2.689s] running install
[2.689s] running install_lib
[2.691s] running install_data
[2.692s] running install_egg_info
[2.695s] removing '/abb_ws/install/abb_path_controller/lib/python3.10/site-packages/abb_path_controller-0.0.0-py3.10.egg-info' (and everything under it)
[2.695s] Copying ../../build/abb_path_controller/abb_path_controller.egg-info to /abb_ws/install/abb_path_controller/lib/python3.10/site-packages/abb_path_controller-0.0.0-py3.10.egg-info
[2.696s] running install_scripts
[2.731s] Installing abb_path_controller script to /abb_ws/install/abb_path_controller/lib/abb_path_controller
[2.732s] Installing abb_path_generator script to /abb_ws/install/abb_path_controller/lib/abb_path_controller
[2.732s] writing list of installed files to '/abb_ws/build/abb_path_controller/install.log'
[2.773s] Invoked command in '/abb_ws/src/abb_path_controller' returned '0': PYTHONPATH=/abb_ws/build/abb_path_controller/prefix_override:/usr/lib/python3/dist-packages/colcon_core/task/python/colcon_distutils_commands:/abb_ws/install/abb_path_controller/lib/python3.10/site-packages:${PYTHONPATH} /usr/bin/python3 -W ignore:setup.py install is deprecated -W ignore:easy_install command is deprecated setup.py egg_info --egg-base ../../build/abb_path_controller build --build-base /abb_ws/build/abb_path_controller/build install --record /abb_ws/build/abb_path_controller/install.log --single-version-externally-managed install_data
