-- Found ament_cmake: 1.3.12 (/opt/ros/humble/share/ament_cmake/cmake)
-- Override CMake install command with custom implementation using symlinks instead of copying resources
-- Configuring done
-- Generating done
-- Build files have been written to: /abb_ws/build/abb_gz_bringup
-- Install configuration: ""
-- Execute custom install script
-- Symlinking: /abb_ws/install/abb_gz_bringup/share/abb_gz_bringup//launch/abb_launch.launch.xml
-- Symlinking: /abb_ws/install/abb_gz_bringup/share/abb_gz_bringup//config/abb_config.rviz
-- Symlinking: /abb_ws/install/abb_gz_bringup/share/abb_gz_bringup//config/controllers.yaml
-- Symlinking: /abb_ws/install/abb_gz_bringup/share/abb_gz_bringup//config/gazebo_bridge.yaml
-- Symlinking: /abb_ws/install/abb_gz_bringup/share/ament_index/resource_index/package_run_dependencies/abb_gz_bringup
-- Symlinking: /abb_ws/install/abb_gz_bringup/share/ament_index/resource_index/parent_prefix_path/abb_gz_bringup
-- Symlinking: /abb_ws/install/abb_gz_bringup/share/abb_gz_bringup/environment/ament_prefix_path.sh
-- Symlinking: /abb_ws/install/abb_gz_bringup/share/abb_gz_bringup/environment/ament_prefix_path.dsv
-- Symlinking: /abb_ws/install/abb_gz_bringup/share/abb_gz_bringup/environment/path.sh
-- Symlinking: /abb_ws/install/abb_gz_bringup/share/abb_gz_bringup/environment/path.dsv
-- Symlinking: /abb_ws/install/abb_gz_bringup/share/abb_gz_bringup/local_setup.bash
-- Symlinking: /abb_ws/install/abb_gz_bringup/share/abb_gz_bringup/local_setup.sh
-- Symlinking: /abb_ws/install/abb_gz_bringup/share/abb_gz_bringup/local_setup.zsh
-- Symlinking: /abb_ws/install/abb_gz_bringup/share/abb_gz_bringup/local_setup.dsv
-- Symlinking: /abb_ws/install/abb_gz_bringup/share/abb_gz_bringup/package.dsv
-- Symlinking: /abb_ws/install/abb_gz_bringup/share/ament_index/resource_index/packages/abb_gz_bringup
-- Symlinking: /abb_ws/install/abb_gz_bringup/share/abb_gz_bringup/cmake/abb_gz_bringupConfig.cmake
-- Symlinking: /abb_ws/install/abb_gz_bringup/share/abb_gz_bringup/cmake/abb_gz_bringupConfig-version.cmake
-- Symlinking: /abb_ws/install/abb_gz_bringup/share/abb_gz_bringup/package.xml
