[0.964s] Invoking command in '/home/eia/rbi_2025/rov/rov_ws/build/rov_mujoco_description': CMAKE_PREFIX_PATH=${CMAKE_PREFIX_PATH}:/home/eia/repo/rbi_2025_2/rov/rov_ws/install/rov_position_controller:/home/eia/repo/rbi_2025_2/rov/rov_ws/install/rov_path_generator:/home/eia/repo/rbi_2025_2/rov/rov_ws/install/rov_path_follower:/home/eia/repo/rbi_2025_2/rov/rov_ws/install/rov_attitude_controller:/home/eia/repo/rbi_2025_2/rov/rov_ws/install/direct_control:/opt/ros/humble /usr/bin/cmake --build /home/eia/rbi_2025/rov/rov_ws/build/rov_mujoco_description -- -j12 -l12
[2.573s] Invoked command in '/home/eia/rbi_2025/rov/rov_ws/build/rov_mujoco_description' returned '0': CMAKE_PREFIX_PATH=${CMAKE_PREFIX_PATH}:/home/eia/repo/rbi_2025_2/rov/rov_ws/install/rov_position_controller:/home/eia/repo/rbi_2025_2/rov/rov_ws/install/rov_path_generator:/home/eia/repo/rbi_2025_2/rov/rov_ws/install/rov_path_follower:/home/eia/repo/rbi_2025_2/rov/rov_ws/install/rov_attitude_controller:/home/eia/repo/rbi_2025_2/rov/rov_ws/install/direct_control:/opt/ros/humble /usr/bin/cmake --build /home/eia/rbi_2025/rov/rov_ws/build/rov_mujoco_description -- -j12 -l12
[2.575s] Invoking command in '/home/eia/rbi_2025/rov/rov_ws/build/rov_mujoco_description': CMAKE_PREFIX_PATH=${CMAKE_PREFIX_PATH}:/home/eia/repo/rbi_2025_2/rov/rov_ws/install/rov_position_controller:/home/eia/repo/rbi_2025_2/rov/rov_ws/install/rov_path_generator:/home/eia/repo/rbi_2025_2/rov/rov_ws/install/rov_path_follower:/home/eia/repo/rbi_2025_2/rov/rov_ws/install/rov_attitude_controller:/home/eia/repo/rbi_2025_2/rov/rov_ws/install/direct_control:/opt/ros/humble /usr/bin/cmake --install /home/eia/rbi_2025/rov/rov_ws/build/rov_mujoco_description
[2.595s] -- Install configuration: ""
[2.597s] -- Execute custom install script
[2.602s] -- Up-to-date symlink: /home/eia/rbi_2025/rov/rov_ws/install/rov_mujoco_description/share/rov_mujoco_description//urdf/common_properties.xacro
[2.603s] -- Up-to-date symlink: /home/eia/rbi_2025/rov/rov_ws/install/rov_mujoco_description/share/rov_mujoco_description//urdf/rov_description.urdf.xacro
[2.609s] -- Up-to-date symlink: /home/eia/rbi_2025/rov/rov_ws/install/rov_mujoco_description/share/rov_mujoco_description//launch/display.launch.xml
[2.610s] -- Up-to-date symlink: /home/eia/rbi_2025/rov/rov_ws/install/rov_mujoco_description/share/ament_index/resource_index/package_run_dependencies/rov_mujoco_description
[2.611s] -- Up-to-date symlink: /home/eia/rbi_2025/rov/rov_ws/install/rov_mujoco_description/share/ament_index/resource_index/parent_prefix_path/rov_mujoco_description
[2.612s] -- Up-to-date symlink: /home/eia/rbi_2025/rov/rov_ws/install/rov_mujoco_description/share/rov_mujoco_description/environment/ament_prefix_path.sh
[2.613s] -- Up-to-date symlink: /home/eia/rbi_2025/rov/rov_ws/install/rov_mujoco_description/share/rov_mujoco_description/environment/ament_prefix_path.dsv
[2.613s] -- Up-to-date symlink: /home/eia/rbi_2025/rov/rov_ws/install/rov_mujoco_description/share/rov_mujoco_description/environment/path.sh
[2.613s] -- Up-to-date symlink: /home/eia/rbi_2025/rov/rov_ws/install/rov_mujoco_description/share/rov_mujoco_description/environment/path.dsv
[2.614s] -- Up-to-date symlink: /home/eia/rbi_2025/rov/rov_ws/install/rov_mujoco_description/share/rov_mujoco_description/local_setup.bash
[2.614s] -- Up-to-date symlink: /home/eia/rbi_2025/rov/rov_ws/install/rov_mujoco_description/share/rov_mujoco_description/local_setup.sh
[2.616s] -- Up-to-date symlink: /home/eia/rbi_2025/rov/rov_ws/install/rov_mujoco_description/share/rov_mujoco_description/local_setup.zsh
[2.616s] -- Up-to-date symlink: /home/eia/rbi_2025/rov/rov_ws/install/rov_mujoco_description/share/rov_mujoco_description/local_setup.dsv
[2.617s] -- Symlinking: /home/eia/rbi_2025/rov/rov_ws/install/rov_mujoco_description/share/rov_mujoco_description/package.dsv
[2.630s] -- Up-to-date symlink: /home/eia/rbi_2025/rov/rov_ws/install/rov_mujoco_description/share/ament_index/resource_index/packages/rov_mujoco_description
[2.630s] -- Up-to-date symlink: /home/eia/rbi_2025/rov/rov_ws/install/rov_mujoco_description/share/rov_mujoco_description/cmake/rov_mujoco_descriptionConfig.cmake
[2.630s] -- Up-to-date symlink: /home/eia/rbi_2025/rov/rov_ws/install/rov_mujoco_description/share/rov_mujoco_description/cmake/rov_mujoco_descriptionConfig-version.cmake
[2.631s] -- Up-to-date symlink: /home/eia/rbi_2025/rov/rov_ws/install/rov_mujoco_description/share/rov_mujoco_description/package.xml
[2.694s] Invoked command in '/home/eia/rbi_2025/rov/rov_ws/build/rov_mujoco_description' returned '0': CMAKE_PREFIX_PATH=${CMAKE_PREFIX_PATH}:/home/eia/repo/rbi_2025_2/rov/rov_ws/install/rov_position_controller:/home/eia/repo/rbi_2025_2/rov/rov_ws/install/rov_path_generator:/home/eia/repo/rbi_2025_2/rov/rov_ws/install/rov_path_follower:/home/eia/repo/rbi_2025_2/rov/rov_ws/install/rov_attitude_controller:/home/eia/repo/rbi_2025_2/rov/rov_ws/install/direct_control:/opt/ros/humble /usr/bin/cmake --install /home/eia/rbi_2025/rov/rov_ws/build/rov_mujoco_description
