[0.164s] DEBUG:colcon:Command line arguments: ['/usr/bin/colcon', 'build', '--symlink-install']
[0.164s] DEBUG:colcon:Parsed command line arguments: Namespace(log_base=None, log_level=None, verb_name='build', build_base='build', install_base='install', merge_install=False, symlink_install=True, test_result_base=None, continue_on_error=False, executor='parallel', parallel_workers=12, event_handlers=None, ignore_user_meta=False, metas=['./colcon.meta'], base_paths=['.'], packages_ignore=None, packages_ignore_regex=None, paths=None, packages_up_to=None, packages_up_to_regex=None, packages_above=None, packages_above_and_dependencies=None, packages_above_depth=None, packages_select_by_dep=None, packages_skip_by_dep=None, packages_skip_up_to=None, packages_select_build_failed=False, packages_skip_build_finished=False, packages_select_test_failures=False, packages_skip_test_passed=False, packages_select=None, packages_skip=None, packages_select_regex=None, packages_skip_regex=None, packages_start=None, packages_end=None, cmake_args=None, cmake_target=None, cmake_target_skip_unavailable=False, cmake_clean_cache=False, cmake_clean_first=False, cmake_force_configure=False, ament_cmake_args=None, catkin_cmake_args=None, catkin_skip_building_tests=False, mixin_files=None, mixin=None, verb_parser=<colcon_mixin.mixin.mixin_argument.MixinArgumentDecorator object at 0x775fb8ebfe80>, verb_extension=<colcon_core.verb.build.BuildVerb object at 0x775fb9088610>, main=<bound method BuildVerb.main of <colcon_core.verb.build.BuildVerb object at 0x775fb9088610>>, mixin_verb=('build',))
[0.320s] Level 1:colcon.colcon_core.package_discovery:discover_packages(colcon_meta) check parameters
[0.321s] Level 1:colcon.colcon_core.package_discovery:discover_packages(recursive) check parameters
[0.321s] Level 1:colcon.colcon_core.package_discovery:discover_packages(ignore) check parameters
[0.321s] Level 1:colcon.colcon_core.package_discovery:discover_packages(path) check parameters
[0.321s] Level 1:colcon.colcon_core.package_discovery:discover_packages(colcon_meta) discover
[0.321s] Level 1:colcon.colcon_core.package_discovery:discover_packages(recursive) discover
[0.321s] INFO:colcon.colcon_core.package_discovery:Crawling recursively for packages in '/rov_ws/src'
[0.321s] Level 1:colcon.colcon_core.package_identification:_identify(.) by extensions ['ignore', 'ignore_ament_install']
[0.321s] Level 1:colcon.colcon_core.package_identification:_identify(.) by extension 'ignore'
[0.321s] Level 1:colcon.colcon_core.package_identification:_identify(.) by extension 'ignore_ament_install'
[0.321s] Level 1:colcon.colcon_core.package_identification:_identify(.) by extensions ['colcon_pkg']
[0.321s] Level 1:colcon.colcon_core.package_identification:_identify(.) by extension 'colcon_pkg'
[0.321s] Level 1:colcon.colcon_core.package_identification:_identify(.) by extensions ['colcon_meta']
[0.321s] Level 1:colcon.colcon_core.package_identification:_identify(.) by extension 'colcon_meta'
[0.321s] Level 1:colcon.colcon_core.package_identification:_identify(.) by extensions ['ros']
[0.321s] Level 1:colcon.colcon_core.package_identification:_identify(.) by extension 'ros'
[0.332s] Level 1:colcon.colcon_core.package_identification:_identify(.) by extensions ['cmake', 'python']
[0.332s] Level 1:colcon.colcon_core.package_identification:_identify(.) by extension 'cmake'
[0.332s] Level 1:colcon.colcon_core.package_identification:_identify(.) by extension 'python'
[0.332s] Level 1:colcon.colcon_core.package_identification:_identify(.) by extensions ['python_setup_py']
[0.332s] Level 1:colcon.colcon_core.package_identification:_identify(.) by extension 'python_setup_py'
[0.332s] Level 1:colcon.colcon_core.package_identification:_identify(build) by extensions ['ignore', 'ignore_ament_install']
[0.332s] Level 1:colcon.colcon_core.package_identification:_identify(build) by extension 'ignore'
[0.332s] Level 1:colcon.colcon_core.package_identification:_identify(build) ignored
[0.332s] Level 1:colcon.colcon_core.package_identification:_identify(install) by extensions ['ignore', 'ignore_ament_install']
[0.332s] Level 1:colcon.colcon_core.package_identification:_identify(install) by extension 'ignore'
[0.332s] Level 1:colcon.colcon_core.package_identification:_identify(install) ignored
[0.332s] Level 1:colcon.colcon_core.package_identification:_identify(log) by extensions ['ignore', 'ignore_ament_install']
[0.332s] Level 1:colcon.colcon_core.package_identification:_identify(log) by extension 'ignore'
[0.333s] Level 1:colcon.colcon_core.package_identification:_identify(log) ignored
[0.333s] Level 1:colcon.colcon_core.package_identification:_identify(rov_attitude_controller) by extensions ['ignore', 'ignore_ament_install']
[0.333s] Level 1:colcon.colcon_core.package_identification:_identify(rov_attitude_controller) by extension 'ignore'
[0.333s] Level 1:colcon.colcon_core.package_identification:_identify(rov_attitude_controller) by extension 'ignore_ament_install'
[0.333s] Level 1:colcon.colcon_core.package_identification:_identify(rov_attitude_controller) by extensions ['colcon_pkg']
[0.333s] Level 1:colcon.colcon_core.package_identification:_identify(rov_attitude_controller) by extension 'colcon_pkg'
[0.333s] Level 1:colcon.colcon_core.package_identification:_identify(rov_attitude_controller) by extensions ['colcon_meta']
[0.333s] Level 1:colcon.colcon_core.package_identification:_identify(rov_attitude_controller) by extension 'colcon_meta'
[0.333s] Level 1:colcon.colcon_core.package_identification:_identify(rov_attitude_controller) by extensions ['ros']
[0.333s] Level 1:colcon.colcon_core.package_identification:_identify(rov_attitude_controller) by extension 'ros'
[0.335s] DEBUG:colcon.colcon_core.package_identification:Package 'rov_attitude_controller' with type 'ros.ament_python' and name 'rov_attitude_controller'
[0.335s] Level 1:colcon.colcon_core.package_identification:_identify(rov_controllers) by extensions ['ignore', 'ignore_ament_install']
[0.335s] Level 1:colcon.colcon_core.package_identification:_identify(rov_controllers) by extension 'ignore'
[0.335s] Level 1:colcon.colcon_core.package_identification:_identify(rov_controllers) by extension 'ignore_ament_install'
[0.335s] Level 1:colcon.colcon_core.package_identification:_identify(rov_controllers) by extensions ['colcon_pkg']
[0.335s] Level 1:colcon.colcon_core.package_identification:_identify(rov_controllers) by extension 'colcon_pkg'
[0.335s] Level 1:colcon.colcon_core.package_identification:_identify(rov_controllers) by extensions ['colcon_meta']
[0.335s] Level 1:colcon.colcon_core.package_identification:_identify(rov_controllers) by extension 'colcon_meta'
[0.335s] Level 1:colcon.colcon_core.package_identification:_identify(rov_controllers) by extensions ['ros']
[0.335s] Level 1:colcon.colcon_core.package_identification:_identify(rov_controllers) by extension 'ros'
[0.336s] DEBUG:colcon.colcon_core.package_identification:Package 'rov_controllers' with type 'ros.ament_cmake' and name 'rov_controllers'
[0.336s] Level 1:colcon.colcon_core.package_identification:_identify(rov_mujoco_bringup) by extensions ['ignore', 'ignore_ament_install']
[0.336s] Level 1:colcon.colcon_core.package_identification:_identify(rov_mujoco_bringup) by extension 'ignore'
[0.336s] Level 1:colcon.colcon_core.package_identification:_identify(rov_mujoco_bringup) by extension 'ignore_ament_install'
[0.336s] Level 1:colcon.colcon_core.package_identification:_identify(rov_mujoco_bringup) by extensions ['colcon_pkg']
[0.336s] Level 1:colcon.colcon_core.package_identification:_identify(rov_mujoco_bringup) by extension 'colcon_pkg'
[0.336s] Level 1:colcon.colcon_core.package_identification:_identify(rov_mujoco_bringup) by extensions ['colcon_meta']
[0.336s] Level 1:colcon.colcon_core.package_identification:_identify(rov_mujoco_bringup) by extension 'colcon_meta'
[0.337s] Level 1:colcon.colcon_core.package_identification:_identify(rov_mujoco_bringup) by extensions ['ros']
[0.337s] Level 1:colcon.colcon_core.package_identification:_identify(rov_mujoco_bringup) by extension 'ros'
[0.337s] DEBUG:colcon.colcon_core.package_identification:Package 'rov_mujoco_bringup' with type 'ros.ament_cmake' and name 'rov_mujoco_bringup'
[0.337s] Level 1:colcon.colcon_core.package_identification:_identify(rov_mujoco_description) by extensions ['ignore', 'ignore_ament_install']
[0.337s] Level 1:colcon.colcon_core.package_identification:_identify(rov_mujoco_description) by extension 'ignore'
[0.337s] Level 1:colcon.colcon_core.package_identification:_identify(rov_mujoco_description) by extension 'ignore_ament_install'
[0.337s] Level 1:colcon.colcon_core.package_identification:_identify(rov_mujoco_description) by extensions ['colcon_pkg']
[0.337s] Level 1:colcon.colcon_core.package_identification:_identify(rov_mujoco_description) by extension 'colcon_pkg'
[0.337s] Level 1:colcon.colcon_core.package_identification:_identify(rov_mujoco_description) by extensions ['colcon_meta']
[0.337s] Level 1:colcon.colcon_core.package_identification:_identify(rov_mujoco_description) by extension 'colcon_meta'
[0.337s] Level 1:colcon.colcon_core.package_identification:_identify(rov_mujoco_description) by extensions ['ros']
[0.337s] Level 1:colcon.colcon_core.package_identification:_identify(rov_mujoco_description) by extension 'ros'
[0.338s] DEBUG:colcon.colcon_core.package_identification:Package 'rov_mujoco_description' with type 'ros.ament_cmake' and name 'rov_mujoco_description'
[0.338s] Level 1:colcon.colcon_core.package_identification:_identify(rov_mujoco_sim) by extensions ['ignore', 'ignore_ament_install']
[0.338s] Level 1:colcon.colcon_core.package_identification:_identify(rov_mujoco_sim) by extension 'ignore'
[0.338s] Level 1:colcon.colcon_core.package_identification:_identify(rov_mujoco_sim) by extension 'ignore_ament_install'
[0.338s] Level 1:colcon.colcon_core.package_identification:_identify(rov_mujoco_sim) by extensions ['colcon_pkg']
[0.338s] Level 1:colcon.colcon_core.package_identification:_identify(rov_mujoco_sim) by extension 'colcon_pkg'
[0.338s] Level 1:colcon.colcon_core.package_identification:_identify(rov_mujoco_sim) by extensions ['colcon_meta']
[0.338s] Level 1:colcon.colcon_core.package_identification:_identify(rov_mujoco_sim) by extension 'colcon_meta'
[0.338s] Level 1:colcon.colcon_core.package_identification:_identify(rov_mujoco_sim) by extensions ['ros']
[0.338s] Level 1:colcon.colcon_core.package_identification:_identify(rov_mujoco_sim) by extension 'ros'
[0.339s] DEBUG:colcon.colcon_core.package_identification:Package 'rov_mujoco_sim' with type 'ros.ament_cmake' and name 'rov_mujoco_sim'
[0.339s] Level 1:colcon.colcon_core.package_identification:_identify(rov_path_follower) by extensions ['ignore', 'ignore_ament_install']
[0.339s] Level 1:colcon.colcon_core.package_identification:_identify(rov_path_follower) by extension 'ignore'
[0.339s] Level 1:colcon.colcon_core.package_identification:_identify(rov_path_follower) by extension 'ignore_ament_install'
[0.339s] Level 1:colcon.colcon_core.package_identification:_identify(rov_path_follower) by extensions ['colcon_pkg']
[0.339s] Level 1:colcon.colcon_core.package_identification:_identify(rov_path_follower) by extension 'colcon_pkg'
[0.339s] Level 1:colcon.colcon_core.package_identification:_identify(rov_path_follower) by extensions ['colcon_meta']
[0.339s] Level 1:colcon.colcon_core.package_identification:_identify(rov_path_follower) by extension 'colcon_meta'
[0.339s] Level 1:colcon.colcon_core.package_identification:_identify(rov_path_follower) by extensions ['ros']
[0.339s] Level 1:colcon.colcon_core.package_identification:_identify(rov_path_follower) by extension 'ros'
[0.340s] DEBUG:colcon.colcon_core.package_identification:Package 'rov_path_follower' with type 'ros.ament_python' and name 'rov_path_follower'
[0.340s] Level 1:colcon.colcon_core.package_identification:_identify(rov_path_generator) by extensions ['ignore', 'ignore_ament_install']
[0.340s] Level 1:colcon.colcon_core.package_identification:_identify(rov_path_generator) by extension 'ignore'
[0.340s] Level 1:colcon.colcon_core.package_identification:_identify(rov_path_generator) by extension 'ignore_ament_install'
[0.340s] Level 1:colcon.colcon_core.package_identification:_identify(rov_path_generator) by extensions ['colcon_pkg']
[0.340s] Level 1:colcon.colcon_core.package_identification:_identify(rov_path_generator) by extension 'colcon_pkg'
[0.340s] Level 1:colcon.colcon_core.package_identification:_identify(rov_path_generator) by extensions ['colcon_meta']
[0.340s] Level 1:colcon.colcon_core.package_identification:_identify(rov_path_generator) by extension 'colcon_meta'
[0.340s] Level 1:colcon.colcon_core.package_identification:_identify(rov_path_generator) by extensions ['ros']
[0.340s] Level 1:colcon.colcon_core.package_identification:_identify(rov_path_generator) by extension 'ros'
[0.340s] DEBUG:colcon.colcon_core.package_identification:Package 'rov_path_generator' with type 'ros.ament_python' and name 'rov_path_generator'
[0.340s] Level 1:colcon.colcon_core.package_identification:_identify(rov_position_controller) by extensions ['ignore', 'ignore_ament_install']
[0.341s] Level 1:colcon.colcon_core.package_identification:_identify(rov_position_controller) by extension 'ignore'
[0.341s] Level 1:colcon.colcon_core.package_identification:_identify(rov_position_controller) by extension 'ignore_ament_install'
[0.341s] Level 1:colcon.colcon_core.package_identification:_identify(rov_position_controller) by extensions ['colcon_pkg']
[0.341s] Level 1:colcon.colcon_core.package_identification:_identify(rov_position_controller) by extension 'colcon_pkg'
[0.341s] Level 1:colcon.colcon_core.package_identification:_identify(rov_position_controller) by extensions ['colcon_meta']
[0.341s] Level 1:colcon.colcon_core.package_identification:_identify(rov_position_controller) by extension 'colcon_meta'
[0.341s] Level 1:colcon.colcon_core.package_identification:_identify(rov_position_controller) by extensions ['ros']
[0.341s] Level 1:colcon.colcon_core.package_identification:_identify(rov_position_controller) by extension 'ros'
[0.341s] DEBUG:colcon.colcon_core.package_identification:Package 'rov_position_controller' with type 'ros.ament_python' and name 'rov_position_controller'
[0.341s] Level 1:colcon.colcon_core.package_discovery:discover_packages(recursive) using defaults
[0.341s] Level 1:colcon.colcon_core.package_discovery:discover_packages(ignore) discover
[0.341s] Level 1:colcon.colcon_core.package_discovery:discover_packages(ignore) using defaults
[0.341s] Level 1:colcon.colcon_core.package_discovery:discover_packages(path) discover
[0.341s] Level 1:colcon.colcon_core.package_discovery:discover_packages(path) using defaults
[0.363s] Level 5:colcon.colcon_core.verb:set package 'rov_attitude_controller' build argument 'cmake_args' from command line to 'None'
[0.363s] Level 5:colcon.colcon_core.verb:set package 'rov_attitude_controller' build argument 'cmake_target' from command line to 'None'
[0.363s] Level 5:colcon.colcon_core.verb:set package 'rov_attitude_controller' build argument 'cmake_target_skip_unavailable' from command line to 'False'
[0.363s] Level 5:colcon.colcon_core.verb:set package 'rov_attitude_controller' build argument 'cmake_clean_cache' from command line to 'False'
[0.363s] Level 5:colcon.colcon_core.verb:set package 'rov_attitude_controller' build argument 'cmake_clean_first' from command line to 'False'
[0.363s] Level 5:colcon.colcon_core.verb:set package 'rov_attitude_controller' build argument 'cmake_force_configure' from command line to 'False'
[0.363s] Level 5:colcon.colcon_core.verb:set package 'rov_attitude_controller' build argument 'ament_cmake_args' from command line to 'None'
[0.363s] Level 5:colcon.colcon_core.verb:set package 'rov_attitude_controller' build argument 'catkin_cmake_args' from command line to 'None'
[0.363s] Level 5:colcon.colcon_core.verb:set package 'rov_attitude_controller' build argument 'catkin_skip_building_tests' from command line to 'False'
[0.363s] DEBUG:colcon.colcon_core.verb:Building package 'rov_attitude_controller' with the following arguments: {'ament_cmake_args': None, 'build_base': '/rov_ws/src/build/rov_attitude_controller', 'catkin_cmake_args': None, 'catkin_skip_building_tests': False, 'cmake_args': None, 'cmake_clean_cache': False, 'cmake_clean_first': False, 'cmake_force_configure': False, 'cmake_target': None, 'cmake_target_skip_unavailable': False, 'install_base': '/rov_ws/src/install/rov_attitude_controller', 'merge_install': False, 'path': '/rov_ws/src/rov_attitude_controller', 'symlink_install': True, 'test_result_base': None}
[0.364s] Level 5:colcon.colcon_core.verb:set package 'rov_controllers' build argument 'cmake_args' from command line to 'None'
[0.364s] Level 5:colcon.colcon_core.verb:set package 'rov_controllers' build argument 'cmake_target' from command line to 'None'
[0.364s] Level 5:colcon.colcon_core.verb:set package 'rov_controllers' build argument 'cmake_target_skip_unavailable' from command line to 'False'
[0.364s] Level 5:colcon.colcon_core.verb:set package 'rov_controllers' build argument 'cmake_clean_cache' from command line to 'False'
[0.364s] Level 5:colcon.colcon_core.verb:set package 'rov_controllers' build argument 'cmake_clean_first' from command line to 'False'
[0.364s] Level 5:colcon.colcon_core.verb:set package 'rov_controllers' build argument 'cmake_force_configure' from command line to 'False'
[0.364s] Level 5:colcon.colcon_core.verb:set package 'rov_controllers' build argument 'ament_cmake_args' from command line to 'None'
[0.364s] Level 5:colcon.colcon_core.verb:set package 'rov_controllers' build argument 'catkin_cmake_args' from command line to 'None'
[0.364s] Level 5:colcon.colcon_core.verb:set package 'rov_controllers' build argument 'catkin_skip_building_tests' from command line to 'False'
[0.364s] DEBUG:colcon.colcon_core.verb:Building package 'rov_controllers' with the following arguments: {'ament_cmake_args': None, 'build_base': '/rov_ws/src/build/rov_controllers', 'catkin_cmake_args': None, 'catkin_skip_building_tests': False, 'cmake_args': None, 'cmake_clean_cache': False, 'cmake_clean_first': False, 'cmake_force_configure': False, 'cmake_target': None, 'cmake_target_skip_unavailable': False, 'install_base': '/rov_ws/src/install/rov_controllers', 'merge_install': False, 'path': '/rov_ws/src/rov_controllers', 'symlink_install': True, 'test_result_base': None}
[0.364s] Level 5:colcon.colcon_core.verb:set package 'rov_mujoco_bringup' build argument 'cmake_args' from command line to 'None'
[0.364s] Level 5:colcon.colcon_core.verb:set package 'rov_mujoco_bringup' build argument 'cmake_target' from command line to 'None'
[0.364s] Level 5:colcon.colcon_core.verb:set package 'rov_mujoco_bringup' build argument 'cmake_target_skip_unavailable' from command line to 'False'
[0.364s] Level 5:colcon.colcon_core.verb:set package 'rov_mujoco_bringup' build argument 'cmake_clean_cache' from command line to 'False'
[0.364s] Level 5:colcon.colcon_core.verb:set package 'rov_mujoco_bringup' build argument 'cmake_clean_first' from command line to 'False'
[0.364s] Level 5:colcon.colcon_core.verb:set package 'rov_mujoco_bringup' build argument 'cmake_force_configure' from command line to 'False'
[0.364s] Level 5:colcon.colcon_core.verb:set package 'rov_mujoco_bringup' build argument 'ament_cmake_args' from command line to 'None'
[0.364s] Level 5:colcon.colcon_core.verb:set package 'rov_mujoco_bringup' build argument 'catkin_cmake_args' from command line to 'None'
[0.364s] Level 5:colcon.colcon_core.verb:set package 'rov_mujoco_bringup' build argument 'catkin_skip_building_tests' from command line to 'False'
[0.364s] DEBUG:colcon.colcon_core.verb:Building package 'rov_mujoco_bringup' with the following arguments: {'ament_cmake_args': None, 'build_base': '/rov_ws/src/build/rov_mujoco_bringup', 'catkin_cmake_args': None, 'catkin_skip_building_tests': False, 'cmake_args': None, 'cmake_clean_cache': False, 'cmake_clean_first': False, 'cmake_force_configure': False, 'cmake_target': None, 'cmake_target_skip_unavailable': False, 'install_base': '/rov_ws/src/install/rov_mujoco_bringup', 'merge_install': False, 'path': '/rov_ws/src/rov_mujoco_bringup', 'symlink_install': True, 'test_result_base': None}
[0.365s] Level 5:colcon.colcon_core.verb:set package 'rov_mujoco_description' build argument 'cmake_args' from command line to 'None'
[0.365s] Level 5:colcon.colcon_core.verb:set package 'rov_mujoco_description' build argument 'cmake_target' from command line to 'None'
[0.365s] Level 5:colcon.colcon_core.verb:set package 'rov_mujoco_description' build argument 'cmake_target_skip_unavailable' from command line to 'False'
[0.365s] Level 5:colcon.colcon_core.verb:set package 'rov_mujoco_description' build argument 'cmake_clean_cache' from command line to 'False'
[0.365s] Level 5:colcon.colcon_core.verb:set package 'rov_mujoco_description' build argument 'cmake_clean_first' from command line to 'False'
[0.365s] Level 5:colcon.colcon_core.verb:set package 'rov_mujoco_description' build argument 'cmake_force_configure' from command line to 'False'
[0.365s] Level 5:colcon.colcon_core.verb:set package 'rov_mujoco_description' build argument 'ament_cmake_args' from command line to 'None'
[0.365s] Level 5:colcon.colcon_core.verb:set package 'rov_mujoco_description' build argument 'catkin_cmake_args' from command line to 'None'
[0.365s] Level 5:colcon.colcon_core.verb:set package 'rov_mujoco_description' build argument 'catkin_skip_building_tests' from command line to 'False'
[0.365s] DEBUG:colcon.colcon_core.verb:Building package 'rov_mujoco_description' with the following arguments: {'ament_cmake_args': None, 'build_base': '/rov_ws/src/build/rov_mujoco_description', 'catkin_cmake_args': None, 'catkin_skip_building_tests': False, 'cmake_args': None, 'cmake_clean_cache': False, 'cmake_clean_first': False, 'cmake_force_configure': False, 'cmake_target': None, 'cmake_target_skip_unavailable': False, 'install_base': '/rov_ws/src/install/rov_mujoco_description', 'merge_install': False, 'path': '/rov_ws/src/rov_mujoco_description', 'symlink_install': True, 'test_result_base': None}
[0.365s] Level 5:colcon.colcon_core.verb:set package 'rov_mujoco_sim' build argument 'cmake_args' from command line to 'None'
[0.365s] Level 5:colcon.colcon_core.verb:set package 'rov_mujoco_sim' build argument 'cmake_target' from command line to 'None'
[0.365s] Level 5:colcon.colcon_core.verb:set package 'rov_mujoco_sim' build argument 'cmake_target_skip_unavailable' from command line to 'False'
[0.365s] Level 5:colcon.colcon_core.verb:set package 'rov_mujoco_sim' build argument 'cmake_clean_cache' from command line to 'False'
[0.365s] Level 5:colcon.colcon_core.verb:set package 'rov_mujoco_sim' build argument 'cmake_clean_first' from command line to 'False'
[0.365s] Level 5:colcon.colcon_core.verb:set package 'rov_mujoco_sim' build argument 'cmake_force_configure' from command line to 'False'
[0.365s] Level 5:colcon.colcon_core.verb:set package 'rov_mujoco_sim' build argument 'ament_cmake_args' from command line to 'None'
[0.365s] Level 5:colcon.colcon_core.verb:set package 'rov_mujoco_sim' build argument 'catkin_cmake_args' from command line to 'None'
[0.365s] Level 5:colcon.colcon_core.verb:set package 'rov_mujoco_sim' build argument 'catkin_skip_building_tests' from command line to 'False'
[0.365s] DEBUG:colcon.colcon_core.verb:Building package 'rov_mujoco_sim' with the following arguments: {'ament_cmake_args': None, 'build_base': '/rov_ws/src/build/rov_mujoco_sim', 'catkin_cmake_args': None, 'catkin_skip_building_tests': False, 'cmake_args': None, 'cmake_clean_cache': False, 'cmake_clean_first': False, 'cmake_force_configure': False, 'cmake_target': None, 'cmake_target_skip_unavailable': False, 'install_base': '/rov_ws/src/install/rov_mujoco_sim', 'merge_install': False, 'path': '/rov_ws/src/rov_mujoco_sim', 'symlink_install': True, 'test_result_base': None}
[0.365s] Level 5:colcon.colcon_core.verb:set package 'rov_path_follower' build argument 'cmake_args' from command line to 'None'
[0.366s] Level 5:colcon.colcon_core.verb:set package 'rov_path_follower' build argument 'cmake_target' from command line to 'None'
[0.366s] Level 5:colcon.colcon_core.verb:set package 'rov_path_follower' build argument 'cmake_target_skip_unavailable' from command line to 'False'
[0.366s] Level 5:colcon.colcon_core.verb:set package 'rov_path_follower' build argument 'cmake_clean_cache' from command line to 'False'
[0.366s] Level 5:colcon.colcon_core.verb:set package 'rov_path_follower' build argument 'cmake_clean_first' from command line to 'False'
[0.366s] Level 5:colcon.colcon_core.verb:set package 'rov_path_follower' build argument 'cmake_force_configure' from command line to 'False'
[0.366s] Level 5:colcon.colcon_core.verb:set package 'rov_path_follower' build argument 'ament_cmake_args' from command line to 'None'
[0.366s] Level 5:colcon.colcon_core.verb:set package 'rov_path_follower' build argument 'catkin_cmake_args' from command line to 'None'
[0.366s] Level 5:colcon.colcon_core.verb:set package 'rov_path_follower' build argument 'catkin_skip_building_tests' from command line to 'False'
[0.366s] DEBUG:colcon.colcon_core.verb:Building package 'rov_path_follower' with the following arguments: {'ament_cmake_args': None, 'build_base': '/rov_ws/src/build/rov_path_follower', 'catkin_cmake_args': None, 'catkin_skip_building_tests': False, 'cmake_args': None, 'cmake_clean_cache': False, 'cmake_clean_first': False, 'cmake_force_configure': False, 'cmake_target': None, 'cmake_target_skip_unavailable': False, 'install_base': '/rov_ws/src/install/rov_path_follower', 'merge_install': False, 'path': '/rov_ws/src/rov_path_follower', 'symlink_install': True, 'test_result_base': None}
[0.366s] Level 5:colcon.colcon_core.verb:set package 'rov_path_generator' build argument 'cmake_args' from command line to 'None'
[0.366s] Level 5:colcon.colcon_core.verb:set package 'rov_path_generator' build argument 'cmake_target' from command line to 'None'
[0.366s] Level 5:colcon.colcon_core.verb:set package 'rov_path_generator' build argument 'cmake_target_skip_unavailable' from command line to 'False'
[0.366s] Level 5:colcon.colcon_core.verb:set package 'rov_path_generator' build argument 'cmake_clean_cache' from command line to 'False'
[0.366s] Level 5:colcon.colcon_core.verb:set package 'rov_path_generator' build argument 'cmake_clean_first' from command line to 'False'
[0.366s] Level 5:colcon.colcon_core.verb:set package 'rov_path_generator' build argument 'cmake_force_configure' from command line to 'False'
[0.366s] Level 5:colcon.colcon_core.verb:set package 'rov_path_generator' build argument 'ament_cmake_args' from command line to 'None'
[0.366s] Level 5:colcon.colcon_core.verb:set package 'rov_path_generator' build argument 'catkin_cmake_args' from command line to 'None'
[0.366s] Level 5:colcon.colcon_core.verb:set package 'rov_path_generator' build argument 'catkin_skip_building_tests' from command line to 'False'
[0.366s] DEBUG:colcon.colcon_core.verb:Building package 'rov_path_generator' with the following arguments: {'ament_cmake_args': None, 'build_base': '/rov_ws/src/build/rov_path_generator', 'catkin_cmake_args': None, 'catkin_skip_building_tests': False, 'cmake_args': None, 'cmake_clean_cache': False, 'cmake_clean_first': False, 'cmake_force_configure': False, 'cmake_target': None, 'cmake_target_skip_unavailable': False, 'install_base': '/rov_ws/src/install/rov_path_generator', 'merge_install': False, 'path': '/rov_ws/src/rov_path_generator', 'symlink_install': True, 'test_result_base': None}
[0.366s] Level 5:colcon.colcon_core.verb:set package 'rov_position_controller' build argument 'cmake_args' from command line to 'None'
[0.367s] Level 5:colcon.colcon_core.verb:set package 'rov_position_controller' build argument 'cmake_target' from command line to 'None'
[0.367s] Level 5:colcon.colcon_core.verb:set package 'rov_position_controller' build argument 'cmake_target_skip_unavailable' from command line to 'False'
[0.367s] Level 5:colcon.colcon_core.verb:set package 'rov_position_controller' build argument 'cmake_clean_cache' from command line to 'False'
[0.367s] Level 5:colcon.colcon_core.verb:set package 'rov_position_controller' build argument 'cmake_clean_first' from command line to 'False'
[0.367s] Level 5:colcon.colcon_core.verb:set package 'rov_position_controller' build argument 'cmake_force_configure' from command line to 'False'
[0.367s] Level 5:colcon.colcon_core.verb:set package 'rov_position_controller' build argument 'ament_cmake_args' from command line to 'None'
[0.367s] Level 5:colcon.colcon_core.verb:set package 'rov_position_controller' build argument 'catkin_cmake_args' from command line to 'None'
[0.367s] Level 5:colcon.colcon_core.verb:set package 'rov_position_controller' build argument 'catkin_skip_building_tests' from command line to 'False'
[0.367s] DEBUG:colcon.colcon_core.verb:Building package 'rov_position_controller' with the following arguments: {'ament_cmake_args': None, 'build_base': '/rov_ws/src/build/rov_position_controller', 'catkin_cmake_args': None, 'catkin_skip_building_tests': False, 'cmake_args': None, 'cmake_clean_cache': False, 'cmake_clean_first': False, 'cmake_force_configure': False, 'cmake_target': None, 'cmake_target_skip_unavailable': False, 'install_base': '/rov_ws/src/install/rov_position_controller', 'merge_install': False, 'path': '/rov_ws/src/rov_position_controller', 'symlink_install': True, 'test_result_base': None}
[0.367s] INFO:colcon.colcon_core.executor:Executing jobs using 'parallel' executor
[0.368s] DEBUG:colcon.colcon_parallel_executor.executor.parallel:run_until_complete
[0.368s] INFO:colcon.colcon_ros.task.ament_python.build:Building ROS package in '/rov_ws/src/rov_attitude_controller' with build type 'ament_python'
[0.368s] Level 1:colcon.colcon_core.shell:create_environment_hook('rov_attitude_controller', 'ament_prefix_path')
[0.371s] INFO:colcon.colcon_core.plugin_system:Skipping extension 'colcon_core.shell.bat': Not used on non-Windows systems
[0.371s] INFO:colcon.colcon_core.shell:Creating environment hook '/rov_ws/src/install/rov_attitude_controller/share/rov_attitude_controller/hook/ament_prefix_path.ps1'
[0.372s] INFO:colcon.colcon_core.shell:Creating environment descriptor '/rov_ws/src/install/rov_attitude_controller/share/rov_attitude_controller/hook/ament_prefix_path.dsv'
[0.373s] INFO:colcon.colcon_core.shell:Creating environment hook '/rov_ws/src/install/rov_attitude_controller/share/rov_attitude_controller/hook/ament_prefix_path.sh'
[0.373s] INFO:colcon.colcon_core.shell:Skip shell extension 'powershell' for command environment: Not usable outside of PowerShell
[0.373s] DEBUG:colcon.colcon_core.shell:Skip shell extension 'dsv' for command environment
[0.378s] INFO:colcon.colcon_ros.task.ament_cmake.build:Building ROS package in '/rov_ws/src/rov_controllers' with build type 'ament_cmake'
[0.378s] INFO:colcon.colcon_cmake.task.cmake.build:Building CMake package in '/rov_ws/src/rov_controllers'
[0.378s] INFO:colcon.colcon_core.shell:Skip shell extension 'powershell' for command environment: Not usable outside of PowerShell
[0.378s] DEBUG:colcon.colcon_core.shell:Skip shell extension 'dsv' for command environment
[0.382s] INFO:colcon.colcon_ros.task.ament_cmake.build:Building ROS package in '/rov_ws/src/rov_mujoco_bringup' with build type 'ament_cmake'
[0.382s] INFO:colcon.colcon_cmake.task.cmake.build:Building CMake package in '/rov_ws/src/rov_mujoco_bringup'
[0.382s] INFO:colcon.colcon_core.shell:Skip shell extension 'powershell' for command environment: Not usable outside of PowerShell
[0.382s] DEBUG:colcon.colcon_core.shell:Skip shell extension 'dsv' for command environment
[0.384s] INFO:colcon.colcon_ros.task.ament_cmake.build:Building ROS package in '/rov_ws/src/rov_mujoco_description' with build type 'ament_cmake'
[0.384s] INFO:colcon.colcon_cmake.task.cmake.build:Building CMake package in '/rov_ws/src/rov_mujoco_description'
[0.385s] INFO:colcon.colcon_core.shell:Skip shell extension 'powershell' for command environment: Not usable outside of PowerShell
[0.385s] DEBUG:colcon.colcon_core.shell:Skip shell extension 'dsv' for command environment
[0.387s] INFO:colcon.colcon_ros.task.ament_cmake.build:Building ROS package in '/rov_ws/src/rov_mujoco_sim' with build type 'ament_cmake'
[0.387s] INFO:colcon.colcon_cmake.task.cmake.build:Building CMake package in '/rov_ws/src/rov_mujoco_sim'
[0.387s] INFO:colcon.colcon_core.shell:Skip shell extension 'powershell' for command environment: Not usable outside of PowerShell
[0.387s] DEBUG:colcon.colcon_core.shell:Skip shell extension 'dsv' for command environment
[0.390s] INFO:colcon.colcon_ros.task.ament_python.build:Building ROS package in '/rov_ws/src/rov_path_follower' with build type 'ament_python'
[0.390s] Level 1:colcon.colcon_core.shell:create_environment_hook('rov_path_follower', 'ament_prefix_path')
[0.390s] INFO:colcon.colcon_core.shell:Creating environment hook '/rov_ws/src/install/rov_path_follower/share/rov_path_follower/hook/ament_prefix_path.ps1'
[0.391s] INFO:colcon.colcon_core.shell:Creating environment descriptor '/rov_ws/src/install/rov_path_follower/share/rov_path_follower/hook/ament_prefix_path.dsv'
[0.391s] INFO:colcon.colcon_core.shell:Creating environment hook '/rov_ws/src/install/rov_path_follower/share/rov_path_follower/hook/ament_prefix_path.sh'
[0.392s] INFO:colcon.colcon_core.shell:Skip shell extension 'powershell' for command environment: Not usable outside of PowerShell
[0.392s] DEBUG:colcon.colcon_core.shell:Skip shell extension 'dsv' for command environment
[0.394s] INFO:colcon.colcon_ros.task.ament_python.build:Building ROS package in '/rov_ws/src/rov_path_generator' with build type 'ament_python'
[0.394s] Level 1:colcon.colcon_core.shell:create_environment_hook('rov_path_generator', 'ament_prefix_path')
[0.394s] INFO:colcon.colcon_core.shell:Creating environment hook '/rov_ws/src/install/rov_path_generator/share/rov_path_generator/hook/ament_prefix_path.ps1'
[0.395s] INFO:colcon.colcon_core.shell:Creating environment descriptor '/rov_ws/src/install/rov_path_generator/share/rov_path_generator/hook/ament_prefix_path.dsv'
[0.395s] INFO:colcon.colcon_core.shell:Creating environment hook '/rov_ws/src/install/rov_path_generator/share/rov_path_generator/hook/ament_prefix_path.sh'
[0.396s] INFO:colcon.colcon_core.shell:Skip shell extension 'powershell' for command environment: Not usable outside of PowerShell
[0.396s] DEBUG:colcon.colcon_core.shell:Skip shell extension 'dsv' for command environment
[0.398s] INFO:colcon.colcon_ros.task.ament_python.build:Building ROS package in '/rov_ws/src/rov_position_controller' with build type 'ament_python'
[0.398s] Level 1:colcon.colcon_core.shell:create_environment_hook('rov_position_controller', 'ament_prefix_path')
[0.398s] INFO:colcon.colcon_core.shell:Creating environment hook '/rov_ws/src/install/rov_position_controller/share/rov_position_controller/hook/ament_prefix_path.ps1'
[0.399s] INFO:colcon.colcon_core.shell:Creating environment descriptor '/rov_ws/src/install/rov_position_controller/share/rov_position_controller/hook/ament_prefix_path.dsv'
[0.399s] INFO:colcon.colcon_core.shell:Creating environment hook '/rov_ws/src/install/rov_position_controller/share/rov_position_controller/hook/ament_prefix_path.sh'
[0.400s] INFO:colcon.colcon_core.shell:Skip shell extension 'powershell' for command environment: Not usable outside of PowerShell
[0.400s] DEBUG:colcon.colcon_core.shell:Skip shell extension 'dsv' for command environment
[0.678s] INFO:colcon.colcon_core.task.python.build:Building Python package in '/rov_ws/src/rov_attitude_controller'
[0.679s] INFO:colcon.colcon_core.shell:Skip shell extension 'powershell' for command environment: Not usable outside of PowerShell
[0.679s] DEBUG:colcon.colcon_core.shell:Skip shell extension 'dsv' for command environment
[0.682s] DEBUG:colcon.colcon_core.event_handler.log_command:Invoking command in '/rov_ws/src/build/rov_controllers': CMAKE_PREFIX_PATH=/opt/ros/humble /usr/bin/cmake /rov_ws/src/rov_controllers -DAMENT_CMAKE_SYMLINK_INSTALL=1 -DCMAKE_INSTALL_PREFIX=/rov_ws/src/install/rov_controllers
[0.688s] DEBUG:colcon.colcon_core.event_handler.log_command:Invoking command in '/rov_ws/src/build/rov_mujoco_bringup': CMAKE_PREFIX_PATH=/opt/ros/humble /usr/bin/cmake /rov_ws/src/rov_mujoco_bringup -DAMENT_CMAKE_SYMLINK_INSTALL=1 -DCMAKE_INSTALL_PREFIX=/rov_ws/src/install/rov_mujoco_bringup
[0.689s] DEBUG:colcon.colcon_core.event_handler.log_command:Invoking command in '/rov_ws/src/build/rov_mujoco_description': CMAKE_PREFIX_PATH=/opt/ros/humble /usr/bin/cmake /rov_ws/src/rov_mujoco_description -DAMENT_CMAKE_SYMLINK_INSTALL=1 -DCMAKE_INSTALL_PREFIX=/rov_ws/src/install/rov_mujoco_description
[0.690s] DEBUG:colcon.colcon_core.event_handler.log_command:Invoking command in '/rov_ws/src/build/rov_mujoco_sim': CMAKE_PREFIX_PATH=/opt/ros/humble /usr/bin/cmake /rov_ws/src/rov_mujoco_sim -DAMENT_CMAKE_SYMLINK_INSTALL=1 -DCMAKE_INSTALL_PREFIX=/rov_ws/src/install/rov_mujoco_sim
[0.986s] INFO:colcon.colcon_core.task.python.build:Building Python package in '/rov_ws/src/rov_path_follower'
[0.986s] INFO:colcon.colcon_core.shell:Skip shell extension 'powershell' for command environment: Not usable outside of PowerShell
[0.987s] DEBUG:colcon.colcon_core.shell:Skip shell extension 'dsv' for command environment
[1.302s] INFO:colcon.colcon_core.task.python.build:Building Python package in '/rov_ws/src/rov_path_generator'
[1.302s] INFO:colcon.colcon_core.shell:Skip shell extension 'powershell' for command environment: Not usable outside of PowerShell
[1.302s] DEBUG:colcon.colcon_core.shell:Skip shell extension 'dsv' for command environment
[1.605s] INFO:colcon.colcon_core.task.python.build:Building Python package in '/rov_ws/src/rov_position_controller'
[1.605s] INFO:colcon.colcon_core.shell:Skip shell extension 'powershell' for command environment: Not usable outside of PowerShell
[1.605s] DEBUG:colcon.colcon_core.shell:Skip shell extension 'dsv' for command environment
[1.618s] DEBUG:colcon.colcon_core.event_handler.log_command:Invoked command in '/rov_ws/src/build/rov_mujoco_description' returned '0': CMAKE_PREFIX_PATH=/opt/ros/humble /usr/bin/cmake /rov_ws/src/rov_mujoco_description -DAMENT_CMAKE_SYMLINK_INSTALL=1 -DCMAKE_INSTALL_PREFIX=/rov_ws/src/install/rov_mujoco_description
[1.618s] DEBUG:colcon.colcon_core.event_handler.log_command:Invoking command in '/rov_ws/src/build/rov_mujoco_description': CMAKE_PREFIX_PATH=/opt/ros/humble /usr/bin/cmake --build /rov_ws/src/build/rov_mujoco_description -- -j12 -l12
[1.651s] DEBUG:colcon.colcon_core.event_handler.log_command:Invoked command in '/rov_ws/src/build/rov_mujoco_description' returned '0': CMAKE_PREFIX_PATH=/opt/ros/humble /usr/bin/cmake --build /rov_ws/src/build/rov_mujoco_description -- -j12 -l12
[1.660s] DEBUG:colcon.colcon_core.event_handler.log_command:Invoking command in '/rov_ws/src/build/rov_mujoco_description': CMAKE_PREFIX_PATH=/opt/ros/humble /usr/bin/cmake --install /rov_ws/src/build/rov_mujoco_description
[1.841s] Level 1:colcon.colcon_core.environment:create_environment_scripts_only(rov_mujoco_description)
[1.842s] DEBUG:colcon.colcon_core.event_handler.log_command:Invoked command in '/rov_ws/src/build/rov_mujoco_description' returned '0': CMAKE_PREFIX_PATH=/opt/ros/humble /usr/bin/cmake --install /rov_ws/src/build/rov_mujoco_description
[1.848s] Level 1:colcon.colcon_core.environment:checking '/rov_ws/src/install/rov_mujoco_description' for CMake module files
[1.849s] Level 1:colcon.colcon_core.environment:checking '/rov_ws/src/install/rov_mujoco_description' for CMake config files
[1.849s] Level 1:colcon.colcon_core.shell:create_environment_hook('rov_mujoco_description', 'cmake_prefix_path')
[1.850s] INFO:colcon.colcon_core.shell:Creating environment hook '/rov_ws/src/install/rov_mujoco_description/share/rov_mujoco_description/hook/cmake_prefix_path.ps1'
[1.850s] INFO:colcon.colcon_core.shell:Creating environment descriptor '/rov_ws/src/install/rov_mujoco_description/share/rov_mujoco_description/hook/cmake_prefix_path.dsv'
[1.851s] INFO:colcon.colcon_core.shell:Creating environment hook '/rov_ws/src/install/rov_mujoco_description/share/rov_mujoco_description/hook/cmake_prefix_path.sh'
[1.852s] Level 1:colcon.colcon_core.environment:checking '/rov_ws/src/install/rov_mujoco_description/bin'
[1.852s] Level 1:colcon.colcon_core.environment:checking '/rov_ws/src/install/rov_mujoco_description/lib/pkgconfig/rov_mujoco_description.pc'
[1.852s] Level 1:colcon.colcon_core.environment:checking '/rov_ws/src/install/rov_mujoco_description/lib/python3.10/site-packages'
[1.852s] Level 1:colcon.colcon_core.environment:checking '/rov_ws/src/install/rov_mujoco_description/bin'
[1.853s] INFO:colcon.colcon_core.shell:Creating package script '/rov_ws/src/install/rov_mujoco_description/share/rov_mujoco_description/package.ps1'
[1.854s] INFO:colcon.colcon_core.shell:Creating package descriptor '/rov_ws/src/install/rov_mujoco_description/share/rov_mujoco_description/package.dsv'
[1.855s] INFO:colcon.colcon_core.shell:Creating package script '/rov_ws/src/install/rov_mujoco_description/share/rov_mujoco_description/package.sh'
[1.856s] INFO:colcon.colcon_core.shell:Creating package script '/rov_ws/src/install/rov_mujoco_description/share/rov_mujoco_description/package.bash'
[1.858s] INFO:colcon.colcon_core.shell:Creating package script '/rov_ws/src/install/rov_mujoco_description/share/rov_mujoco_description/package.zsh'
[1.859s] Level 1:colcon.colcon_core.environment:create_file_with_runtime_dependencies(/rov_ws/src/install/rov_mujoco_description/share/colcon-core/packages/rov_mujoco_description)
[1.860s] Level 1:colcon.colcon_core.environment:create_environment_scripts_only(rov_mujoco_description)
[1.860s] Level 1:colcon.colcon_core.environment:checking '/rov_ws/src/install/rov_mujoco_description' for CMake module files
[1.861s] Level 1:colcon.colcon_core.environment:checking '/rov_ws/src/install/rov_mujoco_description' for CMake config files
[1.861s] Level 1:colcon.colcon_core.shell:create_environment_hook('rov_mujoco_description', 'cmake_prefix_path')
[1.862s] INFO:colcon.colcon_core.shell:Creating environment hook '/rov_ws/src/install/rov_mujoco_description/share/rov_mujoco_description/hook/cmake_prefix_path.ps1'
[1.862s] INFO:colcon.colcon_core.shell:Creating environment descriptor '/rov_ws/src/install/rov_mujoco_description/share/rov_mujoco_description/hook/cmake_prefix_path.dsv'
[1.863s] INFO:colcon.colcon_core.shell:Creating environment hook '/rov_ws/src/install/rov_mujoco_description/share/rov_mujoco_description/hook/cmake_prefix_path.sh'
[1.864s] Level 1:colcon.colcon_core.environment:checking '/rov_ws/src/install/rov_mujoco_description/bin'
[1.864s] Level 1:colcon.colcon_core.environment:checking '/rov_ws/src/install/rov_mujoco_description/lib/pkgconfig/rov_mujoco_description.pc'
[1.864s] Level 1:colcon.colcon_core.environment:checking '/rov_ws/src/install/rov_mujoco_description/lib/python3.10/site-packages'
[1.865s] Level 1:colcon.colcon_core.environment:checking '/rov_ws/src/install/rov_mujoco_description/bin'
[1.865s] INFO:colcon.colcon_core.shell:Creating package script '/rov_ws/src/install/rov_mujoco_description/share/rov_mujoco_description/package.ps1'
[1.866s] INFO:colcon.colcon_core.shell:Creating package descriptor '/rov_ws/src/install/rov_mujoco_description/share/rov_mujoco_description/package.dsv'
[1.867s] INFO:colcon.colcon_core.shell:Creating package script '/rov_ws/src/install/rov_mujoco_description/share/rov_mujoco_description/package.sh'
[1.867s] INFO:colcon.colcon_core.shell:Creating package script '/rov_ws/src/install/rov_mujoco_description/share/rov_mujoco_description/package.bash'
[1.868s] INFO:colcon.colcon_core.shell:Creating package script '/rov_ws/src/install/rov_mujoco_description/share/rov_mujoco_description/package.zsh'
[1.868s] Level 1:colcon.colcon_core.environment:create_file_with_runtime_dependencies(/rov_ws/src/install/rov_mujoco_description/share/colcon-core/packages/rov_mujoco_description)
[1.979s] DEBUG:colcon.colcon_core.event_handler.log_command:Invoked command in '/rov_ws/src/build/rov_mujoco_bringup' returned '0': CMAKE_PREFIX_PATH=/opt/ros/humble /usr/bin/cmake /rov_ws/src/rov_mujoco_bringup -DAMENT_CMAKE_SYMLINK_INSTALL=1 -DCMAKE_INSTALL_PREFIX=/rov_ws/src/install/rov_mujoco_bringup
[1.981s] DEBUG:colcon.colcon_core.event_handler.log_command:Invoking command in '/rov_ws/src/build/rov_mujoco_bringup': CMAKE_PREFIX_PATH=/opt/ros/humble /usr/bin/cmake --build /rov_ws/src/build/rov_mujoco_bringup -- -j12 -l12
[2.022s] DEBUG:colcon.colcon_core.event_handler.log_command:Invoked command in '/rov_ws/src/build/rov_mujoco_bringup' returned '0': CMAKE_PREFIX_PATH=/opt/ros/humble /usr/bin/cmake --build /rov_ws/src/build/rov_mujoco_bringup -- -j12 -l12
[2.023s] DEBUG:colcon.colcon_core.event_handler.log_command:Invoking command in '/rov_ws/src/build/rov_mujoco_bringup': CMAKE_PREFIX_PATH=/opt/ros/humble /usr/bin/cmake --install /rov_ws/src/build/rov_mujoco_bringup
[2.172s] Level 1:colcon.colcon_core.environment:create_environment_scripts_only(rov_mujoco_bringup)
[2.172s] Level 1:colcon.colcon_core.environment:checking '/rov_ws/src/install/rov_mujoco_bringup' for CMake module files
[2.173s] DEBUG:colcon.colcon_core.event_handler.log_command:Invoked command in '/rov_ws/src/build/rov_mujoco_bringup' returned '0': CMAKE_PREFIX_PATH=/opt/ros/humble /usr/bin/cmake --install /rov_ws/src/build/rov_mujoco_bringup
[2.173s] Level 1:colcon.colcon_core.environment:checking '/rov_ws/src/install/rov_mujoco_bringup' for CMake config files
[2.173s] Level 1:colcon.colcon_core.shell:create_environment_hook('rov_mujoco_bringup', 'cmake_prefix_path')
[2.174s] INFO:colcon.colcon_core.shell:Creating environment hook '/rov_ws/src/install/rov_mujoco_bringup/share/rov_mujoco_bringup/hook/cmake_prefix_path.ps1'
[2.174s] INFO:colcon.colcon_core.shell:Creating environment descriptor '/rov_ws/src/install/rov_mujoco_bringup/share/rov_mujoco_bringup/hook/cmake_prefix_path.dsv'
[2.174s] INFO:colcon.colcon_core.shell:Creating environment hook '/rov_ws/src/install/rov_mujoco_bringup/share/rov_mujoco_bringup/hook/cmake_prefix_path.sh'
[2.175s] Level 1:colcon.colcon_core.environment:checking '/rov_ws/src/install/rov_mujoco_bringup/bin'
[2.175s] Level 1:colcon.colcon_core.environment:checking '/rov_ws/src/install/rov_mujoco_bringup/lib/pkgconfig/rov_mujoco_bringup.pc'
[2.175s] Level 1:colcon.colcon_core.environment:checking '/rov_ws/src/install/rov_mujoco_bringup/lib/python3.10/site-packages'
[2.175s] Level 1:colcon.colcon_core.environment:checking '/rov_ws/src/install/rov_mujoco_bringup/bin'
[2.176s] INFO:colcon.colcon_core.shell:Creating package script '/rov_ws/src/install/rov_mujoco_bringup/share/rov_mujoco_bringup/package.ps1'
[2.176s] INFO:colcon.colcon_core.shell:Creating package descriptor '/rov_ws/src/install/rov_mujoco_bringup/share/rov_mujoco_bringup/package.dsv'
[2.176s] INFO:colcon.colcon_core.shell:Creating package script '/rov_ws/src/install/rov_mujoco_bringup/share/rov_mujoco_bringup/package.sh'
[2.177s] INFO:colcon.colcon_core.shell:Creating package script '/rov_ws/src/install/rov_mujoco_bringup/share/rov_mujoco_bringup/package.bash'
[2.177s] INFO:colcon.colcon_core.shell:Creating package script '/rov_ws/src/install/rov_mujoco_bringup/share/rov_mujoco_bringup/package.zsh'
[2.177s] Level 1:colcon.colcon_core.environment:create_file_with_runtime_dependencies(/rov_ws/src/install/rov_mujoco_bringup/share/colcon-core/packages/rov_mujoco_bringup)
[2.178s] Level 1:colcon.colcon_core.environment:create_environment_scripts_only(rov_mujoco_bringup)
[2.178s] Level 1:colcon.colcon_core.environment:checking '/rov_ws/src/install/rov_mujoco_bringup' for CMake module files
[2.179s] Level 1:colcon.colcon_core.environment:checking '/rov_ws/src/install/rov_mujoco_bringup' for CMake config files
[2.179s] Level 1:colcon.colcon_core.shell:create_environment_hook('rov_mujoco_bringup', 'cmake_prefix_path')
[2.179s] INFO:colcon.colcon_core.shell:Creating environment hook '/rov_ws/src/install/rov_mujoco_bringup/share/rov_mujoco_bringup/hook/cmake_prefix_path.ps1'
[2.180s] INFO:colcon.colcon_core.shell:Creating environment descriptor '/rov_ws/src/install/rov_mujoco_bringup/share/rov_mujoco_bringup/hook/cmake_prefix_path.dsv'
[2.180s] INFO:colcon.colcon_core.shell:Creating environment hook '/rov_ws/src/install/rov_mujoco_bringup/share/rov_mujoco_bringup/hook/cmake_prefix_path.sh'
[2.181s] Level 1:colcon.colcon_core.environment:checking '/rov_ws/src/install/rov_mujoco_bringup/bin'
[2.181s] Level 1:colcon.colcon_core.environment:checking '/rov_ws/src/install/rov_mujoco_bringup/lib/pkgconfig/rov_mujoco_bringup.pc'
[2.181s] Level 1:colcon.colcon_core.environment:checking '/rov_ws/src/install/rov_mujoco_bringup/lib/python3.10/site-packages'
[2.181s] Level 1:colcon.colcon_core.environment:checking '/rov_ws/src/install/rov_mujoco_bringup/bin'
[2.182s] INFO:colcon.colcon_core.shell:Creating package script '/rov_ws/src/install/rov_mujoco_bringup/share/rov_mujoco_bringup/package.ps1'
[2.182s] INFO:colcon.colcon_core.shell:Creating package descriptor '/rov_ws/src/install/rov_mujoco_bringup/share/rov_mujoco_bringup/package.dsv'
[2.183s] INFO:colcon.colcon_core.shell:Creating package script '/rov_ws/src/install/rov_mujoco_bringup/share/rov_mujoco_bringup/package.sh'
[2.183s] INFO:colcon.colcon_core.shell:Creating package script '/rov_ws/src/install/rov_mujoco_bringup/share/rov_mujoco_bringup/package.bash'
[2.184s] INFO:colcon.colcon_core.shell:Creating package script '/rov_ws/src/install/rov_mujoco_bringup/share/rov_mujoco_bringup/package.zsh'
[2.184s] Level 1:colcon.colcon_core.environment:create_file_with_runtime_dependencies(/rov_ws/src/install/rov_mujoco_bringup/share/colcon-core/packages/rov_mujoco_bringup)
[2.187s] DEBUG:colcon.colcon_core.event_handler.log_command:Invoking command in '/rov_ws/src/build/rov_attitude_controller': PYTHONPATH=/rov_ws/src/build/rov_attitude_controller/prefix_override:/usr/lib/python3/dist-packages/colcon_core/task/python/colcon_distutils_commands:/rov_ws/src/install/rov_attitude_controller/lib/python3.10/site-packages:${PYTHONPATH} /usr/bin/python3 -W ignore:setup.py install is deprecated -W ignore:easy_install command is deprecated setup.py develop --editable --build-directory /rov_ws/src/build/rov_attitude_controller/build --no-deps symlink_data
[2.204s] DEBUG:colcon.colcon_core.event_handler.log_command:Invoking command in '/rov_ws/src/build/rov_path_generator': PYTHONPATH=/rov_ws/src/build/rov_path_generator/prefix_override:/usr/lib/python3/dist-packages/colcon_core/task/python/colcon_distutils_commands:/rov_ws/src/install/rov_path_generator/lib/python3.10/site-packages:${PYTHONPATH} /usr/bin/python3 -W ignore:setup.py install is deprecated -W ignore:easy_install command is deprecated setup.py develop --editable --build-directory /rov_ws/src/build/rov_path_generator/build --no-deps symlink_data
[2.256s] DEBUG:colcon.colcon_core.event_handler.log_command:Invoking command in '/rov_ws/src/build/rov_position_controller': PYTHONPATH=/rov_ws/src/build/rov_position_controller/prefix_override:/usr/lib/python3/dist-packages/colcon_core/task/python/colcon_distutils_commands:/rov_ws/src/install/rov_position_controller/lib/python3.10/site-packages:${PYTHONPATH} /usr/bin/python3 -W ignore:setup.py install is deprecated -W ignore:easy_install command is deprecated setup.py develop --editable --build-directory /rov_ws/src/build/rov_position_controller/build --no-deps symlink_data
[2.264s] DEBUG:colcon.colcon_core.event_handler.log_command:Invoking command in '/rov_ws/src/build/rov_path_follower': PYTHONPATH=/rov_ws/src/build/rov_path_follower/prefix_override:/usr/lib/python3/dist-packages/colcon_core/task/python/colcon_distutils_commands:/rov_ws/src/install/rov_path_follower/lib/python3.10/site-packages:${PYTHONPATH} /usr/bin/python3 -W ignore:setup.py install is deprecated -W ignore:easy_install command is deprecated setup.py develop --editable --build-directory /rov_ws/src/build/rov_path_follower/build --no-deps symlink_data
[2.359s] DEBUG:colcon.colcon_core.event_handler.log_command:Invoked command in '/rov_ws/src/build/rov_controllers' returned '0': CMAKE_PREFIX_PATH=/opt/ros/humble /usr/bin/cmake /rov_ws/src/rov_controllers -DAMENT_CMAKE_SYMLINK_INSTALL=1 -DCMAKE_INSTALL_PREFIX=/rov_ws/src/install/rov_controllers
[2.360s] DEBUG:colcon.colcon_core.event_handler.log_command:Invoking command in '/rov_ws/src/build/rov_controllers': CMAKE_PREFIX_PATH=/opt/ros/humble /usr/bin/cmake --build /rov_ws/src/build/rov_controllers -- -j12 -l12
[2.371s] DEBUG:colcon.colcon_core.event_handler.log_command:Invoked command in '/rov_ws/src/build/rov_mujoco_sim' returned '0': CMAKE_PREFIX_PATH=/opt/ros/humble /usr/bin/cmake /rov_ws/src/rov_mujoco_sim -DAMENT_CMAKE_SYMLINK_INSTALL=1 -DCMAKE_INSTALL_PREFIX=/rov_ws/src/install/rov_mujoco_sim
[2.373s] DEBUG:colcon.colcon_core.event_handler.log_command:Invoking command in '/rov_ws/src/build/rov_mujoco_sim': CMAKE_PREFIX_PATH=/opt/ros/humble /usr/bin/cmake --build /rov_ws/src/build/rov_mujoco_sim -- -j12 -l12
[2.702s] Level 1:colcon.colcon_core.shell:create_environment_hook('rov_attitude_controller', 'pythonpath_develop')
[2.702s] INFO:colcon.colcon_core.shell:Creating environment hook '/rov_ws/src/build/rov_attitude_controller/share/rov_attitude_controller/hook/pythonpath_develop.ps1'
[2.703s] DEBUG:colcon.colcon_core.event_handler.log_command:Invoked command in '/rov_ws/src/build/rov_attitude_controller' returned '0': PYTHONPATH=/rov_ws/src/build/rov_attitude_controller/prefix_override:/usr/lib/python3/dist-packages/colcon_core/task/python/colcon_distutils_commands:/rov_ws/src/install/rov_attitude_controller/lib/python3.10/site-packages:${PYTHONPATH} /usr/bin/python3 -W ignore:setup.py install is deprecated -W ignore:easy_install command is deprecated setup.py develop --editable --build-directory /rov_ws/src/build/rov_attitude_controller/build --no-deps symlink_data
[2.704s] INFO:colcon.colcon_core.shell:Creating environment descriptor '/rov_ws/src/build/rov_attitude_controller/share/rov_attitude_controller/hook/pythonpath_develop.dsv'
[2.705s] INFO:colcon.colcon_core.shell:Creating environment hook '/rov_ws/src/build/rov_attitude_controller/share/rov_attitude_controller/hook/pythonpath_develop.sh'
[2.705s] Level 1:colcon.colcon_core.environment:checking '/rov_ws/src/install/rov_attitude_controller' for CMake module files
[2.706s] Level 1:colcon.colcon_core.environment:checking '/rov_ws/src/install/rov_attitude_controller' for CMake config files
[2.707s] Level 1:colcon.colcon_core.environment:checking '/rov_ws/src/install/rov_attitude_controller/lib'
[2.708s] Level 1:colcon.colcon_core.environment:checking '/rov_ws/src/install/rov_attitude_controller/bin'
[2.708s] Level 1:colcon.colcon_core.environment:checking '/rov_ws/src/install/rov_attitude_controller/lib/pkgconfig/rov_attitude_controller.pc'
[2.708s] Level 1:colcon.colcon_core.environment:checking '/rov_ws/src/install/rov_attitude_controller/lib/python3.10/site-packages'
[2.708s] Level 1:colcon.colcon_core.shell:create_environment_hook('rov_attitude_controller', 'pythonpath')
[2.709s] INFO:colcon.colcon_core.shell:Creating environment hook '/rov_ws/src/install/rov_attitude_controller/share/rov_attitude_controller/hook/pythonpath.ps1'
[2.710s] INFO:colcon.colcon_core.shell:Creating environment descriptor '/rov_ws/src/install/rov_attitude_controller/share/rov_attitude_controller/hook/pythonpath.dsv'
[2.710s] INFO:colcon.colcon_core.shell:Creating environment hook '/rov_ws/src/install/rov_attitude_controller/share/rov_attitude_controller/hook/pythonpath.sh'
[2.711s] Level 1:colcon.colcon_core.environment:checking '/rov_ws/src/install/rov_attitude_controller/bin'
[2.711s] Level 1:colcon.colcon_core.environment:create_environment_scripts_only(rov_attitude_controller)
[2.712s] INFO:colcon.colcon_core.shell:Creating package script '/rov_ws/src/install/rov_attitude_controller/share/rov_attitude_controller/package.ps1'
[2.713s] INFO:colcon.colcon_core.shell:Creating package descriptor '/rov_ws/src/install/rov_attitude_controller/share/rov_attitude_controller/package.dsv'
[2.713s] INFO:colcon.colcon_core.shell:Creating package script '/rov_ws/src/install/rov_attitude_controller/share/rov_attitude_controller/package.sh'
[2.714s] INFO:colcon.colcon_core.shell:Creating package script '/rov_ws/src/install/rov_attitude_controller/share/rov_attitude_controller/package.bash'
[2.714s] INFO:colcon.colcon_core.shell:Creating package script '/rov_ws/src/install/rov_attitude_controller/share/rov_attitude_controller/package.zsh'
[2.715s] Level 1:colcon.colcon_core.environment:create_file_with_runtime_dependencies(/rov_ws/src/install/rov_attitude_controller/share/colcon-core/packages/rov_attitude_controller)
[2.789s] Level 1:colcon.colcon_core.shell:create_environment_hook('rov_path_generator', 'pythonpath_develop')
[2.789s] INFO:colcon.colcon_core.shell:Creating environment hook '/rov_ws/src/build/rov_path_generator/share/rov_path_generator/hook/pythonpath_develop.ps1'
[2.790s] DEBUG:colcon.colcon_core.event_handler.log_command:Invoked command in '/rov_ws/src/build/rov_path_generator' returned '0': PYTHONPATH=/rov_ws/src/build/rov_path_generator/prefix_override:/usr/lib/python3/dist-packages/colcon_core/task/python/colcon_distutils_commands:/rov_ws/src/install/rov_path_generator/lib/python3.10/site-packages:${PYTHONPATH} /usr/bin/python3 -W ignore:setup.py install is deprecated -W ignore:easy_install command is deprecated setup.py develop --editable --build-directory /rov_ws/src/build/rov_path_generator/build --no-deps symlink_data
[2.790s] INFO:colcon.colcon_core.shell:Creating environment descriptor '/rov_ws/src/build/rov_path_generator/share/rov_path_generator/hook/pythonpath_develop.dsv'
[2.790s] INFO:colcon.colcon_core.shell:Creating environment hook '/rov_ws/src/build/rov_path_generator/share/rov_path_generator/hook/pythonpath_develop.sh'
[2.791s] Level 1:colcon.colcon_core.environment:checking '/rov_ws/src/install/rov_path_generator' for CMake module files
[2.791s] Level 1:colcon.colcon_core.environment:checking '/rov_ws/src/install/rov_path_generator' for CMake config files
[2.792s] Level 1:colcon.colcon_core.environment:checking '/rov_ws/src/install/rov_path_generator/lib'
[2.792s] Level 1:colcon.colcon_core.environment:checking '/rov_ws/src/install/rov_path_generator/bin'
[2.792s] Level 1:colcon.colcon_core.environment:checking '/rov_ws/src/install/rov_path_generator/lib/pkgconfig/rov_path_generator.pc'
[2.792s] Level 1:colcon.colcon_core.environment:checking '/rov_ws/src/install/rov_path_generator/lib/python3.10/site-packages'
[2.792s] Level 1:colcon.colcon_core.shell:create_environment_hook('rov_path_generator', 'pythonpath')
[2.792s] INFO:colcon.colcon_core.shell:Creating environment hook '/rov_ws/src/install/rov_path_generator/share/rov_path_generator/hook/pythonpath.ps1'
[2.793s] INFO:colcon.colcon_core.shell:Creating environment descriptor '/rov_ws/src/install/rov_path_generator/share/rov_path_generator/hook/pythonpath.dsv'
[2.793s] INFO:colcon.colcon_core.shell:Creating environment hook '/rov_ws/src/install/rov_path_generator/share/rov_path_generator/hook/pythonpath.sh'
[2.794s] Level 1:colcon.colcon_core.environment:checking '/rov_ws/src/install/rov_path_generator/bin'
[2.794s] Level 1:colcon.colcon_core.environment:create_environment_scripts_only(rov_path_generator)
[2.794s] INFO:colcon.colcon_core.shell:Creating package script '/rov_ws/src/install/rov_path_generator/share/rov_path_generator/package.ps1'
[2.795s] INFO:colcon.colcon_core.shell:Creating package descriptor '/rov_ws/src/install/rov_path_generator/share/rov_path_generator/package.dsv'
[2.795s] INFO:colcon.colcon_core.shell:Creating package script '/rov_ws/src/install/rov_path_generator/share/rov_path_generator/package.sh'
[2.796s] INFO:colcon.colcon_core.shell:Creating package script '/rov_ws/src/install/rov_path_generator/share/rov_path_generator/package.bash'
[2.796s] INFO:colcon.colcon_core.shell:Creating package script '/rov_ws/src/install/rov_path_generator/share/rov_path_generator/package.zsh'
[2.797s] Level 1:colcon.colcon_core.environment:create_file_with_runtime_dependencies(/rov_ws/src/install/rov_path_generator/share/colcon-core/packages/rov_path_generator)
[2.863s] Level 1:colcon.colcon_core.shell:create_environment_hook('rov_path_follower', 'pythonpath_develop')
[2.864s] INFO:colcon.colcon_core.shell:Creating environment hook '/rov_ws/src/build/rov_path_follower/share/rov_path_follower/hook/pythonpath_develop.ps1'
[2.864s] DEBUG:colcon.colcon_core.event_handler.log_command:Invoked command in '/rov_ws/src/build/rov_path_follower' returned '0': PYTHONPATH=/rov_ws/src/build/rov_path_follower/prefix_override:/usr/lib/python3/dist-packages/colcon_core/task/python/colcon_distutils_commands:/rov_ws/src/install/rov_path_follower/lib/python3.10/site-packages:${PYTHONPATH} /usr/bin/python3 -W ignore:setup.py install is deprecated -W ignore:easy_install command is deprecated setup.py develop --editable --build-directory /rov_ws/src/build/rov_path_follower/build --no-deps symlink_data
[2.865s] INFO:colcon.colcon_core.shell:Creating environment descriptor '/rov_ws/src/build/rov_path_follower/share/rov_path_follower/hook/pythonpath_develop.dsv'
[2.865s] INFO:colcon.colcon_core.shell:Creating environment hook '/rov_ws/src/build/rov_path_follower/share/rov_path_follower/hook/pythonpath_develop.sh'
[2.866s] Level 1:colcon.colcon_core.environment:checking '/rov_ws/src/install/rov_path_follower' for CMake module files
[2.866s] Level 1:colcon.colcon_core.environment:checking '/rov_ws/src/install/rov_path_follower' for CMake config files
[2.866s] Level 1:colcon.colcon_core.environment:checking '/rov_ws/src/install/rov_path_follower/lib'
[2.866s] Level 1:colcon.colcon_core.environment:checking '/rov_ws/src/install/rov_path_follower/bin'
[2.866s] Level 1:colcon.colcon_core.environment:checking '/rov_ws/src/install/rov_path_follower/lib/pkgconfig/rov_path_follower.pc'
[2.867s] Level 1:colcon.colcon_core.environment:checking '/rov_ws/src/install/rov_path_follower/lib/python3.10/site-packages'
[2.867s] Level 1:colcon.colcon_core.shell:create_environment_hook('rov_path_follower', 'pythonpath')
[2.867s] INFO:colcon.colcon_core.shell:Creating environment hook '/rov_ws/src/install/rov_path_follower/share/rov_path_follower/hook/pythonpath.ps1'
[2.867s] INFO:colcon.colcon_core.shell:Creating environment descriptor '/rov_ws/src/install/rov_path_follower/share/rov_path_follower/hook/pythonpath.dsv'
[2.868s] INFO:colcon.colcon_core.shell:Creating environment hook '/rov_ws/src/install/rov_path_follower/share/rov_path_follower/hook/pythonpath.sh'
[2.868s] Level 1:colcon.colcon_core.environment:checking '/rov_ws/src/install/rov_path_follower/bin'
[2.868s] Level 1:colcon.colcon_core.environment:create_environment_scripts_only(rov_path_follower)
[2.868s] INFO:colcon.colcon_core.shell:Creating package script '/rov_ws/src/install/rov_path_follower/share/rov_path_follower/package.ps1'
[2.869s] INFO:colcon.colcon_core.shell:Creating package descriptor '/rov_ws/src/install/rov_path_follower/share/rov_path_follower/package.dsv'
[2.869s] INFO:colcon.colcon_core.shell:Creating package script '/rov_ws/src/install/rov_path_follower/share/rov_path_follower/package.sh'
[2.870s] INFO:colcon.colcon_core.shell:Creating package script '/rov_ws/src/install/rov_path_follower/share/rov_path_follower/package.bash'
[2.870s] INFO:colcon.colcon_core.shell:Creating package script '/rov_ws/src/install/rov_path_follower/share/rov_path_follower/package.zsh'
[2.870s] Level 1:colcon.colcon_core.environment:create_file_with_runtime_dependencies(/rov_ws/src/install/rov_path_follower/share/colcon-core/packages/rov_path_follower)
[2.872s] Level 1:colcon.colcon_core.shell:create_environment_hook('rov_position_controller', 'pythonpath_develop')
[2.873s] INFO:colcon.colcon_core.shell:Creating environment hook '/rov_ws/src/build/rov_position_controller/share/rov_position_controller/hook/pythonpath_develop.ps1'
[2.873s] DEBUG:colcon.colcon_core.event_handler.log_command:Invoked command in '/rov_ws/src/build/rov_position_controller' returned '0': PYTHONPATH=/rov_ws/src/build/rov_position_controller/prefix_override:/usr/lib/python3/dist-packages/colcon_core/task/python/colcon_distutils_commands:/rov_ws/src/install/rov_position_controller/lib/python3.10/site-packages:${PYTHONPATH} /usr/bin/python3 -W ignore:setup.py install is deprecated -W ignore:easy_install command is deprecated setup.py develop --editable --build-directory /rov_ws/src/build/rov_position_controller/build --no-deps symlink_data
[2.874s] INFO:colcon.colcon_core.shell:Creating environment descriptor '/rov_ws/src/build/rov_position_controller/share/rov_position_controller/hook/pythonpath_develop.dsv'
[2.874s] INFO:colcon.colcon_core.shell:Creating environment hook '/rov_ws/src/build/rov_position_controller/share/rov_position_controller/hook/pythonpath_develop.sh'
[2.875s] Level 1:colcon.colcon_core.environment:checking '/rov_ws/src/install/rov_position_controller' for CMake module files
[2.875s] Level 1:colcon.colcon_core.environment:checking '/rov_ws/src/install/rov_position_controller' for CMake config files
[2.876s] Level 1:colcon.colcon_core.environment:checking '/rov_ws/src/install/rov_position_controller/lib'
[2.876s] Level 1:colcon.colcon_core.environment:checking '/rov_ws/src/install/rov_position_controller/bin'
[2.876s] Level 1:colcon.colcon_core.environment:checking '/rov_ws/src/install/rov_position_controller/lib/pkgconfig/rov_position_controller.pc'
[2.876s] Level 1:colcon.colcon_core.environment:checking '/rov_ws/src/install/rov_position_controller/lib/python3.10/site-packages'
[2.876s] Level 1:colcon.colcon_core.shell:create_environment_hook('rov_position_controller', 'pythonpath')
[2.877s] INFO:colcon.colcon_core.shell:Creating environment hook '/rov_ws/src/install/rov_position_controller/share/rov_position_controller/hook/pythonpath.ps1'
[2.877s] INFO:colcon.colcon_core.shell:Creating environment descriptor '/rov_ws/src/install/rov_position_controller/share/rov_position_controller/hook/pythonpath.dsv'
[2.878s] INFO:colcon.colcon_core.shell:Creating environment hook '/rov_ws/src/install/rov_position_controller/share/rov_position_controller/hook/pythonpath.sh'
[2.878s] Level 1:colcon.colcon_core.environment:checking '/rov_ws/src/install/rov_position_controller/bin'
[2.878s] Level 1:colcon.colcon_core.environment:create_environment_scripts_only(rov_position_controller)
[2.879s] INFO:colcon.colcon_core.shell:Creating package script '/rov_ws/src/install/rov_position_controller/share/rov_position_controller/package.ps1'
[2.880s] INFO:colcon.colcon_core.shell:Creating package descriptor '/rov_ws/src/install/rov_position_controller/share/rov_position_controller/package.dsv'
[2.880s] INFO:colcon.colcon_core.shell:Creating package script '/rov_ws/src/install/rov_position_controller/share/rov_position_controller/package.sh'
[2.881s] INFO:colcon.colcon_core.shell:Creating package script '/rov_ws/src/install/rov_position_controller/share/rov_position_controller/package.bash'
[2.882s] INFO:colcon.colcon_core.shell:Creating package script '/rov_ws/src/install/rov_position_controller/share/rov_position_controller/package.zsh'
[2.882s] Level 1:colcon.colcon_core.environment:create_file_with_runtime_dependencies(/rov_ws/src/install/rov_position_controller/share/colcon-core/packages/rov_position_controller)
[10.590s] DEBUG:colcon.colcon_core.event_handler.log_command:Invoked command in '/rov_ws/src/build/rov_mujoco_sim' returned '0': CMAKE_PREFIX_PATH=/opt/ros/humble /usr/bin/cmake --build /rov_ws/src/build/rov_mujoco_sim -- -j12 -l12
[10.591s] DEBUG:colcon.colcon_core.event_handler.log_command:Invoking command in '/rov_ws/src/build/rov_mujoco_sim': CMAKE_PREFIX_PATH=/opt/ros/humble /usr/bin/cmake --install /rov_ws/src/build/rov_mujoco_sim
[10.768s] Level 1:colcon.colcon_core.environment:create_environment_scripts_only(rov_mujoco_sim)
[10.768s] Level 1:colcon.colcon_core.environment:checking '/rov_ws/src/install/rov_mujoco_sim' for CMake module files
[10.769s] DEBUG:colcon.colcon_core.event_handler.log_command:Invoked command in '/rov_ws/src/build/rov_mujoco_sim' returned '0': CMAKE_PREFIX_PATH=/opt/ros/humble /usr/bin/cmake --install /rov_ws/src/build/rov_mujoco_sim
[10.769s] Level 1:colcon.colcon_core.environment:checking '/rov_ws/src/install/rov_mujoco_sim' for CMake config files
[10.770s] Level 1:colcon.colcon_core.shell:create_environment_hook('rov_mujoco_sim', 'cmake_prefix_path')
[10.770s] INFO:colcon.colcon_core.shell:Creating environment hook '/rov_ws/src/install/rov_mujoco_sim/share/rov_mujoco_sim/hook/cmake_prefix_path.ps1'
[10.771s] INFO:colcon.colcon_core.shell:Creating environment descriptor '/rov_ws/src/install/rov_mujoco_sim/share/rov_mujoco_sim/hook/cmake_prefix_path.dsv'
[10.771s] INFO:colcon.colcon_core.shell:Creating environment hook '/rov_ws/src/install/rov_mujoco_sim/share/rov_mujoco_sim/hook/cmake_prefix_path.sh'
[10.772s] Level 1:colcon.colcon_core.environment:checking '/rov_ws/src/install/rov_mujoco_sim/lib'
[10.772s] Level 1:colcon.colcon_core.shell:create_environment_hook('rov_mujoco_sim', 'ld_library_path_lib')
[10.772s] INFO:colcon.colcon_core.shell:Creating environment hook '/rov_ws/src/install/rov_mujoco_sim/share/rov_mujoco_sim/hook/ld_library_path_lib.ps1'
[10.773s] INFO:colcon.colcon_core.shell:Creating environment descriptor '/rov_ws/src/install/rov_mujoco_sim/share/rov_mujoco_sim/hook/ld_library_path_lib.dsv'
[10.773s] INFO:colcon.colcon_core.shell:Creating environment hook '/rov_ws/src/install/rov_mujoco_sim/share/rov_mujoco_sim/hook/ld_library_path_lib.sh'
[10.774s] Level 1:colcon.colcon_core.environment:checking '/rov_ws/src/install/rov_mujoco_sim/bin'
[10.774s] Level 1:colcon.colcon_core.environment:checking '/rov_ws/src/install/rov_mujoco_sim/lib/pkgconfig/rov_mujoco_sim.pc'
[10.774s] Level 1:colcon.colcon_core.environment:checking '/rov_ws/src/install/rov_mujoco_sim/lib/python3.10/site-packages'
[10.774s] Level 1:colcon.colcon_core.environment:checking '/rov_ws/src/install/rov_mujoco_sim/bin'
[10.775s] INFO:colcon.colcon_core.shell:Creating package script '/rov_ws/src/install/rov_mujoco_sim/share/rov_mujoco_sim/package.ps1'
[10.775s] INFO:colcon.colcon_core.shell:Creating package descriptor '/rov_ws/src/install/rov_mujoco_sim/share/rov_mujoco_sim/package.dsv'
[10.776s] INFO:colcon.colcon_core.shell:Creating package script '/rov_ws/src/install/rov_mujoco_sim/share/rov_mujoco_sim/package.sh'
[10.777s] INFO:colcon.colcon_core.shell:Creating package script '/rov_ws/src/install/rov_mujoco_sim/share/rov_mujoco_sim/package.bash'
[10.777s] INFO:colcon.colcon_core.shell:Creating package script '/rov_ws/src/install/rov_mujoco_sim/share/rov_mujoco_sim/package.zsh'
[10.778s] Level 1:colcon.colcon_core.environment:create_file_with_runtime_dependencies(/rov_ws/src/install/rov_mujoco_sim/share/colcon-core/packages/rov_mujoco_sim)
[10.778s] Level 1:colcon.colcon_core.environment:create_environment_scripts_only(rov_mujoco_sim)
[10.779s] Level 1:colcon.colcon_core.environment:checking '/rov_ws/src/install/rov_mujoco_sim' for CMake module files
[10.779s] Level 1:colcon.colcon_core.environment:checking '/rov_ws/src/install/rov_mujoco_sim' for CMake config files
[10.780s] Level 1:colcon.colcon_core.shell:create_environment_hook('rov_mujoco_sim', 'cmake_prefix_path')
[10.780s] INFO:colcon.colcon_core.shell:Creating environment hook '/rov_ws/src/install/rov_mujoco_sim/share/rov_mujoco_sim/hook/cmake_prefix_path.ps1'
[10.781s] INFO:colcon.colcon_core.shell:Creating environment descriptor '/rov_ws/src/install/rov_mujoco_sim/share/rov_mujoco_sim/hook/cmake_prefix_path.dsv'
[10.781s] INFO:colcon.colcon_core.shell:Creating environment hook '/rov_ws/src/install/rov_mujoco_sim/share/rov_mujoco_sim/hook/cmake_prefix_path.sh'
[10.782s] Level 1:colcon.colcon_core.environment:checking '/rov_ws/src/install/rov_mujoco_sim/lib'
[10.782s] Level 1:colcon.colcon_core.shell:create_environment_hook('rov_mujoco_sim', 'ld_library_path_lib')
[10.783s] INFO:colcon.colcon_core.shell:Creating environment hook '/rov_ws/src/install/rov_mujoco_sim/share/rov_mujoco_sim/hook/ld_library_path_lib.ps1'
[10.783s] INFO:colcon.colcon_core.shell:Creating environment descriptor '/rov_ws/src/install/rov_mujoco_sim/share/rov_mujoco_sim/hook/ld_library_path_lib.dsv'
[10.784s] INFO:colcon.colcon_core.shell:Creating environment hook '/rov_ws/src/install/rov_mujoco_sim/share/rov_mujoco_sim/hook/ld_library_path_lib.sh'
[10.785s] Level 1:colcon.colcon_core.environment:checking '/rov_ws/src/install/rov_mujoco_sim/bin'
[10.785s] Level 1:colcon.colcon_core.environment:checking '/rov_ws/src/install/rov_mujoco_sim/lib/pkgconfig/rov_mujoco_sim.pc'
[10.785s] Level 1:colcon.colcon_core.environment:checking '/rov_ws/src/install/rov_mujoco_sim/lib/python3.10/site-packages'
[10.785s] Level 1:colcon.colcon_core.environment:checking '/rov_ws/src/install/rov_mujoco_sim/bin'
[10.786s] INFO:colcon.colcon_core.shell:Creating package script '/rov_ws/src/install/rov_mujoco_sim/share/rov_mujoco_sim/package.ps1'
[10.786s] INFO:colcon.colcon_core.shell:Creating package descriptor '/rov_ws/src/install/rov_mujoco_sim/share/rov_mujoco_sim/package.dsv'
[10.787s] INFO:colcon.colcon_core.shell:Creating package script '/rov_ws/src/install/rov_mujoco_sim/share/rov_mujoco_sim/package.sh'
[10.787s] INFO:colcon.colcon_core.shell:Creating package script '/rov_ws/src/install/rov_mujoco_sim/share/rov_mujoco_sim/package.bash'
[10.788s] INFO:colcon.colcon_core.shell:Creating package script '/rov_ws/src/install/rov_mujoco_sim/share/rov_mujoco_sim/package.zsh'
[10.788s] Level 1:colcon.colcon_core.environment:create_file_with_runtime_dependencies(/rov_ws/src/install/rov_mujoco_sim/share/colcon-core/packages/rov_mujoco_sim)
[17.282s] DEBUG:colcon.colcon_core.event_handler.log_command:Invoked command in '/rov_ws/src/build/rov_controllers' returned '0': CMAKE_PREFIX_PATH=/opt/ros/humble /usr/bin/cmake --build /rov_ws/src/build/rov_controllers -- -j12 -l12
[17.283s] DEBUG:colcon.colcon_core.event_handler.log_command:Invoking command in '/rov_ws/src/build/rov_controllers': CMAKE_PREFIX_PATH=/opt/ros/humble /usr/bin/cmake --install /rov_ws/src/build/rov_controllers
[17.416s] Level 1:colcon.colcon_core.environment:create_environment_scripts_only(rov_controllers)
[17.417s] Level 1:colcon.colcon_core.environment:checking '/rov_ws/src/install/rov_controllers' for CMake module files
[17.417s] DEBUG:colcon.colcon_core.event_handler.log_command:Invoked command in '/rov_ws/src/build/rov_controllers' returned '0': CMAKE_PREFIX_PATH=/opt/ros/humble /usr/bin/cmake --install /rov_ws/src/build/rov_controllers
[17.417s] Level 1:colcon.colcon_core.environment:checking '/rov_ws/src/install/rov_controllers' for CMake config files
[17.418s] Level 1:colcon.colcon_core.shell:create_environment_hook('rov_controllers', 'cmake_prefix_path')
[17.418s] INFO:colcon.colcon_core.shell:Creating environment hook '/rov_ws/src/install/rov_controllers/share/rov_controllers/hook/cmake_prefix_path.ps1'
[17.418s] INFO:colcon.colcon_core.shell:Creating environment descriptor '/rov_ws/src/install/rov_controllers/share/rov_controllers/hook/cmake_prefix_path.dsv'
[17.418s] INFO:colcon.colcon_core.shell:Creating environment hook '/rov_ws/src/install/rov_controllers/share/rov_controllers/hook/cmake_prefix_path.sh'
[17.419s] Level 1:colcon.colcon_core.environment:checking '/rov_ws/src/install/rov_controllers/lib'
[17.419s] Level 1:colcon.colcon_core.shell:create_environment_hook('rov_controllers', 'ld_library_path_lib')
[17.419s] INFO:colcon.colcon_core.shell:Creating environment hook '/rov_ws/src/install/rov_controllers/share/rov_controllers/hook/ld_library_path_lib.ps1'
[17.419s] INFO:colcon.colcon_core.shell:Creating environment descriptor '/rov_ws/src/install/rov_controllers/share/rov_controllers/hook/ld_library_path_lib.dsv'
[17.420s] INFO:colcon.colcon_core.shell:Creating environment hook '/rov_ws/src/install/rov_controllers/share/rov_controllers/hook/ld_library_path_lib.sh'
[17.420s] Level 1:colcon.colcon_core.environment:checking '/rov_ws/src/install/rov_controllers/bin'
[17.420s] Level 1:colcon.colcon_core.environment:checking '/rov_ws/src/install/rov_controllers/lib/pkgconfig/rov_controllers.pc'
[17.420s] Level 1:colcon.colcon_core.environment:checking '/rov_ws/src/install/rov_controllers/lib/python3.10/site-packages'
[17.420s] Level 1:colcon.colcon_core.environment:checking '/rov_ws/src/install/rov_controllers/bin'
[17.420s] INFO:colcon.colcon_core.shell:Creating package script '/rov_ws/src/install/rov_controllers/share/rov_controllers/package.ps1'
[17.421s] INFO:colcon.colcon_core.shell:Creating package descriptor '/rov_ws/src/install/rov_controllers/share/rov_controllers/package.dsv'
[17.421s] INFO:colcon.colcon_core.shell:Creating package script '/rov_ws/src/install/rov_controllers/share/rov_controllers/package.sh'
[17.421s] INFO:colcon.colcon_core.shell:Creating package script '/rov_ws/src/install/rov_controllers/share/rov_controllers/package.bash'
[17.422s] INFO:colcon.colcon_core.shell:Creating package script '/rov_ws/src/install/rov_controllers/share/rov_controllers/package.zsh'
[17.422s] Level 1:colcon.colcon_core.environment:create_file_with_runtime_dependencies(/rov_ws/src/install/rov_controllers/share/colcon-core/packages/rov_controllers)
[17.422s] Level 1:colcon.colcon_core.environment:create_environment_scripts_only(rov_controllers)
[17.423s] Level 1:colcon.colcon_core.environment:checking '/rov_ws/src/install/rov_controllers' for CMake module files
[17.423s] Level 1:colcon.colcon_core.environment:checking '/rov_ws/src/install/rov_controllers' for CMake config files
[17.423s] Level 1:colcon.colcon_core.shell:create_environment_hook('rov_controllers', 'cmake_prefix_path')
[17.423s] INFO:colcon.colcon_core.shell:Creating environment hook '/rov_ws/src/install/rov_controllers/share/rov_controllers/hook/cmake_prefix_path.ps1'
[17.423s] INFO:colcon.colcon_core.shell:Creating environment descriptor '/rov_ws/src/install/rov_controllers/share/rov_controllers/hook/cmake_prefix_path.dsv'
[17.424s] INFO:colcon.colcon_core.shell:Creating environment hook '/rov_ws/src/install/rov_controllers/share/rov_controllers/hook/cmake_prefix_path.sh'
[17.424s] Level 1:colcon.colcon_core.environment:checking '/rov_ws/src/install/rov_controllers/lib'
[17.424s] Level 1:colcon.colcon_core.shell:create_environment_hook('rov_controllers', 'ld_library_path_lib')
[17.424s] INFO:colcon.colcon_core.shell:Creating environment hook '/rov_ws/src/install/rov_controllers/share/rov_controllers/hook/ld_library_path_lib.ps1'
[17.425s] INFO:colcon.colcon_core.shell:Creating environment descriptor '/rov_ws/src/install/rov_controllers/share/rov_controllers/hook/ld_library_path_lib.dsv'
[17.425s] INFO:colcon.colcon_core.shell:Creating environment hook '/rov_ws/src/install/rov_controllers/share/rov_controllers/hook/ld_library_path_lib.sh'
[17.425s] Level 1:colcon.colcon_core.environment:checking '/rov_ws/src/install/rov_controllers/bin'
[17.425s] Level 1:colcon.colcon_core.environment:checking '/rov_ws/src/install/rov_controllers/lib/pkgconfig/rov_controllers.pc'
[17.425s] Level 1:colcon.colcon_core.environment:checking '/rov_ws/src/install/rov_controllers/lib/python3.10/site-packages'
[17.425s] Level 1:colcon.colcon_core.environment:checking '/rov_ws/src/install/rov_controllers/bin'
[17.426s] INFO:colcon.colcon_core.shell:Creating package script '/rov_ws/src/install/rov_controllers/share/rov_controllers/package.ps1'
[17.426s] INFO:colcon.colcon_core.shell:Creating package descriptor '/rov_ws/src/install/rov_controllers/share/rov_controllers/package.dsv'
[17.426s] INFO:colcon.colcon_core.shell:Creating package script '/rov_ws/src/install/rov_controllers/share/rov_controllers/package.sh'
[17.427s] INFO:colcon.colcon_core.shell:Creating package script '/rov_ws/src/install/rov_controllers/share/rov_controllers/package.bash'
[17.427s] INFO:colcon.colcon_core.shell:Creating package script '/rov_ws/src/install/rov_controllers/share/rov_controllers/package.zsh'
[17.427s] Level 1:colcon.colcon_core.environment:create_file_with_runtime_dependencies(/rov_ws/src/install/rov_controllers/share/colcon-core/packages/rov_controllers)
[17.427s] DEBUG:colcon.colcon_parallel_executor.executor.parallel:closing loop
[17.428s] DEBUG:colcon.colcon_parallel_executor.executor.parallel:loop closed
[17.428s] DEBUG:colcon.colcon_parallel_executor.executor.parallel:run_until_complete finished with '0'
[17.428s] DEBUG:colcon.colcon_core.event_reactor:joining thread
[17.441s] INFO:colcon.colcon_core.plugin_system:Skipping extension 'colcon_notification.desktop_notification.notify_send': Could not find 'notify-send'
[17.441s] INFO:colcon.colcon_core.plugin_system:Skipping extension 'colcon_notification.desktop_notification.terminal_notifier': Not used on non-Darwin systems
[17.441s] INFO:colcon.colcon_core.plugin_system:Skipping extension 'colcon_notification.desktop_notification.win32': Not used on non-Windows systems
[17.442s] INFO:colcon.colcon_notification.desktop_notification:Sending desktop notification using 'notify2'
[17.446s] DEBUG:colcon.colcon_notification.desktop_notification.notify2:Failed to initialize notify2: org.freedesktop.DBus.Error.Spawn.ExecFailed: /usr/bin/dbus-launch terminated abnormally without any error message
[17.446s] DEBUG:colcon.colcon_core.event_reactor:joined thread
[17.446s] INFO:colcon.colcon_core.shell:Creating prefix script '/rov_ws/src/install/local_setup.ps1'
[17.447s] INFO:colcon.colcon_core.shell:Creating prefix util module '/rov_ws/src/install/_local_setup_util_ps1.py'
[17.448s] INFO:colcon.colcon_core.shell:Creating prefix chain script '/rov_ws/src/install/setup.ps1'
[17.449s] INFO:colcon.colcon_core.shell:Creating prefix script '/rov_ws/src/install/local_setup.sh'
[17.450s] INFO:colcon.colcon_core.shell:Creating prefix util module '/rov_ws/src/install/_local_setup_util_sh.py'
[17.450s] INFO:colcon.colcon_core.shell:Creating prefix chain script '/rov_ws/src/install/setup.sh'
[17.451s] INFO:colcon.colcon_core.shell:Creating prefix script '/rov_ws/src/install/local_setup.bash'
[17.452s] INFO:colcon.colcon_core.shell:Creating prefix chain script '/rov_ws/src/install/setup.bash'
[17.452s] INFO:colcon.colcon_core.shell:Creating prefix script '/rov_ws/src/install/local_setup.zsh'
[17.453s] INFO:colcon.colcon_core.shell:Creating prefix chain script '/rov_ws/src/install/setup.zsh'
