[2.101s] Invoking command in '/home/eia/repo/rbi_2025_2/rov/rov_ws/build/rov_real_bringup': CMAKE_PREFIX_PATH=/opt/ros/humble /usr/bin/cmake --build /home/eia/repo/rbi_2025_2/rov/rov_ws/build/rov_real_bringup -- -j12 -l12
[2.120s] -- Found ament_cmake: 1.3.12 (/opt/ros/humble/share/ament_cmake/cmake)
[2.251s] -- Override CMake install command with custom implementation using symlinks instead of copying resources
[2.263s] -- Found rclcpp: 16.0.14 (/opt/ros/humble/share/rclcpp/cmake)
[2.312s] -- Found rosidl_generator_c: 3.1.7 (/opt/ros/humble/share/rosidl_generator_c/cmake)
[2.316s] -- Found rosidl_adapter: 3.1.7 (/opt/ros/humble/share/rosidl_adapter/cmake)
[2.326s] -- Found rosidl_generator_cpp: 3.1.7 (/opt/ros/humble/share/rosidl_generator_cpp/cmake)
[2.340s] -- Using all available rosidl_typesupport_c: rosidl_typesupport_fastrtps_c;rosidl_typesupport_introspection_c
[2.352s] -- Using all available rosidl_typesupport_cpp: rosidl_typesupport_fastrtps_cpp;rosidl_typesupport_introspection_cpp
[2.386s] -- Found rmw_implementation_cmake: 6.1.2 (/opt/ros/humble/share/rmw_implementation_cmake/cmake)
[2.387s] -- Found rmw_fastrtps_cpp: 6.2.8 (/opt/ros/humble/share/rmw_fastrtps_cpp/cmake)
[2.581s] -- Using RMW implementation 'rmw_fastrtps_cpp' as default
[2.820s] -- Configuring done
[2.824s] -- Generating done
[2.826s] -- Build files have been written to: /home/eia/repo/rbi_2025_2/rov/rov_ws/build/rov_real_bringup
[2.849s] Invoked command in '/home/eia/repo/rbi_2025_2/rov/rov_ws/build/rov_real_bringup' returned '0': CMAKE_PREFIX_PATH=/opt/ros/humble /usr/bin/cmake --build /home/eia/repo/rbi_2025_2/rov/rov_ws/build/rov_real_bringup -- -j12 -l12
[2.850s] Invoking command in '/home/eia/repo/rbi_2025_2/rov/rov_ws/build/rov_real_bringup': CMAKE_PREFIX_PATH=/opt/ros/humble /usr/bin/cmake --install /home/eia/repo/rbi_2025_2/rov/rov_ws/build/rov_real_bringup
[2.858s] -- Install configuration: ""
[2.858s] -- Execute custom install script
[2.859s] -- Up-to-date symlink: /home/eia/repo/rbi_2025_2/rov/rov_ws/install/rov_real_bringup/share/rov_real_bringup//config/rov_controllers.yaml
[2.859s] -- Up-to-date symlink: /home/eia/repo/rbi_2025_2/rov/rov_ws/install/rov_real_bringup/share/rov_real_bringup//config/rviz_config.rviz
[2.859s] -- Up-to-date symlink: /home/eia/repo/rbi_2025_2/rov/rov_ws/install/rov_real_bringup/share/rov_real_bringup//launch/rov_bringup_launch.launch.xml
[2.860s] -- Up-to-date symlink: /home/eia/repo/rbi_2025_2/rov/rov_ws/install/rov_real_bringup/share/ament_index/resource_index/package_run_dependencies/rov_real_bringup
[2.860s] -- Up-to-date symlink: /home/eia/repo/rbi_2025_2/rov/rov_ws/install/rov_real_bringup/share/ament_index/resource_index/parent_prefix_path/rov_real_bringup
[2.860s] -- Up-to-date symlink: /home/eia/repo/rbi_2025_2/rov/rov_ws/install/rov_real_bringup/share/rov_real_bringup/environment/ament_prefix_path.sh
[2.861s] -- Up-to-date symlink: /home/eia/repo/rbi_2025_2/rov/rov_ws/install/rov_real_bringup/share/rov_real_bringup/environment/ament_prefix_path.dsv
[2.861s] -- Up-to-date symlink: /home/eia/repo/rbi_2025_2/rov/rov_ws/install/rov_real_bringup/share/rov_real_bringup/environment/path.sh
[2.861s] -- Up-to-date symlink: /home/eia/repo/rbi_2025_2/rov/rov_ws/install/rov_real_bringup/share/rov_real_bringup/environment/path.dsv
[2.861s] -- Up-to-date symlink: /home/eia/repo/rbi_2025_2/rov/rov_ws/install/rov_real_bringup/share/rov_real_bringup/local_setup.bash
[2.862s] -- Up-to-date symlink: /home/eia/repo/rbi_2025_2/rov/rov_ws/install/rov_real_bringup/share/rov_real_bringup/local_setup.sh
[2.862s] -- Up-to-date symlink: /home/eia/repo/rbi_2025_2/rov/rov_ws/install/rov_real_bringup/share/rov_real_bringup/local_setup.zsh
[2.862s] -- Up-to-date symlink: /home/eia/repo/rbi_2025_2/rov/rov_ws/install/rov_real_bringup/share/rov_real_bringup/local_setup.dsv
[2.862s] -- Symlinking: /home/eia/repo/rbi_2025_2/rov/rov_ws/install/rov_real_bringup/share/rov_real_bringup/package.dsv
[2.873s] -- Up-to-date symlink: /home/eia/repo/rbi_2025_2/rov/rov_ws/install/rov_real_bringup/share/ament_index/resource_index/packages/rov_real_bringup
[2.873s] -- Up-to-date symlink: /home/eia/repo/rbi_2025_2/rov/rov_ws/install/rov_real_bringup/share/rov_real_bringup/cmake/rov_real_bringupConfig.cmake
[2.873s] -- Up-to-date symlink: /home/eia/repo/rbi_2025_2/rov/rov_ws/install/rov_real_bringup/share/rov_real_bringup/cmake/rov_real_bringupConfig-version.cmake
[2.874s] -- Up-to-date symlink: /home/eia/repo/rbi_2025_2/rov/rov_ws/install/rov_real_bringup/share/rov_real_bringup/package.xml
[2.877s] Invoked command in '/home/eia/repo/rbi_2025_2/rov/rov_ws/build/rov_real_bringup' returned '0': CMAKE_PREFIX_PATH=/opt/ros/humble /usr/bin/cmake --install /home/eia/repo/rbi_2025_2/rov/rov_ws/build/rov_real_bringup
