[0.092s] Invoking command in '/abb_ws/build/abb_controllers': CMAKE_PREFIX_PATH=${CMAKE_PREFIX_PATH}:/abb_ws/install/abb_tf_generator:/abb_ws/install/abb_path_generator:/abb_ws/install/abb_path_controller:/abb_ws/install/abb_mujoco_python:/abb_ws/install/abb_ik_solver:/opt/ros/humble /usr/bin/cmake --build /abb_ws/build/abb_controllers -- -j12 -l12
[1.689s] [35m[1mConsolidate compiler generated dependencies of target abb_controllers[0m
[1.689s] [100%] Built target abb_controllers
[1.716s] Invoked command in '/abb_ws/build/abb_controllers' returned '0': CMAKE_PREFIX_PATH=${CMAKE_PREFIX_PATH}:/abb_ws/install/abb_tf_generator:/abb_ws/install/abb_path_generator:/abb_ws/install/abb_path_controller:/abb_ws/install/abb_mujoco_python:/abb_ws/install/abb_ik_solver:/opt/ros/humble /usr/bin/cmake --build /abb_ws/build/abb_controllers -- -j12 -l12
[1.718s] Invoking command in '/abb_ws/build/abb_controllers': CMAKE_PREFIX_PATH=${CMAKE_PREFIX_PATH}:/abb_ws/install/abb_tf_generator:/abb_ws/install/abb_path_generator:/abb_ws/install/abb_path_controller:/abb_ws/install/abb_mujoco_python:/abb_ws/install/abb_ik_solver:/opt/ros/humble /usr/bin/cmake --install /abb_ws/build/abb_controllers
[1.772s] -- Install configuration: ""
[1.776s] -- Up-to-date: /abb_ws/install/abb_controllers/share/abb_controllers/abb_controller.xml
[1.778s] -- Up-to-date: /abb_ws/install/abb_controllers/lib/libabb_controllers.so
[1.778s] -- Up-to-date: /abb_ws/install/abb_controllers/include/include
[1.791s] -- Up-to-date: /abb_ws/install/abb_controllers/include/include/abb_controllers
[1.791s] -- Up-to-date: /abb_ws/install/abb_controllers/include/include/abb_controllers/abb_forward_controller.hpp
[1.791s] -- Up-to-date: /abb_ws/install/abb_controllers/share/abb_controllers/environment/library_path.sh
[1.792s] -- Up-to-date: /abb_ws/install/abb_controllers/share/abb_controllers/environment/library_path.dsv
[1.792s] -- Up-to-date: /abb_ws/install/abb_controllers/share/ament_index/resource_index/package_run_dependencies/abb_controllers
[1.792s] -- Up-to-date: /abb_ws/install/abb_controllers/share/ament_index/resource_index/parent_prefix_path/abb_controllers
[1.793s] -- Up-to-date: /abb_ws/install/abb_controllers/share/abb_controllers/environment/ament_prefix_path.sh
[1.793s] -- Up-to-date: /abb_ws/install/abb_controllers/share/abb_controllers/environment/ament_prefix_path.dsv
[1.793s] -- Up-to-date: /abb_ws/install/abb_controllers/share/abb_controllers/environment/path.sh
[1.793s] -- Up-to-date: /abb_ws/install/abb_controllers/share/abb_controllers/environment/path.dsv
[1.794s] -- Up-to-date: /abb_ws/install/abb_controllers/share/abb_controllers/local_setup.bash
[1.794s] -- Up-to-date: /abb_ws/install/abb_controllers/share/abb_controllers/local_setup.sh
[1.794s] -- Up-to-date: /abb_ws/install/abb_controllers/share/abb_controllers/local_setup.zsh
[1.795s] -- Up-to-date: /abb_ws/install/abb_controllers/share/abb_controllers/local_setup.dsv
[1.795s] -- Installing: /abb_ws/install/abb_controllers/share/abb_controllers/package.dsv
[1.795s] -- Up-to-date: /abb_ws/install/abb_controllers/share/ament_index/resource_index/packages/abb_controllers
[1.795s] -- Up-to-date: /abb_ws/install/abb_controllers/share/ament_index/resource_index/controller_interface__pluginlib__plugin/abb_controllers
[1.795s] -- Up-to-date: /abb_ws/install/abb_controllers/share/abb_controllers/cmake/ament_cmake_export_libraries-extras.cmake
[1.796s] -- Up-to-date: /abb_ws/install/abb_controllers/share/abb_controllers/cmake/ament_cmake_export_dependencies-extras.cmake
[1.797s] -- Up-to-date: /abb_ws/install/abb_controllers/share/abb_controllers/cmake/abb_controllersConfig.cmake
[1.798s] -- Up-to-date: /abb_ws/install/abb_controllers/share/abb_controllers/cmake/abb_controllersConfig-version.cmake
[1.798s] -- Up-to-date: /abb_ws/install/abb_controllers/share/abb_controllers/package.xml
[1.875s] Invoked command in '/abb_ws/build/abb_controllers' returned '0': CMAKE_PREFIX_PATH=${CMAKE_PREFIX_PATH}:/abb_ws/install/abb_tf_generator:/abb_ws/install/abb_path_generator:/abb_ws/install/abb_path_controller:/abb_ws/install/abb_mujoco_python:/abb_ws/install/abb_ik_solver:/opt/ros/humble /usr/bin/cmake --install /abb_ws/build/abb_controllers
