[2.769s] Invoking command in '/home/eia/repo/rbi_2025_2/scara/scara_ws/build/scara_path_generator': PYTHONPATH=/home/eia/repo/rbi_2025_2/scara/scara_ws/build/scara_path_generator/prefix_override:/home/eia/.local/lib/python3.10/site-packages/colcon_core/task/python/colcon_distutils_commands:/home/eia/repo/rbi_2025_2/scara/scara_ws/install/scara_path_generator/lib/python3.10/site-packages:${PYTHONPATH} /usr/bin/python3 -W ignore:setup.py install is deprecated -W ignore:easy_install command is deprecated setup.py develop --editable --build-directory /home/eia/repo/rbi_2025_2/scara/scara_ws/build/scara_path_generator/build --no-deps symlink_data
[3.303s] running develop
[3.699s] running egg_info
[3.699s] creating scara_path_generator.egg-info
[3.699s] writing scara_path_generator.egg-info/PKG-INFO
[3.699s] writing dependency_links to scara_path_generator.egg-info/dependency_links.txt
[3.699s] writing entry points to scara_path_generator.egg-info/entry_points.txt
[3.699s] writing requirements to scara_path_generator.egg-info/requires.txt
[3.699s] writing top-level names to scara_path_generator.egg-info/top_level.txt
[3.699s] writing manifest file 'scara_path_generator.egg-info/SOURCES.txt'
[3.701s] reading manifest file 'scara_path_generator.egg-info/SOURCES.txt'
[3.702s] writing manifest file 'scara_path_generator.egg-info/SOURCES.txt'
[3.745s] running build_ext
[3.746s] Creating /home/eia/repo/rbi_2025_2/scara/scara_ws/install/scara_path_generator/lib/python3.10/site-packages/scara-path-generator.egg-link (link to .)
[3.746s] Installing scara_path_generator script to /home/eia/repo/rbi_2025_2/scara/scara_ws/install/scara_path_generator/lib/scara_path_generator
[3.746s] 
[3.747s] Installed /home/eia/repo/rbi_2025_2/scara/scara_ws/build/scara_path_generator
[3.747s] running symlink_data
[3.747s] creating /home/eia/repo/rbi_2025_2/scara/scara_ws/install/scara_path_generator/share/ament_index
[3.747s] creating /home/eia/repo/rbi_2025_2/scara/scara_ws/install/scara_path_generator/share/ament_index/resource_index
[3.747s] creating /home/eia/repo/rbi_2025_2/scara/scara_ws/install/scara_path_generator/share/ament_index/resource_index/packages
[3.747s] symbolically linking /home/eia/repo/rbi_2025_2/scara/scara_ws/build/scara_path_generator/resource/scara_path_generator -> /home/eia/repo/rbi_2025_2/scara/scara_ws/install/scara_path_generator/share/ament_index/resource_index/packages
[3.747s] symbolically linking /home/eia/repo/rbi_2025_2/scara/scara_ws/build/scara_path_generator/package.xml -> /home/eia/repo/rbi_2025_2/scara/scara_ws/install/scara_path_generator/share/scara_path_generator
[3.748s] creating /home/eia/repo/rbi_2025_2/scara/scara_ws/install/scara_path_generator/share/scara_path_generator/launch
[3.748s] creating /home/eia/repo/rbi_2025_2/scara/scara_ws/install/scara_path_generator/share/scara_path_generator/descriptions
[3.748s] creating /home/eia/repo/rbi_2025_2/scara/scara_ws/install/scara_path_generator/share/scara_path_generator/config
[3.801s] Invoked command in '/home/eia/repo/rbi_2025_2/scara/scara_ws/build/scara_path_generator' returned '0': PYTHONPATH=/home/eia/repo/rbi_2025_2/scara/scara_ws/build/scara_path_generator/prefix_override:/home/eia/.local/lib/python3.10/site-packages/colcon_core/task/python/colcon_distutils_commands:/home/eia/repo/rbi_2025_2/scara/scara_ws/install/scara_path_generator/lib/python3.10/site-packages:${PYTHONPATH} /usr/bin/python3 -W ignore:setup.py install is deprecated -W ignore:easy_install command is deprecated setup.py develop --editable --build-directory /home/eia/repo/rbi_2025_2/scara/scara_ws/build/scara_path_generator/build --no-deps symlink_data
