[0.299s] Invoking command in '/abb_ws/build/abb_mujoco_description': CMAKE_PREFIX_PATH=${CMAKE_PREFIX_PATH}:/abb_ws/install/abb_path_controller:/abb_ws/install/abb_mujoco_python:/abb_ws/install/abb_ik_solver:/opt/ros/humble /usr/bin/cmake --build /abb_ws/build/abb_mujoco_description -- -j12 -l12
[0.807s] Invoked command in '/abb_ws/build/abb_mujoco_description' returned '0': CMAKE_PREFIX_PATH=${CMAKE_PREFIX_PATH}:/abb_ws/install/abb_path_controller:/abb_ws/install/abb_mujoco_python:/abb_ws/install/abb_ik_solver:/opt/ros/humble /usr/bin/cmake --build /abb_ws/build/abb_mujoco_description -- -j12 -l12
[0.808s] Invoking command in '/abb_ws/build/abb_mujoco_description': CMAKE_PREFIX_PATH=${CMAKE_PREFIX_PATH}:/abb_ws/install/abb_path_controller:/abb_ws/install/abb_mujoco_python:/abb_ws/install/abb_ik_solver:/opt/ros/humble /usr/bin/cmake --install /abb_ws/build/abb_mujoco_description
[0.838s] -- Install configuration: ""
[0.838s] -- Execute custom install script
[0.839s] -- Up-to-date symlink: /abb_ws/install/abb_mujoco_description/share/abb_mujoco_description//urdf/MUJOCO_LOG.TXT
[0.839s] -- Up-to-date symlink: /abb_ws/install/abb_mujoco_description/share/abb_mujoco_description//urdf/abb_description.urdf.xacro
[0.839s] -- Up-to-date symlink: /abb_ws/install/abb_mujoco_description/share/abb_mujoco_description//launch/display.launch.xml
[0.839s] -- Up-to-date symlink: /abb_ws/install/abb_mujoco_description/share/ament_index/resource_index/package_run_dependencies/abb_mujoco_description
[0.839s] -- Up-to-date symlink: /abb_ws/install/abb_mujoco_description/share/ament_index/resource_index/parent_prefix_path/abb_mujoco_description
[0.840s] -- Up-to-date symlink: /abb_ws/install/abb_mujoco_description/share/abb_mujoco_description/environment/ament_prefix_path.sh
[0.840s] -- Up-to-date symlink: /abb_ws/install/abb_mujoco_description/share/abb_mujoco_description/environment/ament_prefix_path.dsv
[0.840s] -- Up-to-date symlink: /abb_ws/install/abb_mujoco_description/share/abb_mujoco_description/environment/path.sh
[0.841s] -- Up-to-date symlink: /abb_ws/install/abb_mujoco_description/share/abb_mujoco_description/environment/path.dsv
[0.841s] -- Up-to-date symlink: /abb_ws/install/abb_mujoco_description/share/abb_mujoco_description/local_setup.bash
[0.841s] -- Up-to-date symlink: /abb_ws/install/abb_mujoco_description/share/abb_mujoco_description/local_setup.sh
[0.841s] -- Up-to-date symlink: /abb_ws/install/abb_mujoco_description/share/abb_mujoco_description/local_setup.zsh
[0.842s] -- Up-to-date symlink: /abb_ws/install/abb_mujoco_description/share/abb_mujoco_description/local_setup.dsv
[0.842s] -- Symlinking: /abb_ws/install/abb_mujoco_description/share/abb_mujoco_description/package.dsv
[0.854s] -- Up-to-date symlink: /abb_ws/install/abb_mujoco_description/share/ament_index/resource_index/packages/abb_mujoco_description
[0.855s] -- Up-to-date symlink: /abb_ws/install/abb_mujoco_description/share/abb_mujoco_description/cmake/abb_mujoco_descriptionConfig.cmake
[0.856s] -- Up-to-date symlink: /abb_ws/install/abb_mujoco_description/share/abb_mujoco_description/cmake/abb_mujoco_descriptionConfig-version.cmake
[0.856s] -- Up-to-date symlink: /abb_ws/install/abb_mujoco_description/share/abb_mujoco_description/package.xml
[0.889s] Invoked command in '/abb_ws/build/abb_mujoco_description' returned '0': CMAKE_PREFIX_PATH=${CMAKE_PREFIX_PATH}:/abb_ws/install/abb_path_controller:/abb_ws/install/abb_mujoco_python:/abb_ws/install/abb_ik_solver:/opt/ros/humble /usr/bin/cmake --install /abb_ws/build/abb_mujoco_description
