[0.950s] Invoking command in '/home/eia/rbi_2025/rov/rov_ws/build/rov_controllers': CMAKE_PREFIX_PATH=${CMAKE_PREFIX_PATH}:/home/eia/repo/rbi_2025_2/rov/rov_ws/install/rov_position_controller:/home/eia/repo/rbi_2025_2/rov/rov_ws/install/rov_path_generator:/home/eia/repo/rbi_2025_2/rov/rov_ws/install/rov_path_follower:/home/eia/repo/rbi_2025_2/rov/rov_ws/install/rov_attitude_controller:/home/eia/repo/rbi_2025_2/rov/rov_ws/install/direct_control:/opt/ros/humble /usr/bin/cmake /home/eia/rbi_2025/rov/rov_ws/src/rov_controllers -DAMENT_CMAKE_SYMLINK_INSTALL=1 -DCMAKE_INSTALL_PREFIX=/home/eia/rbi_2025/rov/rov_ws/install/rov_controllers
[2.619s] -- The C compiler identification is GNU 11.4.0
[2.620s] -- The CXX compiler identification is GNU 11.4.0
[2.620s] -- Detecting C compiler ABI info
[2.620s] -- Detecting C compiler ABI info - done
[2.620s] -- Check for working C compiler: /usr/bin/cc - skipped
[2.620s] -- Detecting C compile features
[2.620s] -- Detecting C compile features - done
[2.621s] -- Detecting CXX compiler ABI info
[2.621s] -- Detecting CXX compiler ABI info - done
[2.621s] -- Check for working CXX compiler: /usr/bin/c++ - skipped
[2.621s] -- Detecting CXX compile features
[2.621s] -- Detecting CXX compile features - done
[2.621s] -- Found ament_cmake: 1.3.12 (/opt/ros/humble/share/ament_cmake/cmake)
[2.622s] -- Found Python3: /usr/bin/python3 (found version "3.10.12") found components: Interpreter 
[2.622s] -- Override CMake install command with custom implementation using symlinks instead of copying resources
[2.622s] -- Found rclcpp: 16.0.14 (/opt/ros/humble/share/rclcpp/cmake)
[2.623s] -- Found rosidl_generator_c: 3.1.7 (/opt/ros/humble/share/rosidl_generator_c/cmake)
[2.624s] -- Found rosidl_adapter: 3.1.7 (/opt/ros/humble/share/rosidl_adapter/cmake)
[2.624s] -- Found rosidl_generator_cpp: 3.1.7 (/opt/ros/humble/share/rosidl_generator_cpp/cmake)
[2.624s] -- Using all available rosidl_typesupport_c: rosidl_typesupport_fastrtps_c;rosidl_typesupport_introspection_c
[2.624s] -- Using all available rosidl_typesupport_cpp: rosidl_typesupport_fastrtps_cpp;rosidl_typesupport_introspection_cpp
[2.624s] -- Found rmw_implementation_cmake: 6.1.2 (/opt/ros/humble/share/rmw_implementation_cmake/cmake)
[2.624s] -- Found rmw_fastrtps_cpp: 6.2.8 (/opt/ros/humble/share/rmw_fastrtps_cpp/cmake)
[2.624s] -- Found OpenSSL: /usr/lib/x86_64-linux-gnu/libcrypto.so (found version "3.0.2")  
[2.625s] -- Found FastRTPS: /opt/ros/humble/include  
[2.625s] -- Using RMW implementation 'rmw_fastrtps_cpp' as default
[2.625s] -- Looking for pthread.h
[2.625s] -- Looking for pthread.h - found
[2.625s] -- Performing Test CMAKE_HAVE_LIBC_PTHREAD
[2.625s] -- Performing Test CMAKE_HAVE_LIBC_PTHREAD - Success
[2.625s] -- Found Threads: TRUE  
[2.625s] -- Found rclcpp_lifecycle: 16.0.14 (/opt/ros/humble/share/rclcpp_lifecycle/cmake)
[2.626s] -- Found pluginlib: 5.1.0 (/opt/ros/humble/share/pluginlib/cmake)
[2.626s] -- Found geometry_msgs: 4.9.0 (/opt/ros/humble/share/geometry_msgs/cmake)
[2.626s] -- Found controller_interface: 2.51.0 (/opt/ros/humble/share/controller_interface/cmake)
[2.771s] -- Found tf2_ros: 0.25.15 (/opt/ros/humble/share/tf2_ros/cmake)
[3.105s] -- Configuring done
[3.167s] -- Generating done
[3.194s] -- Build files have been written to: /home/eia/rbi_2025/rov/rov_ws/build/rov_controllers
