[0.857s] Invoking command in '/home/eia/rbi_2025/rov/rov_ws/build/rov_mujoco_bringup': CMAKE_PREFIX_PATH=/opt/ros/humble /usr/bin/cmake --build /home/eia/rbi_2025/rov/rov_ws/build/rov_mujoco_bringup -- -j12 -l12
[2.098s] Invoked command in '/home/eia/rbi_2025/rov/rov_ws/build/rov_mujoco_bringup' returned '0': CMAKE_PREFIX_PATH=/opt/ros/humble /usr/bin/cmake --build /home/eia/rbi_2025/rov/rov_ws/build/rov_mujoco_bringup -- -j12 -l12
[2.100s] Invoking command in '/home/eia/rbi_2025/rov/rov_ws/build/rov_mujoco_bringup': CMAKE_PREFIX_PATH=/opt/ros/humble /usr/bin/cmake --install /home/eia/rbi_2025/rov/rov_ws/build/rov_mujoco_bringup
[2.110s] -- Install configuration: ""
[2.111s] -- Execute custom install script
[2.112s] -- Up-to-date symlink: /home/eia/rbi_2025/rov/rov_ws/install/rov_mujoco_bringup/share/rov_mujoco_bringup//config/rov_controllers.yaml
[2.113s] -- Up-to-date symlink: /home/eia/rbi_2025/rov/rov_ws/install/rov_mujoco_bringup/share/rov_mujoco_bringup//config/rviz_config.rviz
[2.115s] -- Up-to-date symlink: /home/eia/rbi_2025/rov/rov_ws/install/rov_mujoco_bringup/share/rov_mujoco_bringup//launch/rov_bringup_launch.launch.xml
[2.115s] -- Up-to-date symlink: /home/eia/rbi_2025/rov/rov_ws/install/rov_mujoco_bringup/share/ament_index/resource_index/package_run_dependencies/rov_mujoco_bringup
[2.116s] -- Up-to-date symlink: /home/eia/rbi_2025/rov/rov_ws/install/rov_mujoco_bringup/share/ament_index/resource_index/parent_prefix_path/rov_mujoco_bringup
[2.116s] -- Up-to-date symlink: /home/eia/rbi_2025/rov/rov_ws/install/rov_mujoco_bringup/share/rov_mujoco_bringup/environment/ament_prefix_path.sh
[2.124s] -- Up-to-date symlink: /home/eia/rbi_2025/rov/rov_ws/install/rov_mujoco_bringup/share/rov_mujoco_bringup/environment/ament_prefix_path.dsv
[2.130s] -- Up-to-date symlink: /home/eia/rbi_2025/rov/rov_ws/install/rov_mujoco_bringup/share/rov_mujoco_bringup/environment/path.sh
[2.130s] -- Up-to-date symlink: /home/eia/rbi_2025/rov/rov_ws/install/rov_mujoco_bringup/share/rov_mujoco_bringup/environment/path.dsv
[2.131s] -- Up-to-date symlink: /home/eia/rbi_2025/rov/rov_ws/install/rov_mujoco_bringup/share/rov_mujoco_bringup/local_setup.bash
[2.133s] -- Up-to-date symlink: /home/eia/rbi_2025/rov/rov_ws/install/rov_mujoco_bringup/share/rov_mujoco_bringup/local_setup.sh
[2.133s] -- Up-to-date symlink: /home/eia/rbi_2025/rov/rov_ws/install/rov_mujoco_bringup/share/rov_mujoco_bringup/local_setup.zsh
[2.133s] -- Up-to-date symlink: /home/eia/rbi_2025/rov/rov_ws/install/rov_mujoco_bringup/share/rov_mujoco_bringup/local_setup.dsv
[2.133s] -- Symlinking: /home/eia/rbi_2025/rov/rov_ws/install/rov_mujoco_bringup/share/rov_mujoco_bringup/package.dsv
[2.135s] -- Up-to-date symlink: /home/eia/rbi_2025/rov/rov_ws/install/rov_mujoco_bringup/share/ament_index/resource_index/packages/rov_mujoco_bringup
[2.135s] -- Up-to-date symlink: /home/eia/rbi_2025/rov/rov_ws/install/rov_mujoco_bringup/share/rov_mujoco_bringup/cmake/rov_mujoco_bringupConfig.cmake
[2.135s] -- Up-to-date symlink: /home/eia/rbi_2025/rov/rov_ws/install/rov_mujoco_bringup/share/rov_mujoco_bringup/cmake/rov_mujoco_bringupConfig-version.cmake
[2.136s] -- Up-to-date symlink: /home/eia/rbi_2025/rov/rov_ws/install/rov_mujoco_bringup/share/rov_mujoco_bringup/package.xml
[2.170s] Invoked command in '/home/eia/rbi_2025/rov/rov_ws/build/rov_mujoco_bringup' returned '0': CMAKE_PREFIX_PATH=/opt/ros/humble /usr/bin/cmake --install /home/eia/rbi_2025/rov/rov_ws/build/rov_mujoco_bringup
