[2.875s] Invoking command in '/home/eia/rbi_2025/scara/scara_ws/build/scara_gz_description': CMAKE_PREFIX_PATH=${CMAKE_PREFIX_PATH}:/home/eia/rbi_2025/scara/scara_ws/install/scara_tf_generator:/home/eia/rbi_2025/scara/scara_ws/install/scara_path_generator:/home/eia/rbi_2025/scara/scara_ws/install/scara_path_controller:/home/eia/rbi_2025/scara/scara_ws/install/scara_mujoco_python_sim:/home/eia/rbi_2025/scara/scara_ws/install/scara_general_ik_solver:/home/eia/rbi_2025/scara/scara_ws/install/premade_path_publisher:/opt/ros/humble /usr/bin/cmake --build /home/eia/rbi_2025/scara/scara_ws/build/scara_gz_description -- -j12 -l12
[7.331s] Invoked command in '/home/eia/rbi_2025/scara/scara_ws/build/scara_gz_description' returned '0': CMAKE_PREFIX_PATH=${CMAKE_PREFIX_PATH}:/home/eia/rbi_2025/scara/scara_ws/install/scara_tf_generator:/home/eia/rbi_2025/scara/scara_ws/install/scara_path_generator:/home/eia/rbi_2025/scara/scara_ws/install/scara_path_controller:/home/eia/rbi_2025/scara/scara_ws/install/scara_mujoco_python_sim:/home/eia/rbi_2025/scara/scara_ws/install/scara_general_ik_solver:/home/eia/rbi_2025/scara/scara_ws/install/premade_path_publisher:/opt/ros/humble /usr/bin/cmake --build /home/eia/rbi_2025/scara/scara_ws/build/scara_gz_description -- -j12 -l12
[7.366s] Invoking command in '/home/eia/rbi_2025/scara/scara_ws/build/scara_gz_description': CMAKE_PREFIX_PATH=${CMAKE_PREFIX_PATH}:/home/eia/rbi_2025/scara/scara_ws/install/scara_tf_generator:/home/eia/rbi_2025/scara/scara_ws/install/scara_path_generator:/home/eia/rbi_2025/scara/scara_ws/install/scara_path_controller:/home/eia/rbi_2025/scara/scara_ws/install/scara_mujoco_python_sim:/home/eia/rbi_2025/scara/scara_ws/install/scara_general_ik_solver:/home/eia/rbi_2025/scara/scara_ws/install/premade_path_publisher:/opt/ros/humble /usr/bin/cmake --install /home/eia/rbi_2025/scara/scara_ws/build/scara_gz_description
[7.456s] -- Install configuration: ""
[7.457s] -- Execute custom install script
[7.459s] -- Up-to-date symlink: /home/eia/rbi_2025/scara/scara_ws/install/scara_gz_description/share/scara_gz_description//urdf/scara.urdf.xacro
[7.462s] -- Up-to-date symlink: /home/eia/rbi_2025/scara/scara_ws/install/scara_gz_description/share/scara_gz_description//urdf/scara_description.xacro
[7.465s] -- Up-to-date symlink: /home/eia/rbi_2025/scara/scara_ws/install/scara_gz_description/share/scara_gz_description//launch/display.launch.xml
[7.469s] -- Up-to-date symlink: /home/eia/rbi_2025/scara/scara_ws/install/scara_gz_description/share/ament_index/resource_index/package_run_dependencies/scara_gz_description
[7.471s] -- Up-to-date symlink: /home/eia/rbi_2025/scara/scara_ws/install/scara_gz_description/share/ament_index/resource_index/parent_prefix_path/scara_gz_description
[7.473s] -- Up-to-date symlink: /home/eia/rbi_2025/scara/scara_ws/install/scara_gz_description/share/scara_gz_description/environment/ament_prefix_path.sh
[7.477s] -- Up-to-date symlink: /home/eia/rbi_2025/scara/scara_ws/install/scara_gz_description/share/scara_gz_description/environment/ament_prefix_path.dsv
[7.481s] -- Up-to-date symlink: /home/eia/rbi_2025/scara/scara_ws/install/scara_gz_description/share/scara_gz_description/environment/path.sh
[7.484s] -- Up-to-date symlink: /home/eia/rbi_2025/scara/scara_ws/install/scara_gz_description/share/scara_gz_description/environment/path.dsv
[7.485s] -- Up-to-date symlink: /home/eia/rbi_2025/scara/scara_ws/install/scara_gz_description/share/scara_gz_description/local_setup.bash
[7.487s] -- Up-to-date symlink: /home/eia/rbi_2025/scara/scara_ws/install/scara_gz_description/share/scara_gz_description/local_setup.sh
[7.490s] -- Up-to-date symlink: /home/eia/rbi_2025/scara/scara_ws/install/scara_gz_description/share/scara_gz_description/local_setup.zsh
[7.495s] -- Up-to-date symlink: /home/eia/rbi_2025/scara/scara_ws/install/scara_gz_description/share/scara_gz_description/local_setup.dsv
[7.495s] -- Symlinking: /home/eia/rbi_2025/scara/scara_ws/install/scara_gz_description/share/scara_gz_description/package.dsv
[7.534s] -- Up-to-date symlink: /home/eia/rbi_2025/scara/scara_ws/install/scara_gz_description/share/ament_index/resource_index/packages/scara_gz_description
[7.536s] -- Up-to-date symlink: /home/eia/rbi_2025/scara/scara_ws/install/scara_gz_description/share/scara_gz_description/cmake/scara_gz_descriptionConfig.cmake
[7.541s] -- Up-to-date symlink: /home/eia/rbi_2025/scara/scara_ws/install/scara_gz_description/share/scara_gz_description/cmake/scara_gz_descriptionConfig-version.cmake
[7.541s] -- Up-to-date symlink: /home/eia/rbi_2025/scara/scara_ws/install/scara_gz_description/share/scara_gz_description/package.xml
[7.640s] Invoked command in '/home/eia/rbi_2025/scara/scara_ws/build/scara_gz_description' returned '0': CMAKE_PREFIX_PATH=${CMAKE_PREFIX_PATH}:/home/eia/rbi_2025/scara/scara_ws/install/scara_tf_generator:/home/eia/rbi_2025/scara/scara_ws/install/scara_path_generator:/home/eia/rbi_2025/scara/scara_ws/install/scara_path_controller:/home/eia/rbi_2025/scara/scara_ws/install/scara_mujoco_python_sim:/home/eia/rbi_2025/scara/scara_ws/install/scara_general_ik_solver:/home/eia/rbi_2025/scara/scara_ws/install/premade_path_publisher:/opt/ros/humble /usr/bin/cmake --install /home/eia/rbi_2025/scara/scara_ws/build/scara_gz_description
