[0.233s] Invoking command in '/abb_ws/build/abb_gz_description': CMAKE_PREFIX_PATH=${CMAKE_PREFIX_PATH}:/abb_ws/install/abb_tf_generator:/abb_ws/install/abb_path_generator:/abb_ws/install/abb_path_controller:/abb_ws/install/abb_mujoco_python:/abb_ws/install/abb_ik_solver:/opt/ros/humble /usr/bin/cmake /abb_ws/src/abb_gz_description -DAMENT_CMAKE_SYMLINK_INSTALL=1 -DCMAKE_INSTALL_PREFIX=/abb_ws/install/abb_gz_description
[5.362s] -- Found ament_cmake: 1.3.12 (/opt/ros/humble/share/ament_cmake/cmake)
[5.363s] -- Override CMake install command with custom implementation using symlinks instead of copying resources
[5.364s] -- Configuring done
[5.365s] -- Generating done
[5.365s] -- Build files have been written to: /abb_ws/build/abb_gz_description
[5.456s] Invoked command in '/abb_ws/build/abb_gz_description' returned '0': CMAKE_PREFIX_PATH=${CMAKE_PREFIX_PATH}:/abb_ws/install/abb_tf_generator:/abb_ws/install/abb_path_generator:/abb_ws/install/abb_path_controller:/abb_ws/install/abb_mujoco_python:/abb_ws/install/abb_ik_solver:/opt/ros/humble /usr/bin/cmake /abb_ws/src/abb_gz_description -DAMENT_CMAKE_SYMLINK_INSTALL=1 -DCMAKE_INSTALL_PREFIX=/abb_ws/install/abb_gz_description
[5.459s] Invoking command in '/abb_ws/build/abb_gz_description': CMAKE_PREFIX_PATH=${CMAKE_PREFIX_PATH}:/abb_ws/install/abb_tf_generator:/abb_ws/install/abb_path_generator:/abb_ws/install/abb_path_controller:/abb_ws/install/abb_mujoco_python:/abb_ws/install/abb_ik_solver:/opt/ros/humble /usr/bin/cmake --build /abb_ws/build/abb_gz_description -- -j12 -l12
[5.597s] Invoked command in '/abb_ws/build/abb_gz_description' returned '0': CMAKE_PREFIX_PATH=${CMAKE_PREFIX_PATH}:/abb_ws/install/abb_tf_generator:/abb_ws/install/abb_path_generator:/abb_ws/install/abb_path_controller:/abb_ws/install/abb_mujoco_python:/abb_ws/install/abb_ik_solver:/opt/ros/humble /usr/bin/cmake --build /abb_ws/build/abb_gz_description -- -j12 -l12
[5.599s] Invoking command in '/abb_ws/build/abb_gz_description': CMAKE_PREFIX_PATH=${CMAKE_PREFIX_PATH}:/abb_ws/install/abb_tf_generator:/abb_ws/install/abb_path_generator:/abb_ws/install/abb_path_controller:/abb_ws/install/abb_mujoco_python:/abb_ws/install/abb_ik_solver:/opt/ros/humble /usr/bin/cmake --install /abb_ws/build/abb_gz_description
[5.657s] -- Install configuration: ""
[5.657s] -- Execute custom install script
[5.663s] -- Symlinking: /abb_ws/install/abb_gz_description/share/abb_gz_description//urdf/common_properties.xacro
[5.705s] -- Symlinking: /abb_ws/install/abb_gz_description/share/abb_gz_description//urdf/irb140.urdf.xacro
[5.747s] -- Symlinking: /abb_ws/install/abb_gz_description/share/abb_gz_description//urdf/irb140_description.xacro
[5.796s] -- Symlinking: /abb_ws/install/abb_gz_description/share/abb_gz_description//launch/display.launch.xml
[5.840s] -- Symlinking: /abb_ws/install/abb_gz_description/share/abb_gz_description//meshes/irb140/collision/base_link.stl
[5.883s] -- Symlinking: /abb_ws/install/abb_gz_description/share/abb_gz_description//meshes/irb140/collision/link_1.stl
[5.923s] -- Symlinking: /abb_ws/install/abb_gz_description/share/abb_gz_description//meshes/irb140/collision/link_2.stl
[5.968s] -- Symlinking: /abb_ws/install/abb_gz_description/share/abb_gz_description//meshes/irb140/collision/link_3.stl
[6.018s] -- Symlinking: /abb_ws/install/abb_gz_description/share/abb_gz_description//meshes/irb140/collision/link_4.stl
[6.101s] -- Symlinking: /abb_ws/install/abb_gz_description/share/abb_gz_description//meshes/irb140/collision/link_5.stl
[6.216s] -- Symlinking: /abb_ws/install/abb_gz_description/share/abb_gz_description//meshes/irb140/collision/link_6.stl
[6.295s] -- Symlinking: /abb_ws/install/abb_gz_description/share/abb_gz_description//meshes/irb140/visual/base_link.stl
[6.422s] -- Symlinking: /abb_ws/install/abb_gz_description/share/abb_gz_description//meshes/irb140/visual/link_1.stl
[6.556s] -- Symlinking: /abb_ws/install/abb_gz_description/share/abb_gz_description//meshes/irb140/visual/link_2.stl
[6.626s] -- Symlinking: /abb_ws/install/abb_gz_description/share/abb_gz_description//meshes/irb140/visual/link_3.stl
[6.687s] -- Symlinking: /abb_ws/install/abb_gz_description/share/abb_gz_description//meshes/irb140/visual/link_4.stl
[6.744s] -- Symlinking: /abb_ws/install/abb_gz_description/share/abb_gz_description//meshes/irb140/visual/link_5.stl
[6.808s] -- Symlinking: /abb_ws/install/abb_gz_description/share/abb_gz_description//meshes/irb140/visual/link_6.stl
[6.852s] -- Symlinking: /abb_ws/install/abb_gz_description/share/ament_index/resource_index/package_run_dependencies/abb_gz_description
[6.910s] -- Symlinking: /abb_ws/install/abb_gz_description/share/ament_index/resource_index/parent_prefix_path/abb_gz_description
[6.954s] -- Symlinking: /abb_ws/install/abb_gz_description/share/abb_gz_description/environment/ament_prefix_path.sh
[6.991s] -- Symlinking: /abb_ws/install/abb_gz_description/share/abb_gz_description/environment/ament_prefix_path.dsv
[7.034s] -- Symlinking: /abb_ws/install/abb_gz_description/share/abb_gz_description/environment/path.sh
[7.082s] -- Symlinking: /abb_ws/install/abb_gz_description/share/abb_gz_description/environment/path.dsv
[7.121s] -- Symlinking: /abb_ws/install/abb_gz_description/share/abb_gz_description/local_setup.bash
[7.147s] -- Symlinking: /abb_ws/install/abb_gz_description/share/abb_gz_description/local_setup.sh
[7.180s] -- Symlinking: /abb_ws/install/abb_gz_description/share/abb_gz_description/local_setup.zsh
[7.209s] -- Symlinking: /abb_ws/install/abb_gz_description/share/abb_gz_description/local_setup.dsv
[7.253s] -- Symlinking: /abb_ws/install/abb_gz_description/share/abb_gz_description/package.dsv
[7.292s] -- Symlinking: /abb_ws/install/abb_gz_description/share/ament_index/resource_index/packages/abb_gz_description
[7.332s] -- Symlinking: /abb_ws/install/abb_gz_description/share/abb_gz_description/cmake/abb_gz_descriptionConfig.cmake
[7.371s] -- Symlinking: /abb_ws/install/abb_gz_description/share/abb_gz_description/cmake/abb_gz_descriptionConfig-version.cmake
[7.413s] -- Symlinking: /abb_ws/install/abb_gz_description/share/abb_gz_description/package.xml
[7.458s] Invoked command in '/abb_ws/build/abb_gz_description' returned '0': CMAKE_PREFIX_PATH=${CMAKE_PREFIX_PATH}:/abb_ws/install/abb_tf_generator:/abb_ws/install/abb_path_generator:/abb_ws/install/abb_path_controller:/abb_ws/install/abb_mujoco_python:/abb_ws/install/abb_ik_solver:/opt/ros/humble /usr/bin/cmake --install /abb_ws/build/abb_gz_description
