[2.812s] Invoking command in '/home/eia/repo/rbi_2025_2/scara/scara_ws/build/premade_path_publisher': PYTHONPATH=/home/eia/repo/rbi_2025_2/scara/scara_ws/build/premade_path_publisher/prefix_override:/home/eia/.local/lib/python3.10/site-packages/colcon_core/task/python/colcon_distutils_commands:/home/eia/repo/rbi_2025_2/scara/scara_ws/install/premade_path_publisher/lib/python3.10/site-packages:${PYTHONPATH} /usr/bin/python3 -W ignore:setup.py install is deprecated -W ignore:easy_install command is deprecated setup.py develop --editable --build-directory /home/eia/repo/rbi_2025_2/scara/scara_ws/build/premade_path_publisher/build --no-deps symlink_data
[3.287s] running develop
[3.627s] running egg_info
[3.627s] creating premade_path_publisher.egg-info
[3.627s] writing premade_path_publisher.egg-info/PKG-INFO
[3.627s] writing dependency_links to premade_path_publisher.egg-info/dependency_links.txt
[3.627s] writing entry points to premade_path_publisher.egg-info/entry_points.txt
[3.628s] writing requirements to premade_path_publisher.egg-info/requires.txt
[3.628s] writing top-level names to premade_path_publisher.egg-info/top_level.txt
[3.628s] writing manifest file 'premade_path_publisher.egg-info/SOURCES.txt'
[3.629s] reading manifest file 'premade_path_publisher.egg-info/SOURCES.txt'
[3.630s] writing manifest file 'premade_path_publisher.egg-info/SOURCES.txt'
[3.672s] running build_ext
[3.673s] Creating /home/eia/repo/rbi_2025_2/scara/scara_ws/install/premade_path_publisher/lib/python3.10/site-packages/premade-path-publisher.egg-link (link to .)
[3.673s] Installing premade_path_publisher script to /home/eia/repo/rbi_2025_2/scara/scara_ws/install/premade_path_publisher/lib/premade_path_publisher
[3.674s] 
[3.674s] Installed /home/eia/repo/rbi_2025_2/scara/scara_ws/build/premade_path_publisher
[3.674s] running symlink_data
[3.674s] creating /home/eia/repo/rbi_2025_2/scara/scara_ws/install/premade_path_publisher/share/ament_index
[3.674s] creating /home/eia/repo/rbi_2025_2/scara/scara_ws/install/premade_path_publisher/share/ament_index/resource_index
[3.674s] creating /home/eia/repo/rbi_2025_2/scara/scara_ws/install/premade_path_publisher/share/ament_index/resource_index/packages
[3.674s] symbolically linking /home/eia/repo/rbi_2025_2/scara/scara_ws/build/premade_path_publisher/resource/premade_path_publisher -> /home/eia/repo/rbi_2025_2/scara/scara_ws/install/premade_path_publisher/share/ament_index/resource_index/packages
[3.675s] symbolically linking /home/eia/repo/rbi_2025_2/scara/scara_ws/build/premade_path_publisher/package.xml -> /home/eia/repo/rbi_2025_2/scara/scara_ws/install/premade_path_publisher/share/premade_path_publisher
[3.675s] creating /home/eia/repo/rbi_2025_2/scara/scara_ws/install/premade_path_publisher/share/premade_path_publisher/launch
[3.675s] creating /home/eia/repo/rbi_2025_2/scara/scara_ws/install/premade_path_publisher/share/premade_path_publisher/descriptions
[3.675s] creating /home/eia/repo/rbi_2025_2/scara/scara_ws/install/premade_path_publisher/share/premade_path_publisher/config
[3.675s] symbolically linking /home/eia/repo/rbi_2025_2/scara/scara_ws/build/premade_path_publisher/config/path_square.txt -> /home/eia/repo/rbi_2025_2/scara/scara_ws/install/premade_path_publisher/share/premade_path_publisher/config
[3.675s] symbolically linking /home/eia/repo/rbi_2025_2/scara/scara_ws/build/premade_path_publisher/config/heart_path.txt -> /home/eia/repo/rbi_2025_2/scara/scara_ws/install/premade_path_publisher/share/premade_path_publisher/config
[3.675s] symbolically linking /home/eia/repo/rbi_2025_2/scara/scara_ws/build/premade_path_publisher/config/path.txt -> /home/eia/repo/rbi_2025_2/scara/scara_ws/install/premade_path_publisher/share/premade_path_publisher/config
[3.710s] Invoked command in '/home/eia/repo/rbi_2025_2/scara/scara_ws/build/premade_path_publisher' returned '0': PYTHONPATH=/home/eia/repo/rbi_2025_2/scara/scara_ws/build/premade_path_publisher/prefix_override:/home/eia/.local/lib/python3.10/site-packages/colcon_core/task/python/colcon_distutils_commands:/home/eia/repo/rbi_2025_2/scara/scara_ws/install/premade_path_publisher/lib/python3.10/site-packages:${PYTHONPATH} /usr/bin/python3 -W ignore:setup.py install is deprecated -W ignore:easy_install command is deprecated setup.py develop --editable --build-directory /home/eia/repo/rbi_2025_2/scara/scara_ws/build/premade_path_publisher/build --no-deps symlink_data
