[1.286s] Invoking command in '/abb_ws/build/abb_mujoco_bringup': CMAKE_PREFIX_PATH=${CMAKE_PREFIX_PATH}:/abb_ws/install/abb_tf_generator:/abb_ws/install/abb_path_generator:/abb_ws/install/abb_path_controller:/abb_ws/install/abb_mujoco_python:/abb_ws/install/abb_ik_solver:/opt/ros/humble /usr/bin/cmake /abb_ws/src/abb_mujoco_bringup -DAMENT_CMAKE_SYMLINK_INSTALL=1 -DCMAKE_INSTALL_PREFIX=/abb_ws/install/abb_mujoco_bringup
[5.329s] -- Found ament_cmake: 1.3.12 (/opt/ros/humble/share/ament_cmake/cmake)
[5.330s] -- Override CMake install command with custom implementation using symlinks instead of copying resources
[5.330s] -- Found rclcpp: 16.0.14 (/opt/ros/humble/share/rclcpp/cmake)
[5.340s] -- Found rosidl_generator_c: 3.1.7 (/opt/ros/humble/share/rosidl_generator_c/cmake)
[5.347s] -- Found rosidl_adapter: 3.1.7 (/opt/ros/humble/share/rosidl_adapter/cmake)
[5.348s] -- Found rosidl_generator_cpp: 3.1.7 (/opt/ros/humble/share/rosidl_generator_cpp/cmake)
[5.348s] -- Using all available rosidl_typesupport_c: rosidl_typesupport_fastrtps_c;rosidl_typesupport_introspection_c
[5.349s] -- Using all available rosidl_typesupport_cpp: rosidl_typesupport_fastrtps_cpp;rosidl_typesupport_introspection_cpp
[5.349s] -- Found rmw_implementation_cmake: 6.1.2 (/opt/ros/humble/share/rmw_implementation_cmake/cmake)
[5.350s] -- Found rmw_fastrtps_cpp: 6.2.8 (/opt/ros/humble/share/rmw_fastrtps_cpp/cmake)
[5.361s] -- Using RMW implementation 'rmw_fastrtps_cpp' as default
[5.362s] -- Configuring done
[5.362s] -- Generating done
[5.363s] -- Build files have been written to: /abb_ws/build/abb_mujoco_bringup
[5.448s] Invoked command in '/abb_ws/build/abb_mujoco_bringup' returned '0': CMAKE_PREFIX_PATH=${CMAKE_PREFIX_PATH}:/abb_ws/install/abb_tf_generator:/abb_ws/install/abb_path_generator:/abb_ws/install/abb_path_controller:/abb_ws/install/abb_mujoco_python:/abb_ws/install/abb_ik_solver:/opt/ros/humble /usr/bin/cmake /abb_ws/src/abb_mujoco_bringup -DAMENT_CMAKE_SYMLINK_INSTALL=1 -DCMAKE_INSTALL_PREFIX=/abb_ws/install/abb_mujoco_bringup
[5.453s] Invoking command in '/abb_ws/build/abb_mujoco_bringup': CMAKE_PREFIX_PATH=${CMAKE_PREFIX_PATH}:/abb_ws/install/abb_tf_generator:/abb_ws/install/abb_path_generator:/abb_ws/install/abb_path_controller:/abb_ws/install/abb_mujoco_python:/abb_ws/install/abb_ik_solver:/opt/ros/humble /usr/bin/cmake --build /abb_ws/build/abb_mujoco_bringup -- -j12 -l12
[5.590s] Invoked command in '/abb_ws/build/abb_mujoco_bringup' returned '0': CMAKE_PREFIX_PATH=${CMAKE_PREFIX_PATH}:/abb_ws/install/abb_tf_generator:/abb_ws/install/abb_path_generator:/abb_ws/install/abb_path_controller:/abb_ws/install/abb_mujoco_python:/abb_ws/install/abb_ik_solver:/opt/ros/humble /usr/bin/cmake --build /abb_ws/build/abb_mujoco_bringup -- -j12 -l12
[5.598s] Invoking command in '/abb_ws/build/abb_mujoco_bringup': CMAKE_PREFIX_PATH=${CMAKE_PREFIX_PATH}:/abb_ws/install/abb_tf_generator:/abb_ws/install/abb_path_generator:/abb_ws/install/abb_path_controller:/abb_ws/install/abb_mujoco_python:/abb_ws/install/abb_ik_solver:/opt/ros/humble /usr/bin/cmake --install /abb_ws/build/abb_mujoco_bringup
[5.712s] -- Install configuration: ""
[5.716s] -- Execute custom install script
[5.717s] -- Symlinking: /abb_ws/install/abb_mujoco_bringup/share/abb_mujoco_bringup//config/abb_controllers.yaml
[5.791s] -- Symlinking: /abb_ws/install/abb_mujoco_bringup/share/abb_mujoco_bringup//launch/abb_bringup_launch.launch.xml
[5.874s] -- Symlinking: /abb_ws/install/abb_mujoco_bringup/share/ament_index/resource_index/package_run_dependencies/abb_mujoco_bringup
[5.957s] -- Symlinking: /abb_ws/install/abb_mujoco_bringup/share/ament_index/resource_index/parent_prefix_path/abb_mujoco_bringup
[6.045s] -- Symlinking: /abb_ws/install/abb_mujoco_bringup/share/abb_mujoco_bringup/environment/ament_prefix_path.sh
[6.106s] -- Symlinking: /abb_ws/install/abb_mujoco_bringup/share/abb_mujoco_bringup/environment/ament_prefix_path.dsv
[6.207s] -- Symlinking: /abb_ws/install/abb_mujoco_bringup/share/abb_mujoco_bringup/environment/path.sh
[6.306s] -- Symlinking: /abb_ws/install/abb_mujoco_bringup/share/abb_mujoco_bringup/environment/path.dsv
[6.433s] -- Symlinking: /abb_ws/install/abb_mujoco_bringup/share/abb_mujoco_bringup/local_setup.bash
[6.536s] -- Symlinking: /abb_ws/install/abb_mujoco_bringup/share/abb_mujoco_bringup/local_setup.sh
[6.604s] -- Symlinking: /abb_ws/install/abb_mujoco_bringup/share/abb_mujoco_bringup/local_setup.zsh
[6.671s] -- Symlinking: /abb_ws/install/abb_mujoco_bringup/share/abb_mujoco_bringup/local_setup.dsv
[6.764s] -- Symlinking: /abb_ws/install/abb_mujoco_bringup/share/abb_mujoco_bringup/package.dsv
[6.810s] -- Symlinking: /abb_ws/install/abb_mujoco_bringup/share/ament_index/resource_index/packages/abb_mujoco_bringup
[6.853s] -- Symlinking: /abb_ws/install/abb_mujoco_bringup/share/abb_mujoco_bringup/cmake/abb_mujoco_bringupConfig.cmake
[6.899s] -- Symlinking: /abb_ws/install/abb_mujoco_bringup/share/abb_mujoco_bringup/cmake/abb_mujoco_bringupConfig-version.cmake
[6.939s] -- Symlinking: /abb_ws/install/abb_mujoco_bringup/share/abb_mujoco_bringup/package.xml
[6.994s] Invoked command in '/abb_ws/build/abb_mujoco_bringup' returned '0': CMAKE_PREFIX_PATH=${CMAKE_PREFIX_PATH}:/abb_ws/install/abb_tf_generator:/abb_ws/install/abb_path_generator:/abb_ws/install/abb_path_controller:/abb_ws/install/abb_mujoco_python:/abb_ws/install/abb_ik_solver:/opt/ros/humble /usr/bin/cmake --install /abb_ws/build/abb_mujoco_bringup
