[0.256s] Invoking command in '/abb_ws/build/abb_controllers': CMAKE_PREFIX_PATH=${CMAKE_PREFIX_PATH}:/abb_ws/install/abb_tf_generator:/abb_ws/install/abb_path_generator:/abb_ws/install/abb_path_controller:/abb_ws/install/abb_mujoco_python:/abb_ws/install/abb_ik_solver:/opt/ros/humble /usr/bin/cmake /abb_ws/src/abb_controllers -DAMENT_CMAKE_SYMLINK_INSTALL=1 -DCMAKE_INSTALL_PREFIX=/abb_ws/install/abb_controllers
[5.335s] -- Found ament_cmake: 1.3.12 (/opt/ros/humble/share/ament_cmake/cmake)
[5.340s] -- Override CMake install command with custom implementation using symlinks instead of copying resources
[5.342s] -- Found rclcpp: 16.0.14 (/opt/ros/humble/share/rclcpp/cmake)
[5.344s] -- Found rosidl_generator_c: 3.1.7 (/opt/ros/humble/share/rosidl_generator_c/cmake)
[5.345s] -- Found rosidl_adapter: 3.1.7 (/opt/ros/humble/share/rosidl_adapter/cmake)
[5.347s] -- Found rosidl_generator_cpp: 3.1.7 (/opt/ros/humble/share/rosidl_generator_cpp/cmake)
[5.350s] -- Using all available rosidl_typesupport_c: rosidl_typesupport_fastrtps_c;rosidl_typesupport_introspection_c
[5.353s] -- Using all available rosidl_typesupport_cpp: rosidl_typesupport_fastrtps_cpp;rosidl_typesupport_introspection_cpp
[5.354s] -- Found rmw_implementation_cmake: 6.1.2 (/opt/ros/humble/share/rmw_implementation_cmake/cmake)
[5.359s] -- Found rmw_fastrtps_cpp: 6.2.8 (/opt/ros/humble/share/rmw_fastrtps_cpp/cmake)
[5.361s] -- Using RMW implementation 'rmw_fastrtps_cpp' as default
[5.362s] -- Found rclcpp_lifecycle: 16.0.14 (/opt/ros/humble/share/rclcpp_lifecycle/cmake)
[5.365s] -- Found pluginlib: 5.1.0 (/opt/ros/humble/share/pluginlib/cmake)
[5.367s] -- Found geometry_msgs: 4.9.0 (/opt/ros/humble/share/geometry_msgs/cmake)
[5.370s] -- Found controller_interface: 2.51.0 (/opt/ros/humble/share/controller_interface/cmake)
[5.372s] -- Found tf2_ros: 0.25.16 (/opt/ros/humble/share/tf2_ros/cmake)
[5.374s] -- Configuring done
[5.375s] -- Generating done
[5.378s] -- Build files have been written to: /abb_ws/build/abb_controllers
[5.569s] Invoked command in '/abb_ws/build/abb_controllers' returned '0': CMAKE_PREFIX_PATH=${CMAKE_PREFIX_PATH}:/abb_ws/install/abb_tf_generator:/abb_ws/install/abb_path_generator:/abb_ws/install/abb_path_controller:/abb_ws/install/abb_mujoco_python:/abb_ws/install/abb_ik_solver:/opt/ros/humble /usr/bin/cmake /abb_ws/src/abb_controllers -DAMENT_CMAKE_SYMLINK_INSTALL=1 -DCMAKE_INSTALL_PREFIX=/abb_ws/install/abb_controllers
[5.575s] Invoking command in '/abb_ws/build/abb_controllers': CMAKE_PREFIX_PATH=${CMAKE_PREFIX_PATH}:/abb_ws/install/abb_tf_generator:/abb_ws/install/abb_path_generator:/abb_ws/install/abb_path_controller:/abb_ws/install/abb_mujoco_python:/abb_ws/install/abb_ik_solver:/opt/ros/humble /usr/bin/cmake --build /abb_ws/build/abb_controllers -- -j12 -l12
[5.629s] [35m[1mConsolidate compiler generated dependencies of target abb_controllers[0m
[5.708s] [ 50%] [32m[1mLinking CXX shared library libabb_controllers.so[0m
[8.667s] [100%] Built target abb_controllers
[8.704s] Invoked command in '/abb_ws/build/abb_controllers' returned '0': CMAKE_PREFIX_PATH=${CMAKE_PREFIX_PATH}:/abb_ws/install/abb_tf_generator:/abb_ws/install/abb_path_generator:/abb_ws/install/abb_path_controller:/abb_ws/install/abb_mujoco_python:/abb_ws/install/abb_ik_solver:/opt/ros/humble /usr/bin/cmake --build /abb_ws/build/abb_controllers -- -j12 -l12
[8.712s] Invoking command in '/abb_ws/build/abb_controllers': CMAKE_PREFIX_PATH=${CMAKE_PREFIX_PATH}:/abb_ws/install/abb_tf_generator:/abb_ws/install/abb_path_generator:/abb_ws/install/abb_path_controller:/abb_ws/install/abb_mujoco_python:/abb_ws/install/abb_ik_solver:/opt/ros/humble /usr/bin/cmake --install /abb_ws/build/abb_controllers
[8.734s] -- Install configuration: ""
[8.736s] -- Execute custom install script
[8.737s] -- Symlinking: /abb_ws/install/abb_controllers/share/abb_controllers//abb_controller.xml
[8.765s] -- Symlinking: /abb_ws/install/abb_controllers/lib/libabb_controllers.so
[8.795s] -- Symlinking: /abb_ws/install/abb_controllers/include/include/abb_controllers/abb_forward_controller.hpp
[8.826s] -- Symlinking: /abb_ws/install/abb_controllers/share/abb_controllers/environment/library_path.sh
[8.855s] -- Symlinking: /abb_ws/install/abb_controllers/share/abb_controllers/environment/library_path.dsv
[8.884s] -- Symlinking: /abb_ws/install/abb_controllers/share/ament_index/resource_index/package_run_dependencies/abb_controllers
[8.917s] -- Symlinking: /abb_ws/install/abb_controllers/share/ament_index/resource_index/parent_prefix_path/abb_controllers
[8.945s] -- Symlinking: /abb_ws/install/abb_controllers/share/abb_controllers/environment/ament_prefix_path.sh
[8.979s] -- Symlinking: /abb_ws/install/abb_controllers/share/abb_controllers/environment/ament_prefix_path.dsv
[9.010s] -- Symlinking: /abb_ws/install/abb_controllers/share/abb_controllers/environment/path.sh
[9.052s] -- Symlinking: /abb_ws/install/abb_controllers/share/abb_controllers/environment/path.dsv
[9.079s] -- Symlinking: /abb_ws/install/abb_controllers/share/abb_controllers/local_setup.bash
[9.107s] -- Symlinking: /abb_ws/install/abb_controllers/share/abb_controllers/local_setup.sh
[9.139s] -- Symlinking: /abb_ws/install/abb_controllers/share/abb_controllers/local_setup.zsh
[9.179s] -- Symlinking: /abb_ws/install/abb_controllers/share/abb_controllers/local_setup.dsv
[9.214s] -- Symlinking: /abb_ws/install/abb_controllers/share/abb_controllers/package.dsv
[9.255s] -- Symlinking: /abb_ws/install/abb_controllers/share/ament_index/resource_index/packages/abb_controllers
[9.296s] -- Symlinking: /abb_ws/install/abb_controllers/share/ament_index/resource_index/controller_interface__pluginlib__plugin/abb_controllers
[9.326s] -- Symlinking: /abb_ws/install/abb_controllers/share/abb_controllers/cmake/ament_cmake_export_libraries-extras.cmake
[9.354s] -- Symlinking: /abb_ws/install/abb_controllers/share/abb_controllers/cmake/ament_cmake_export_dependencies-extras.cmake
[9.384s] -- Symlinking: /abb_ws/install/abb_controllers/share/abb_controllers/cmake/abb_controllersConfig.cmake
[9.414s] -- Symlinking: /abb_ws/install/abb_controllers/share/abb_controllers/cmake/abb_controllersConfig-version.cmake
[9.447s] -- Symlinking: /abb_ws/install/abb_controllers/share/abb_controllers/package.xml
[9.490s] Invoked command in '/abb_ws/build/abb_controllers' returned '0': CMAKE_PREFIX_PATH=${CMAKE_PREFIX_PATH}:/abb_ws/install/abb_tf_generator:/abb_ws/install/abb_path_generator:/abb_ws/install/abb_path_controller:/abb_ws/install/abb_mujoco_python:/abb_ws/install/abb_ik_solver:/opt/ros/humble /usr/bin/cmake --install /abb_ws/build/abb_controllers
