[0.330s] Invoking command in '/home/eia/rbi_2025/scara/scara_ws/build/scara_real_description': CMAKE_PREFIX_PATH=/opt/ros/humble /usr/bin/cmake /home/eia/rbi_2025/scara/scara_ws/src/scara_real_description -DAMENT_CMAKE_SYMLINK_INSTALL=1 -DCMAKE_INSTALL_PREFIX=/home/eia/rbi_2025/scara/scara_ws/install/scara_real_description
[0.614s] -- The C compiler identification is GNU 11.4.0
[0.998s] -- The CXX compiler identification is GNU 11.4.0
[1.047s] -- Detecting C compiler ABI info
[1.510s] -- Detecting C compiler ABI info - done
[1.581s] -- Check for working C compiler: /usr/bin/cc - skipped
[1.583s] -- Detecting C compile features
[1.587s] -- Detecting C compile features - done
[1.618s] -- Detecting CXX compiler ABI info
[2.063s] -- Detecting CXX compiler ABI info - done
[2.113s] -- Check for working CXX compiler: /usr/bin/c++ - skipped
[2.115s] -- Detecting CXX compile features
[2.118s] -- Detecting CXX compile features - done
[2.132s] -- Found ament_cmake: 1.3.12 (/opt/ros/humble/share/ament_cmake/cmake)
[2.928s] -- Found Python3: /usr/bin/python3 (found version "3.10.12") found components: Interpreter 
[3.181s] -- Override CMake install command with custom implementation using symlinks instead of copying resources
[3.692s] -- Configuring done
[3.701s] -- Generating done
[3.706s] -- Build files have been written to: /home/eia/rbi_2025/scara/scara_ws/build/scara_real_description
[3.720s] Invoked command in '/home/eia/rbi_2025/scara/scara_ws/build/scara_real_description' returned '0': CMAKE_PREFIX_PATH=/opt/ros/humble /usr/bin/cmake /home/eia/rbi_2025/scara/scara_ws/src/scara_real_description -DAMENT_CMAKE_SYMLINK_INSTALL=1 -DCMAKE_INSTALL_PREFIX=/home/eia/rbi_2025/scara/scara_ws/install/scara_real_description
[3.724s] Invoking command in '/home/eia/rbi_2025/scara/scara_ws/build/scara_real_description': CMAKE_PREFIX_PATH=/opt/ros/humble /usr/bin/cmake --build /home/eia/rbi_2025/scara/scara_ws/build/scara_real_description -- -j12 -l12
[3.911s] Invoked command in '/home/eia/rbi_2025/scara/scara_ws/build/scara_real_description' returned '0': CMAKE_PREFIX_PATH=/opt/ros/humble /usr/bin/cmake --build /home/eia/rbi_2025/scara/scara_ws/build/scara_real_description -- -j12 -l12
[3.916s] Invoking command in '/home/eia/rbi_2025/scara/scara_ws/build/scara_real_description': CMAKE_PREFIX_PATH=/opt/ros/humble /usr/bin/cmake --install /home/eia/rbi_2025/scara/scara_ws/build/scara_real_description
[4.606s] -- Install configuration: ""
[4.607s] -- Execute custom install script
[4.608s] -- Symlinking: /home/eia/rbi_2025/scara/scara_ws/install/scara_real_description/share/scara_real_description//urdf/common_properties.xacro
[4.608s] -- Symlinking: /home/eia/rbi_2025/scara/scara_ws/install/scara_real_description/share/scara_real_description//urdf/scara.urdf.xacro
[4.609s] -- Symlinking: /home/eia/rbi_2025/scara/scara_ws/install/scara_real_description/share/scara_real_description//urdf/scara_description.xacro
[4.609s] -- Symlinking: /home/eia/rbi_2025/scara/scara_ws/install/scara_real_description/share/scara_real_description//launch/display.launch.xml
[4.610s] -- Symlinking: /home/eia/rbi_2025/scara/scara_ws/install/scara_real_description/share/ament_index/resource_index/package_run_dependencies/scara_real_description
[4.610s] -- Symlinking: /home/eia/rbi_2025/scara/scara_ws/install/scara_real_description/share/ament_index/resource_index/parent_prefix_path/scara_real_description
[4.611s] -- Symlinking: /home/eia/rbi_2025/scara/scara_ws/install/scara_real_description/share/scara_real_description/environment/ament_prefix_path.sh
[4.611s] -- Symlinking: /home/eia/rbi_2025/scara/scara_ws/install/scara_real_description/share/scara_real_description/environment/ament_prefix_path.dsv
[4.612s] -- Symlinking: /home/eia/rbi_2025/scara/scara_ws/install/scara_real_description/share/scara_real_description/environment/path.sh
[4.613s] -- Symlinking: /home/eia/rbi_2025/scara/scara_ws/install/scara_real_description/share/scara_real_description/environment/path.dsv
[4.614s] -- Symlinking: /home/eia/rbi_2025/scara/scara_ws/install/scara_real_description/share/scara_real_description/local_setup.bash
[4.623s] -- Symlinking: /home/eia/rbi_2025/scara/scara_ws/install/scara_real_description/share/scara_real_description/local_setup.sh
[4.624s] -- Symlinking: /home/eia/rbi_2025/scara/scara_ws/install/scara_real_description/share/scara_real_description/local_setup.zsh
[4.625s] -- Symlinking: /home/eia/rbi_2025/scara/scara_ws/install/scara_real_description/share/scara_real_description/local_setup.dsv
[4.628s] -- Symlinking: /home/eia/rbi_2025/scara/scara_ws/install/scara_real_description/share/scara_real_description/package.dsv
[4.659s] -- Symlinking: /home/eia/rbi_2025/scara/scara_ws/install/scara_real_description/share/ament_index/resource_index/packages/scara_real_description
[4.703s] -- Symlinking: /home/eia/rbi_2025/scara/scara_ws/install/scara_real_description/share/scara_real_description/cmake/scara_real_descriptionConfig.cmake
[4.747s] -- Symlinking: /home/eia/rbi_2025/scara/scara_ws/install/scara_real_description/share/scara_real_description/cmake/scara_real_descriptionConfig-version.cmake
[4.791s] -- Symlinking: /home/eia/rbi_2025/scara/scara_ws/install/scara_real_description/share/scara_real_description/package.xml
[4.846s] Invoked command in '/home/eia/rbi_2025/scara/scara_ws/build/scara_real_description' returned '0': CMAKE_PREFIX_PATH=/opt/ros/humble /usr/bin/cmake --install /home/eia/rbi_2025/scara/scara_ws/build/scara_real_description
