[0.068s] Invoking command in '/abb_ws/build/abb_gz_hardware': CMAKE_PREFIX_PATH=${CMAKE_PREFIX_PATH}:/abb_ws/install/abb_tf_generator:/abb_ws/install/abb_path_generator:/abb_ws/install/abb_path_controller:/abb_ws/install/abb_mujoco_python:/abb_ws/install/abb_ik_solver:/opt/ros/humble /usr/bin/cmake --build /abb_ws/build/abb_gz_hardware -- -j12 -l12
[1.493s] Invoked command in '/abb_ws/build/abb_gz_hardware' returned '0': CMAKE_PREFIX_PATH=${CMAKE_PREFIX_PATH}:/abb_ws/install/abb_tf_generator:/abb_ws/install/abb_path_generator:/abb_ws/install/abb_path_controller:/abb_ws/install/abb_mujoco_python:/abb_ws/install/abb_ik_solver:/opt/ros/humble /usr/bin/cmake --build /abb_ws/build/abb_gz_hardware -- -j12 -l12
[1.494s] Invoking command in '/abb_ws/build/abb_gz_hardware': CMAKE_PREFIX_PATH=${CMAKE_PREFIX_PATH}:/abb_ws/install/abb_tf_generator:/abb_ws/install/abb_path_generator:/abb_ws/install/abb_path_controller:/abb_ws/install/abb_mujoco_python:/abb_ws/install/abb_ik_solver:/opt/ros/humble /usr/bin/cmake --install /abb_ws/build/abb_gz_hardware
[1.539s] -- Install configuration: ""
[1.540s] -- Execute custom install script
[1.540s] -- Up-to-date symlink: /abb_ws/install/abb_gz_hardware/share/ament_index/resource_index/package_run_dependencies/abb_gz_hardware
[1.540s] -- Up-to-date symlink: /abb_ws/install/abb_gz_hardware/share/ament_index/resource_index/parent_prefix_path/abb_gz_hardware
[1.540s] -- Up-to-date symlink: /abb_ws/install/abb_gz_hardware/share/abb_gz_hardware/environment/ament_prefix_path.sh
[1.540s] -- Up-to-date symlink: /abb_ws/install/abb_gz_hardware/share/abb_gz_hardware/environment/ament_prefix_path.dsv
[1.540s] -- Up-to-date symlink: /abb_ws/install/abb_gz_hardware/share/abb_gz_hardware/environment/path.sh
[1.540s] -- Up-to-date symlink: /abb_ws/install/abb_gz_hardware/share/abb_gz_hardware/environment/path.dsv
[1.541s] -- Up-to-date symlink: /abb_ws/install/abb_gz_hardware/share/abb_gz_hardware/local_setup.bash
[1.541s] -- Up-to-date symlink: /abb_ws/install/abb_gz_hardware/share/abb_gz_hardware/local_setup.sh
[1.541s] -- Up-to-date symlink: /abb_ws/install/abb_gz_hardware/share/abb_gz_hardware/local_setup.zsh
[1.541s] -- Up-to-date symlink: /abb_ws/install/abb_gz_hardware/share/abb_gz_hardware/local_setup.dsv
[1.541s] -- Symlinking: /abb_ws/install/abb_gz_hardware/share/abb_gz_hardware/package.dsv
[1.557s] -- Up-to-date symlink: /abb_ws/install/abb_gz_hardware/share/ament_index/resource_index/packages/abb_gz_hardware
[1.560s] -- Up-to-date symlink: /abb_ws/install/abb_gz_hardware/share/abb_gz_hardware/cmake/abb_gz_hardwareConfig.cmake
[1.561s] -- Up-to-date symlink: /abb_ws/install/abb_gz_hardware/share/abb_gz_hardware/cmake/abb_gz_hardwareConfig-version.cmake
[1.561s] -- Up-to-date symlink: /abb_ws/install/abb_gz_hardware/share/abb_gz_hardware/package.xml
[1.576s] Invoked command in '/abb_ws/build/abb_gz_hardware' returned '0': CMAKE_PREFIX_PATH=${CMAKE_PREFIX_PATH}:/abb_ws/install/abb_tf_generator:/abb_ws/install/abb_path_generator:/abb_ws/install/abb_path_controller:/abb_ws/install/abb_mujoco_python:/abb_ws/install/abb_ik_solver:/opt/ros/humble /usr/bin/cmake --install /abb_ws/build/abb_gz_hardware
