[1.610s] Invoking command in '/home/eia/repo/rbi_2025_2/rov/rov_ws/build/rov_hardware_interface': CMAKE_PREFIX_PATH=/opt/ros/humble /usr/bin/cmake --build /home/eia/repo/rbi_2025_2/rov/rov_ws/build/rov_hardware_interface -- -j12 -l12
[3.999s] [100%] Built target rov_hardware_interface
[4.077s] Invoked command in '/home/eia/repo/rbi_2025_2/rov/rov_ws/build/rov_hardware_interface' returned '0': CMAKE_PREFIX_PATH=/opt/ros/humble /usr/bin/cmake --build /home/eia/repo/rbi_2025_2/rov/rov_ws/build/rov_hardware_interface -- -j12 -l12
[4.086s] Invoking command in '/home/eia/repo/rbi_2025_2/rov/rov_ws/build/rov_hardware_interface': CMAKE_PREFIX_PATH=/opt/ros/humble /usr/bin/cmake --install /home/eia/repo/rbi_2025_2/rov/rov_ws/build/rov_hardware_interface
[4.219s] -- Install configuration: ""
[4.220s] -- Execute custom install script
[4.221s] -- Up-to-date symlink: /home/eia/repo/rbi_2025_2/rov/rov_ws/install/rov_hardware_interface/share/rov_hardware_interface//rov_hardware_interface.xml
[4.222s] -- Up-to-date symlink: /home/eia/repo/rbi_2025_2/rov/rov_ws/install/rov_hardware_interface/lib/librov_hardware_interface.so
[4.222s] -- Up-to-date symlink: /home/eia/repo/rbi_2025_2/rov/rov_ws/install/rov_hardware_interface/include/include/rov_hardware_interface/rov_hardware_interface.hpp
[4.223s] -- Up-to-date symlink: /home/eia/repo/rbi_2025_2/rov/rov_ws/install/rov_hardware_interface/share/rov_hardware_interface/environment/library_path.sh
[4.223s] -- Up-to-date symlink: /home/eia/repo/rbi_2025_2/rov/rov_ws/install/rov_hardware_interface/share/rov_hardware_interface/environment/library_path.dsv
[4.224s] -- Up-to-date symlink: /home/eia/repo/rbi_2025_2/rov/rov_ws/install/rov_hardware_interface/share/ament_index/resource_index/package_run_dependencies/rov_hardware_interface
[4.224s] -- Up-to-date symlink: /home/eia/repo/rbi_2025_2/rov/rov_ws/install/rov_hardware_interface/share/ament_index/resource_index/parent_prefix_path/rov_hardware_interface
[4.225s] -- Up-to-date symlink: /home/eia/repo/rbi_2025_2/rov/rov_ws/install/rov_hardware_interface/share/rov_hardware_interface/environment/ament_prefix_path.sh
[4.225s] -- Up-to-date symlink: /home/eia/repo/rbi_2025_2/rov/rov_ws/install/rov_hardware_interface/share/rov_hardware_interface/environment/ament_prefix_path.dsv
[4.226s] -- Up-to-date symlink: /home/eia/repo/rbi_2025_2/rov/rov_ws/install/rov_hardware_interface/share/rov_hardware_interface/environment/path.sh
[4.226s] -- Up-to-date symlink: /home/eia/repo/rbi_2025_2/rov/rov_ws/install/rov_hardware_interface/share/rov_hardware_interface/environment/path.dsv
[4.227s] -- Up-to-date symlink: /home/eia/repo/rbi_2025_2/rov/rov_ws/install/rov_hardware_interface/share/rov_hardware_interface/local_setup.bash
[4.228s] -- Up-to-date symlink: /home/eia/repo/rbi_2025_2/rov/rov_ws/install/rov_hardware_interface/share/rov_hardware_interface/local_setup.sh
[4.228s] -- Up-to-date symlink: /home/eia/repo/rbi_2025_2/rov/rov_ws/install/rov_hardware_interface/share/rov_hardware_interface/local_setup.zsh
[4.229s] -- Up-to-date symlink: /home/eia/repo/rbi_2025_2/rov/rov_ws/install/rov_hardware_interface/share/rov_hardware_interface/local_setup.dsv
[4.230s] -- Symlinking: /home/eia/repo/rbi_2025_2/rov/rov_ws/install/rov_hardware_interface/share/rov_hardware_interface/package.dsv
[4.234s] -- Up-to-date symlink: /home/eia/repo/rbi_2025_2/rov/rov_ws/install/rov_hardware_interface/share/ament_index/resource_index/packages/rov_hardware_interface
[4.238s] -- Up-to-date symlink: /home/eia/repo/rbi_2025_2/rov/rov_ws/install/rov_hardware_interface/share/ament_index/resource_index/hardware_interface__pluginlib__plugin/rov_hardware_interface
[4.239s] -- Up-to-date symlink: /home/eia/repo/rbi_2025_2/rov/rov_ws/install/rov_hardware_interface/share/rov_hardware_interface/cmake/ament_cmake_export_libraries-extras.cmake
[4.239s] -- Up-to-date symlink: /home/eia/repo/rbi_2025_2/rov/rov_ws/install/rov_hardware_interface/share/rov_hardware_interface/cmake/ament_cmake_export_dependencies-extras.cmake
[4.240s] -- Up-to-date symlink: /home/eia/repo/rbi_2025_2/rov/rov_ws/install/rov_hardware_interface/share/rov_hardware_interface/cmake/rov_hardware_interfaceConfig.cmake
[4.241s] -- Up-to-date symlink: /home/eia/repo/rbi_2025_2/rov/rov_ws/install/rov_hardware_interface/share/rov_hardware_interface/cmake/rov_hardware_interfaceConfig-version.cmake
[4.241s] -- Up-to-date symlink: /home/eia/repo/rbi_2025_2/rov/rov_ws/install/rov_hardware_interface/share/rov_hardware_interface/package.xml
[4.657s] Invoked command in '/home/eia/repo/rbi_2025_2/rov/rov_ws/build/rov_hardware_interface' returned '0': CMAKE_PREFIX_PATH=/opt/ros/humble /usr/bin/cmake --install /home/eia/repo/rbi_2025_2/rov/rov_ws/build/rov_hardware_interface
