[2.339s] Invoking command in '/home/eia/repo/rbi_2025_2/rov/rov_ws/build/rov_real_description': CMAKE_PREFIX_PATH=${CMAKE_PREFIX_PATH}:/home/eia/repo/rbi_2025_2/rov/rov_ws/install/rov_position_controller:/home/eia/repo/rbi_2025_2/rov/rov_ws/install/rov_path_generator:/home/eia/repo/rbi_2025_2/rov/rov_ws/install/rov_path_follower:/home/eia/repo/rbi_2025_2/rov/rov_ws/install/rov_attitude_controller:/home/eia/repo/rbi_2025_2/rov/rov_ws/install/direct_control:/opt/ros/humble /usr/bin/cmake --build /home/eia/repo/rbi_2025_2/rov/rov_ws/build/rov_real_description -- -j12 -l12
[2.462s] Invoked command in '/home/eia/repo/rbi_2025_2/rov/rov_ws/build/rov_real_description' returned '0': CMAKE_PREFIX_PATH=${CMAKE_PREFIX_PATH}:/home/eia/repo/rbi_2025_2/rov/rov_ws/install/rov_position_controller:/home/eia/repo/rbi_2025_2/rov/rov_ws/install/rov_path_generator:/home/eia/repo/rbi_2025_2/rov/rov_ws/install/rov_path_follower:/home/eia/repo/rbi_2025_2/rov/rov_ws/install/rov_attitude_controller:/home/eia/repo/rbi_2025_2/rov/rov_ws/install/direct_control:/opt/ros/humble /usr/bin/cmake --build /home/eia/repo/rbi_2025_2/rov/rov_ws/build/rov_real_description -- -j12 -l12
[2.464s] Invoking command in '/home/eia/repo/rbi_2025_2/rov/rov_ws/build/rov_real_description': CMAKE_PREFIX_PATH=${CMAKE_PREFIX_PATH}:/home/eia/repo/rbi_2025_2/rov/rov_ws/install/rov_position_controller:/home/eia/repo/rbi_2025_2/rov/rov_ws/install/rov_path_generator:/home/eia/repo/rbi_2025_2/rov/rov_ws/install/rov_path_follower:/home/eia/repo/rbi_2025_2/rov/rov_ws/install/rov_attitude_controller:/home/eia/repo/rbi_2025_2/rov/rov_ws/install/direct_control:/opt/ros/humble /usr/bin/cmake --install /home/eia/repo/rbi_2025_2/rov/rov_ws/build/rov_real_description
[2.501s] -- Install configuration: ""
[2.501s] -- Execute custom install script
[2.501s] -- Up-to-date symlink: /home/eia/repo/rbi_2025_2/rov/rov_ws/install/rov_real_description/share/rov_real_description//urdf/rov_description.urdf.xacro
[2.502s] -- Up-to-date symlink: /home/eia/repo/rbi_2025_2/rov/rov_ws/install/rov_real_description/share/rov_real_description//launch/display.launch.xml
[2.502s] -- Up-to-date symlink: /home/eia/repo/rbi_2025_2/rov/rov_ws/install/rov_real_description/share/ament_index/resource_index/package_run_dependencies/rov_real_description
[2.502s] -- Up-to-date symlink: /home/eia/repo/rbi_2025_2/rov/rov_ws/install/rov_real_description/share/ament_index/resource_index/parent_prefix_path/rov_real_description
[2.502s] -- Up-to-date symlink: /home/eia/repo/rbi_2025_2/rov/rov_ws/install/rov_real_description/share/rov_real_description/environment/ament_prefix_path.sh
[2.502s] -- Up-to-date symlink: /home/eia/repo/rbi_2025_2/rov/rov_ws/install/rov_real_description/share/rov_real_description/environment/ament_prefix_path.dsv
[2.502s] -- Up-to-date symlink: /home/eia/repo/rbi_2025_2/rov/rov_ws/install/rov_real_description/share/rov_real_description/environment/path.sh
[2.502s] -- Up-to-date symlink: /home/eia/repo/rbi_2025_2/rov/rov_ws/install/rov_real_description/share/rov_real_description/environment/path.dsv
[2.503s] -- Up-to-date symlink: /home/eia/repo/rbi_2025_2/rov/rov_ws/install/rov_real_description/share/rov_real_description/local_setup.bash
[2.503s] -- Up-to-date symlink: /home/eia/repo/rbi_2025_2/rov/rov_ws/install/rov_real_description/share/rov_real_description/local_setup.sh
[2.503s] -- Up-to-date symlink: /home/eia/repo/rbi_2025_2/rov/rov_ws/install/rov_real_description/share/rov_real_description/local_setup.zsh
[2.503s] -- Up-to-date symlink: /home/eia/repo/rbi_2025_2/rov/rov_ws/install/rov_real_description/share/rov_real_description/local_setup.dsv
[2.503s] -- Symlinking: /home/eia/repo/rbi_2025_2/rov/rov_ws/install/rov_real_description/share/rov_real_description/package.dsv
[2.503s] -- Up-to-date symlink: /home/eia/repo/rbi_2025_2/rov/rov_ws/install/rov_real_description/share/ament_index/resource_index/packages/rov_real_description
[2.504s] -- Up-to-date symlink: /home/eia/repo/rbi_2025_2/rov/rov_ws/install/rov_real_description/share/rov_real_description/cmake/rov_real_descriptionConfig.cmake
[2.504s] -- Up-to-date symlink: /home/eia/repo/rbi_2025_2/rov/rov_ws/install/rov_real_description/share/rov_real_description/cmake/rov_real_descriptionConfig-version.cmake
[2.504s] -- Up-to-date symlink: /home/eia/repo/rbi_2025_2/rov/rov_ws/install/rov_real_description/share/rov_real_description/package.xml
[2.548s] Invoked command in '/home/eia/repo/rbi_2025_2/rov/rov_ws/build/rov_real_description' returned '0': CMAKE_PREFIX_PATH=${CMAKE_PREFIX_PATH}:/home/eia/repo/rbi_2025_2/rov/rov_ws/install/rov_position_controller:/home/eia/repo/rbi_2025_2/rov/rov_ws/install/rov_path_generator:/home/eia/repo/rbi_2025_2/rov/rov_ws/install/rov_path_follower:/home/eia/repo/rbi_2025_2/rov/rov_ws/install/rov_attitude_controller:/home/eia/repo/rbi_2025_2/rov/rov_ws/install/direct_control:/opt/ros/humble /usr/bin/cmake --install /home/eia/repo/rbi_2025_2/rov/rov_ws/build/rov_real_description
