[0.498s] Invoking command in '/abb_ws/build/abb_mujoco_sim': CMAKE_PREFIX_PATH=${CMAKE_PREFIX_PATH}:/abb_ws/install/abb_path_controller:/abb_ws/install/abb_mujoco_python:/abb_ws/install/abb_ik_solver:/opt/ros/humble /usr/bin/cmake --build /abb_ws/build/abb_mujoco_sim -- -j12 -l12
[0.971s] [100%] Built target abb_mujoco_sim
[0.992s] Invoked command in '/abb_ws/build/abb_mujoco_sim' returned '0': CMAKE_PREFIX_PATH=${CMAKE_PREFIX_PATH}:/abb_ws/install/abb_path_controller:/abb_ws/install/abb_mujoco_python:/abb_ws/install/abb_ik_solver:/opt/ros/humble /usr/bin/cmake --build /abb_ws/build/abb_mujoco_sim -- -j12 -l12
[0.994s] Invoking command in '/abb_ws/build/abb_mujoco_sim': CMAKE_PREFIX_PATH=${CMAKE_PREFIX_PATH}:/abb_ws/install/abb_path_controller:/abb_ws/install/abb_mujoco_python:/abb_ws/install/abb_ik_solver:/opt/ros/humble /usr/bin/cmake --install /abb_ws/build/abb_mujoco_sim
[1.030s] -- Install configuration: ""
[1.030s] -- Execute custom install script
[1.030s] -- Up-to-date symlink: /abb_ws/install/abb_mujoco_sim/share/abb_mujoco_sim//abb_hardware_interface.xml
[1.030s] -- Up-to-date symlink: /abb_ws/install/abb_mujoco_sim/lib/libabb_mujoco_sim.so
[1.031s] -- Up-to-date symlink: /abb_ws/install/abb_mujoco_sim/include/include/abb_mujoco_sim/mujoco_sim_interface.hpp
[1.031s] -- Up-to-date symlink: /abb_ws/install/abb_mujoco_sim/share/abb_mujoco_sim/environment/library_path.sh
[1.031s] -- Up-to-date symlink: /abb_ws/install/abb_mujoco_sim/share/abb_mujoco_sim/environment/library_path.dsv
[1.031s] -- Up-to-date symlink: /abb_ws/install/abb_mujoco_sim/share/ament_index/resource_index/package_run_dependencies/abb_mujoco_sim
[1.032s] -- Up-to-date symlink: /abb_ws/install/abb_mujoco_sim/share/ament_index/resource_index/parent_prefix_path/abb_mujoco_sim
[1.032s] -- Up-to-date symlink: /abb_ws/install/abb_mujoco_sim/share/abb_mujoco_sim/environment/ament_prefix_path.sh
[1.032s] -- Up-to-date symlink: /abb_ws/install/abb_mujoco_sim/share/abb_mujoco_sim/environment/ament_prefix_path.dsv
[1.033s] -- Up-to-date symlink: /abb_ws/install/abb_mujoco_sim/share/abb_mujoco_sim/environment/path.sh
[1.033s] -- Up-to-date symlink: /abb_ws/install/abb_mujoco_sim/share/abb_mujoco_sim/environment/path.dsv
[1.033s] -- Up-to-date symlink: /abb_ws/install/abb_mujoco_sim/share/abb_mujoco_sim/local_setup.bash
[1.034s] -- Up-to-date symlink: /abb_ws/install/abb_mujoco_sim/share/abb_mujoco_sim/local_setup.sh
[1.035s] -- Up-to-date symlink: /abb_ws/install/abb_mujoco_sim/share/abb_mujoco_sim/local_setup.zsh
[1.035s] -- Up-to-date symlink: /abb_ws/install/abb_mujoco_sim/share/abb_mujoco_sim/local_setup.dsv
[1.036s] -- Symlinking: /abb_ws/install/abb_mujoco_sim/share/abb_mujoco_sim/package.dsv
[1.038s] -- Up-to-date symlink: /abb_ws/install/abb_mujoco_sim/share/ament_index/resource_index/packages/abb_mujoco_sim
[1.038s] -- Up-to-date symlink: /abb_ws/install/abb_mujoco_sim/share/ament_index/resource_index/hardware_interface__pluginlib__plugin/abb_mujoco_sim
[1.039s] -- Up-to-date symlink: /abb_ws/install/abb_mujoco_sim/share/abb_mujoco_sim/cmake/ament_cmake_export_libraries-extras.cmake
[1.040s] -- Up-to-date symlink: /abb_ws/install/abb_mujoco_sim/share/abb_mujoco_sim/cmake/ament_cmake_export_dependencies-extras.cmake
[1.040s] -- Up-to-date symlink: /abb_ws/install/abb_mujoco_sim/share/abb_mujoco_sim/cmake/abb_mujoco_simConfig.cmake
[1.040s] -- Up-to-date symlink: /abb_ws/install/abb_mujoco_sim/share/abb_mujoco_sim/cmake/abb_mujoco_simConfig-version.cmake
[1.040s] -- Up-to-date symlink: /abb_ws/install/abb_mujoco_sim/share/abb_mujoco_sim/package.xml
[1.123s] Invoked command in '/abb_ws/build/abb_mujoco_sim' returned '0': CMAKE_PREFIX_PATH=${CMAKE_PREFIX_PATH}:/abb_ws/install/abb_path_controller:/abb_ws/install/abb_mujoco_python:/abb_ws/install/abb_ik_solver:/opt/ros/humble /usr/bin/cmake --install /abb_ws/build/abb_mujoco_sim
