[0.305s] Invoking command in '/rov_ws/src/build/rov_mujoco_bringup': CMAKE_PREFIX_PATH=/opt/ros/humble /usr/bin/cmake /rov_ws/src/rov_mujoco_bringup -DAMENT_CMAKE_SYMLINK_INSTALL=1 -DCMAKE_INSTALL_PREFIX=/rov_ws/src/install/rov_mujoco_bringup
[1.229s] -- The C compiler identification is GNU 11.4.0
[1.229s] -- The CXX compiler identification is GNU 11.4.0
[1.229s] -- Detecting C compiler ABI info
[1.230s] -- Detecting C compiler ABI info - done
[1.230s] -- Check for working C compiler: /usr/bin/cc - skipped
[1.230s] -- Detecting C compile features
[1.230s] -- Detecting C compile features - done
[1.230s] -- Detecting CXX compiler ABI info
[1.230s] -- Detecting CXX compiler ABI info - done
[1.230s] -- Check for working CXX compiler: /usr/bin/c++ - skipped
[1.230s] -- Detecting CXX compile features
[1.230s] -- Detecting CXX compile features - done
[1.230s] -- Found ament_cmake: 1.3.12 (/opt/ros/humble/share/ament_cmake/cmake)
[1.230s] -- Found Python3: /usr/bin/python3 (found version "3.10.12") found components: Interpreter 
[1.230s] -- Override CMake install command with custom implementation using symlinks instead of copying resources
[1.230s] -- Found rclcpp: 16.0.14 (/opt/ros/humble/share/rclcpp/cmake)
[1.230s] -- Found rosidl_generator_c: 3.1.7 (/opt/ros/humble/share/rosidl_generator_c/cmake)
[1.231s] -- Found rosidl_adapter: 3.1.7 (/opt/ros/humble/share/rosidl_adapter/cmake)
[1.231s] -- Found rosidl_generator_cpp: 3.1.7 (/opt/ros/humble/share/rosidl_generator_cpp/cmake)
[1.231s] -- Using all available rosidl_typesupport_c: rosidl_typesupport_fastrtps_c;rosidl_typesupport_introspection_c
[1.231s] -- Using all available rosidl_typesupport_cpp: rosidl_typesupport_fastrtps_cpp;rosidl_typesupport_introspection_cpp
[1.231s] -- Found rmw_implementation_cmake: 6.1.2 (/opt/ros/humble/share/rmw_implementation_cmake/cmake)
[1.231s] -- Found rmw_fastrtps_cpp: 6.2.8 (/opt/ros/humble/share/rmw_fastrtps_cpp/cmake)
[1.231s] -- Found OpenSSL: /usr/lib/x86_64-linux-gnu/libcrypto.so (found version "3.0.2")  
[1.231s] -- Found FastRTPS: /opt/ros/humble/include  
[1.235s] -- Using RMW implementation 'rmw_fastrtps_cpp' as default
[1.240s] -- Looking for pthread.h
[1.325s] -- Looking for pthread.h - found
[1.325s] -- Performing Test CMAKE_HAVE_LIBC_PTHREAD
[1.405s] -- Performing Test CMAKE_HAVE_LIBC_PTHREAD - Success
[1.407s] -- Found Threads: TRUE  
[1.575s] -- Configuring done
[1.582s] -- Generating done
[1.585s] -- Build files have been written to: /rov_ws/src/build/rov_mujoco_bringup
[1.597s] Invoked command in '/rov_ws/src/build/rov_mujoco_bringup' returned '0': CMAKE_PREFIX_PATH=/opt/ros/humble /usr/bin/cmake /rov_ws/src/rov_mujoco_bringup -DAMENT_CMAKE_SYMLINK_INSTALL=1 -DCMAKE_INSTALL_PREFIX=/rov_ws/src/install/rov_mujoco_bringup
[1.599s] Invoking command in '/rov_ws/src/build/rov_mujoco_bringup': CMAKE_PREFIX_PATH=/opt/ros/humble /usr/bin/cmake --build /rov_ws/src/build/rov_mujoco_bringup -- -j12 -l12
[1.639s] Invoked command in '/rov_ws/src/build/rov_mujoco_bringup' returned '0': CMAKE_PREFIX_PATH=/opt/ros/humble /usr/bin/cmake --build /rov_ws/src/build/rov_mujoco_bringup -- -j12 -l12
[1.641s] Invoking command in '/rov_ws/src/build/rov_mujoco_bringup': CMAKE_PREFIX_PATH=/opt/ros/humble /usr/bin/cmake --install /rov_ws/src/build/rov_mujoco_bringup
[1.647s] -- Install configuration: ""
[1.648s] -- Execute custom install script
[1.648s] -- Symlinking: /rov_ws/src/install/rov_mujoco_bringup/share/rov_mujoco_bringup//config/rov_controllers.yaml
[1.656s] -- Symlinking: /rov_ws/src/install/rov_mujoco_bringup/share/rov_mujoco_bringup//launch/rov_bringup_launch.launch.xml
[1.664s] -- Symlinking: /rov_ws/src/install/rov_mujoco_bringup/share/ament_index/resource_index/package_run_dependencies/rov_mujoco_bringup
[1.672s] -- Symlinking: /rov_ws/src/install/rov_mujoco_bringup/share/ament_index/resource_index/parent_prefix_path/rov_mujoco_bringup
[1.680s] -- Symlinking: /rov_ws/src/install/rov_mujoco_bringup/share/rov_mujoco_bringup/environment/ament_prefix_path.sh
[1.687s] -- Symlinking: /rov_ws/src/install/rov_mujoco_bringup/share/rov_mujoco_bringup/environment/ament_prefix_path.dsv
[1.695s] -- Symlinking: /rov_ws/src/install/rov_mujoco_bringup/share/rov_mujoco_bringup/environment/path.sh
[1.706s] -- Symlinking: /rov_ws/src/install/rov_mujoco_bringup/share/rov_mujoco_bringup/environment/path.dsv
[1.715s] -- Symlinking: /rov_ws/src/install/rov_mujoco_bringup/share/rov_mujoco_bringup/local_setup.bash
[1.722s] -- Symlinking: /rov_ws/src/install/rov_mujoco_bringup/share/rov_mujoco_bringup/local_setup.sh
[1.731s] -- Symlinking: /rov_ws/src/install/rov_mujoco_bringup/share/rov_mujoco_bringup/local_setup.zsh
[1.739s] -- Symlinking: /rov_ws/src/install/rov_mujoco_bringup/share/rov_mujoco_bringup/local_setup.dsv
[1.747s] -- Symlinking: /rov_ws/src/install/rov_mujoco_bringup/share/rov_mujoco_bringup/package.dsv
[1.755s] -- Symlinking: /rov_ws/src/install/rov_mujoco_bringup/share/ament_index/resource_index/packages/rov_mujoco_bringup
[1.764s] -- Symlinking: /rov_ws/src/install/rov_mujoco_bringup/share/rov_mujoco_bringup/cmake/rov_mujoco_bringupConfig.cmake
[1.772s] -- Symlinking: /rov_ws/src/install/rov_mujoco_bringup/share/rov_mujoco_bringup/cmake/rov_mujoco_bringupConfig-version.cmake
[1.780s] -- Symlinking: /rov_ws/src/install/rov_mujoco_bringup/share/rov_mujoco_bringup/package.xml
[1.790s] Invoked command in '/rov_ws/src/build/rov_mujoco_bringup' returned '0': CMAKE_PREFIX_PATH=/opt/ros/humble /usr/bin/cmake --install /rov_ws/src/build/rov_mujoco_bringup
