[2.782s] Invoking command in '/home/eia/repo/rbi_2025_2/scara/scara_ws/build/scara_path_controller': PYTHONPATH=/home/eia/repo/rbi_2025_2/scara/scara_ws/build/scara_path_controller/prefix_override:/home/eia/.local/lib/python3.10/site-packages/colcon_core/task/python/colcon_distutils_commands:/home/eia/repo/rbi_2025_2/scara/scara_ws/install/scara_path_controller/lib/python3.10/site-packages:${PYTHONPATH} /usr/bin/python3 -W ignore:setup.py install is deprecated -W ignore:easy_install command is deprecated setup.py develop --editable --build-directory /home/eia/repo/rbi_2025_2/scara/scara_ws/build/scara_path_controller/build --no-deps symlink_data
[3.168s] running develop
[3.472s] running egg_info
[3.472s] creating scara_path_controller.egg-info
[3.472s] writing scara_path_controller.egg-info/PKG-INFO
[3.472s] writing dependency_links to scara_path_controller.egg-info/dependency_links.txt
[3.472s] writing entry points to scara_path_controller.egg-info/entry_points.txt
[3.472s] writing requirements to scara_path_controller.egg-info/requires.txt
[3.472s] writing top-level names to scara_path_controller.egg-info/top_level.txt
[3.473s] writing manifest file 'scara_path_controller.egg-info/SOURCES.txt'
[3.475s] reading manifest file 'scara_path_controller.egg-info/SOURCES.txt'
[3.475s] writing manifest file 'scara_path_controller.egg-info/SOURCES.txt'
[3.521s] running build_ext
[3.521s] Creating /home/eia/repo/rbi_2025_2/scara/scara_ws/install/scara_path_controller/lib/python3.10/site-packages/scara-path-controller.egg-link (link to .)
[3.522s] Installing scara_path_controller script to /home/eia/repo/rbi_2025_2/scara/scara_ws/install/scara_path_controller/lib/scara_path_controller
[3.522s] 
[3.522s] Installed /home/eia/repo/rbi_2025_2/scara/scara_ws/build/scara_path_controller
[3.522s] running symlink_data
[3.522s] creating /home/eia/repo/rbi_2025_2/scara/scara_ws/install/scara_path_controller/share/ament_index
[3.523s] creating /home/eia/repo/rbi_2025_2/scara/scara_ws/install/scara_path_controller/share/ament_index/resource_index
[3.523s] creating /home/eia/repo/rbi_2025_2/scara/scara_ws/install/scara_path_controller/share/ament_index/resource_index/packages
[3.523s] symbolically linking /home/eia/repo/rbi_2025_2/scara/scara_ws/build/scara_path_controller/resource/scara_path_controller -> /home/eia/repo/rbi_2025_2/scara/scara_ws/install/scara_path_controller/share/ament_index/resource_index/packages
[3.523s] symbolically linking /home/eia/repo/rbi_2025_2/scara/scara_ws/build/scara_path_controller/package.xml -> /home/eia/repo/rbi_2025_2/scara/scara_ws/install/scara_path_controller/share/scara_path_controller
[3.523s] creating /home/eia/repo/rbi_2025_2/scara/scara_ws/install/scara_path_controller/share/scara_path_controller/launch
[3.523s] creating /home/eia/repo/rbi_2025_2/scara/scara_ws/install/scara_path_controller/share/scara_path_controller/descriptions
[3.523s] creating /home/eia/repo/rbi_2025_2/scara/scara_ws/install/scara_path_controller/share/scara_path_controller/config
[3.572s] Invoked command in '/home/eia/repo/rbi_2025_2/scara/scara_ws/build/scara_path_controller' returned '0': PYTHONPATH=/home/eia/repo/rbi_2025_2/scara/scara_ws/build/scara_path_controller/prefix_override:/home/eia/.local/lib/python3.10/site-packages/colcon_core/task/python/colcon_distutils_commands:/home/eia/repo/rbi_2025_2/scara/scara_ws/install/scara_path_controller/lib/python3.10/site-packages:${PYTHONPATH} /usr/bin/python3 -W ignore:setup.py install is deprecated -W ignore:easy_install command is deprecated setup.py develop --editable --build-directory /home/eia/repo/rbi_2025_2/scara/scara_ws/build/scara_path_controller/build --no-deps symlink_data
