[2.657s] Invoking command in '/home/eia/rbi_2025/scara/scara_ws/build/scara_gz_bringup': CMAKE_PREFIX_PATH=${CMAKE_PREFIX_PATH}:/home/eia/rbi_2025/scara/scara_ws/install/scara_tf_generator:/home/eia/rbi_2025/scara/scara_ws/install/scara_path_generator:/home/eia/rbi_2025/scara/scara_ws/install/scara_path_controller:/home/eia/rbi_2025/scara/scara_ws/install/scara_mujoco_python_sim:/home/eia/rbi_2025/scara/scara_ws/install/scara_general_ik_solver:/home/eia/rbi_2025/scara/scara_ws/install/premade_path_publisher:/opt/ros/humble /usr/bin/cmake --build /home/eia/rbi_2025/scara/scara_ws/build/scara_gz_bringup -- -j12 -l12
[6.749s] Invoked command in '/home/eia/rbi_2025/scara/scara_ws/build/scara_gz_bringup' returned '0': CMAKE_PREFIX_PATH=${CMAKE_PREFIX_PATH}:/home/eia/rbi_2025/scara/scara_ws/install/scara_tf_generator:/home/eia/rbi_2025/scara/scara_ws/install/scara_path_generator:/home/eia/rbi_2025/scara/scara_ws/install/scara_path_controller:/home/eia/rbi_2025/scara/scara_ws/install/scara_mujoco_python_sim:/home/eia/rbi_2025/scara/scara_ws/install/scara_general_ik_solver:/home/eia/rbi_2025/scara/scara_ws/install/premade_path_publisher:/opt/ros/humble /usr/bin/cmake --build /home/eia/rbi_2025/scara/scara_ws/build/scara_gz_bringup -- -j12 -l12
[6.783s] Invoking command in '/home/eia/rbi_2025/scara/scara_ws/build/scara_gz_bringup': CMAKE_PREFIX_PATH=${CMAKE_PREFIX_PATH}:/home/eia/rbi_2025/scara/scara_ws/install/scara_tf_generator:/home/eia/rbi_2025/scara/scara_ws/install/scara_path_generator:/home/eia/rbi_2025/scara/scara_ws/install/scara_path_controller:/home/eia/rbi_2025/scara/scara_ws/install/scara_mujoco_python_sim:/home/eia/rbi_2025/scara/scara_ws/install/scara_general_ik_solver:/home/eia/rbi_2025/scara/scara_ws/install/premade_path_publisher:/opt/ros/humble /usr/bin/cmake --install /home/eia/rbi_2025/scara/scara_ws/build/scara_gz_bringup
[6.843s] -- Install configuration: ""
[6.845s] -- Execute custom install script
[6.846s] -- Up-to-date symlink: /home/eia/rbi_2025/scara/scara_ws/install/scara_gz_bringup/share/scara_gz_bringup//launch/scara_bringup.launch.xml
[6.847s] -- Up-to-date symlink: /home/eia/rbi_2025/scara/scara_ws/install/scara_gz_bringup/share/scara_gz_bringup//config/controllers.yaml
[6.851s] -- Up-to-date symlink: /home/eia/rbi_2025/scara/scara_ws/install/scara_gz_bringup/share/scara_gz_bringup//config/gazebo_bridge.yaml
[6.855s] -- Up-to-date symlink: /home/eia/rbi_2025/scara/scara_ws/install/scara_gz_bringup/share/scara_gz_bringup//config/scara_config.rviz
[6.857s] -- Up-to-date symlink: /home/eia/rbi_2025/scara/scara_ws/install/scara_gz_bringup/share/ament_index/resource_index/package_run_dependencies/scara_gz_bringup
[6.858s] -- Up-to-date symlink: /home/eia/rbi_2025/scara/scara_ws/install/scara_gz_bringup/share/ament_index/resource_index/parent_prefix_path/scara_gz_bringup
[6.858s] -- Up-to-date symlink: /home/eia/rbi_2025/scara/scara_ws/install/scara_gz_bringup/share/scara_gz_bringup/environment/ament_prefix_path.sh
[6.859s] -- Up-to-date symlink: /home/eia/rbi_2025/scara/scara_ws/install/scara_gz_bringup/share/scara_gz_bringup/environment/ament_prefix_path.dsv
[6.859s] -- Up-to-date symlink: /home/eia/rbi_2025/scara/scara_ws/install/scara_gz_bringup/share/scara_gz_bringup/environment/path.sh
[6.860s] -- Up-to-date symlink: /home/eia/rbi_2025/scara/scara_ws/install/scara_gz_bringup/share/scara_gz_bringup/environment/path.dsv
[6.860s] -- Up-to-date symlink: /home/eia/rbi_2025/scara/scara_ws/install/scara_gz_bringup/share/scara_gz_bringup/local_setup.bash
[6.861s] -- Up-to-date symlink: /home/eia/rbi_2025/scara/scara_ws/install/scara_gz_bringup/share/scara_gz_bringup/local_setup.sh
[6.861s] -- Up-to-date symlink: /home/eia/rbi_2025/scara/scara_ws/install/scara_gz_bringup/share/scara_gz_bringup/local_setup.zsh
[6.862s] -- Up-to-date symlink: /home/eia/rbi_2025/scara/scara_ws/install/scara_gz_bringup/share/scara_gz_bringup/local_setup.dsv
[6.863s] -- Symlinking: /home/eia/rbi_2025/scara/scara_ws/install/scara_gz_bringup/share/scara_gz_bringup/package.dsv
[6.908s] -- Up-to-date symlink: /home/eia/rbi_2025/scara/scara_ws/install/scara_gz_bringup/share/ament_index/resource_index/packages/scara_gz_bringup
[6.913s] -- Up-to-date symlink: /home/eia/rbi_2025/scara/scara_ws/install/scara_gz_bringup/share/scara_gz_bringup/cmake/scara_gz_bringupConfig.cmake
[6.934s] -- Up-to-date symlink: /home/eia/rbi_2025/scara/scara_ws/install/scara_gz_bringup/share/scara_gz_bringup/cmake/scara_gz_bringupConfig-version.cmake
[6.935s] -- Up-to-date symlink: /home/eia/rbi_2025/scara/scara_ws/install/scara_gz_bringup/share/scara_gz_bringup/package.xml
[7.074s] Invoked command in '/home/eia/rbi_2025/scara/scara_ws/build/scara_gz_bringup' returned '0': CMAKE_PREFIX_PATH=${CMAKE_PREFIX_PATH}:/home/eia/rbi_2025/scara/scara_ws/install/scara_tf_generator:/home/eia/rbi_2025/scara/scara_ws/install/scara_path_generator:/home/eia/rbi_2025/scara/scara_ws/install/scara_path_controller:/home/eia/rbi_2025/scara/scara_ws/install/scara_mujoco_python_sim:/home/eia/rbi_2025/scara/scara_ws/install/scara_general_ik_solver:/home/eia/rbi_2025/scara/scara_ws/install/premade_path_publisher:/opt/ros/humble /usr/bin/cmake --install /home/eia/rbi_2025/scara/scara_ws/build/scara_gz_bringup
