[0.771s] Invoking command in '/abb_ws/build/abb_mujoco_sim': CMAKE_PREFIX_PATH=/opt/ros/humble /usr/bin/cmake --build /abb_ws/build/abb_mujoco_sim -- -j12 -l12
[1.844s] [ 50%] [32mBuilding CXX object CMakeFiles/abb_mujoco_sim.dir/src/mujoco_sim_interface.cpp.o[0m
[7.356s] [100%] [32m[1mLinking CXX shared library libabb_mujoco_sim.so[0m
[7.630s] [100%] Built target abb_mujoco_sim
[7.642s] Invoked command in '/abb_ws/build/abb_mujoco_sim' returned '0': CMAKE_PREFIX_PATH=/opt/ros/humble /usr/bin/cmake --build /abb_ws/build/abb_mujoco_sim -- -j12 -l12
[7.644s] Invoking command in '/abb_ws/build/abb_mujoco_sim': CMAKE_PREFIX_PATH=/opt/ros/humble /usr/bin/cmake --install /abb_ws/build/abb_mujoco_sim
[7.652s] -- Install configuration: ""
[7.653s] -- Execute custom install script
[7.653s] -- Up-to-date symlink: /abb_ws/install/abb_mujoco_sim/share/abb_mujoco_sim//abb_hardware_interface.xml
[7.654s] -- Up-to-date symlink: /abb_ws/install/abb_mujoco_sim/lib/libabb_mujoco_sim.so
[7.654s] -- Up-to-date symlink: /abb_ws/install/abb_mujoco_sim/include/include/abb_mujoco_sim/mujoco_sim_interface.hpp
[7.654s] -- Up-to-date symlink: /abb_ws/install/abb_mujoco_sim/share/abb_mujoco_sim/environment/library_path.sh
[7.655s] -- Up-to-date symlink: /abb_ws/install/abb_mujoco_sim/share/abb_mujoco_sim/environment/library_path.dsv
[7.655s] -- Up-to-date symlink: /abb_ws/install/abb_mujoco_sim/share/ament_index/resource_index/package_run_dependencies/abb_mujoco_sim
[7.655s] -- Up-to-date symlink: /abb_ws/install/abb_mujoco_sim/share/ament_index/resource_index/parent_prefix_path/abb_mujoco_sim
[7.655s] -- Up-to-date symlink: /abb_ws/install/abb_mujoco_sim/share/abb_mujoco_sim/environment/ament_prefix_path.sh
[7.656s] -- Up-to-date symlink: /abb_ws/install/abb_mujoco_sim/share/abb_mujoco_sim/environment/ament_prefix_path.dsv
[7.656s] -- Up-to-date symlink: /abb_ws/install/abb_mujoco_sim/share/abb_mujoco_sim/environment/path.sh
[7.656s] -- Up-to-date symlink: /abb_ws/install/abb_mujoco_sim/share/abb_mujoco_sim/environment/path.dsv
[7.656s] -- Up-to-date symlink: /abb_ws/install/abb_mujoco_sim/share/abb_mujoco_sim/local_setup.bash
[7.657s] -- Up-to-date symlink: /abb_ws/install/abb_mujoco_sim/share/abb_mujoco_sim/local_setup.sh
[7.657s] -- Up-to-date symlink: /abb_ws/install/abb_mujoco_sim/share/abb_mujoco_sim/local_setup.zsh
[7.657s] -- Up-to-date symlink: /abb_ws/install/abb_mujoco_sim/share/abb_mujoco_sim/local_setup.dsv
[7.657s] -- Symlinking: /abb_ws/install/abb_mujoco_sim/share/abb_mujoco_sim/package.dsv
[7.666s] -- Up-to-date symlink: /abb_ws/install/abb_mujoco_sim/share/ament_index/resource_index/packages/abb_mujoco_sim
[7.667s] -- Up-to-date symlink: /abb_ws/install/abb_mujoco_sim/share/ament_index/resource_index/hardware_interface__pluginlib__plugin/abb_mujoco_sim
[7.667s] -- Up-to-date symlink: /abb_ws/install/abb_mujoco_sim/share/abb_mujoco_sim/cmake/ament_cmake_export_libraries-extras.cmake
[7.667s] -- Up-to-date symlink: /abb_ws/install/abb_mujoco_sim/share/abb_mujoco_sim/cmake/ament_cmake_export_dependencies-extras.cmake
[7.667s] -- Up-to-date symlink: /abb_ws/install/abb_mujoco_sim/share/abb_mujoco_sim/cmake/abb_mujoco_simConfig.cmake
[7.667s] -- Up-to-date symlink: /abb_ws/install/abb_mujoco_sim/share/abb_mujoco_sim/cmake/abb_mujoco_simConfig-version.cmake
[7.668s] -- Up-to-date symlink: /abb_ws/install/abb_mujoco_sim/share/abb_mujoco_sim/package.xml
[7.670s] Invoked command in '/abb_ws/build/abb_mujoco_sim' returned '0': CMAKE_PREFIX_PATH=/opt/ros/humble /usr/bin/cmake --install /abb_ws/build/abb_mujoco_sim
