[3.817s] Invoking command in '/home/eia/rbi_2025/rov/rov_ws/build/rov_attitude_controller': PYTHONPATH=/home/eia/rbi_2025/rov/rov_ws/build/rov_attitude_controller/prefix_override:/home/eia/.local/lib/python3.10/site-packages/colcon_core/task/python/colcon_distutils_commands:/home/eia/rbi_2025/rov/rov_ws/install/rov_attitude_controller/lib/python3.10/site-packages:${PYTHONPATH} /usr/bin/python3 -W ignore:setup.py install is deprecated -W ignore:easy_install command is deprecated setup.py develop --editable --build-directory /home/eia/rbi_2025/rov/rov_ws/build/rov_attitude_controller/build --no-deps symlink_data
[4.640s] running develop
[5.163s] running egg_info
[5.164s] creating rov_attitude_controller.egg-info
[5.164s] writing rov_attitude_controller.egg-info/PKG-INFO
[5.165s] writing dependency_links to rov_attitude_controller.egg-info/dependency_links.txt
[5.165s] writing entry points to rov_attitude_controller.egg-info/entry_points.txt
[5.165s] writing requirements to rov_attitude_controller.egg-info/requires.txt
[5.166s] writing top-level names to rov_attitude_controller.egg-info/top_level.txt
[5.166s] writing manifest file 'rov_attitude_controller.egg-info/SOURCES.txt'
[5.167s] reading manifest file 'rov_attitude_controller.egg-info/SOURCES.txt'
[5.167s] writing manifest file 'rov_attitude_controller.egg-info/SOURCES.txt'
[5.219s] running build_ext
[5.219s] Creating /home/eia/rbi_2025/rov/rov_ws/install/rov_attitude_controller/lib/python3.10/site-packages/rov-attitude-controller.egg-link (link to .)
[5.220s] Installing rov_attitude_controller script to /home/eia/rbi_2025/rov/rov_ws/install/rov_attitude_controller/lib/rov_attitude_controller
[5.220s] 
[5.220s] Installed /home/eia/rbi_2025/rov/rov_ws/build/rov_attitude_controller
[5.221s] running symlink_data
[5.221s] creating /home/eia/rbi_2025/rov/rov_ws/install/rov_attitude_controller/share/ament_index
[5.221s] creating /home/eia/rbi_2025/rov/rov_ws/install/rov_attitude_controller/share/ament_index/resource_index
[5.221s] creating /home/eia/rbi_2025/rov/rov_ws/install/rov_attitude_controller/share/ament_index/resource_index/packages
[5.221s] symbolically linking /home/eia/rbi_2025/rov/rov_ws/build/rov_attitude_controller/resource/rov_attitude_controller -> /home/eia/rbi_2025/rov/rov_ws/install/rov_attitude_controller/share/ament_index/resource_index/packages
[5.221s] symbolically linking /home/eia/rbi_2025/rov/rov_ws/build/rov_attitude_controller/package.xml -> /home/eia/rbi_2025/rov/rov_ws/install/rov_attitude_controller/share/rov_attitude_controller
[5.222s] creating /home/eia/rbi_2025/rov/rov_ws/install/rov_attitude_controller/share/rov_attitude_controller/launch
[5.222s] creating /home/eia/rbi_2025/rov/rov_ws/install/rov_attitude_controller/share/rov_attitude_controller/descriptions
[5.222s] creating /home/eia/rbi_2025/rov/rov_ws/install/rov_attitude_controller/share/rov_attitude_controller/config
[5.274s] Invoked command in '/home/eia/rbi_2025/rov/rov_ws/build/rov_attitude_controller' returned '0': PYTHONPATH=/home/eia/rbi_2025/rov/rov_ws/build/rov_attitude_controller/prefix_override:/home/eia/.local/lib/python3.10/site-packages/colcon_core/task/python/colcon_distutils_commands:/home/eia/rbi_2025/rov/rov_ws/install/rov_attitude_controller/lib/python3.10/site-packages:${PYTHONPATH} /usr/bin/python3 -W ignore:setup.py install is deprecated -W ignore:easy_install command is deprecated setup.py develop --editable --build-directory /home/eia/rbi_2025/rov/rov_ws/build/rov_attitude_controller/build --no-deps symlink_data
