[0.515s] Invoking command in '/abb_ws/build/abb_mujoco_sim': CMAKE_PREFIX_PATH=${CMAKE_PREFIX_PATH}:/abb_ws/install/abb_path_controller:/abb_ws/install/abb_mujoco_python:/abb_ws/install/abb_ik_solver:/opt/ros/humble /usr/bin/cmake --build /abb_ws/build/abb_mujoco_sim -- -j12 -l12
[0.766s] [100%] Built target abb_mujoco_sim
[0.787s] Invoked command in '/abb_ws/build/abb_mujoco_sim' returned '0': CMAKE_PREFIX_PATH=${CMAKE_PREFIX_PATH}:/abb_ws/install/abb_path_controller:/abb_ws/install/abb_mujoco_python:/abb_ws/install/abb_ik_solver:/opt/ros/humble /usr/bin/cmake --build /abb_ws/build/abb_mujoco_sim -- -j12 -l12
[0.801s] Invoking command in '/abb_ws/build/abb_mujoco_sim': CMAKE_PREFIX_PATH=${CMAKE_PREFIX_PATH}:/abb_ws/install/abb_path_controller:/abb_ws/install/abb_mujoco_python:/abb_ws/install/abb_ik_solver:/opt/ros/humble /usr/bin/cmake --install /abb_ws/build/abb_mujoco_sim
[0.814s] -- Install configuration: ""
[0.814s] -- Execute custom install script
[0.814s] -- Up-to-date symlink: /abb_ws/install/abb_mujoco_sim/share/abb_mujoco_sim//abb_hardware_interface.xml
[0.814s] -- Up-to-date symlink: /abb_ws/install/abb_mujoco_sim/lib/libabb_mujoco_sim.so
[0.814s] -- Up-to-date symlink: /abb_ws/install/abb_mujoco_sim/include/include/abb_mujoco_sim/mujoco_sim_interface.hpp
[0.814s] -- Up-to-date symlink: /abb_ws/install/abb_mujoco_sim/share/abb_mujoco_sim/environment/library_path.sh
[0.814s] -- Up-to-date symlink: /abb_ws/install/abb_mujoco_sim/share/abb_mujoco_sim/environment/library_path.dsv
[0.814s] -- Up-to-date symlink: /abb_ws/install/abb_mujoco_sim/share/ament_index/resource_index/package_run_dependencies/abb_mujoco_sim
[0.814s] -- Up-to-date symlink: /abb_ws/install/abb_mujoco_sim/share/ament_index/resource_index/parent_prefix_path/abb_mujoco_sim
[0.815s] -- Up-to-date symlink: /abb_ws/install/abb_mujoco_sim/share/abb_mujoco_sim/environment/ament_prefix_path.sh
[0.815s] -- Up-to-date symlink: /abb_ws/install/abb_mujoco_sim/share/abb_mujoco_sim/environment/ament_prefix_path.dsv
[0.815s] -- Up-to-date symlink: /abb_ws/install/abb_mujoco_sim/share/abb_mujoco_sim/environment/path.sh
[0.815s] -- Up-to-date symlink: /abb_ws/install/abb_mujoco_sim/share/abb_mujoco_sim/environment/path.dsv
[0.815s] -- Up-to-date symlink: /abb_ws/install/abb_mujoco_sim/share/abb_mujoco_sim/local_setup.bash
[0.815s] -- Up-to-date symlink: /abb_ws/install/abb_mujoco_sim/share/abb_mujoco_sim/local_setup.sh
[0.815s] -- Up-to-date symlink: /abb_ws/install/abb_mujoco_sim/share/abb_mujoco_sim/local_setup.zsh
[0.815s] -- Up-to-date symlink: /abb_ws/install/abb_mujoco_sim/share/abb_mujoco_sim/local_setup.dsv
[0.815s] -- Symlinking: /abb_ws/install/abb_mujoco_sim/share/abb_mujoco_sim/package.dsv
[0.816s] -- Up-to-date symlink: /abb_ws/install/abb_mujoco_sim/share/ament_index/resource_index/packages/abb_mujoco_sim
[0.816s] -- Up-to-date symlink: /abb_ws/install/abb_mujoco_sim/share/ament_index/resource_index/hardware_interface__pluginlib__plugin/abb_mujoco_sim
[0.816s] -- Up-to-date symlink: /abb_ws/install/abb_mujoco_sim/share/abb_mujoco_sim/cmake/ament_cmake_export_libraries-extras.cmake
[0.816s] -- Up-to-date symlink: /abb_ws/install/abb_mujoco_sim/share/abb_mujoco_sim/cmake/ament_cmake_export_dependencies-extras.cmake
[0.816s] -- Up-to-date symlink: /abb_ws/install/abb_mujoco_sim/share/abb_mujoco_sim/cmake/abb_mujoco_simConfig.cmake
[0.816s] -- Up-to-date symlink: /abb_ws/install/abb_mujoco_sim/share/abb_mujoco_sim/cmake/abb_mujoco_simConfig-version.cmake
[0.816s] -- Up-to-date symlink: /abb_ws/install/abb_mujoco_sim/share/abb_mujoco_sim/package.xml
[0.884s] Invoked command in '/abb_ws/build/abb_mujoco_sim' returned '0': CMAKE_PREFIX_PATH=${CMAKE_PREFIX_PATH}:/abb_ws/install/abb_path_controller:/abb_ws/install/abb_mujoco_python:/abb_ws/install/abb_ik_solver:/opt/ros/humble /usr/bin/cmake --install /abb_ws/build/abb_mujoco_sim
