[1.809s] Invoking command in '/rov_ws/src/build/rov_path_generator': PYTHONPATH=/rov_ws/src/build/rov_path_generator/prefix_override:/usr/lib/python3/dist-packages/colcon_core/task/python/colcon_distutils_commands:/rov_ws/src/install/rov_path_generator/lib/python3.10/site-packages:${PYTHONPATH} /usr/bin/python3 -W ignore:setup.py install is deprecated -W ignore:easy_install command is deprecated setup.py develop --editable --build-directory /rov_ws/src/build/rov_path_generator/build --no-deps symlink_data
[2.137s] running develop
[2.330s] running egg_info
[2.330s] creating rov_path_generator.egg-info
[2.330s] writing rov_path_generator.egg-info/PKG-INFO
[2.330s] writing dependency_links to rov_path_generator.egg-info/dependency_links.txt
[2.331s] writing entry points to rov_path_generator.egg-info/entry_points.txt
[2.331s] writing requirements to rov_path_generator.egg-info/requires.txt
[2.332s] writing top-level names to rov_path_generator.egg-info/top_level.txt
[2.332s] writing manifest file 'rov_path_generator.egg-info/SOURCES.txt'
[2.334s] reading manifest file 'rov_path_generator.egg-info/SOURCES.txt'
[2.335s] writing manifest file 'rov_path_generator.egg-info/SOURCES.txt'
[2.337s] running build_ext
[2.337s] Creating /rov_ws/src/install/rov_path_generator/lib/python3.10/site-packages/rov-path-generator.egg-link (link to .)
[2.338s] Installing rov_path_generator script to /rov_ws/src/install/rov_path_generator/lib/rov_path_generator
[2.339s] 
[2.340s] Installed /rov_ws/src/build/rov_path_generator
[2.340s] running symlink_data
[2.340s] creating /rov_ws/src/install/rov_path_generator/share/ament_index
[2.340s] creating /rov_ws/src/install/rov_path_generator/share/ament_index/resource_index
[2.340s] creating /rov_ws/src/install/rov_path_generator/share/ament_index/resource_index/packages
[2.340s] symbolically linking /rov_ws/src/build/rov_path_generator/resource/rov_path_generator -> /rov_ws/src/install/rov_path_generator/share/ament_index/resource_index/packages
[2.340s] symbolically linking /rov_ws/src/build/rov_path_generator/package.xml -> /rov_ws/src/install/rov_path_generator/share/rov_path_generator
[2.340s] creating /rov_ws/src/install/rov_path_generator/share/rov_path_generator/launch
[2.341s] creating /rov_ws/src/install/rov_path_generator/share/rov_path_generator/descriptions
[2.341s] creating /rov_ws/src/install/rov_path_generator/share/rov_path_generator/config
[2.395s] Invoked command in '/rov_ws/src/build/rov_path_generator' returned '0': PYTHONPATH=/rov_ws/src/build/rov_path_generator/prefix_override:/usr/lib/python3/dist-packages/colcon_core/task/python/colcon_distutils_commands:/rov_ws/src/install/rov_path_generator/lib/python3.10/site-packages:${PYTHONPATH} /usr/bin/python3 -W ignore:setup.py install is deprecated -W ignore:easy_install command is deprecated setup.py develop --editable --build-directory /rov_ws/src/build/rov_path_generator/build --no-deps symlink_data
