[1.612s] Invoking command in '/home/eia/repo/rbi_2025_2/rov/rov_ws/build/rov_controllers': CMAKE_PREFIX_PATH=/opt/ros/humble /usr/bin/cmake --build /home/eia/repo/rbi_2025_2/rov/rov_ws/build/rov_controllers -- -j12 -l12
[4.011s] [100%] Built target rov_controllers
[4.077s] Invoked command in '/home/eia/repo/rbi_2025_2/rov/rov_ws/build/rov_controllers' returned '0': CMAKE_PREFIX_PATH=/opt/ros/humble /usr/bin/cmake --build /home/eia/repo/rbi_2025_2/rov/rov_ws/build/rov_controllers -- -j12 -l12
[4.087s] Invoking command in '/home/eia/repo/rbi_2025_2/rov/rov_ws/build/rov_controllers': CMAKE_PREFIX_PATH=/opt/ros/humble /usr/bin/cmake --install /home/eia/repo/rbi_2025_2/rov/rov_ws/build/rov_controllers
[4.219s] -- Install configuration: ""
[4.221s] -- Execute custom install script
[4.221s] -- Up-to-date symlink: /home/eia/repo/rbi_2025_2/rov/rov_ws/install/rov_controllers/share/rov_controllers//rov_controller.xml
[4.222s] -- Up-to-date symlink: /home/eia/repo/rbi_2025_2/rov/rov_ws/install/rov_controllers/lib/librov_controllers.so
[4.222s] -- Up-to-date symlink: /home/eia/repo/rbi_2025_2/rov/rov_ws/install/rov_controllers/include/include/rov_controllers/rov_forward_controller.hpp
[4.223s] -- Up-to-date symlink: /home/eia/repo/rbi_2025_2/rov/rov_ws/install/rov_controllers/include/include/rov_controllers/rov_hardware_controller.hpp
[4.223s] -- Up-to-date symlink: /home/eia/repo/rbi_2025_2/rov/rov_ws/install/rov_controllers/share/rov_controllers/environment/library_path.sh
[4.224s] -- Up-to-date symlink: /home/eia/repo/rbi_2025_2/rov/rov_ws/install/rov_controllers/share/rov_controllers/environment/library_path.dsv
[4.224s] -- Up-to-date symlink: /home/eia/repo/rbi_2025_2/rov/rov_ws/install/rov_controllers/share/ament_index/resource_index/package_run_dependencies/rov_controllers
[4.225s] -- Up-to-date symlink: /home/eia/repo/rbi_2025_2/rov/rov_ws/install/rov_controllers/share/ament_index/resource_index/parent_prefix_path/rov_controllers
[4.225s] -- Up-to-date symlink: /home/eia/repo/rbi_2025_2/rov/rov_ws/install/rov_controllers/share/rov_controllers/environment/ament_prefix_path.sh
[4.227s] -- Up-to-date symlink: /home/eia/repo/rbi_2025_2/rov/rov_ws/install/rov_controllers/share/rov_controllers/environment/ament_prefix_path.dsv
[4.227s] -- Up-to-date symlink: /home/eia/repo/rbi_2025_2/rov/rov_ws/install/rov_controllers/share/rov_controllers/environment/path.sh
[4.228s] -- Up-to-date symlink: /home/eia/repo/rbi_2025_2/rov/rov_ws/install/rov_controllers/share/rov_controllers/environment/path.dsv
[4.228s] -- Up-to-date symlink: /home/eia/repo/rbi_2025_2/rov/rov_ws/install/rov_controllers/share/rov_controllers/local_setup.bash
[4.228s] -- Up-to-date symlink: /home/eia/repo/rbi_2025_2/rov/rov_ws/install/rov_controllers/share/rov_controllers/local_setup.sh
[4.229s] -- Up-to-date symlink: /home/eia/repo/rbi_2025_2/rov/rov_ws/install/rov_controllers/share/rov_controllers/local_setup.zsh
[4.229s] -- Up-to-date symlink: /home/eia/repo/rbi_2025_2/rov/rov_ws/install/rov_controllers/share/rov_controllers/local_setup.dsv
[4.231s] -- Symlinking: /home/eia/repo/rbi_2025_2/rov/rov_ws/install/rov_controllers/share/rov_controllers/package.dsv
[4.242s] -- Up-to-date symlink: /home/eia/repo/rbi_2025_2/rov/rov_ws/install/rov_controllers/share/ament_index/resource_index/packages/rov_controllers
[4.243s] -- Up-to-date symlink: /home/eia/repo/rbi_2025_2/rov/rov_ws/install/rov_controllers/share/ament_index/resource_index/controller_interface__pluginlib__plugin/rov_controllers
[4.244s] -- Up-to-date symlink: /home/eia/repo/rbi_2025_2/rov/rov_ws/install/rov_controllers/share/rov_controllers/cmake/ament_cmake_export_libraries-extras.cmake
[4.247s] -- Up-to-date symlink: /home/eia/repo/rbi_2025_2/rov/rov_ws/install/rov_controllers/share/rov_controllers/cmake/ament_cmake_export_dependencies-extras.cmake
[4.249s] -- Up-to-date symlink: /home/eia/repo/rbi_2025_2/rov/rov_ws/install/rov_controllers/share/rov_controllers/cmake/rov_controllersConfig.cmake
[4.249s] -- Up-to-date symlink: /home/eia/repo/rbi_2025_2/rov/rov_ws/install/rov_controllers/share/rov_controllers/cmake/rov_controllersConfig-version.cmake
[4.250s] -- Up-to-date symlink: /home/eia/repo/rbi_2025_2/rov/rov_ws/install/rov_controllers/share/rov_controllers/package.xml
[4.567s] Invoked command in '/home/eia/repo/rbi_2025_2/rov/rov_ws/build/rov_controllers' returned '0': CMAKE_PREFIX_PATH=/opt/ros/humble /usr/bin/cmake --install /home/eia/repo/rbi_2025_2/rov/rov_ws/build/rov_controllers
