[2.286s] Invoking command in '/abb_ws/src/abb_path_generator': PYTHONPATH=/abb_ws/build/abb_path_generator/prefix_override:/usr/lib/python3/dist-packages/colcon_core/task/python/colcon_distutils_commands:/abb_ws/install/abb_path_generator/lib/python3.10/site-packages:${PYTHONPATH} /usr/bin/python3 -W ignore:setup.py install is deprecated -W ignore:easy_install command is deprecated setup.py egg_info --egg-base ../../build/abb_path_generator build --build-base /abb_ws/build/abb_path_generator/build install --record /abb_ws/build/abb_path_generator/install.log --single-version-externally-managed install_data
[2.640s] running egg_info
[2.642s] writing ../../build/abb_path_generator/abb_path_generator.egg-info/PKG-INFO
[2.642s] writing dependency_links to ../../build/abb_path_generator/abb_path_generator.egg-info/dependency_links.txt
[2.642s] writing entry points to ../../build/abb_path_generator/abb_path_generator.egg-info/entry_points.txt
[2.642s] writing requirements to ../../build/abb_path_generator/abb_path_generator.egg-info/requires.txt
[2.642s] writing top-level names to ../../build/abb_path_generator/abb_path_generator.egg-info/top_level.txt
[2.645s] reading manifest file '../../build/abb_path_generator/abb_path_generator.egg-info/SOURCES.txt'
[2.646s] writing manifest file '../../build/abb_path_generator/abb_path_generator.egg-info/SOURCES.txt'
[2.646s] running build
[2.646s] running build_py
[2.647s] running install
[2.647s] running install_lib
[2.649s] running install_data
[2.649s] running install_egg_info
[2.651s] removing '/abb_ws/install/abb_path_generator/lib/python3.10/site-packages/abb_path_generator-0.0.0-py3.10.egg-info' (and everything under it)
[2.652s] Copying ../../build/abb_path_generator/abb_path_generator.egg-info to /abb_ws/install/abb_path_generator/lib/python3.10/site-packages/abb_path_generator-0.0.0-py3.10.egg-info
[2.653s] running install_scripts
[2.687s] Installing abb_path_generator script to /abb_ws/install/abb_path_generator/lib/abb_path_generator
[2.687s] writing list of installed files to '/abb_ws/build/abb_path_generator/install.log'
[2.722s] Invoked command in '/abb_ws/src/abb_path_generator' returned '0': PYTHONPATH=/abb_ws/build/abb_path_generator/prefix_override:/usr/lib/python3/dist-packages/colcon_core/task/python/colcon_distutils_commands:/abb_ws/install/abb_path_generator/lib/python3.10/site-packages:${PYTHONPATH} /usr/bin/python3 -W ignore:setup.py install is deprecated -W ignore:easy_install command is deprecated setup.py egg_info --egg-base ../../build/abb_path_generator build --build-base /abb_ws/build/abb_path_generator/build install --record /abb_ws/build/abb_path_generator/install.log --single-version-externally-managed install_data
