[0.235s] Invoking command in '/abb_ws/build/abb_mujoco_description': CMAKE_PREFIX_PATH=${CMAKE_PREFIX_PATH}:/abb_ws/install/abb_tf_generator:/abb_ws/install/abb_path_generator:/abb_ws/install/abb_path_controller:/abb_ws/install/abb_mujoco_python:/abb_ws/install/abb_ik_solver:/opt/ros/humble /usr/bin/cmake --build /abb_ws/build/abb_mujoco_description -- -j12 -l12
[1.045s] Invoked command in '/abb_ws/build/abb_mujoco_description' returned '0': CMAKE_PREFIX_PATH=${CMAKE_PREFIX_PATH}:/abb_ws/install/abb_tf_generator:/abb_ws/install/abb_path_generator:/abb_ws/install/abb_path_controller:/abb_ws/install/abb_mujoco_python:/abb_ws/install/abb_ik_solver:/opt/ros/humble /usr/bin/cmake --build /abb_ws/build/abb_mujoco_description -- -j12 -l12
[1.047s] Invoking command in '/abb_ws/build/abb_mujoco_description': CMAKE_PREFIX_PATH=${CMAKE_PREFIX_PATH}:/abb_ws/install/abb_tf_generator:/abb_ws/install/abb_path_generator:/abb_ws/install/abb_path_controller:/abb_ws/install/abb_mujoco_python:/abb_ws/install/abb_ik_solver:/opt/ros/humble /usr/bin/cmake --install /abb_ws/build/abb_mujoco_description
[1.066s] -- Install configuration: ""
[1.066s] -- Execute custom install script
[1.066s] -- Up-to-date symlink: /abb_ws/install/abb_mujoco_description/share/abb_mujoco_description//urdf/MUJOCO_LOG.TXT
[1.066s] -- Up-to-date symlink: /abb_ws/install/abb_mujoco_description/share/abb_mujoco_description//urdf/abb_description.urdf.xacro
[1.066s] -- Up-to-date symlink: /abb_ws/install/abb_mujoco_description/share/abb_mujoco_description//launch/display.launch.xml
[1.066s] -- Up-to-date symlink: /abb_ws/install/abb_mujoco_description/share/ament_index/resource_index/package_run_dependencies/abb_mujoco_description
[1.066s] -- Up-to-date symlink: /abb_ws/install/abb_mujoco_description/share/ament_index/resource_index/parent_prefix_path/abb_mujoco_description
[1.066s] -- Up-to-date symlink: /abb_ws/install/abb_mujoco_description/share/abb_mujoco_description/environment/ament_prefix_path.sh
[1.066s] -- Up-to-date symlink: /abb_ws/install/abb_mujoco_description/share/abb_mujoco_description/environment/ament_prefix_path.dsv
[1.066s] -- Up-to-date symlink: /abb_ws/install/abb_mujoco_description/share/abb_mujoco_description/environment/path.sh
[1.066s] -- Up-to-date symlink: /abb_ws/install/abb_mujoco_description/share/abb_mujoco_description/environment/path.dsv
[1.066s] -- Up-to-date symlink: /abb_ws/install/abb_mujoco_description/share/abb_mujoco_description/local_setup.bash
[1.066s] -- Up-to-date symlink: /abb_ws/install/abb_mujoco_description/share/abb_mujoco_description/local_setup.sh
[1.067s] -- Up-to-date symlink: /abb_ws/install/abb_mujoco_description/share/abb_mujoco_description/local_setup.zsh
[1.067s] -- Up-to-date symlink: /abb_ws/install/abb_mujoco_description/share/abb_mujoco_description/local_setup.dsv
[1.068s] -- Symlinking: /abb_ws/install/abb_mujoco_description/share/abb_mujoco_description/package.dsv
[1.068s] -- Up-to-date symlink: /abb_ws/install/abb_mujoco_description/share/ament_index/resource_index/packages/abb_mujoco_description
[1.068s] -- Up-to-date symlink: /abb_ws/install/abb_mujoco_description/share/abb_mujoco_description/cmake/abb_mujoco_descriptionConfig.cmake
[1.068s] -- Up-to-date symlink: /abb_ws/install/abb_mujoco_description/share/abb_mujoco_description/cmake/abb_mujoco_descriptionConfig-version.cmake
[1.073s] -- Up-to-date symlink: /abb_ws/install/abb_mujoco_description/share/abb_mujoco_description/package.xml
[1.148s] Invoked command in '/abb_ws/build/abb_mujoco_description' returned '0': CMAKE_PREFIX_PATH=${CMAKE_PREFIX_PATH}:/abb_ws/install/abb_tf_generator:/abb_ws/install/abb_path_generator:/abb_ws/install/abb_path_controller:/abb_ws/install/abb_mujoco_python:/abb_ws/install/abb_ik_solver:/opt/ros/humble /usr/bin/cmake --install /abb_ws/build/abb_mujoco_description
