[0.370s] Invoking command in '/rov_ws/build/rov_mujoco_description': CMAKE_PREFIX_PATH=/opt/ros/humble /usr/bin/cmake /rov_ws/src/rov_mujoco_description -DAMENT_CMAKE_SYMLINK_INSTALL=1 -DCMAKE_INSTALL_PREFIX=/rov_ws/install/rov_mujoco_description
[1.108s] -- The C compiler identification is GNU 11.4.0
[1.108s] -- The CXX compiler identification is GNU 11.4.0
[1.108s] -- Detecting C compiler ABI info
[1.108s] -- Detecting C compiler ABI info - done
[1.108s] -- Check for working C compiler: /usr/bin/cc - skipped
[1.108s] -- Detecting C compile features
[1.108s] -- Detecting C compile features - done
[1.108s] -- Detecting CXX compiler ABI info
[1.108s] -- Detecting CXX compiler ABI info - done
[1.108s] -- Check for working CXX compiler: /usr/bin/c++ - skipped
[1.108s] -- Detecting CXX compile features
[1.108s] -- Detecting CXX compile features - done
[1.109s] -- Found ament_cmake: 1.3.12 (/opt/ros/humble/share/ament_cmake/cmake)
[1.109s] -- Found Python3: /usr/bin/python3 (found version "3.10.12") found components: Interpreter 
[1.109s] -- Override CMake install command with custom implementation using symlinks instead of copying resources
[1.109s] -- Configuring done
[1.109s] -- Generating done
[1.109s] -- Build files have been written to: /rov_ws/build/rov_mujoco_description
[1.421s] Invoked command in '/rov_ws/build/rov_mujoco_description' returned '0': CMAKE_PREFIX_PATH=/opt/ros/humble /usr/bin/cmake /rov_ws/src/rov_mujoco_description -DAMENT_CMAKE_SYMLINK_INSTALL=1 -DCMAKE_INSTALL_PREFIX=/rov_ws/install/rov_mujoco_description
[1.424s] Invoking command in '/rov_ws/build/rov_mujoco_description': CMAKE_PREFIX_PATH=/opt/ros/humble /usr/bin/cmake --build /rov_ws/build/rov_mujoco_description -- -j12 -l12
[1.461s] Invoked command in '/rov_ws/build/rov_mujoco_description' returned '0': CMAKE_PREFIX_PATH=/opt/ros/humble /usr/bin/cmake --build /rov_ws/build/rov_mujoco_description -- -j12 -l12
[1.472s] Invoking command in '/rov_ws/build/rov_mujoco_description': CMAKE_PREFIX_PATH=/opt/ros/humble /usr/bin/cmake --install /rov_ws/build/rov_mujoco_description
[1.478s] -- Install configuration: ""
[1.479s] -- Execute custom install script
[1.479s] -- Symlinking: /rov_ws/install/rov_mujoco_description/share/rov_mujoco_description//urdf/common_properties.xacro
[1.489s] -- Symlinking: /rov_ws/install/rov_mujoco_description/share/rov_mujoco_description//urdf/rov_description.urdf.xacro
[1.499s] -- Symlinking: /rov_ws/install/rov_mujoco_description/share/rov_mujoco_description//launch/display.launch.xml
[1.507s] -- Symlinking: /rov_ws/install/rov_mujoco_description/share/ament_index/resource_index/package_run_dependencies/rov_mujoco_description
[1.515s] -- Symlinking: /rov_ws/install/rov_mujoco_description/share/ament_index/resource_index/parent_prefix_path/rov_mujoco_description
[1.522s] -- Symlinking: /rov_ws/install/rov_mujoco_description/share/rov_mujoco_description/environment/ament_prefix_path.sh
[1.531s] -- Symlinking: /rov_ws/install/rov_mujoco_description/share/rov_mujoco_description/environment/ament_prefix_path.dsv
[1.539s] -- Symlinking: /rov_ws/install/rov_mujoco_description/share/rov_mujoco_description/environment/path.sh
[1.548s] -- Symlinking: /rov_ws/install/rov_mujoco_description/share/rov_mujoco_description/environment/path.dsv
[1.556s] -- Symlinking: /rov_ws/install/rov_mujoco_description/share/rov_mujoco_description/local_setup.bash
[1.563s] -- Symlinking: /rov_ws/install/rov_mujoco_description/share/rov_mujoco_description/local_setup.sh
[1.570s] -- Symlinking: /rov_ws/install/rov_mujoco_description/share/rov_mujoco_description/local_setup.zsh
[1.578s] -- Symlinking: /rov_ws/install/rov_mujoco_description/share/rov_mujoco_description/local_setup.dsv
[1.585s] -- Symlinking: /rov_ws/install/rov_mujoco_description/share/rov_mujoco_description/package.dsv
[1.593s] -- Symlinking: /rov_ws/install/rov_mujoco_description/share/ament_index/resource_index/packages/rov_mujoco_description
[1.601s] -- Symlinking: /rov_ws/install/rov_mujoco_description/share/rov_mujoco_description/cmake/rov_mujoco_descriptionConfig.cmake
[1.608s] -- Symlinking: /rov_ws/install/rov_mujoco_description/share/rov_mujoco_description/cmake/rov_mujoco_descriptionConfig-version.cmake
[1.616s] -- Symlinking: /rov_ws/install/rov_mujoco_description/share/rov_mujoco_description/package.xml
[1.625s] Invoked command in '/rov_ws/build/rov_mujoco_description' returned '0': CMAKE_PREFIX_PATH=/opt/ros/humble /usr/bin/cmake --install /rov_ws/build/rov_mujoco_description
