[2.748s] Invoking command in '/home/eia/rbi_2025/abb/abb_ws/build/abb_ik_solver': PYTHONPATH=/home/eia/rbi_2025/abb/abb_ws/build/abb_ik_solver/prefix_override:/home/eia/.local/lib/python3.10/site-packages/colcon_core/task/python/colcon_distutils_commands:/home/eia/rbi_2025/abb/abb_ws/install/abb_ik_solver/lib/python3.10/site-packages:${PYTHONPATH} /usr/bin/python3 -W ignore:setup.py install is deprecated -W ignore:easy_install command is deprecated setup.py develop --editable --build-directory /home/eia/rbi_2025/abb/abb_ws/build/abb_ik_solver/build --no-deps symlink_data
[3.347s] running develop
[3.712s] running egg_info
[3.712s] creating abb_ik_solver.egg-info
[3.712s] writing abb_ik_solver.egg-info/PKG-INFO
[3.712s] writing dependency_links to abb_ik_solver.egg-info/dependency_links.txt
[3.713s] writing entry points to abb_ik_solver.egg-info/entry_points.txt
[3.713s] writing requirements to abb_ik_solver.egg-info/requires.txt
[3.713s] writing top-level names to abb_ik_solver.egg-info/top_level.txt
[3.713s] writing manifest file 'abb_ik_solver.egg-info/SOURCES.txt'
[3.716s] reading manifest file 'abb_ik_solver.egg-info/SOURCES.txt'
[3.717s] writing manifest file 'abb_ik_solver.egg-info/SOURCES.txt'
[3.765s] running build_ext
[3.765s] Creating /home/eia/rbi_2025/abb/abb_ws/install/abb_ik_solver/lib/python3.10/site-packages/abb-ik-solver.egg-link (link to .)
[3.766s] Installing abb_ik_solver script to /home/eia/rbi_2025/abb/abb_ws/install/abb_ik_solver/lib/abb_ik_solver
[3.766s] 
[3.766s] Installed /home/eia/rbi_2025/abb/abb_ws/build/abb_ik_solver
[3.766s] running symlink_data
[3.767s] creating /home/eia/rbi_2025/abb/abb_ws/install/abb_ik_solver/share/ament_index
[3.767s] creating /home/eia/rbi_2025/abb/abb_ws/install/abb_ik_solver/share/ament_index/resource_index
[3.767s] creating /home/eia/rbi_2025/abb/abb_ws/install/abb_ik_solver/share/ament_index/resource_index/packages
[3.767s] symbolically linking /home/eia/rbi_2025/abb/abb_ws/build/abb_ik_solver/resource/abb_ik_solver -> /home/eia/rbi_2025/abb/abb_ws/install/abb_ik_solver/share/ament_index/resource_index/packages
[3.767s] symbolically linking /home/eia/rbi_2025/abb/abb_ws/build/abb_ik_solver/package.xml -> /home/eia/rbi_2025/abb/abb_ws/install/abb_ik_solver/share/abb_ik_solver
[3.767s] creating /home/eia/rbi_2025/abb/abb_ws/install/abb_ik_solver/share/abb_ik_solver/launch
[3.767s] creating /home/eia/rbi_2025/abb/abb_ws/install/abb_ik_solver/share/abb_ik_solver/descriptions
[3.767s] creating /home/eia/rbi_2025/abb/abb_ws/install/abb_ik_solver/share/abb_ik_solver/config
[3.805s] Invoked command in '/home/eia/rbi_2025/abb/abb_ws/build/abb_ik_solver' returned '0': PYTHONPATH=/home/eia/rbi_2025/abb/abb_ws/build/abb_ik_solver/prefix_override:/home/eia/.local/lib/python3.10/site-packages/colcon_core/task/python/colcon_distutils_commands:/home/eia/rbi_2025/abb/abb_ws/install/abb_ik_solver/lib/python3.10/site-packages:${PYTHONPATH} /usr/bin/python3 -W ignore:setup.py install is deprecated -W ignore:easy_install command is deprecated setup.py develop --editable --build-directory /home/eia/rbi_2025/abb/abb_ws/build/abb_ik_solver/build --no-deps symlink_data
