[2.629s] Invoking command in '/home/eia/repo/rbi_2025_2/rov/rov_ws/build/rov_hardware_interface': CMAKE_PREFIX_PATH=/opt/ros/humble /usr/bin/cmake --build /home/eia/repo/rbi_2025_2/rov/rov_ws/build/rov_hardware_interface -- -j12 -l12
[5.296s] [100%] Built target rov_hardware_interface
[5.329s] Invoked command in '/home/eia/repo/rbi_2025_2/rov/rov_ws/build/rov_hardware_interface' returned '0': CMAKE_PREFIX_PATH=/opt/ros/humble /usr/bin/cmake --build /home/eia/repo/rbi_2025_2/rov/rov_ws/build/rov_hardware_interface -- -j12 -l12
[5.334s] Invoking command in '/home/eia/repo/rbi_2025_2/rov/rov_ws/build/rov_hardware_interface': CMAKE_PREFIX_PATH=/opt/ros/humble /usr/bin/cmake --install /home/eia/repo/rbi_2025_2/rov/rov_ws/build/rov_hardware_interface
[5.439s] -- Install configuration: ""
[5.440s] -- Execute custom install script
[5.440s] -- Up-to-date symlink: /home/eia/repo/rbi_2025_2/rov/rov_ws/install/rov_hardware_interface/share/rov_hardware_interface//rov_hardware_interface.xml
[5.440s] -- Up-to-date symlink: /home/eia/repo/rbi_2025_2/rov/rov_ws/install/rov_hardware_interface/lib/librov_hardware_interface.so
[5.441s] -- Up-to-date symlink: /home/eia/repo/rbi_2025_2/rov/rov_ws/install/rov_hardware_interface/include/include/rov_hardware_interface/rov_hardware_interface.hpp
[5.442s] -- Up-to-date symlink: /home/eia/repo/rbi_2025_2/rov/rov_ws/install/rov_hardware_interface/share/rov_hardware_interface/environment/library_path.sh
[5.442s] -- Up-to-date symlink: /home/eia/repo/rbi_2025_2/rov/rov_ws/install/rov_hardware_interface/share/rov_hardware_interface/environment/library_path.dsv
[5.442s] -- Up-to-date symlink: /home/eia/repo/rbi_2025_2/rov/rov_ws/install/rov_hardware_interface/share/ament_index/resource_index/package_run_dependencies/rov_hardware_interface
[5.443s] -- Up-to-date symlink: /home/eia/repo/rbi_2025_2/rov/rov_ws/install/rov_hardware_interface/share/ament_index/resource_index/parent_prefix_path/rov_hardware_interface
[5.444s] -- Up-to-date symlink: /home/eia/repo/rbi_2025_2/rov/rov_ws/install/rov_hardware_interface/share/rov_hardware_interface/environment/ament_prefix_path.sh
[5.444s] -- Up-to-date symlink: /home/eia/repo/rbi_2025_2/rov/rov_ws/install/rov_hardware_interface/share/rov_hardware_interface/environment/ament_prefix_path.dsv
[5.445s] -- Up-to-date symlink: /home/eia/repo/rbi_2025_2/rov/rov_ws/install/rov_hardware_interface/share/rov_hardware_interface/environment/path.sh
[5.445s] -- Up-to-date symlink: /home/eia/repo/rbi_2025_2/rov/rov_ws/install/rov_hardware_interface/share/rov_hardware_interface/environment/path.dsv
[5.447s] -- Up-to-date symlink: /home/eia/repo/rbi_2025_2/rov/rov_ws/install/rov_hardware_interface/share/rov_hardware_interface/local_setup.bash
[5.447s] -- Up-to-date symlink: /home/eia/repo/rbi_2025_2/rov/rov_ws/install/rov_hardware_interface/share/rov_hardware_interface/local_setup.sh
[5.448s] -- Up-to-date symlink: /home/eia/repo/rbi_2025_2/rov/rov_ws/install/rov_hardware_interface/share/rov_hardware_interface/local_setup.zsh
[5.448s] -- Up-to-date symlink: /home/eia/repo/rbi_2025_2/rov/rov_ws/install/rov_hardware_interface/share/rov_hardware_interface/local_setup.dsv
[5.448s] -- Symlinking: /home/eia/repo/rbi_2025_2/rov/rov_ws/install/rov_hardware_interface/share/rov_hardware_interface/package.dsv
[5.449s] -- Up-to-date symlink: /home/eia/repo/rbi_2025_2/rov/rov_ws/install/rov_hardware_interface/share/ament_index/resource_index/packages/rov_hardware_interface
[5.449s] -- Up-to-date symlink: /home/eia/repo/rbi_2025_2/rov/rov_ws/install/rov_hardware_interface/share/ament_index/resource_index/hardware_interface__pluginlib__plugin/rov_hardware_interface
[5.449s] -- Up-to-date symlink: /home/eia/repo/rbi_2025_2/rov/rov_ws/install/rov_hardware_interface/share/rov_hardware_interface/cmake/ament_cmake_export_libraries-extras.cmake
[5.451s] -- Up-to-date symlink: /home/eia/repo/rbi_2025_2/rov/rov_ws/install/rov_hardware_interface/share/rov_hardware_interface/cmake/ament_cmake_export_dependencies-extras.cmake
[5.451s] -- Up-to-date symlink: /home/eia/repo/rbi_2025_2/rov/rov_ws/install/rov_hardware_interface/share/rov_hardware_interface/cmake/rov_hardware_interfaceConfig.cmake
[5.452s] -- Up-to-date symlink: /home/eia/repo/rbi_2025_2/rov/rov_ws/install/rov_hardware_interface/share/rov_hardware_interface/cmake/rov_hardware_interfaceConfig-version.cmake
[5.452s] -- Up-to-date symlink: /home/eia/repo/rbi_2025_2/rov/rov_ws/install/rov_hardware_interface/share/rov_hardware_interface/package.xml
[5.566s] Invoked command in '/home/eia/repo/rbi_2025_2/rov/rov_ws/build/rov_hardware_interface' returned '0': CMAKE_PREFIX_PATH=/opt/ros/humble /usr/bin/cmake --install /home/eia/repo/rbi_2025_2/rov/rov_ws/build/rov_hardware_interface
