[11.644s] Invoking command in '/home/eia/rbi_2025/scara/scara_ws/build/scara_general_ik_solver': PYTHONPATH=/home/eia/rbi_2025/scara/scara_ws/build/scara_general_ik_solver/prefix_override:/home/eia/.local/lib/python3.10/site-packages/colcon_core/task/python/colcon_distutils_commands:/home/eia/rbi_2025/scara/scara_ws/install/scara_general_ik_solver/lib/python3.10/site-packages:${PYTHONPATH} /usr/bin/python3 -W ignore:setup.py install is deprecated -W ignore:easy_install command is deprecated setup.py develop --editable --build-directory /home/eia/rbi_2025/scara/scara_ws/build/scara_general_ik_solver/build --no-deps symlink_data
[13.988s] running develop
[15.798s] running egg_info
[15.798s] creating scara_general_ik_solver.egg-info
[15.799s] writing scara_general_ik_solver.egg-info/PKG-INFO
[15.800s] writing dependency_links to scara_general_ik_solver.egg-info/dependency_links.txt
[15.801s] writing entry points to scara_general_ik_solver.egg-info/entry_points.txt
[15.801s] writing requirements to scara_general_ik_solver.egg-info/requires.txt
[15.802s] writing top-level names to scara_general_ik_solver.egg-info/top_level.txt
[15.803s] writing manifest file 'scara_general_ik_solver.egg-info/SOURCES.txt'
[15.812s] reading manifest file 'scara_general_ik_solver.egg-info/SOURCES.txt'
[15.815s] writing manifest file 'scara_general_ik_solver.egg-info/SOURCES.txt'
[16.005s] running build_ext
[16.006s] Creating /home/eia/rbi_2025/scara/scara_ws/install/scara_general_ik_solver/lib/python3.10/site-packages/scara-general-ik-solver.egg-link (link to .)
[16.009s] Installing scara_ik_solver script to /home/eia/rbi_2025/scara/scara_ws/install/scara_general_ik_solver/lib/scara_general_ik_solver
[16.010s] 
[16.011s] Installed /home/eia/rbi_2025/scara/scara_ws/build/scara_general_ik_solver
[16.012s] running symlink_data
[16.012s] creating /home/eia/rbi_2025/scara/scara_ws/install/scara_general_ik_solver/share/ament_index
[16.013s] creating /home/eia/rbi_2025/scara/scara_ws/install/scara_general_ik_solver/share/ament_index/resource_index
[16.013s] creating /home/eia/rbi_2025/scara/scara_ws/install/scara_general_ik_solver/share/ament_index/resource_index/packages
[16.013s] symbolically linking /home/eia/rbi_2025/scara/scara_ws/build/scara_general_ik_solver/resource/scara_general_ik_solver -> /home/eia/rbi_2025/scara/scara_ws/install/scara_general_ik_solver/share/ament_index/resource_index/packages
[16.014s] symbolically linking /home/eia/rbi_2025/scara/scara_ws/build/scara_general_ik_solver/package.xml -> /home/eia/rbi_2025/scara/scara_ws/install/scara_general_ik_solver/share/scara_general_ik_solver
[16.014s] creating /home/eia/rbi_2025/scara/scara_ws/install/scara_general_ik_solver/share/scara_general_ik_solver/launch
[16.014s] creating /home/eia/rbi_2025/scara/scara_ws/install/scara_general_ik_solver/share/scara_general_ik_solver/descriptions
[16.015s] creating /home/eia/rbi_2025/scara/scara_ws/install/scara_general_ik_solver/share/scara_general_ik_solver/config
[16.136s] Invoked command in '/home/eia/rbi_2025/scara/scara_ws/build/scara_general_ik_solver' returned '0': PYTHONPATH=/home/eia/rbi_2025/scara/scara_ws/build/scara_general_ik_solver/prefix_override:/home/eia/.local/lib/python3.10/site-packages/colcon_core/task/python/colcon_distutils_commands:/home/eia/rbi_2025/scara/scara_ws/install/scara_general_ik_solver/lib/python3.10/site-packages:${PYTHONPATH} /usr/bin/python3 -W ignore:setup.py install is deprecated -W ignore:easy_install command is deprecated setup.py develop --editable --build-directory /home/eia/rbi_2025/scara/scara_ws/build/scara_general_ik_solver/build --no-deps symlink_data
