[0.085s] Invoking command in '/home/eia/repo/rbi_2025_2/scara/scara_ws/build/scara_real_description': CMAKE_PREFIX_PATH=${CMAKE_PREFIX_PATH}:/home/eia/repo/rbi_2025_2/scara/scara_ws/install/scara_tf_generator:/home/eia/repo/rbi_2025_2/scara/scara_ws/install/scara_path_generator:/home/eia/repo/rbi_2025_2/scara/scara_ws/install/scara_path_controller:/home/eia/repo/rbi_2025_2/scara/scara_ws/install/scara_mujoco_python_sim:/home/eia/repo/rbi_2025_2/scara/scara_ws/install/scara_general_ik_solver:/home/eia/repo/rbi_2025_2/scara/scara_ws/install/premade_path_publisher:/opt/ros/humble /usr/bin/cmake /home/eia/repo/rbi_2025_2/scara/scara_ws/src/scara_real_description -DAMENT_CMAKE_SYMLINK_INSTALL=1 -DCMAKE_INSTALL_PREFIX=/home/eia/repo/rbi_2025_2/scara/scara_ws/install/scara_real_description
[0.159s] -- The C compiler identification is GNU 11.4.0
[0.240s] -- The CXX compiler identification is GNU 11.4.0
[0.251s] -- Detecting C compiler ABI info
[0.348s] -- Detecting C compiler ABI info - done
[0.361s] -- Check for working C compiler: /usr/bin/cc - skipped
[0.361s] -- Detecting C compile features
[0.362s] -- Detecting C compile features - done
[0.365s] -- Detecting CXX compiler ABI info
[0.573s] -- Detecting CXX compiler ABI info - done
[0.592s] -- Check for working CXX compiler: /usr/bin/c++ - skipped
[0.592s] -- Detecting CXX compile features
[0.594s] -- Detecting CXX compile features - done
[0.602s] -- Found ament_cmake: 1.3.12 (/opt/ros/humble/share/ament_cmake/cmake)
[0.863s] -- Found Python3: /usr/bin/python3 (found version "3.10.12") found components: Interpreter 
[0.986s] -- Override CMake install command with custom implementation using symlinks instead of copying resources
[1.201s] -- Configuring done
[1.205s] -- Generating done
[1.207s] -- Build files have been written to: /home/eia/repo/rbi_2025_2/scara/scara_ws/build/scara_real_description
[1.216s] Invoked command in '/home/eia/repo/rbi_2025_2/scara/scara_ws/build/scara_real_description' returned '0': CMAKE_PREFIX_PATH=${CMAKE_PREFIX_PATH}:/home/eia/repo/rbi_2025_2/scara/scara_ws/install/scara_tf_generator:/home/eia/repo/rbi_2025_2/scara/scara_ws/install/scara_path_generator:/home/eia/repo/rbi_2025_2/scara/scara_ws/install/scara_path_controller:/home/eia/repo/rbi_2025_2/scara/scara_ws/install/scara_mujoco_python_sim:/home/eia/repo/rbi_2025_2/scara/scara_ws/install/scara_general_ik_solver:/home/eia/repo/rbi_2025_2/scara/scara_ws/install/premade_path_publisher:/opt/ros/humble /usr/bin/cmake /home/eia/repo/rbi_2025_2/scara/scara_ws/src/scara_real_description -DAMENT_CMAKE_SYMLINK_INSTALL=1 -DCMAKE_INSTALL_PREFIX=/home/eia/repo/rbi_2025_2/scara/scara_ws/install/scara_real_description
[1.218s] Invoking command in '/home/eia/repo/rbi_2025_2/scara/scara_ws/build/scara_real_description': CMAKE_PREFIX_PATH=${CMAKE_PREFIX_PATH}:/home/eia/repo/rbi_2025_2/scara/scara_ws/install/scara_tf_generator:/home/eia/repo/rbi_2025_2/scara/scara_ws/install/scara_path_generator:/home/eia/repo/rbi_2025_2/scara/scara_ws/install/scara_path_controller:/home/eia/repo/rbi_2025_2/scara/scara_ws/install/scara_mujoco_python_sim:/home/eia/repo/rbi_2025_2/scara/scara_ws/install/scara_general_ik_solver:/home/eia/repo/rbi_2025_2/scara/scara_ws/install/premade_path_publisher:/opt/ros/humble /usr/bin/cmake --build /home/eia/repo/rbi_2025_2/scara/scara_ws/build/scara_real_description -- -j12 -l12
[1.263s] Invoked command in '/home/eia/repo/rbi_2025_2/scara/scara_ws/build/scara_real_description' returned '0': CMAKE_PREFIX_PATH=${CMAKE_PREFIX_PATH}:/home/eia/repo/rbi_2025_2/scara/scara_ws/install/scara_tf_generator:/home/eia/repo/rbi_2025_2/scara/scara_ws/install/scara_path_generator:/home/eia/repo/rbi_2025_2/scara/scara_ws/install/scara_path_controller:/home/eia/repo/rbi_2025_2/scara/scara_ws/install/scara_mujoco_python_sim:/home/eia/repo/rbi_2025_2/scara/scara_ws/install/scara_general_ik_solver:/home/eia/repo/rbi_2025_2/scara/scara_ws/install/premade_path_publisher:/opt/ros/humble /usr/bin/cmake --build /home/eia/repo/rbi_2025_2/scara/scara_ws/build/scara_real_description -- -j12 -l12
[1.265s] Invoking command in '/home/eia/repo/rbi_2025_2/scara/scara_ws/build/scara_real_description': CMAKE_PREFIX_PATH=${CMAKE_PREFIX_PATH}:/home/eia/repo/rbi_2025_2/scara/scara_ws/install/scara_tf_generator:/home/eia/repo/rbi_2025_2/scara/scara_ws/install/scara_path_generator:/home/eia/repo/rbi_2025_2/scara/scara_ws/install/scara_path_controller:/home/eia/repo/rbi_2025_2/scara/scara_ws/install/scara_mujoco_python_sim:/home/eia/repo/rbi_2025_2/scara/scara_ws/install/scara_general_ik_solver:/home/eia/repo/rbi_2025_2/scara/scara_ws/install/premade_path_publisher:/opt/ros/humble /usr/bin/cmake --install /home/eia/repo/rbi_2025_2/scara/scara_ws/build/scara_real_description
[1.272s] -- Install configuration: ""
[1.272s] -- Execute custom install script
[1.273s] -- Symlinking: /home/eia/repo/rbi_2025_2/scara/scara_ws/install/scara_real_description/share/scara_real_description//urdf/common_properties.xacro
[1.285s] -- Symlinking: /home/eia/repo/rbi_2025_2/scara/scara_ws/install/scara_real_description/share/scara_real_description//urdf/scara.urdf.xacro
[1.298s] -- Symlinking: /home/eia/repo/rbi_2025_2/scara/scara_ws/install/scara_real_description/share/scara_real_description//urdf/scara_description.xacro
[1.307s] -- Symlinking: /home/eia/repo/rbi_2025_2/scara/scara_ws/install/scara_real_description/share/scara_real_description//launch/display.launch.xml
[1.316s] -- Symlinking: /home/eia/repo/rbi_2025_2/scara/scara_ws/install/scara_real_description/share/ament_index/resource_index/package_run_dependencies/scara_real_description
[1.325s] -- Symlinking: /home/eia/repo/rbi_2025_2/scara/scara_ws/install/scara_real_description/share/ament_index/resource_index/parent_prefix_path/scara_real_description
[1.333s] -- Symlinking: /home/eia/repo/rbi_2025_2/scara/scara_ws/install/scara_real_description/share/scara_real_description/environment/ament_prefix_path.sh
[1.343s] -- Symlinking: /home/eia/repo/rbi_2025_2/scara/scara_ws/install/scara_real_description/share/scara_real_description/environment/ament_prefix_path.dsv
[1.352s] -- Symlinking: /home/eia/repo/rbi_2025_2/scara/scara_ws/install/scara_real_description/share/scara_real_description/environment/path.sh
[1.361s] -- Symlinking: /home/eia/repo/rbi_2025_2/scara/scara_ws/install/scara_real_description/share/scara_real_description/environment/path.dsv
[1.370s] -- Symlinking: /home/eia/repo/rbi_2025_2/scara/scara_ws/install/scara_real_description/share/scara_real_description/local_setup.bash
[1.379s] -- Symlinking: /home/eia/repo/rbi_2025_2/scara/scara_ws/install/scara_real_description/share/scara_real_description/local_setup.sh
[1.388s] -- Symlinking: /home/eia/repo/rbi_2025_2/scara/scara_ws/install/scara_real_description/share/scara_real_description/local_setup.zsh
[1.397s] -- Symlinking: /home/eia/repo/rbi_2025_2/scara/scara_ws/install/scara_real_description/share/scara_real_description/local_setup.dsv
[1.406s] -- Symlinking: /home/eia/repo/rbi_2025_2/scara/scara_ws/install/scara_real_description/share/scara_real_description/package.dsv
[1.416s] -- Symlinking: /home/eia/repo/rbi_2025_2/scara/scara_ws/install/scara_real_description/share/ament_index/resource_index/packages/scara_real_description
[1.425s] -- Symlinking: /home/eia/repo/rbi_2025_2/scara/scara_ws/install/scara_real_description/share/scara_real_description/cmake/scara_real_descriptionConfig.cmake
[1.433s] -- Symlinking: /home/eia/repo/rbi_2025_2/scara/scara_ws/install/scara_real_description/share/scara_real_description/cmake/scara_real_descriptionConfig-version.cmake
[1.442s] -- Symlinking: /home/eia/repo/rbi_2025_2/scara/scara_ws/install/scara_real_description/share/scara_real_description/package.xml
[1.454s] Invoked command in '/home/eia/repo/rbi_2025_2/scara/scara_ws/build/scara_real_description' returned '0': CMAKE_PREFIX_PATH=${CMAKE_PREFIX_PATH}:/home/eia/repo/rbi_2025_2/scara/scara_ws/install/scara_tf_generator:/home/eia/repo/rbi_2025_2/scara/scara_ws/install/scara_path_generator:/home/eia/repo/rbi_2025_2/scara/scara_ws/install/scara_path_controller:/home/eia/repo/rbi_2025_2/scara/scara_ws/install/scara_mujoco_python_sim:/home/eia/repo/rbi_2025_2/scara/scara_ws/install/scara_general_ik_solver:/home/eia/repo/rbi_2025_2/scara/scara_ws/install/premade_path_publisher:/opt/ros/humble /usr/bin/cmake --install /home/eia/repo/rbi_2025_2/scara/scara_ws/build/scara_real_description
