[0.856s] Invoking command in '/home/eia/rbi_2025/rov/rov_ws/build/rov_controllers': CMAKE_PREFIX_PATH=/opt/ros/humble /usr/bin/cmake --build /home/eia/rbi_2025/rov/rov_ws/build/rov_controllers -- -j12 -l12
[2.091s] [100%] Built target rov_controllers
[2.108s] Invoked command in '/home/eia/rbi_2025/rov/rov_ws/build/rov_controllers' returned '0': CMAKE_PREFIX_PATH=/opt/ros/humble /usr/bin/cmake --build /home/eia/rbi_2025/rov/rov_ws/build/rov_controllers -- -j12 -l12
[2.110s] Invoking command in '/home/eia/rbi_2025/rov/rov_ws/build/rov_controllers': CMAKE_PREFIX_PATH=/opt/ros/humble /usr/bin/cmake --install /home/eia/rbi_2025/rov/rov_ws/build/rov_controllers
[2.139s] -- Install configuration: ""
[2.139s] -- Execute custom install script
[2.140s] -- Up-to-date symlink: /home/eia/rbi_2025/rov/rov_ws/install/rov_controllers/share/rov_controllers//rov_controller.xml
[2.140s] -- Up-to-date symlink: /home/eia/rbi_2025/rov/rov_ws/install/rov_controllers/lib/librov_controllers.so
[2.140s] -- Up-to-date symlink: /home/eia/rbi_2025/rov/rov_ws/install/rov_controllers/include/include/rov_controllers/rov_forward_controller.hpp
[2.140s] -- Up-to-date symlink: /home/eia/rbi_2025/rov/rov_ws/install/rov_controllers/include/include/rov_controllers/rov_hardware_controller.hpp
[2.140s] -- Up-to-date symlink: /home/eia/rbi_2025/rov/rov_ws/install/rov_controllers/share/rov_controllers/environment/library_path.sh
[2.140s] -- Up-to-date symlink: /home/eia/rbi_2025/rov/rov_ws/install/rov_controllers/share/rov_controllers/environment/library_path.dsv
[2.140s] -- Up-to-date symlink: /home/eia/rbi_2025/rov/rov_ws/install/rov_controllers/share/ament_index/resource_index/package_run_dependencies/rov_controllers
[2.140s] -- Up-to-date symlink: /home/eia/rbi_2025/rov/rov_ws/install/rov_controllers/share/ament_index/resource_index/parent_prefix_path/rov_controllers
[2.140s] -- Up-to-date symlink: /home/eia/rbi_2025/rov/rov_ws/install/rov_controllers/share/rov_controllers/environment/ament_prefix_path.sh
[2.140s] -- Up-to-date symlink: /home/eia/rbi_2025/rov/rov_ws/install/rov_controllers/share/rov_controllers/environment/ament_prefix_path.dsv
[2.140s] -- Up-to-date symlink: /home/eia/rbi_2025/rov/rov_ws/install/rov_controllers/share/rov_controllers/environment/path.sh
[2.140s] -- Up-to-date symlink: /home/eia/rbi_2025/rov/rov_ws/install/rov_controllers/share/rov_controllers/environment/path.dsv
[2.140s] -- Up-to-date symlink: /home/eia/rbi_2025/rov/rov_ws/install/rov_controllers/share/rov_controllers/local_setup.bash
[2.140s] -- Up-to-date symlink: /home/eia/rbi_2025/rov/rov_ws/install/rov_controllers/share/rov_controllers/local_setup.sh
[2.140s] -- Up-to-date symlink: /home/eia/rbi_2025/rov/rov_ws/install/rov_controllers/share/rov_controllers/local_setup.zsh
[2.141s] -- Up-to-date symlink: /home/eia/rbi_2025/rov/rov_ws/install/rov_controllers/share/rov_controllers/local_setup.dsv
[2.141s] -- Symlinking: /home/eia/rbi_2025/rov/rov_ws/install/rov_controllers/share/rov_controllers/package.dsv
[2.142s] -- Up-to-date symlink: /home/eia/rbi_2025/rov/rov_ws/install/rov_controllers/share/ament_index/resource_index/packages/rov_controllers
[2.142s] -- Up-to-date symlink: /home/eia/rbi_2025/rov/rov_ws/install/rov_controllers/share/ament_index/resource_index/controller_interface__pluginlib__plugin/rov_controllers
[2.142s] -- Up-to-date symlink: /home/eia/rbi_2025/rov/rov_ws/install/rov_controllers/share/rov_controllers/cmake/ament_cmake_export_libraries-extras.cmake
[2.142s] -- Up-to-date symlink: /home/eia/rbi_2025/rov/rov_ws/install/rov_controllers/share/rov_controllers/cmake/ament_cmake_export_dependencies-extras.cmake
[2.142s] -- Up-to-date symlink: /home/eia/rbi_2025/rov/rov_ws/install/rov_controllers/share/rov_controllers/cmake/rov_controllersConfig.cmake
[2.142s] -- Up-to-date symlink: /home/eia/rbi_2025/rov/rov_ws/install/rov_controllers/share/rov_controllers/cmake/rov_controllersConfig-version.cmake
[2.142s] -- Up-to-date symlink: /home/eia/rbi_2025/rov/rov_ws/install/rov_controllers/share/rov_controllers/package.xml
[2.219s] Invoked command in '/home/eia/rbi_2025/rov/rov_ws/build/rov_controllers' returned '0': CMAKE_PREFIX_PATH=/opt/ros/humble /usr/bin/cmake --install /home/eia/rbi_2025/rov/rov_ws/build/rov_controllers
