[0.095s] Invoking command in '/home/eia/rbi_2025/abb/abb_ws/build/abb_controllers': CMAKE_PREFIX_PATH=${CMAKE_PREFIX_PATH}:/home/eia/rbi_2025/abb/abb_ws/install/abb_tf_generator:/home/eia/rbi_2025/abb/abb_ws/install/abb_path_generator:/home/eia/rbi_2025/abb/abb_ws/install/abb_path_controller:/home/eia/rbi_2025/abb/abb_ws/install/abb_mujoco_python:/home/eia/rbi_2025/abb/abb_ws/install/abb_ik_solver:/home/eia/rbi_2025/scara/scara_ws/install/scara_tf_generator:/home/eia/rbi_2025/scara/scara_ws/install/scara_path_generator:/home/eia/rbi_2025/scara/scara_ws/install/scara_path_controller:/home/eia/rbi_2025/scara/scara_ws/install/scara_mujoco_python_sim:/home/eia/rbi_2025/scara/scara_ws/install/scara_general_ik_solver:/home/eia/rbi_2025/scara/scara_ws/install/premade_path_publisher:/opt/ros/humble /usr/bin/cmake --build /home/eia/rbi_2025/abb/abb_ws/build/abb_controllers -- -j12 -l12
[2.055s] [35m[1mConsolidate compiler generated dependencies of target abb_controllers[0m
[2.056s] [100%] Built target abb_controllers
[2.075s] Invoked command in '/home/eia/rbi_2025/abb/abb_ws/build/abb_controllers' returned '0': CMAKE_PREFIX_PATH=${CMAKE_PREFIX_PATH}:/home/eia/rbi_2025/abb/abb_ws/install/abb_tf_generator:/home/eia/rbi_2025/abb/abb_ws/install/abb_path_generator:/home/eia/rbi_2025/abb/abb_ws/install/abb_path_controller:/home/eia/rbi_2025/abb/abb_ws/install/abb_mujoco_python:/home/eia/rbi_2025/abb/abb_ws/install/abb_ik_solver:/home/eia/rbi_2025/scara/scara_ws/install/scara_tf_generator:/home/eia/rbi_2025/scara/scara_ws/install/scara_path_generator:/home/eia/rbi_2025/scara/scara_ws/install/scara_path_controller:/home/eia/rbi_2025/scara/scara_ws/install/scara_mujoco_python_sim:/home/eia/rbi_2025/scara/scara_ws/install/scara_general_ik_solver:/home/eia/rbi_2025/scara/scara_ws/install/premade_path_publisher:/opt/ros/humble /usr/bin/cmake --build /home/eia/rbi_2025/abb/abb_ws/build/abb_controllers -- -j12 -l12
[2.077s] Invoking command in '/home/eia/rbi_2025/abb/abb_ws/build/abb_controllers': CMAKE_PREFIX_PATH=${CMAKE_PREFIX_PATH}:/home/eia/rbi_2025/abb/abb_ws/install/abb_tf_generator:/home/eia/rbi_2025/abb/abb_ws/install/abb_path_generator:/home/eia/rbi_2025/abb/abb_ws/install/abb_path_controller:/home/eia/rbi_2025/abb/abb_ws/install/abb_mujoco_python:/home/eia/rbi_2025/abb/abb_ws/install/abb_ik_solver:/home/eia/rbi_2025/scara/scara_ws/install/scara_tf_generator:/home/eia/rbi_2025/scara/scara_ws/install/scara_path_generator:/home/eia/rbi_2025/scara/scara_ws/install/scara_path_controller:/home/eia/rbi_2025/scara/scara_ws/install/scara_mujoco_python_sim:/home/eia/rbi_2025/scara/scara_ws/install/scara_general_ik_solver:/home/eia/rbi_2025/scara/scara_ws/install/premade_path_publisher:/opt/ros/humble /usr/bin/cmake --install /home/eia/rbi_2025/abb/abb_ws/build/abb_controllers
[2.107s] -- Install configuration: ""
[2.107s] -- Execute custom install script
[2.107s] -- Up-to-date symlink: /home/eia/rbi_2025/abb/abb_ws/install/abb_controllers/share/abb_controllers//abb_controller.xml
[2.108s] -- Up-to-date symlink: /home/eia/rbi_2025/abb/abb_ws/install/abb_controllers/lib/libabb_controllers.so
[2.108s] -- Up-to-date symlink: /home/eia/rbi_2025/abb/abb_ws/install/abb_controllers/include/include/abb_controllers/abb_forward_controller.hpp
[2.108s] -- Up-to-date symlink: /home/eia/rbi_2025/abb/abb_ws/install/abb_controllers/share/abb_controllers/environment/library_path.sh
[2.108s] -- Up-to-date symlink: /home/eia/rbi_2025/abb/abb_ws/install/abb_controllers/share/abb_controllers/environment/library_path.dsv
[2.108s] -- Up-to-date symlink: /home/eia/rbi_2025/abb/abb_ws/install/abb_controllers/share/ament_index/resource_index/package_run_dependencies/abb_controllers
[2.108s] -- Up-to-date symlink: /home/eia/rbi_2025/abb/abb_ws/install/abb_controllers/share/ament_index/resource_index/parent_prefix_path/abb_controllers
[2.108s] -- Up-to-date symlink: /home/eia/rbi_2025/abb/abb_ws/install/abb_controllers/share/abb_controllers/environment/ament_prefix_path.sh
[2.109s] -- Up-to-date symlink: /home/eia/rbi_2025/abb/abb_ws/install/abb_controllers/share/abb_controllers/environment/ament_prefix_path.dsv
[2.111s] -- Up-to-date symlink: /home/eia/rbi_2025/abb/abb_ws/install/abb_controllers/share/abb_controllers/environment/path.sh
[2.112s] -- Up-to-date symlink: /home/eia/rbi_2025/abb/abb_ws/install/abb_controllers/share/abb_controllers/environment/path.dsv
[2.112s] -- Up-to-date symlink: /home/eia/rbi_2025/abb/abb_ws/install/abb_controllers/share/abb_controllers/local_setup.bash
[2.112s] -- Up-to-date symlink: /home/eia/rbi_2025/abb/abb_ws/install/abb_controllers/share/abb_controllers/local_setup.sh
[2.112s] -- Up-to-date symlink: /home/eia/rbi_2025/abb/abb_ws/install/abb_controllers/share/abb_controllers/local_setup.zsh
[2.113s] -- Up-to-date symlink: /home/eia/rbi_2025/abb/abb_ws/install/abb_controllers/share/abb_controllers/local_setup.dsv
[2.113s] -- Symlinking: /home/eia/rbi_2025/abb/abb_ws/install/abb_controllers/share/abb_controllers/package.dsv
[2.117s] -- Up-to-date symlink: /home/eia/rbi_2025/abb/abb_ws/install/abb_controllers/share/ament_index/resource_index/packages/abb_controllers
[2.120s] -- Up-to-date symlink: /home/eia/rbi_2025/abb/abb_ws/install/abb_controllers/share/ament_index/resource_index/controller_interface__pluginlib__plugin/abb_controllers
[2.120s] -- Up-to-date symlink: /home/eia/rbi_2025/abb/abb_ws/install/abb_controllers/share/abb_controllers/cmake/ament_cmake_export_libraries-extras.cmake
[2.120s] -- Up-to-date symlink: /home/eia/rbi_2025/abb/abb_ws/install/abb_controllers/share/abb_controllers/cmake/ament_cmake_export_dependencies-extras.cmake
[2.120s] -- Up-to-date symlink: /home/eia/rbi_2025/abb/abb_ws/install/abb_controllers/share/abb_controllers/cmake/abb_controllersConfig.cmake
[2.120s] -- Up-to-date symlink: /home/eia/rbi_2025/abb/abb_ws/install/abb_controllers/share/abb_controllers/cmake/abb_controllersConfig-version.cmake
[2.120s] -- Up-to-date symlink: /home/eia/rbi_2025/abb/abb_ws/install/abb_controllers/share/abb_controllers/package.xml
[2.192s] Invoked command in '/home/eia/rbi_2025/abb/abb_ws/build/abb_controllers' returned '0': CMAKE_PREFIX_PATH=${CMAKE_PREFIX_PATH}:/home/eia/rbi_2025/abb/abb_ws/install/abb_tf_generator:/home/eia/rbi_2025/abb/abb_ws/install/abb_path_generator:/home/eia/rbi_2025/abb/abb_ws/install/abb_path_controller:/home/eia/rbi_2025/abb/abb_ws/install/abb_mujoco_python:/home/eia/rbi_2025/abb/abb_ws/install/abb_ik_solver:/home/eia/rbi_2025/scara/scara_ws/install/scara_tf_generator:/home/eia/rbi_2025/scara/scara_ws/install/scara_path_generator:/home/eia/rbi_2025/scara/scara_ws/install/scara_path_controller:/home/eia/rbi_2025/scara/scara_ws/install/scara_mujoco_python_sim:/home/eia/rbi_2025/scara/scara_ws/install/scara_general_ik_solver:/home/eia/rbi_2025/scara/scara_ws/install/premade_path_publisher:/opt/ros/humble /usr/bin/cmake --install /home/eia/rbi_2025/abb/abb_ws/build/abb_controllers
