[1.857s] Invoking command in '/rov_ws/src/build/rov_position_controller': PYTHONPATH=/rov_ws/src/build/rov_position_controller/prefix_override:/usr/lib/python3/dist-packages/colcon_core/task/python/colcon_distutils_commands:/rov_ws/src/install/rov_position_controller/lib/python3.10/site-packages:${PYTHONPATH} /usr/bin/python3 -W ignore:setup.py install is deprecated -W ignore:easy_install command is deprecated setup.py develop --editable --build-directory /rov_ws/src/build/rov_position_controller/build --no-deps symlink_data
[2.230s] running develop
[2.432s] running egg_info
[2.432s] creating rov_position_controller.egg-info
[2.432s] writing rov_position_controller.egg-info/PKG-INFO
[2.432s] writing dependency_links to rov_position_controller.egg-info/dependency_links.txt
[2.432s] writing entry points to rov_position_controller.egg-info/entry_points.txt
[2.433s] writing requirements to rov_position_controller.egg-info/requires.txt
[2.433s] writing top-level names to rov_position_controller.egg-info/top_level.txt
[2.433s] writing manifest file 'rov_position_controller.egg-info/SOURCES.txt'
[2.434s] reading manifest file 'rov_position_controller.egg-info/SOURCES.txt'
[2.435s] writing manifest file 'rov_position_controller.egg-info/SOURCES.txt'
[2.436s] running build_ext
[2.436s] Creating /rov_ws/src/install/rov_position_controller/lib/python3.10/site-packages/rov-position-controller.egg-link (link to .)
[2.437s] Installing rov_position_controller script to /rov_ws/src/install/rov_position_controller/lib/rov_position_controller
[2.437s] 
[2.437s] Installed /rov_ws/src/build/rov_position_controller
[2.437s] running symlink_data
[2.437s] creating /rov_ws/src/install/rov_position_controller/share/ament_index
[2.438s] creating /rov_ws/src/install/rov_position_controller/share/ament_index/resource_index
[2.438s] creating /rov_ws/src/install/rov_position_controller/share/ament_index/resource_index/packages
[2.438s] symbolically linking /rov_ws/src/build/rov_position_controller/resource/rov_position_controller -> /rov_ws/src/install/rov_position_controller/share/ament_index/resource_index/packages
[2.438s] symbolically linking /rov_ws/src/build/rov_position_controller/package.xml -> /rov_ws/src/install/rov_position_controller/share/rov_position_controller
[2.438s] creating /rov_ws/src/install/rov_position_controller/share/rov_position_controller/launch
[2.438s] creating /rov_ws/src/install/rov_position_controller/share/rov_position_controller/descriptions
[2.438s] creating /rov_ws/src/install/rov_position_controller/share/rov_position_controller/config
[2.474s] Invoked command in '/rov_ws/src/build/rov_position_controller' returned '0': PYTHONPATH=/rov_ws/src/build/rov_position_controller/prefix_override:/usr/lib/python3/dist-packages/colcon_core/task/python/colcon_distutils_commands:/rov_ws/src/install/rov_position_controller/lib/python3.10/site-packages:${PYTHONPATH} /usr/bin/python3 -W ignore:setup.py install is deprecated -W ignore:easy_install command is deprecated setup.py develop --editable --build-directory /rov_ws/src/build/rov_position_controller/build --no-deps symlink_data
