running develop
running egg_info
creating visualization.egg-info
writing visualization.egg-info/PKG-INFO
writing dependency_links to visualization.egg-info/dependency_links.txt
writing entry points to visualization.egg-info/entry_points.txt
writing requirements to visualization.egg-info/requires.txt
writing top-level names to visualization.egg-info/top_level.txt
writing manifest file 'visualization.egg-info/SOURCES.txt'
reading manifest file 'visualization.egg-info/SOURCES.txt'
writing manifest file 'visualization.egg-info/SOURCES.txt'
running build_ext
Creating /home/eia/rbi_2025/rov/rov_ws/install/visualization/lib/python3.10/site-packages/visualization.egg-link (link to .)
Installing gui_node script to /home/eia/rbi_2025/rov/rov_ws/install/visualization/lib/visualization

Installed /home/eia/rbi_2025/rov/rov_ws/build/visualization
running symlink_data
creating /home/eia/rbi_2025/rov/rov_ws/install/visualization/share/ament_index
creating /home/eia/rbi_2025/rov/rov_ws/install/visualization/share/ament_index/resource_index
creating /home/eia/rbi_2025/rov/rov_ws/install/visualization/share/ament_index/resource_index/packages
symbolically linking /home/eia/rbi_2025/rov/rov_ws/build/visualization/resource/visualization -> /home/eia/rbi_2025/rov/rov_ws/install/visualization/share/ament_index/resource_index/packages
symbolically linking /home/eia/rbi_2025/rov/rov_ws/build/visualization/package.xml -> /home/eia/rbi_2025/rov/rov_ws/install/visualization/share/visualization
creating /home/eia/rbi_2025/rov/rov_ws/install/visualization/share/visualization/launch
creating /home/eia/rbi_2025/rov/rov_ws/install/visualization/share/visualization/descriptions
creating /home/eia/rbi_2025/rov/rov_ws/install/visualization/share/visualization/config
