[0.073s] Invoking command in '/abb_ws/build/abb_gz_description': CMAKE_PREFIX_PATH=${CMAKE_PREFIX_PATH}:/abb_ws/install/abb_path_controller:/abb_ws/install/abb_mujoco_python:/abb_ws/install/abb_ik_solver:/opt/ros/humble /usr/bin/cmake --build /abb_ws/build/abb_gz_description -- -j12 -l12
[0.829s] Invoked command in '/abb_ws/build/abb_gz_description' returned '0': CMAKE_PREFIX_PATH=${CMAKE_PREFIX_PATH}:/abb_ws/install/abb_path_controller:/abb_ws/install/abb_mujoco_python:/abb_ws/install/abb_ik_solver:/opt/ros/humble /usr/bin/cmake --build /abb_ws/build/abb_gz_description -- -j12 -l12
[0.838s] Invoking command in '/abb_ws/build/abb_gz_description': CMAKE_PREFIX_PATH=${CMAKE_PREFIX_PATH}:/abb_ws/install/abb_path_controller:/abb_ws/install/abb_mujoco_python:/abb_ws/install/abb_ik_solver:/opt/ros/humble /usr/bin/cmake --install /abb_ws/build/abb_gz_description
[0.849s] -- Install configuration: ""
[0.850s] -- Execute custom install script
[0.850s] -- Up-to-date symlink: /abb_ws/install/abb_gz_description/share/abb_gz_description//urdf/common_properties.xacro
[0.850s] -- Up-to-date symlink: /abb_ws/install/abb_gz_description/share/abb_gz_description//urdf/irb140.urdf.xacro
[0.850s] -- Up-to-date symlink: /abb_ws/install/abb_gz_description/share/abb_gz_description//urdf/irb140_description.xacro
[0.851s] -- Up-to-date symlink: /abb_ws/install/abb_gz_description/share/abb_gz_description//launch/display.launch.xml
[0.851s] -- Up-to-date symlink: /abb_ws/install/abb_gz_description/share/abb_gz_description//meshes/irb140/collision/base_link.stl
[0.851s] -- Up-to-date symlink: /abb_ws/install/abb_gz_description/share/abb_gz_description//meshes/irb140/collision/link_1.stl
[0.851s] -- Up-to-date symlink: /abb_ws/install/abb_gz_description/share/abb_gz_description//meshes/irb140/collision/link_2.stl
[0.851s] -- Up-to-date symlink: /abb_ws/install/abb_gz_description/share/abb_gz_description//meshes/irb140/collision/link_3.stl
[0.851s] -- Up-to-date symlink: /abb_ws/install/abb_gz_description/share/abb_gz_description//meshes/irb140/collision/link_4.stl
[0.852s] -- Up-to-date symlink: /abb_ws/install/abb_gz_description/share/abb_gz_description//meshes/irb140/collision/link_5.stl
[0.852s] -- Up-to-date symlink: /abb_ws/install/abb_gz_description/share/abb_gz_description//meshes/irb140/collision/link_6.stl
[0.852s] -- Up-to-date symlink: /abb_ws/install/abb_gz_description/share/abb_gz_description//meshes/irb140/visual/base_link.stl
[0.852s] -- Up-to-date symlink: /abb_ws/install/abb_gz_description/share/abb_gz_description//meshes/irb140/visual/link_1.stl
[0.852s] -- Up-to-date symlink: /abb_ws/install/abb_gz_description/share/abb_gz_description//meshes/irb140/visual/link_2.stl
[0.852s] -- Up-to-date symlink: /abb_ws/install/abb_gz_description/share/abb_gz_description//meshes/irb140/visual/link_3.stl
[0.852s] -- Up-to-date symlink: /abb_ws/install/abb_gz_description/share/abb_gz_description//meshes/irb140/visual/link_4.stl
[0.852s] -- Up-to-date symlink: /abb_ws/install/abb_gz_description/share/abb_gz_description//meshes/irb140/visual/link_5.stl
[0.852s] -- Up-to-date symlink: /abb_ws/install/abb_gz_description/share/abb_gz_description//meshes/irb140/visual/link_6.stl
[0.853s] -- Up-to-date symlink: /abb_ws/install/abb_gz_description/share/ament_index/resource_index/package_run_dependencies/abb_gz_description
[0.853s] -- Up-to-date symlink: /abb_ws/install/abb_gz_description/share/ament_index/resource_index/parent_prefix_path/abb_gz_description
[0.853s] -- Up-to-date symlink: /abb_ws/install/abb_gz_description/share/abb_gz_description/environment/ament_prefix_path.sh
[0.853s] -- Up-to-date symlink: /abb_ws/install/abb_gz_description/share/abb_gz_description/environment/ament_prefix_path.dsv
[0.853s] -- Up-to-date symlink: /abb_ws/install/abb_gz_description/share/abb_gz_description/environment/path.sh
[0.858s] -- Up-to-date symlink: /abb_ws/install/abb_gz_description/share/abb_gz_description/environment/path.dsv
[0.865s] -- Up-to-date symlink: /abb_ws/install/abb_gz_description/share/abb_gz_description/local_setup.bash
[0.865s] -- Up-to-date symlink: /abb_ws/install/abb_gz_description/share/abb_gz_description/local_setup.sh
[0.866s] -- Up-to-date symlink: /abb_ws/install/abb_gz_description/share/abb_gz_description/local_setup.zsh
[0.868s] -- Up-to-date symlink: /abb_ws/install/abb_gz_description/share/abb_gz_description/local_setup.dsv
[0.868s] -- Symlinking: /abb_ws/install/abb_gz_description/share/abb_gz_description/package.dsv
[0.870s] -- Up-to-date symlink: /abb_ws/install/abb_gz_description/share/ament_index/resource_index/packages/abb_gz_description
[0.871s] -- Up-to-date symlink: /abb_ws/install/abb_gz_description/share/abb_gz_description/cmake/abb_gz_descriptionConfig.cmake
[0.871s] -- Up-to-date symlink: /abb_ws/install/abb_gz_description/share/abb_gz_description/cmake/abb_gz_descriptionConfig-version.cmake
[0.872s] -- Up-to-date symlink: /abb_ws/install/abb_gz_description/share/abb_gz_description/package.xml
[0.911s] Invoked command in '/abb_ws/build/abb_gz_description' returned '0': CMAKE_PREFIX_PATH=${CMAKE_PREFIX_PATH}:/abb_ws/install/abb_path_controller:/abb_ws/install/abb_mujoco_python:/abb_ws/install/abb_ik_solver:/opt/ros/humble /usr/bin/cmake --install /abb_ws/build/abb_gz_description
