[0.303s] Invoking command in '/rov_ws/src/build/rov_mujoco_sim': CMAKE_PREFIX_PATH=/opt/ros/humble /usr/bin/cmake /rov_ws/src/rov_mujoco_sim -DAMENT_CMAKE_SYMLINK_INSTALL=1 -DCMAKE_INSTALL_PREFIX=/rov_ws/src/install/rov_mujoco_sim
[1.228s] -- The C compiler identification is GNU 11.4.0
[1.228s] -- The CXX compiler identification is GNU 11.4.0
[1.228s] -- Detecting C compiler ABI info
[1.228s] -- Detecting C compiler ABI info - done
[1.228s] -- Check for working C compiler: /usr/bin/cc - skipped
[1.229s] -- Detecting C compile features
[1.229s] -- Detecting C compile features - done
[1.229s] -- Detecting CXX compiler ABI info
[1.229s] -- Detecting CXX compiler ABI info - done
[1.229s] -- Check for working CXX compiler: /usr/bin/c++ - skipped
[1.229s] -- Detecting CXX compile features
[1.229s] -- Detecting CXX compile features - done
[1.229s] -- Found ament_cmake: 1.3.12 (/opt/ros/humble/share/ament_cmake/cmake)
[1.229s] -- Found Python3: /usr/bin/python3 (found version "3.10.12") found components: Interpreter 
[1.229s] -- Override CMake install command with custom implementation using symlinks instead of copying resources
[1.229s] -- Found PkgConfig: /usr/bin/pkg-config (found version "0.29.2") 
[1.229s] -- Checking for module 'glfw3'
[1.229s] --   Found glfw3, version 3.3.6
[1.229s] -- Found rclcpp: 16.0.14 (/opt/ros/humble/share/rclcpp/cmake)
[1.230s] -- Found rosidl_generator_c: 3.1.7 (/opt/ros/humble/share/rosidl_generator_c/cmake)
[1.230s] -- Found rosidl_adapter: 3.1.7 (/opt/ros/humble/share/rosidl_adapter/cmake)
[1.230s] -- Found rosidl_generator_cpp: 3.1.7 (/opt/ros/humble/share/rosidl_generator_cpp/cmake)
[1.230s] -- Using all available rosidl_typesupport_c: rosidl_typesupport_fastrtps_c;rosidl_typesupport_introspection_c
[1.230s] -- Using all available rosidl_typesupport_cpp: rosidl_typesupport_fastrtps_cpp;rosidl_typesupport_introspection_cpp
[1.230s] -- Found rmw_implementation_cmake: 6.1.2 (/opt/ros/humble/share/rmw_implementation_cmake/cmake)
[1.230s] -- Found rmw_fastrtps_cpp: 6.2.8 (/opt/ros/humble/share/rmw_fastrtps_cpp/cmake)
[1.230s] -- Found OpenSSL: /usr/lib/x86_64-linux-gnu/libcrypto.so (found version "3.0.2")  
[1.230s] -- Found FastRTPS: /opt/ros/humble/include  
[1.239s] -- Using RMW implementation 'rmw_fastrtps_cpp' as default
[1.251s] -- Looking for pthread.h
[1.333s] -- Looking for pthread.h - found
[1.333s] -- Performing Test CMAKE_HAVE_LIBC_PTHREAD
[1.420s] -- Performing Test CMAKE_HAVE_LIBC_PTHREAD - Success
[1.421s] -- Found Threads: TRUE  
[1.492s] -- Found rclcpp_lifecycle: 16.0.14 (/opt/ros/humble/share/rclcpp_lifecycle/cmake)
[1.521s] -- Found pluginlib: 5.1.0 (/opt/ros/humble/share/pluginlib/cmake)
[1.556s] -- Found geometry_msgs: 4.9.0 (/opt/ros/humble/share/geometry_msgs/cmake)
[1.576s] -- Found hardware_interface: 2.51.0 (/opt/ros/humble/share/hardware_interface/cmake)
[1.901s] -- Configuring done
[1.968s] -- Generating done
[1.975s] -- Build files have been written to: /rov_ws/src/build/rov_mujoco_sim
[1.983s] Invoked command in '/rov_ws/src/build/rov_mujoco_sim' returned '0': CMAKE_PREFIX_PATH=/opt/ros/humble /usr/bin/cmake /rov_ws/src/rov_mujoco_sim -DAMENT_CMAKE_SYMLINK_INSTALL=1 -DCMAKE_INSTALL_PREFIX=/rov_ws/src/install/rov_mujoco_sim
[1.985s] Invoking command in '/rov_ws/src/build/rov_mujoco_sim': CMAKE_PREFIX_PATH=/opt/ros/humble /usr/bin/cmake --build /rov_ws/src/build/rov_mujoco_sim -- -j12 -l12
[2.027s] [ 25%] [32mBuilding CXX object CMakeFiles/rov_mujoco_sim_direct.dir/src/mujoco_interface.cpp.o[0m
[2.035s] [ 50%] [32mBuilding CXX object CMakeFiles/rov_mujoco_sim.dir/src/mujoco_sim_interface.cpp.o[0m
[5.043s] In file included from [01m[K/opt/ros/humble/include/rclcpp/rclcpp/logging.hpp:24[m[K,
[5.043s]                  from [01m[K/opt/ros/humble/include/rclcpp/rclcpp/client.hpp:40[m[K,
[5.043s]                  from [01m[K/opt/ros/humble/include/rclcpp/rclcpp/callback_group.hpp:24[m[K,
[5.043s]                  from [01m[K/opt/ros/humble/include/rclcpp/rclcpp/any_executable.hpp:20[m[K,
[5.044s]                  from [01m[K/opt/ros/humble/include/rclcpp/rclcpp/memory_strategy.hpp:25[m[K,
[5.044s]                  from [01m[K/opt/ros/humble/include/rclcpp/rclcpp/memory_strategies.hpp:18[m[K,
[5.044s]                  from [01m[K/opt/ros/humble/include/rclcpp/rclcpp/executor_options.hpp:20[m[K,
[5.044s]                  from [01m[K/opt/ros/humble/include/rclcpp/rclcpp/executor.hpp:37[m[K,
[5.044s]                  from [01m[K/opt/ros/humble/include/rclcpp/rclcpp/executors/multi_threaded_executor.hpp:25[m[K,
[5.044s]                  from [01m[K/opt/ros/humble/include/rclcpp/rclcpp/executors.hpp:21[m[K,
[5.044s]                  from [01m[K/opt/ros/humble/include/rclcpp/rclcpp/rclcpp.hpp:155[m[K,
[5.044s]                  from [01m[K/rov_ws/src/rov_mujoco_sim/include/rov_sim/mujoco_sim_interface.hpp:20[m[K,
[5.044s]                  from [01m[K/rov_ws/src/rov_mujoco_sim/src/mujoco_sim_interface.cpp:1[m[K:
[5.044s] [01m[K/rov_ws/src/rov_mujoco_sim/src/mujoco_sim_interface.cpp:[m[K In member function ‘[01m[Kvirtual hardware_interface::CallbackReturn rov_simulator_layer::RovSimulatorInterface::on_configure(const rclcpp_lifecycle::State&)[m[K’:
[5.044s] [01m[K/rov_ws/src/rov_mujoco_sim/src/mujoco_sim_interface.cpp:27:52:[m[K [01;35m[Kwarning: [m[Kformat not a string literal and no format arguments [[01;35m[K]8;;https://gcc.gnu.org/onlinedocs/gcc/Warning-Options.html#index-Wformat-security-Wformat-security]8;;[m[K]
[5.045s]    27 |         RCLCPP_INFO(rclcpp::get_logger("rov sim"), [01;35m[Kerr_string[m[K);
[5.045s]       |                                                    [01;35m[K^~~~~~~~~~[m[K
[6.438s] [ 75%] [32m[1mLinking CXX shared library librov_mujoco_sim.so[0m
[6.613s] [ 75%] Built target rov_mujoco_sim
[9.801s] [100%] [32m[1mLinking CXX executable rov_mujoco_sim_direct[0m
[10.194s] [100%] Built target rov_mujoco_sim_direct
[10.202s] Invoked command in '/rov_ws/src/build/rov_mujoco_sim' returned '0': CMAKE_PREFIX_PATH=/opt/ros/humble /usr/bin/cmake --build /rov_ws/src/build/rov_mujoco_sim -- -j12 -l12
[10.203s] Invoking command in '/rov_ws/src/build/rov_mujoco_sim': CMAKE_PREFIX_PATH=/opt/ros/humble /usr/bin/cmake --install /rov_ws/src/build/rov_mujoco_sim
[10.210s] -- Install configuration: ""
[10.210s] -- Execute custom install script
[10.210s] -- Symlinking: /rov_ws/src/install/rov_mujoco_sim/share/rov_mujoco_sim//rov_hardware_interface.xml
[10.218s] -- Symlinking: /rov_ws/src/install/rov_mujoco_sim/lib/librov_mujoco_sim.so
[10.225s] -- Symlinking: /rov_ws/src/install/rov_mujoco_sim/include/include/rov_sim/mujoco_interface.hpp
[10.232s] -- Symlinking: /rov_ws/src/install/rov_mujoco_sim/include/include/rov_sim/mujoco_sim_interface.hpp
[10.239s] -- Symlinking: /rov_ws/src/install/rov_mujoco_sim/share/rov_mujoco_sim/environment/library_path.sh
[10.245s] -- Symlinking: /rov_ws/src/install/rov_mujoco_sim/share/rov_mujoco_sim/environment/library_path.dsv
[10.252s] -- Symlinking: /rov_ws/src/install/rov_mujoco_sim/lib/rov_mujoco_sim/rov_mujoco_sim_direct
[10.259s] -- Symlinking: /rov_ws/src/install/rov_mujoco_sim/share/ament_index/resource_index/package_run_dependencies/rov_mujoco_sim
[10.265s] -- Symlinking: /rov_ws/src/install/rov_mujoco_sim/share/ament_index/resource_index/parent_prefix_path/rov_mujoco_sim
[10.272s] -- Symlinking: /rov_ws/src/install/rov_mujoco_sim/share/rov_mujoco_sim/environment/ament_prefix_path.sh
[10.279s] -- Symlinking: /rov_ws/src/install/rov_mujoco_sim/share/rov_mujoco_sim/environment/ament_prefix_path.dsv
[10.285s] -- Symlinking: /rov_ws/src/install/rov_mujoco_sim/share/rov_mujoco_sim/environment/path.sh
[10.292s] -- Symlinking: /rov_ws/src/install/rov_mujoco_sim/share/rov_mujoco_sim/environment/path.dsv
[10.298s] -- Symlinking: /rov_ws/src/install/rov_mujoco_sim/share/rov_mujoco_sim/local_setup.bash
[10.305s] -- Symlinking: /rov_ws/src/install/rov_mujoco_sim/share/rov_mujoco_sim/local_setup.sh
[10.312s] -- Symlinking: /rov_ws/src/install/rov_mujoco_sim/share/rov_mujoco_sim/local_setup.zsh
[10.319s] -- Symlinking: /rov_ws/src/install/rov_mujoco_sim/share/rov_mujoco_sim/local_setup.dsv
[10.325s] -- Symlinking: /rov_ws/src/install/rov_mujoco_sim/share/rov_mujoco_sim/package.dsv
[10.332s] -- Symlinking: /rov_ws/src/install/rov_mujoco_sim/share/ament_index/resource_index/packages/rov_mujoco_sim
[10.339s] -- Symlinking: /rov_ws/src/install/rov_mujoco_sim/share/ament_index/resource_index/hardware_interface__pluginlib__plugin/rov_mujoco_sim
[10.346s] -- Symlinking: /rov_ws/src/install/rov_mujoco_sim/share/rov_mujoco_sim/cmake/ament_cmake_export_libraries-extras.cmake
[10.353s] -- Symlinking: /rov_ws/src/install/rov_mujoco_sim/share/rov_mujoco_sim/cmake/ament_cmake_export_dependencies-extras.cmake
[10.359s] -- Symlinking: /rov_ws/src/install/rov_mujoco_sim/share/rov_mujoco_sim/cmake/rov_mujoco_simConfig.cmake
[10.366s] -- Symlinking: /rov_ws/src/install/rov_mujoco_sim/share/rov_mujoco_sim/cmake/rov_mujoco_simConfig-version.cmake
[10.372s] -- Symlinking: /rov_ws/src/install/rov_mujoco_sim/share/rov_mujoco_sim/package.xml
[10.381s] Invoked command in '/rov_ws/src/build/rov_mujoco_sim' returned '0': CMAKE_PREFIX_PATH=/opt/ros/humble /usr/bin/cmake --install /rov_ws/src/build/rov_mujoco_sim
