[0.085s] Invoking command in '/abb_ws/build/abb_gz_hardware': CMAKE_PREFIX_PATH=${CMAKE_PREFIX_PATH}:/abb_ws/install/abb_tf_generator:/abb_ws/install/abb_path_generator:/abb_ws/install/abb_path_controller:/abb_ws/install/abb_mujoco_python:/abb_ws/install/abb_ik_solver:/opt/ros/humble /usr/bin/cmake --build /abb_ws/build/abb_gz_hardware -- -j12 -l12
[1.692s] Invoked command in '/abb_ws/build/abb_gz_hardware' returned '0': CMAKE_PREFIX_PATH=${CMAKE_PREFIX_PATH}:/abb_ws/install/abb_tf_generator:/abb_ws/install/abb_path_generator:/abb_ws/install/abb_path_controller:/abb_ws/install/abb_mujoco_python:/abb_ws/install/abb_ik_solver:/opt/ros/humble /usr/bin/cmake --build /abb_ws/build/abb_gz_hardware -- -j12 -l12
[1.694s] Invoking command in '/abb_ws/build/abb_gz_hardware': CMAKE_PREFIX_PATH=${CMAKE_PREFIX_PATH}:/abb_ws/install/abb_tf_generator:/abb_ws/install/abb_path_generator:/abb_ws/install/abb_path_controller:/abb_ws/install/abb_mujoco_python:/abb_ws/install/abb_ik_solver:/opt/ros/humble /usr/bin/cmake --install /abb_ws/build/abb_gz_hardware
[1.747s] -- Install configuration: ""
[1.747s] -- Up-to-date: /abb_ws/install/abb_gz_hardware/share/ament_index/resource_index/package_run_dependencies/abb_gz_hardware
[1.748s] -- Up-to-date: /abb_ws/install/abb_gz_hardware/share/ament_index/resource_index/parent_prefix_path/abb_gz_hardware
[1.748s] -- Up-to-date: /abb_ws/install/abb_gz_hardware/share/abb_gz_hardware/environment/ament_prefix_path.sh
[1.749s] -- Up-to-date: /abb_ws/install/abb_gz_hardware/share/abb_gz_hardware/environment/ament_prefix_path.dsv
[1.749s] -- Up-to-date: /abb_ws/install/abb_gz_hardware/share/abb_gz_hardware/environment/path.sh
[1.749s] -- Up-to-date: /abb_ws/install/abb_gz_hardware/share/abb_gz_hardware/environment/path.dsv
[1.749s] -- Up-to-date: /abb_ws/install/abb_gz_hardware/share/abb_gz_hardware/local_setup.bash
[1.750s] -- Up-to-date: /abb_ws/install/abb_gz_hardware/share/abb_gz_hardware/local_setup.sh
[1.750s] -- Up-to-date: /abb_ws/install/abb_gz_hardware/share/abb_gz_hardware/local_setup.zsh
[1.750s] -- Up-to-date: /abb_ws/install/abb_gz_hardware/share/abb_gz_hardware/local_setup.dsv
[1.750s] -- Installing: /abb_ws/install/abb_gz_hardware/share/abb_gz_hardware/package.dsv
[1.751s] -- Up-to-date: /abb_ws/install/abb_gz_hardware/share/ament_index/resource_index/packages/abb_gz_hardware
[1.751s] -- Up-to-date: /abb_ws/install/abb_gz_hardware/share/abb_gz_hardware/cmake/abb_gz_hardwareConfig.cmake
[1.751s] -- Up-to-date: /abb_ws/install/abb_gz_hardware/share/abb_gz_hardware/cmake/abb_gz_hardwareConfig-version.cmake
[1.751s] -- Up-to-date: /abb_ws/install/abb_gz_hardware/share/abb_gz_hardware/package.xml
[1.897s] Invoked command in '/abb_ws/build/abb_gz_hardware' returned '0': CMAKE_PREFIX_PATH=${CMAKE_PREFIX_PATH}:/abb_ws/install/abb_tf_generator:/abb_ws/install/abb_path_generator:/abb_ws/install/abb_path_controller:/abb_ws/install/abb_mujoco_python:/abb_ws/install/abb_ik_solver:/opt/ros/humble /usr/bin/cmake --install /abb_ws/build/abb_gz_hardware
