-- Found ament_cmake: 1.3.12 (/opt/ros/humble/share/ament_cmake/cmake)
-- Override CMake install command with custom implementation using symlinks instead of copying resources
-- Configuring done
-- Generating done
-- Build files have been written to: /home/eia/rbi_2025/abb/abb_ws/build/abb_mujoco_description
-- Install configuration: ""
-- Execute custom install script
-- Up-to-date symlink: /home/eia/rbi_2025/abb/abb_ws/install/abb_mujoco_description/share/abb_mujoco_description//urdf/MUJOCO_LOG.TXT
-- Up-to-date symlink: /home/eia/rbi_2025/abb/abb_ws/install/abb_mujoco_description/share/abb_mujoco_description//urdf/abb_description.urdf.xacro
-- Up-to-date symlink: /home/eia/rbi_2025/abb/abb_ws/install/abb_mujoco_description/share/abb_mujoco_description//launch/display.launch.xml
-- Symlinking: /home/eia/rbi_2025/abb/abb_ws/install/abb_mujoco_description/share/ament_index/resource_index/package_run_dependencies/abb_mujoco_description
-- Symlinking: /home/eia/rbi_2025/abb/abb_ws/install/abb_mujoco_description/share/ament_index/resource_index/parent_prefix_path/abb_mujoco_description
-- Symlinking: /home/eia/rbi_2025/abb/abb_ws/install/abb_mujoco_description/share/abb_mujoco_description/environment/ament_prefix_path.sh
-- Symlinking: /home/eia/rbi_2025/abb/abb_ws/install/abb_mujoco_description/share/abb_mujoco_description/environment/ament_prefix_path.dsv
-- Symlinking: /home/eia/rbi_2025/abb/abb_ws/install/abb_mujoco_description/share/abb_mujoco_description/environment/path.sh
-- Symlinking: /home/eia/rbi_2025/abb/abb_ws/install/abb_mujoco_description/share/abb_mujoco_description/environment/path.dsv
-- Symlinking: /home/eia/rbi_2025/abb/abb_ws/install/abb_mujoco_description/share/abb_mujoco_description/local_setup.bash
-- Symlinking: /home/eia/rbi_2025/abb/abb_ws/install/abb_mujoco_description/share/abb_mujoco_description/local_setup.sh
-- Symlinking: /home/eia/rbi_2025/abb/abb_ws/install/abb_mujoco_description/share/abb_mujoco_description/local_setup.zsh
-- Symlinking: /home/eia/rbi_2025/abb/abb_ws/install/abb_mujoco_description/share/abb_mujoco_description/local_setup.dsv
-- Symlinking: /home/eia/rbi_2025/abb/abb_ws/install/abb_mujoco_description/share/abb_mujoco_description/package.dsv
-- Symlinking: /home/eia/rbi_2025/abb/abb_ws/install/abb_mujoco_description/share/ament_index/resource_index/packages/abb_mujoco_description
-- Symlinking: /home/eia/rbi_2025/abb/abb_ws/install/abb_mujoco_description/share/abb_mujoco_description/cmake/abb_mujoco_descriptionConfig.cmake
-- Symlinking: /home/eia/rbi_2025/abb/abb_ws/install/abb_mujoco_description/share/abb_mujoco_description/cmake/abb_mujoco_descriptionConfig-version.cmake
-- Symlinking: /home/eia/rbi_2025/abb/abb_ws/install/abb_mujoco_description/share/abb_mujoco_description/package.xml
