[0.434s] Invoking command in '/home/eia/rbi_2025/abb/abb_ws/build/abb_mujoco_description': CMAKE_PREFIX_PATH=${CMAKE_PREFIX_PATH}:/home/eia/rbi_2025/abb/abb_ws/install/abb_tf_generator:/home/eia/rbi_2025/abb/abb_ws/install/abb_path_generator:/home/eia/rbi_2025/abb/abb_ws/install/abb_path_controller:/home/eia/rbi_2025/abb/abb_ws/install/abb_mujoco_python:/home/eia/rbi_2025/abb/abb_ws/install/abb_ik_solver:/home/eia/rbi_2025/scara/scara_ws/install/scara_tf_generator:/home/eia/rbi_2025/scara/scara_ws/install/scara_path_generator:/home/eia/rbi_2025/scara/scara_ws/install/scara_path_controller:/home/eia/rbi_2025/scara/scara_ws/install/scara_mujoco_python_sim:/home/eia/rbi_2025/scara/scara_ws/install/scara_general_ik_solver:/home/eia/rbi_2025/scara/scara_ws/install/premade_path_publisher:/opt/ros/humble /usr/bin/cmake --build /home/eia/rbi_2025/abb/abb_ws/build/abb_mujoco_description -- -j12 -l12
[1.884s] -- Found ament_cmake: 1.3.12 (/opt/ros/humble/share/ament_cmake/cmake)
[1.885s] -- Override CMake install command with custom implementation using symlinks instead of copying resources
[1.885s] -- Configuring done
[1.885s] -- Generating done
[1.885s] -- Build files have been written to: /home/eia/rbi_2025/abb/abb_ws/build/abb_mujoco_description
[1.905s] Invoked command in '/home/eia/rbi_2025/abb/abb_ws/build/abb_mujoco_description' returned '0': CMAKE_PREFIX_PATH=${CMAKE_PREFIX_PATH}:/home/eia/rbi_2025/abb/abb_ws/install/abb_tf_generator:/home/eia/rbi_2025/abb/abb_ws/install/abb_path_generator:/home/eia/rbi_2025/abb/abb_ws/install/abb_path_controller:/home/eia/rbi_2025/abb/abb_ws/install/abb_mujoco_python:/home/eia/rbi_2025/abb/abb_ws/install/abb_ik_solver:/home/eia/rbi_2025/scara/scara_ws/install/scara_tf_generator:/home/eia/rbi_2025/scara/scara_ws/install/scara_path_generator:/home/eia/rbi_2025/scara/scara_ws/install/scara_path_controller:/home/eia/rbi_2025/scara/scara_ws/install/scara_mujoco_python_sim:/home/eia/rbi_2025/scara/scara_ws/install/scara_general_ik_solver:/home/eia/rbi_2025/scara/scara_ws/install/premade_path_publisher:/opt/ros/humble /usr/bin/cmake --build /home/eia/rbi_2025/abb/abb_ws/build/abb_mujoco_description -- -j12 -l12
[1.907s] Invoking command in '/home/eia/rbi_2025/abb/abb_ws/build/abb_mujoco_description': CMAKE_PREFIX_PATH=${CMAKE_PREFIX_PATH}:/home/eia/rbi_2025/abb/abb_ws/install/abb_tf_generator:/home/eia/rbi_2025/abb/abb_ws/install/abb_path_generator:/home/eia/rbi_2025/abb/abb_ws/install/abb_path_controller:/home/eia/rbi_2025/abb/abb_ws/install/abb_mujoco_python:/home/eia/rbi_2025/abb/abb_ws/install/abb_ik_solver:/home/eia/rbi_2025/scara/scara_ws/install/scara_tf_generator:/home/eia/rbi_2025/scara/scara_ws/install/scara_path_generator:/home/eia/rbi_2025/scara/scara_ws/install/scara_path_controller:/home/eia/rbi_2025/scara/scara_ws/install/scara_mujoco_python_sim:/home/eia/rbi_2025/scara/scara_ws/install/scara_general_ik_solver:/home/eia/rbi_2025/scara/scara_ws/install/premade_path_publisher:/opt/ros/humble /usr/bin/cmake --install /home/eia/rbi_2025/abb/abb_ws/build/abb_mujoco_description
[1.935s] -- Install configuration: ""
[1.936s] -- Execute custom install script
[1.940s] -- Up-to-date symlink: /home/eia/rbi_2025/abb/abb_ws/install/abb_mujoco_description/share/abb_mujoco_description//urdf/MUJOCO_LOG.TXT
[1.941s] -- Up-to-date symlink: /home/eia/rbi_2025/abb/abb_ws/install/abb_mujoco_description/share/abb_mujoco_description//urdf/abb_description.urdf.xacro
[1.941s] -- Up-to-date symlink: /home/eia/rbi_2025/abb/abb_ws/install/abb_mujoco_description/share/abb_mujoco_description//launch/display.launch.xml
[1.941s] -- Symlinking: /home/eia/rbi_2025/abb/abb_ws/install/abb_mujoco_description/share/ament_index/resource_index/package_run_dependencies/abb_mujoco_description
[1.941s] -- Symlinking: /home/eia/rbi_2025/abb/abb_ws/install/abb_mujoco_description/share/ament_index/resource_index/parent_prefix_path/abb_mujoco_description
[1.946s] -- Symlinking: /home/eia/rbi_2025/abb/abb_ws/install/abb_mujoco_description/share/abb_mujoco_description/environment/ament_prefix_path.sh
[1.953s] -- Symlinking: /home/eia/rbi_2025/abb/abb_ws/install/abb_mujoco_description/share/abb_mujoco_description/environment/ament_prefix_path.dsv
[1.966s] -- Symlinking: /home/eia/rbi_2025/abb/abb_ws/install/abb_mujoco_description/share/abb_mujoco_description/environment/path.sh
[1.978s] -- Symlinking: /home/eia/rbi_2025/abb/abb_ws/install/abb_mujoco_description/share/abb_mujoco_description/environment/path.dsv
[1.989s] -- Symlinking: /home/eia/rbi_2025/abb/abb_ws/install/abb_mujoco_description/share/abb_mujoco_description/local_setup.bash
[2.001s] -- Symlinking: /home/eia/rbi_2025/abb/abb_ws/install/abb_mujoco_description/share/abb_mujoco_description/local_setup.sh
[2.015s] -- Symlinking: /home/eia/rbi_2025/abb/abb_ws/install/abb_mujoco_description/share/abb_mujoco_description/local_setup.zsh
[2.026s] -- Symlinking: /home/eia/rbi_2025/abb/abb_ws/install/abb_mujoco_description/share/abb_mujoco_description/local_setup.dsv
[2.031s] -- Symlinking: /home/eia/rbi_2025/abb/abb_ws/install/abb_mujoco_description/share/abb_mujoco_description/package.dsv
[2.042s] -- Symlinking: /home/eia/rbi_2025/abb/abb_ws/install/abb_mujoco_description/share/ament_index/resource_index/packages/abb_mujoco_description
[2.054s] -- Symlinking: /home/eia/rbi_2025/abb/abb_ws/install/abb_mujoco_description/share/abb_mujoco_description/cmake/abb_mujoco_descriptionConfig.cmake
[2.065s] -- Symlinking: /home/eia/rbi_2025/abb/abb_ws/install/abb_mujoco_description/share/abb_mujoco_description/cmake/abb_mujoco_descriptionConfig-version.cmake
[2.077s] -- Symlinking: /home/eia/rbi_2025/abb/abb_ws/install/abb_mujoco_description/share/abb_mujoco_description/package.xml
[2.091s] Invoked command in '/home/eia/rbi_2025/abb/abb_ws/build/abb_mujoco_description' returned '0': CMAKE_PREFIX_PATH=${CMAKE_PREFIX_PATH}:/home/eia/rbi_2025/abb/abb_ws/install/abb_tf_generator:/home/eia/rbi_2025/abb/abb_ws/install/abb_path_generator:/home/eia/rbi_2025/abb/abb_ws/install/abb_path_controller:/home/eia/rbi_2025/abb/abb_ws/install/abb_mujoco_python:/home/eia/rbi_2025/abb/abb_ws/install/abb_ik_solver:/home/eia/rbi_2025/scara/scara_ws/install/scara_tf_generator:/home/eia/rbi_2025/scara/scara_ws/install/scara_path_generator:/home/eia/rbi_2025/scara/scara_ws/install/scara_path_controller:/home/eia/rbi_2025/scara/scara_ws/install/scara_mujoco_python_sim:/home/eia/rbi_2025/scara/scara_ws/install/scara_general_ik_solver:/home/eia/rbi_2025/scara/scara_ws/install/premade_path_publisher:/opt/ros/humble /usr/bin/cmake --install /home/eia/rbi_2025/abb/abb_ws/build/abb_mujoco_description
