[2.083s] Invoking command in '/rov_ws/build/rov_path_follower': PYTHONPATH=/rov_ws/build/rov_path_follower/prefix_override:/usr/lib/python3/dist-packages/colcon_core/task/python/colcon_distutils_commands:/rov_ws/install/rov_path_follower/lib/python3.10/site-packages:${PYTHONPATH} /usr/bin/python3 -W ignore:setup.py install is deprecated -W ignore:easy_install command is deprecated setup.py develop --editable --build-directory /rov_ws/build/rov_path_follower/build --no-deps symlink_data
[2.420s] running develop
[2.566s] running egg_info
[2.566s] creating rov_path_follower.egg-info
[2.566s] writing rov_path_follower.egg-info/PKG-INFO
[2.566s] writing dependency_links to rov_path_follower.egg-info/dependency_links.txt
[2.567s] writing entry points to rov_path_follower.egg-info/entry_points.txt
[2.567s] writing requirements to rov_path_follower.egg-info/requires.txt
[2.567s] writing top-level names to rov_path_follower.egg-info/top_level.txt
[2.567s] writing manifest file 'rov_path_follower.egg-info/SOURCES.txt'
[2.569s] reading manifest file 'rov_path_follower.egg-info/SOURCES.txt'
[2.569s] writing manifest file 'rov_path_follower.egg-info/SOURCES.txt'
[2.571s] running build_ext
[2.571s] Creating /rov_ws/install/rov_path_follower/lib/python3.10/site-packages/rov-path-follower.egg-link (link to .)
[2.572s] Installing rov_path_follower script to /rov_ws/install/rov_path_follower/lib/rov_path_follower
[2.572s] 
[2.572s] Installed /rov_ws/build/rov_path_follower
[2.573s] running symlink_data
[2.573s] creating /rov_ws/install/rov_path_follower/share/ament_index
[2.573s] creating /rov_ws/install/rov_path_follower/share/ament_index/resource_index
[2.573s] creating /rov_ws/install/rov_path_follower/share/ament_index/resource_index/packages
[2.573s] symbolically linking /rov_ws/build/rov_path_follower/resource/rov_path_follower -> /rov_ws/install/rov_path_follower/share/ament_index/resource_index/packages
[2.573s] symbolically linking /rov_ws/build/rov_path_follower/package.xml -> /rov_ws/install/rov_path_follower/share/rov_path_follower
[2.573s] creating /rov_ws/install/rov_path_follower/share/rov_path_follower/launch
[2.573s] creating /rov_ws/install/rov_path_follower/share/rov_path_follower/descriptions
[2.573s] creating /rov_ws/install/rov_path_follower/share/rov_path_follower/config
[2.629s] Invoked command in '/rov_ws/build/rov_path_follower' returned '0': PYTHONPATH=/rov_ws/build/rov_path_follower/prefix_override:/usr/lib/python3/dist-packages/colcon_core/task/python/colcon_distutils_commands:/rov_ws/install/rov_path_follower/lib/python3.10/site-packages:${PYTHONPATH} /usr/bin/python3 -W ignore:setup.py install is deprecated -W ignore:easy_install command is deprecated setup.py develop --editable --build-directory /rov_ws/build/rov_path_follower/build --no-deps symlink_data
