[0.942s] Invoking command in '/home/eia/rbi_2025/rov/rov_ws/build/rov_mujoco_description': CMAKE_PREFIX_PATH=${CMAKE_PREFIX_PATH}:/home/eia/repo/rbi_2025_2/rov/rov_ws/install/rov_position_controller:/home/eia/repo/rbi_2025_2/rov/rov_ws/install/rov_path_generator:/home/eia/repo/rbi_2025_2/rov/rov_ws/install/rov_path_follower:/home/eia/repo/rbi_2025_2/rov/rov_ws/install/rov_attitude_controller:/home/eia/repo/rbi_2025_2/rov/rov_ws/install/direct_control:/opt/ros/humble /usr/bin/cmake /home/eia/rbi_2025/rov/rov_ws/src/rov_mujoco_description -DAMENT_CMAKE_SYMLINK_INSTALL=1 -DCMAKE_INSTALL_PREFIX=/home/eia/rbi_2025/rov/rov_ws/install/rov_mujoco_description
[2.628s] -- The C compiler identification is GNU 11.4.0
[2.629s] -- The CXX compiler identification is GNU 11.4.0
[2.629s] -- Detecting C compiler ABI info
[2.629s] -- Detecting C compiler ABI info - done
[2.629s] -- Check for working C compiler: /usr/bin/cc - skipped
[2.629s] -- Detecting C compile features
[2.630s] -- Detecting C compile features - done
[2.630s] -- Detecting CXX compiler ABI info
[2.630s] -- Detecting CXX compiler ABI info - done
[2.630s] -- Check for working CXX compiler: /usr/bin/c++ - skipped
[2.630s] -- Detecting CXX compile features
[2.630s] -- Detecting CXX compile features - done
[2.630s] -- Found ament_cmake: 1.3.12 (/opt/ros/humble/share/ament_cmake/cmake)
[2.631s] -- Found Python3: /usr/bin/python3 (found version "3.10.12") found components: Interpreter 
[2.631s] -- Override CMake install command with custom implementation using symlinks instead of copying resources
[2.631s] -- Configuring done
[2.631s] -- Generating done
[2.631s] -- Build files have been written to: /home/eia/rbi_2025/rov/rov_ws/build/rov_mujoco_description
[2.637s] Invoked command in '/home/eia/rbi_2025/rov/rov_ws/build/rov_mujoco_description' returned '0': CMAKE_PREFIX_PATH=${CMAKE_PREFIX_PATH}:/home/eia/repo/rbi_2025_2/rov/rov_ws/install/rov_position_controller:/home/eia/repo/rbi_2025_2/rov/rov_ws/install/rov_path_generator:/home/eia/repo/rbi_2025_2/rov/rov_ws/install/rov_path_follower:/home/eia/repo/rbi_2025_2/rov/rov_ws/install/rov_attitude_controller:/home/eia/repo/rbi_2025_2/rov/rov_ws/install/direct_control:/opt/ros/humble /usr/bin/cmake /home/eia/rbi_2025/rov/rov_ws/src/rov_mujoco_description -DAMENT_CMAKE_SYMLINK_INSTALL=1 -DCMAKE_INSTALL_PREFIX=/home/eia/rbi_2025/rov/rov_ws/install/rov_mujoco_description
[2.638s] Invoking command in '/home/eia/rbi_2025/rov/rov_ws/build/rov_mujoco_description': CMAKE_PREFIX_PATH=${CMAKE_PREFIX_PATH}:/home/eia/repo/rbi_2025_2/rov/rov_ws/install/rov_position_controller:/home/eia/repo/rbi_2025_2/rov/rov_ws/install/rov_path_generator:/home/eia/repo/rbi_2025_2/rov/rov_ws/install/rov_path_follower:/home/eia/repo/rbi_2025_2/rov/rov_ws/install/rov_attitude_controller:/home/eia/repo/rbi_2025_2/rov/rov_ws/install/direct_control:/opt/ros/humble /usr/bin/cmake --build /home/eia/rbi_2025/rov/rov_ws/build/rov_mujoco_description -- -j12 -l12
[2.676s] Invoked command in '/home/eia/rbi_2025/rov/rov_ws/build/rov_mujoco_description' returned '0': CMAKE_PREFIX_PATH=${CMAKE_PREFIX_PATH}:/home/eia/repo/rbi_2025_2/rov/rov_ws/install/rov_position_controller:/home/eia/repo/rbi_2025_2/rov/rov_ws/install/rov_path_generator:/home/eia/repo/rbi_2025_2/rov/rov_ws/install/rov_path_follower:/home/eia/repo/rbi_2025_2/rov/rov_ws/install/rov_attitude_controller:/home/eia/repo/rbi_2025_2/rov/rov_ws/install/direct_control:/opt/ros/humble /usr/bin/cmake --build /home/eia/rbi_2025/rov/rov_ws/build/rov_mujoco_description -- -j12 -l12
[2.688s] Invoking command in '/home/eia/rbi_2025/rov/rov_ws/build/rov_mujoco_description': CMAKE_PREFIX_PATH=${CMAKE_PREFIX_PATH}:/home/eia/repo/rbi_2025_2/rov/rov_ws/install/rov_position_controller:/home/eia/repo/rbi_2025_2/rov/rov_ws/install/rov_path_generator:/home/eia/repo/rbi_2025_2/rov/rov_ws/install/rov_path_follower:/home/eia/repo/rbi_2025_2/rov/rov_ws/install/rov_attitude_controller:/home/eia/repo/rbi_2025_2/rov/rov_ws/install/direct_control:/opt/ros/humble /usr/bin/cmake --install /home/eia/rbi_2025/rov/rov_ws/build/rov_mujoco_description
[2.700s] -- Install configuration: ""
[2.701s] -- Execute custom install script
[2.701s] -- Symlinking: /home/eia/rbi_2025/rov/rov_ws/install/rov_mujoco_description/share/rov_mujoco_description//urdf/common_properties.xacro
[2.716s] -- Symlinking: /home/eia/rbi_2025/rov/rov_ws/install/rov_mujoco_description/share/rov_mujoco_description//urdf/rov_description.urdf.xacro
[2.731s] -- Symlinking: /home/eia/rbi_2025/rov/rov_ws/install/rov_mujoco_description/share/rov_mujoco_description//launch/display.launch.xml
[2.746s] [31mCMake Error at ament_cmake_symlink_install/ament_cmake_symlink_install.cmake:100 (message):
[2.746s]   ament_cmake_symlink_install_directory() can't find
[2.746s]   '/home/eia/rbi_2025/rov/rov_ws/src/rov_mujoco_description/rviz'
[2.746s] Call Stack (most recent call first):
[2.747s]   ament_cmake_symlink_install/ament_cmake_symlink_install.cmake:314 (ament_cmake_symlink_install_directory)
[2.747s]   cmake_install.cmake:46 (include)
[2.747s] 
[2.747s] [0m
[2.750s] Invoked command in '/home/eia/rbi_2025/rov/rov_ws/build/rov_mujoco_description' returned '1': CMAKE_PREFIX_PATH=${CMAKE_PREFIX_PATH}:/home/eia/repo/rbi_2025_2/rov/rov_ws/install/rov_position_controller:/home/eia/repo/rbi_2025_2/rov/rov_ws/install/rov_path_generator:/home/eia/repo/rbi_2025_2/rov/rov_ws/install/rov_path_follower:/home/eia/repo/rbi_2025_2/rov/rov_ws/install/rov_attitude_controller:/home/eia/repo/rbi_2025_2/rov/rov_ws/install/direct_control:/opt/ros/humble /usr/bin/cmake --install /home/eia/rbi_2025/rov/rov_ws/build/rov_mujoco_description
