[0.081s] Invoking command in '/abb_ws/build/abb_gz_hardware': CMAKE_PREFIX_PATH=/opt/ros/humble /usr/bin/cmake /abb_ws/src/abb_gz_hardware -DCMAKE_INSTALL_PREFIX=/abb_ws/install/abb_gz_hardware
[2.368s] -- The C compiler identification is GNU 11.4.0
[2.369s] -- The CXX compiler identification is GNU 11.4.0
[2.369s] -- Detecting C compiler ABI info
[2.369s] -- Detecting C compiler ABI info - done
[2.369s] -- Check for working C compiler: /usr/bin/cc - skipped
[2.369s] -- Detecting C compile features
[2.369s] -- Detecting C compile features - done
[2.369s] -- Detecting CXX compiler ABI info
[2.369s] -- Detecting CXX compiler ABI info - done
[2.369s] -- Check for working CXX compiler: /usr/bin/c++ - skipped
[2.370s] -- Detecting CXX compile features
[2.370s] -- Detecting CXX compile features - done
[2.370s] -- Found ament_cmake: 1.3.12 (/opt/ros/humble/share/ament_cmake/cmake)
[2.370s] -- Found Python3: /usr/bin/python3 (found version "3.10.12") found components: Interpreter 
[2.370s] -- Found ament_lint_auto: 0.12.14 (/opt/ros/humble/share/ament_lint_auto/cmake)
[2.370s] -- Added test 'lint_cmake' to check CMake code style
[2.370s] -- Added test 'xmllint' to check XML markup files
[2.370s] -- Configuring done
[2.370s] -- Generating done
[2.370s] -- Build files have been written to: /abb_ws/build/abb_gz_hardware
[2.399s] Invoked command in '/abb_ws/build/abb_gz_hardware' returned '0': CMAKE_PREFIX_PATH=/opt/ros/humble /usr/bin/cmake /abb_ws/src/abb_gz_hardware -DCMAKE_INSTALL_PREFIX=/abb_ws/install/abb_gz_hardware
[2.400s] Invoking command in '/abb_ws/build/abb_gz_hardware': CMAKE_PREFIX_PATH=/opt/ros/humble /usr/bin/cmake --build /abb_ws/build/abb_gz_hardware -- -j12 -l12
[2.468s] Invoked command in '/abb_ws/build/abb_gz_hardware' returned '0': CMAKE_PREFIX_PATH=/opt/ros/humble /usr/bin/cmake --build /abb_ws/build/abb_gz_hardware -- -j12 -l12
[2.471s] Invoking command in '/abb_ws/build/abb_gz_hardware': CMAKE_PREFIX_PATH=/opt/ros/humble /usr/bin/cmake --install /abb_ws/build/abb_gz_hardware
[2.488s] -- Install configuration: ""
[2.489s] -- Installing: /abb_ws/install/abb_gz_hardware/share/ament_index/resource_index/package_run_dependencies/abb_gz_hardware
[2.491s] -- Installing: /abb_ws/install/abb_gz_hardware/share/ament_index/resource_index/parent_prefix_path/abb_gz_hardware
[2.491s] -- Installing: /abb_ws/install/abb_gz_hardware/share/abb_gz_hardware/environment/ament_prefix_path.sh
[2.491s] -- Installing: /abb_ws/install/abb_gz_hardware/share/abb_gz_hardware/environment/ament_prefix_path.dsv
[2.491s] -- Installing: /abb_ws/install/abb_gz_hardware/share/abb_gz_hardware/environment/path.sh
[2.492s] -- Installing: /abb_ws/install/abb_gz_hardware/share/abb_gz_hardware/environment/path.dsv
[2.493s] -- Installing: /abb_ws/install/abb_gz_hardware/share/abb_gz_hardware/local_setup.bash
[2.493s] -- Installing: /abb_ws/install/abb_gz_hardware/share/abb_gz_hardware/local_setup.sh
[2.493s] -- Installing: /abb_ws/install/abb_gz_hardware/share/abb_gz_hardware/local_setup.zsh
[2.493s] -- Installing: /abb_ws/install/abb_gz_hardware/share/abb_gz_hardware/local_setup.dsv
[2.494s] -- Installing: /abb_ws/install/abb_gz_hardware/share/abb_gz_hardware/package.dsv
[2.496s] -- Installing: /abb_ws/install/abb_gz_hardware/share/ament_index/resource_index/packages/abb_gz_hardware
[2.496s] -- Installing: /abb_ws/install/abb_gz_hardware/share/abb_gz_hardware/cmake/abb_gz_hardwareConfig.cmake
[2.496s] -- Installing: /abb_ws/install/abb_gz_hardware/share/abb_gz_hardware/cmake/abb_gz_hardwareConfig-version.cmake
[2.496s] -- Installing: /abb_ws/install/abb_gz_hardware/share/abb_gz_hardware/package.xml
[2.542s] Invoked command in '/abb_ws/build/abb_gz_hardware' returned '0': CMAKE_PREFIX_PATH=/opt/ros/humble /usr/bin/cmake --install /abb_ws/build/abb_gz_hardware
