[3.269s] Invoking command in '/home/eia/repo/rbi_2025_2/scara/scara_ws/build/scara_path_controller': PYTHONPATH=/home/eia/repo/rbi_2025_2/scara/scara_ws/build/scara_path_controller/prefix_override:/home/eia/.local/lib/python3.10/site-packages/colcon_core/task/python/colcon_distutils_commands:/home/eia/repo/rbi_2025_2/scara/scara_ws/install/scara_path_controller/lib/python3.10/site-packages:${PYTHONPATH} /usr/bin/python3 -W ignore:setup.py install is deprecated -W ignore:easy_install command is deprecated setup.py develop --editable --build-directory /home/eia/repo/rbi_2025_2/scara/scara_ws/build/scara_path_controller/build --no-deps symlink_data
[3.976s] running develop
[4.344s] running egg_info
[4.344s] creating scara_path_controller.egg-info
[4.345s] writing scara_path_controller.egg-info/PKG-INFO
[4.345s] writing dependency_links to scara_path_controller.egg-info/dependency_links.txt
[4.346s] writing entry points to scara_path_controller.egg-info/entry_points.txt
[4.346s] writing requirements to scara_path_controller.egg-info/requires.txt
[4.346s] writing top-level names to scara_path_controller.egg-info/top_level.txt
[4.346s] writing manifest file 'scara_path_controller.egg-info/SOURCES.txt'
[4.348s] reading manifest file 'scara_path_controller.egg-info/SOURCES.txt'
[4.348s] writing manifest file 'scara_path_controller.egg-info/SOURCES.txt'
[4.397s] running build_ext
[4.397s] Creating /home/eia/repo/rbi_2025_2/scara/scara_ws/install/scara_path_controller/lib/python3.10/site-packages/scara-path-controller.egg-link (link to .)
[4.398s] Installing scara_path_controller script to /home/eia/repo/rbi_2025_2/scara/scara_ws/install/scara_path_controller/lib/scara_path_controller
[4.399s] 
[4.399s] Installed /home/eia/repo/rbi_2025_2/scara/scara_ws/build/scara_path_controller
[4.399s] running symlink_data
[4.399s] creating /home/eia/repo/rbi_2025_2/scara/scara_ws/install/scara_path_controller/share/ament_index
[4.399s] creating /home/eia/repo/rbi_2025_2/scara/scara_ws/install/scara_path_controller/share/ament_index/resource_index
[4.399s] creating /home/eia/repo/rbi_2025_2/scara/scara_ws/install/scara_path_controller/share/ament_index/resource_index/packages
[4.399s] symbolically linking /home/eia/repo/rbi_2025_2/scara/scara_ws/build/scara_path_controller/resource/scara_path_controller -> /home/eia/repo/rbi_2025_2/scara/scara_ws/install/scara_path_controller/share/ament_index/resource_index/packages
[4.399s] symbolically linking /home/eia/repo/rbi_2025_2/scara/scara_ws/build/scara_path_controller/package.xml -> /home/eia/repo/rbi_2025_2/scara/scara_ws/install/scara_path_controller/share/scara_path_controller
[4.400s] creating /home/eia/repo/rbi_2025_2/scara/scara_ws/install/scara_path_controller/share/scara_path_controller/launch
[4.400s] creating /home/eia/repo/rbi_2025_2/scara/scara_ws/install/scara_path_controller/share/scara_path_controller/descriptions
[4.400s] creating /home/eia/repo/rbi_2025_2/scara/scara_ws/install/scara_path_controller/share/scara_path_controller/config
[4.443s] Invoked command in '/home/eia/repo/rbi_2025_2/scara/scara_ws/build/scara_path_controller' returned '0': PYTHONPATH=/home/eia/repo/rbi_2025_2/scara/scara_ws/build/scara_path_controller/prefix_override:/home/eia/.local/lib/python3.10/site-packages/colcon_core/task/python/colcon_distutils_commands:/home/eia/repo/rbi_2025_2/scara/scara_ws/install/scara_path_controller/lib/python3.10/site-packages:${PYTHONPATH} /usr/bin/python3 -W ignore:setup.py install is deprecated -W ignore:easy_install command is deprecated setup.py develop --editable --build-directory /home/eia/repo/rbi_2025_2/scara/scara_ws/build/scara_path_controller/build --no-deps symlink_data
