[0.058s] Invoking command in '/abb_ws/build/abb_gz_hardware': CMAKE_PREFIX_PATH=${CMAKE_PREFIX_PATH}:/abb_ws/install/abb_path_controller:/abb_ws/install/abb_mujoco_python:/abb_ws/install/abb_ik_solver:/opt/ros/humble /usr/bin/cmake --build /abb_ws/build/abb_gz_hardware -- -j12 -l12
[0.801s] Invoked command in '/abb_ws/build/abb_gz_hardware' returned '0': CMAKE_PREFIX_PATH=${CMAKE_PREFIX_PATH}:/abb_ws/install/abb_path_controller:/abb_ws/install/abb_mujoco_python:/abb_ws/install/abb_ik_solver:/opt/ros/humble /usr/bin/cmake --build /abb_ws/build/abb_gz_hardware -- -j12 -l12
[0.802s] Invoking command in '/abb_ws/build/abb_gz_hardware': CMAKE_PREFIX_PATH=${CMAKE_PREFIX_PATH}:/abb_ws/install/abb_path_controller:/abb_ws/install/abb_mujoco_python:/abb_ws/install/abb_ik_solver:/opt/ros/humble /usr/bin/cmake --install /abb_ws/build/abb_gz_hardware
[0.813s] -- Install configuration: ""
[0.813s] -- Execute custom install script
[0.813s] -- Up-to-date symlink: /abb_ws/install/abb_gz_hardware/share/ament_index/resource_index/package_run_dependencies/abb_gz_hardware
[0.814s] -- Up-to-date symlink: /abb_ws/install/abb_gz_hardware/share/ament_index/resource_index/parent_prefix_path/abb_gz_hardware
[0.814s] -- Up-to-date symlink: /abb_ws/install/abb_gz_hardware/share/abb_gz_hardware/environment/ament_prefix_path.sh
[0.814s] -- Up-to-date symlink: /abb_ws/install/abb_gz_hardware/share/abb_gz_hardware/environment/ament_prefix_path.dsv
[0.815s] -- Up-to-date symlink: /abb_ws/install/abb_gz_hardware/share/abb_gz_hardware/environment/path.sh
[0.815s] -- Up-to-date symlink: /abb_ws/install/abb_gz_hardware/share/abb_gz_hardware/environment/path.dsv
[0.815s] -- Up-to-date symlink: /abb_ws/install/abb_gz_hardware/share/abb_gz_hardware/local_setup.bash
[0.815s] -- Up-to-date symlink: /abb_ws/install/abb_gz_hardware/share/abb_gz_hardware/local_setup.sh
[0.815s] -- Up-to-date symlink: /abb_ws/install/abb_gz_hardware/share/abb_gz_hardware/local_setup.zsh
[0.816s] -- Up-to-date symlink: /abb_ws/install/abb_gz_hardware/share/abb_gz_hardware/local_setup.dsv
[0.816s] -- Symlinking: /abb_ws/install/abb_gz_hardware/share/abb_gz_hardware/package.dsv
[0.823s] -- Up-to-date symlink: /abb_ws/install/abb_gz_hardware/share/ament_index/resource_index/packages/abb_gz_hardware
[0.824s] -- Up-to-date symlink: /abb_ws/install/abb_gz_hardware/share/abb_gz_hardware/cmake/abb_gz_hardwareConfig.cmake
[0.824s] -- Up-to-date symlink: /abb_ws/install/abb_gz_hardware/share/abb_gz_hardware/cmake/abb_gz_hardwareConfig-version.cmake
[0.825s] -- Up-to-date symlink: /abb_ws/install/abb_gz_hardware/share/abb_gz_hardware/package.xml
[0.839s] Invoked command in '/abb_ws/build/abb_gz_hardware' returned '0': CMAKE_PREFIX_PATH=${CMAKE_PREFIX_PATH}:/abb_ws/install/abb_path_controller:/abb_ws/install/abb_mujoco_python:/abb_ws/install/abb_ik_solver:/opt/ros/humble /usr/bin/cmake --install /abb_ws/build/abb_gz_hardware
