[0.849s] Invoking command in '/home/eia/rbi_2025/abb/abb_ws/build/abb_mujoco_sim': CMAKE_PREFIX_PATH=${CMAKE_PREFIX_PATH}:/home/eia/rbi_2025/abb/abb_ws/install/abb_tf_generator:/home/eia/rbi_2025/abb/abb_ws/install/abb_path_generator:/home/eia/rbi_2025/abb/abb_ws/install/abb_path_controller:/home/eia/rbi_2025/abb/abb_ws/install/abb_mujoco_python:/home/eia/rbi_2025/abb/abb_ws/install/abb_ik_solver:/home/eia/rbi_2025/scara/scara_ws/install/scara_tf_generator:/home/eia/rbi_2025/scara/scara_ws/install/scara_path_generator:/home/eia/rbi_2025/scara/scara_ws/install/scara_path_controller:/home/eia/rbi_2025/scara/scara_ws/install/scara_mujoco_python_sim:/home/eia/rbi_2025/scara/scara_ws/install/scara_general_ik_solver:/home/eia/rbi_2025/scara/scara_ws/install/premade_path_publisher:/opt/ros/humble /usr/bin/cmake --build /home/eia/rbi_2025/abb/abb_ws/build/abb_mujoco_sim -- -j12 -l12
[2.002s] [35m[1mConsolidate compiler generated dependencies of target abb_mujoco_sim[0m
[2.003s] [ 50%] [32mBuilding CXX object CMakeFiles/abb_mujoco_sim.dir/src/mujoco_sim_interface.cpp.o[0m
[5.836s] [100%] [32m[1mLinking CXX shared library libabb_mujoco_sim.so[0m
[5.997s] [100%] Built target abb_mujoco_sim
[6.009s] Invoked command in '/home/eia/rbi_2025/abb/abb_ws/build/abb_mujoco_sim' returned '0': CMAKE_PREFIX_PATH=${CMAKE_PREFIX_PATH}:/home/eia/rbi_2025/abb/abb_ws/install/abb_tf_generator:/home/eia/rbi_2025/abb/abb_ws/install/abb_path_generator:/home/eia/rbi_2025/abb/abb_ws/install/abb_path_controller:/home/eia/rbi_2025/abb/abb_ws/install/abb_mujoco_python:/home/eia/rbi_2025/abb/abb_ws/install/abb_ik_solver:/home/eia/rbi_2025/scara/scara_ws/install/scara_tf_generator:/home/eia/rbi_2025/scara/scara_ws/install/scara_path_generator:/home/eia/rbi_2025/scara/scara_ws/install/scara_path_controller:/home/eia/rbi_2025/scara/scara_ws/install/scara_mujoco_python_sim:/home/eia/rbi_2025/scara/scara_ws/install/scara_general_ik_solver:/home/eia/rbi_2025/scara/scara_ws/install/premade_path_publisher:/opt/ros/humble /usr/bin/cmake --build /home/eia/rbi_2025/abb/abb_ws/build/abb_mujoco_sim -- -j12 -l12
[6.011s] Invoking command in '/home/eia/rbi_2025/abb/abb_ws/build/abb_mujoco_sim': CMAKE_PREFIX_PATH=${CMAKE_PREFIX_PATH}:/home/eia/rbi_2025/abb/abb_ws/install/abb_tf_generator:/home/eia/rbi_2025/abb/abb_ws/install/abb_path_generator:/home/eia/rbi_2025/abb/abb_ws/install/abb_path_controller:/home/eia/rbi_2025/abb/abb_ws/install/abb_mujoco_python:/home/eia/rbi_2025/abb/abb_ws/install/abb_ik_solver:/home/eia/rbi_2025/scara/scara_ws/install/scara_tf_generator:/home/eia/rbi_2025/scara/scara_ws/install/scara_path_generator:/home/eia/rbi_2025/scara/scara_ws/install/scara_path_controller:/home/eia/rbi_2025/scara/scara_ws/install/scara_mujoco_python_sim:/home/eia/rbi_2025/scara/scara_ws/install/scara_general_ik_solver:/home/eia/rbi_2025/scara/scara_ws/install/premade_path_publisher:/opt/ros/humble /usr/bin/cmake --install /home/eia/rbi_2025/abb/abb_ws/build/abb_mujoco_sim
[6.017s] -- Install configuration: ""
[6.017s] -- Execute custom install script
[6.018s] -- Up-to-date symlink: /home/eia/rbi_2025/abb/abb_ws/install/abb_mujoco_sim/share/abb_mujoco_sim//abb_hardware_interface.xml
[6.018s] -- Up-to-date symlink: /home/eia/rbi_2025/abb/abb_ws/install/abb_mujoco_sim/lib/libabb_mujoco_sim.so
[6.018s] -- Up-to-date symlink: /home/eia/rbi_2025/abb/abb_ws/install/abb_mujoco_sim/include/include/abb_mujoco_sim/mujoco_sim_interface.hpp
[6.018s] -- Up-to-date symlink: /home/eia/rbi_2025/abb/abb_ws/install/abb_mujoco_sim/share/abb_mujoco_sim/environment/library_path.sh
[6.018s] -- Up-to-date symlink: /home/eia/rbi_2025/abb/abb_ws/install/abb_mujoco_sim/share/abb_mujoco_sim/environment/library_path.dsv
[6.018s] -- Up-to-date symlink: /home/eia/rbi_2025/abb/abb_ws/install/abb_mujoco_sim/share/ament_index/resource_index/package_run_dependencies/abb_mujoco_sim
[6.018s] -- Up-to-date symlink: /home/eia/rbi_2025/abb/abb_ws/install/abb_mujoco_sim/share/ament_index/resource_index/parent_prefix_path/abb_mujoco_sim
[6.019s] -- Up-to-date symlink: /home/eia/rbi_2025/abb/abb_ws/install/abb_mujoco_sim/share/abb_mujoco_sim/environment/ament_prefix_path.sh
[6.019s] -- Up-to-date symlink: /home/eia/rbi_2025/abb/abb_ws/install/abb_mujoco_sim/share/abb_mujoco_sim/environment/ament_prefix_path.dsv
[6.019s] -- Up-to-date symlink: /home/eia/rbi_2025/abb/abb_ws/install/abb_mujoco_sim/share/abb_mujoco_sim/environment/path.sh
[6.019s] -- Up-to-date symlink: /home/eia/rbi_2025/abb/abb_ws/install/abb_mujoco_sim/share/abb_mujoco_sim/environment/path.dsv
[6.019s] -- Up-to-date symlink: /home/eia/rbi_2025/abb/abb_ws/install/abb_mujoco_sim/share/abb_mujoco_sim/local_setup.bash
[6.019s] -- Up-to-date symlink: /home/eia/rbi_2025/abb/abb_ws/install/abb_mujoco_sim/share/abb_mujoco_sim/local_setup.sh
[6.020s] -- Up-to-date symlink: /home/eia/rbi_2025/abb/abb_ws/install/abb_mujoco_sim/share/abb_mujoco_sim/local_setup.zsh
[6.020s] -- Up-to-date symlink: /home/eia/rbi_2025/abb/abb_ws/install/abb_mujoco_sim/share/abb_mujoco_sim/local_setup.dsv
[6.020s] -- Symlinking: /home/eia/rbi_2025/abb/abb_ws/install/abb_mujoco_sim/share/abb_mujoco_sim/package.dsv
[6.027s] -- Up-to-date symlink: /home/eia/rbi_2025/abb/abb_ws/install/abb_mujoco_sim/share/ament_index/resource_index/packages/abb_mujoco_sim
[6.027s] -- Up-to-date symlink: /home/eia/rbi_2025/abb/abb_ws/install/abb_mujoco_sim/share/ament_index/resource_index/hardware_interface__pluginlib__plugin/abb_mujoco_sim
[6.027s] -- Up-to-date symlink: /home/eia/rbi_2025/abb/abb_ws/install/abb_mujoco_sim/share/abb_mujoco_sim/cmake/ament_cmake_export_libraries-extras.cmake
[6.027s] -- Up-to-date symlink: /home/eia/rbi_2025/abb/abb_ws/install/abb_mujoco_sim/share/abb_mujoco_sim/cmake/ament_cmake_export_dependencies-extras.cmake
[6.028s] -- Up-to-date symlink: /home/eia/rbi_2025/abb/abb_ws/install/abb_mujoco_sim/share/abb_mujoco_sim/cmake/abb_mujoco_simConfig.cmake
[6.028s] -- Up-to-date symlink: /home/eia/rbi_2025/abb/abb_ws/install/abb_mujoco_sim/share/abb_mujoco_sim/cmake/abb_mujoco_simConfig-version.cmake
[6.028s] -- Up-to-date symlink: /home/eia/rbi_2025/abb/abb_ws/install/abb_mujoco_sim/share/abb_mujoco_sim/package.xml
[6.030s] Invoked command in '/home/eia/rbi_2025/abb/abb_ws/build/abb_mujoco_sim' returned '0': CMAKE_PREFIX_PATH=${CMAKE_PREFIX_PATH}:/home/eia/rbi_2025/abb/abb_ws/install/abb_tf_generator:/home/eia/rbi_2025/abb/abb_ws/install/abb_path_generator:/home/eia/rbi_2025/abb/abb_ws/install/abb_path_controller:/home/eia/rbi_2025/abb/abb_ws/install/abb_mujoco_python:/home/eia/rbi_2025/abb/abb_ws/install/abb_ik_solver:/home/eia/rbi_2025/scara/scara_ws/install/scara_tf_generator:/home/eia/rbi_2025/scara/scara_ws/install/scara_path_generator:/home/eia/rbi_2025/scara/scara_ws/install/scara_path_controller:/home/eia/rbi_2025/scara/scara_ws/install/scara_mujoco_python_sim:/home/eia/rbi_2025/scara/scara_ws/install/scara_general_ik_solver:/home/eia/rbi_2025/scara/scara_ws/install/premade_path_publisher:/opt/ros/humble /usr/bin/cmake --install /home/eia/rbi_2025/abb/abb_ws/build/abb_mujoco_sim
