[0.360s] Invoking command in '/rov_ws/build/rov_controllers': CMAKE_PREFIX_PATH=${CMAKE_PREFIX_PATH}:/rov_ws/install/rov_position_controller:/rov_ws/install/rov_path_generator:/rov_ws/install/rov_path_follower:/rov_ws/install/rov_attitude_controller:/opt/ros/humble /usr/bin/cmake --build /rov_ws/build/rov_controllers -- -j12 -l12
[1.048s] [35m[1mConsolidate compiler generated dependencies of target rov_controllers[0m
[1.048s] [100%] Built target rov_controllers
[1.386s] Invoked command in '/rov_ws/build/rov_controllers' returned '0': CMAKE_PREFIX_PATH=${CMAKE_PREFIX_PATH}:/rov_ws/install/rov_position_controller:/rov_ws/install/rov_path_generator:/rov_ws/install/rov_path_follower:/rov_ws/install/rov_attitude_controller:/opt/ros/humble /usr/bin/cmake --build /rov_ws/build/rov_controllers -- -j12 -l12
[1.388s] Invoking command in '/rov_ws/build/rov_controllers': CMAKE_PREFIX_PATH=${CMAKE_PREFIX_PATH}:/rov_ws/install/rov_position_controller:/rov_ws/install/rov_path_generator:/rov_ws/install/rov_path_follower:/rov_ws/install/rov_attitude_controller:/opt/ros/humble /usr/bin/cmake --install /rov_ws/build/rov_controllers
[1.405s] -- Install configuration: ""
[1.405s] -- Execute custom install script
[1.405s] -- Up-to-date symlink: /rov_ws/install/rov_controllers/share/rov_controllers//rov_controller.xml
[1.405s] -- Up-to-date symlink: /rov_ws/install/rov_controllers/lib/librov_controllers.so
[1.405s] -- Up-to-date symlink: /rov_ws/install/rov_controllers/include/include/rov_controllers/rov_forward_controller.hpp
[1.411s] -- Up-to-date symlink: /rov_ws/install/rov_controllers/share/rov_controllers/environment/library_path.sh
[1.412s] -- Up-to-date symlink: /rov_ws/install/rov_controllers/share/rov_controllers/environment/library_path.dsv
[1.412s] -- Up-to-date symlink: /rov_ws/install/rov_controllers/share/ament_index/resource_index/package_run_dependencies/rov_controllers
[1.412s] -- Up-to-date symlink: /rov_ws/install/rov_controllers/share/ament_index/resource_index/parent_prefix_path/rov_controllers
[1.412s] -- Up-to-date symlink: /rov_ws/install/rov_controllers/share/rov_controllers/environment/ament_prefix_path.sh
[1.412s] -- Up-to-date symlink: /rov_ws/install/rov_controllers/share/rov_controllers/environment/ament_prefix_path.dsv
[1.412s] -- Up-to-date symlink: /rov_ws/install/rov_controllers/share/rov_controllers/environment/path.sh
[1.412s] -- Up-to-date symlink: /rov_ws/install/rov_controllers/share/rov_controllers/environment/path.dsv
[1.413s] -- Up-to-date symlink: /rov_ws/install/rov_controllers/share/rov_controllers/local_setup.bash
[1.413s] -- Up-to-date symlink: /rov_ws/install/rov_controllers/share/rov_controllers/local_setup.sh
[1.414s] -- Up-to-date symlink: /rov_ws/install/rov_controllers/share/rov_controllers/local_setup.zsh
[1.415s] -- Up-to-date symlink: /rov_ws/install/rov_controllers/share/rov_controllers/local_setup.dsv
[1.416s] -- Symlinking: /rov_ws/install/rov_controllers/share/rov_controllers/package.dsv
[1.418s] -- Up-to-date symlink: /rov_ws/install/rov_controllers/share/ament_index/resource_index/packages/rov_controllers
[1.418s] -- Up-to-date symlink: /rov_ws/install/rov_controllers/share/ament_index/resource_index/controller_interface__pluginlib__plugin/rov_controllers
[1.418s] -- Up-to-date symlink: /rov_ws/install/rov_controllers/share/rov_controllers/cmake/ament_cmake_export_libraries-extras.cmake
[1.418s] -- Up-to-date symlink: /rov_ws/install/rov_controllers/share/rov_controllers/cmake/ament_cmake_export_dependencies-extras.cmake
[1.419s] -- Up-to-date symlink: /rov_ws/install/rov_controllers/share/rov_controllers/cmake/rov_controllersConfig.cmake
[1.419s] -- Up-to-date symlink: /rov_ws/install/rov_controllers/share/rov_controllers/cmake/rov_controllersConfig-version.cmake
[1.419s] -- Up-to-date symlink: /rov_ws/install/rov_controllers/share/rov_controllers/package.xml
[1.465s] Invoked command in '/rov_ws/build/rov_controllers' returned '0': CMAKE_PREFIX_PATH=${CMAKE_PREFIX_PATH}:/rov_ws/install/rov_position_controller:/rov_ws/install/rov_path_generator:/rov_ws/install/rov_path_follower:/rov_ws/install/rov_attitude_controller:/opt/ros/humble /usr/bin/cmake --install /rov_ws/build/rov_controllers
