[1.447s] Invoking command in '/home/eia/repo/rbi_2025_2/rov/rov_ws/build/rov_mujoco_sim': CMAKE_PREFIX_PATH=/opt/ros/humble /usr/bin/cmake --build /home/eia/repo/rbi_2025_2/rov/rov_ws/build/rov_mujoco_sim -- -j12 -l12
[3.576s] [ 50%] Built target rov_mujoco_sim_direct
[3.576s] [100%] Built target rov_mujoco_sim
[3.636s] Invoked command in '/home/eia/repo/rbi_2025_2/rov/rov_ws/build/rov_mujoco_sim' returned '0': CMAKE_PREFIX_PATH=/opt/ros/humble /usr/bin/cmake --build /home/eia/repo/rbi_2025_2/rov/rov_ws/build/rov_mujoco_sim -- -j12 -l12
[3.643s] Invoking command in '/home/eia/repo/rbi_2025_2/rov/rov_ws/build/rov_mujoco_sim': CMAKE_PREFIX_PATH=/opt/ros/humble /usr/bin/cmake --install /home/eia/repo/rbi_2025_2/rov/rov_ws/build/rov_mujoco_sim
[3.754s] -- Install configuration: ""
[3.754s] -- Execute custom install script
[3.755s] -- Up-to-date symlink: /home/eia/repo/rbi_2025_2/rov/rov_ws/install/rov_mujoco_sim/share/rov_mujoco_sim//rov_hardware_interface.xml
[3.756s] -- Up-to-date symlink: /home/eia/repo/rbi_2025_2/rov/rov_ws/install/rov_mujoco_sim/lib/librov_mujoco_sim.so
[3.757s] -- Up-to-date symlink: /home/eia/repo/rbi_2025_2/rov/rov_ws/install/rov_mujoco_sim/include/include/rov_sim/mujoco_interface.hpp
[3.757s] -- Up-to-date symlink: /home/eia/repo/rbi_2025_2/rov/rov_ws/install/rov_mujoco_sim/include/include/rov_sim/mujoco_sim_interface.hpp
[3.758s] -- Up-to-date symlink: /home/eia/repo/rbi_2025_2/rov/rov_ws/install/rov_mujoco_sim/share/rov_mujoco_sim/environment/library_path.sh
[3.758s] -- Up-to-date symlink: /home/eia/repo/rbi_2025_2/rov/rov_ws/install/rov_mujoco_sim/share/rov_mujoco_sim/environment/library_path.dsv
[3.759s] -- Up-to-date symlink: /home/eia/repo/rbi_2025_2/rov/rov_ws/install/rov_mujoco_sim/lib/rov_mujoco_sim/rov_mujoco_sim_direct
[3.764s] -- Up-to-date symlink: /home/eia/repo/rbi_2025_2/rov/rov_ws/install/rov_mujoco_sim/share/ament_index/resource_index/package_run_dependencies/rov_mujoco_sim
[3.767s] -- Up-to-date symlink: /home/eia/repo/rbi_2025_2/rov/rov_ws/install/rov_mujoco_sim/share/ament_index/resource_index/parent_prefix_path/rov_mujoco_sim
[3.769s] -- Up-to-date symlink: /home/eia/repo/rbi_2025_2/rov/rov_ws/install/rov_mujoco_sim/share/rov_mujoco_sim/environment/ament_prefix_path.sh
[3.769s] -- Up-to-date symlink: /home/eia/repo/rbi_2025_2/rov/rov_ws/install/rov_mujoco_sim/share/rov_mujoco_sim/environment/ament_prefix_path.dsv
[3.770s] -- Up-to-date symlink: /home/eia/repo/rbi_2025_2/rov/rov_ws/install/rov_mujoco_sim/share/rov_mujoco_sim/environment/path.sh
[3.770s] -- Up-to-date symlink: /home/eia/repo/rbi_2025_2/rov/rov_ws/install/rov_mujoco_sim/share/rov_mujoco_sim/environment/path.dsv
[3.771s] -- Up-to-date symlink: /home/eia/repo/rbi_2025_2/rov/rov_ws/install/rov_mujoco_sim/share/rov_mujoco_sim/local_setup.bash
[3.772s] -- Up-to-date symlink: /home/eia/repo/rbi_2025_2/rov/rov_ws/install/rov_mujoco_sim/share/rov_mujoco_sim/local_setup.sh
[3.772s] -- Up-to-date symlink: /home/eia/repo/rbi_2025_2/rov/rov_ws/install/rov_mujoco_sim/share/rov_mujoco_sim/local_setup.zsh
[3.773s] -- Up-to-date symlink: /home/eia/repo/rbi_2025_2/rov/rov_ws/install/rov_mujoco_sim/share/rov_mujoco_sim/local_setup.dsv
[3.773s] -- Symlinking: /home/eia/repo/rbi_2025_2/rov/rov_ws/install/rov_mujoco_sim/share/rov_mujoco_sim/package.dsv
[3.774s] -- Up-to-date symlink: /home/eia/repo/rbi_2025_2/rov/rov_ws/install/rov_mujoco_sim/share/ament_index/resource_index/packages/rov_mujoco_sim
[3.774s] -- Up-to-date symlink: /home/eia/repo/rbi_2025_2/rov/rov_ws/install/rov_mujoco_sim/share/ament_index/resource_index/hardware_interface__pluginlib__plugin/rov_mujoco_sim
[3.775s] -- Up-to-date symlink: /home/eia/repo/rbi_2025_2/rov/rov_ws/install/rov_mujoco_sim/share/rov_mujoco_sim/cmake/ament_cmake_export_libraries-extras.cmake
[3.775s] -- Up-to-date symlink: /home/eia/repo/rbi_2025_2/rov/rov_ws/install/rov_mujoco_sim/share/rov_mujoco_sim/cmake/ament_cmake_export_dependencies-extras.cmake
[3.777s] -- Up-to-date symlink: /home/eia/repo/rbi_2025_2/rov/rov_ws/install/rov_mujoco_sim/share/rov_mujoco_sim/cmake/rov_mujoco_simConfig.cmake
[3.780s] -- Up-to-date symlink: /home/eia/repo/rbi_2025_2/rov/rov_ws/install/rov_mujoco_sim/share/rov_mujoco_sim/cmake/rov_mujoco_simConfig-version.cmake
[3.781s] -- Up-to-date symlink: /home/eia/repo/rbi_2025_2/rov/rov_ws/install/rov_mujoco_sim/share/rov_mujoco_sim/package.xml
[4.038s] Invoked command in '/home/eia/repo/rbi_2025_2/rov/rov_ws/build/rov_mujoco_sim' returned '0': CMAKE_PREFIX_PATH=/opt/ros/humble /usr/bin/cmake --install /home/eia/repo/rbi_2025_2/rov/rov_ws/build/rov_mujoco_sim
