[2.757s] Invoking command in '/home/eia/rbi_2025/abb/abb_ws/build/abb_path_generator': PYTHONPATH=/home/eia/rbi_2025/abb/abb_ws/build/abb_path_generator/prefix_override:/home/eia/.local/lib/python3.10/site-packages/colcon_core/task/python/colcon_distutils_commands:/home/eia/rbi_2025/abb/abb_ws/install/abb_path_generator/lib/python3.10/site-packages:${PYTHONPATH} /usr/bin/python3 -W ignore:setup.py install is deprecated -W ignore:easy_install command is deprecated setup.py develop --editable --build-directory /home/eia/rbi_2025/abb/abb_ws/build/abb_path_generator/build --no-deps symlink_data
[3.357s] running develop
[3.713s] running egg_info
[3.713s] creating abb_path_generator.egg-info
[3.714s] writing abb_path_generator.egg-info/PKG-INFO
[3.714s] writing dependency_links to abb_path_generator.egg-info/dependency_links.txt
[3.714s] writing entry points to abb_path_generator.egg-info/entry_points.txt
[3.714s] writing requirements to abb_path_generator.egg-info/requires.txt
[3.714s] writing top-level names to abb_path_generator.egg-info/top_level.txt
[3.714s] writing manifest file 'abb_path_generator.egg-info/SOURCES.txt'
[3.716s] reading manifest file 'abb_path_generator.egg-info/SOURCES.txt'
[3.716s] writing manifest file 'abb_path_generator.egg-info/SOURCES.txt'
[3.759s] running build_ext
[3.759s] Creating /home/eia/rbi_2025/abb/abb_ws/install/abb_path_generator/lib/python3.10/site-packages/abb-path-generator.egg-link (link to .)
[3.760s] Installing abb_path_generator script to /home/eia/rbi_2025/abb/abb_ws/install/abb_path_generator/lib/abb_path_generator
[3.760s] 
[3.761s] Installed /home/eia/rbi_2025/abb/abb_ws/build/abb_path_generator
[3.761s] running symlink_data
[3.761s] creating /home/eia/rbi_2025/abb/abb_ws/install/abb_path_generator/share/ament_index
[3.761s] creating /home/eia/rbi_2025/abb/abb_ws/install/abb_path_generator/share/ament_index/resource_index
[3.761s] creating /home/eia/rbi_2025/abb/abb_ws/install/abb_path_generator/share/ament_index/resource_index/packages
[3.761s] symbolically linking /home/eia/rbi_2025/abb/abb_ws/build/abb_path_generator/resource/abb_path_generator -> /home/eia/rbi_2025/abb/abb_ws/install/abb_path_generator/share/ament_index/resource_index/packages
[3.761s] symbolically linking /home/eia/rbi_2025/abb/abb_ws/build/abb_path_generator/package.xml -> /home/eia/rbi_2025/abb/abb_ws/install/abb_path_generator/share/abb_path_generator
[3.761s] creating /home/eia/rbi_2025/abb/abb_ws/install/abb_path_generator/share/abb_path_generator/launch
[3.761s] creating /home/eia/rbi_2025/abb/abb_ws/install/abb_path_generator/share/abb_path_generator/descriptions
[3.761s] creating /home/eia/rbi_2025/abb/abb_ws/install/abb_path_generator/share/abb_path_generator/config
[3.798s] Invoked command in '/home/eia/rbi_2025/abb/abb_ws/build/abb_path_generator' returned '0': PYTHONPATH=/home/eia/rbi_2025/abb/abb_ws/build/abb_path_generator/prefix_override:/home/eia/.local/lib/python3.10/site-packages/colcon_core/task/python/colcon_distutils_commands:/home/eia/rbi_2025/abb/abb_ws/install/abb_path_generator/lib/python3.10/site-packages:${PYTHONPATH} /usr/bin/python3 -W ignore:setup.py install is deprecated -W ignore:easy_install command is deprecated setup.py develop --editable --build-directory /home/eia/rbi_2025/abb/abb_ws/build/abb_path_generator/build --no-deps symlink_data
