[4.044s] Invoking command in '/home/eia/repo/rbi_2025_2/rov/rov_ws/build/rov_attitude_controller': PYTHONPATH=/home/eia/repo/rbi_2025_2/rov/rov_ws/build/rov_attitude_controller/prefix_override:/home/eia/.local/lib/python3.10/site-packages/colcon_core/task/python/colcon_distutils_commands:/home/eia/repo/rbi_2025_2/rov/rov_ws/install/rov_attitude_controller/lib/python3.10/site-packages:${PYTHONPATH} /usr/bin/python3 -W ignore:setup.py install is deprecated -W ignore:easy_install command is deprecated setup.py develop --editable --build-directory /home/eia/repo/rbi_2025_2/rov/rov_ws/build/rov_attitude_controller/build --no-deps symlink_data
[5.182s] running develop
[5.711s] running egg_info
[5.711s] creating rov_attitude_controller.egg-info
[5.712s] writing rov_attitude_controller.egg-info/PKG-INFO
[5.712s] writing dependency_links to rov_attitude_controller.egg-info/dependency_links.txt
[5.713s] writing entry points to rov_attitude_controller.egg-info/entry_points.txt
[5.713s] writing requirements to rov_attitude_controller.egg-info/requires.txt
[5.714s] writing top-level names to rov_attitude_controller.egg-info/top_level.txt
[5.715s] writing manifest file 'rov_attitude_controller.egg-info/SOURCES.txt'
[5.719s] reading manifest file 'rov_attitude_controller.egg-info/SOURCES.txt'
[5.719s] writing manifest file 'rov_attitude_controller.egg-info/SOURCES.txt'
[5.816s] running build_ext
[5.816s] Creating /home/eia/repo/rbi_2025_2/rov/rov_ws/install/rov_attitude_controller/lib/python3.10/site-packages/rov-attitude-controller.egg-link (link to .)
[5.816s] Installing rov_attitude_controller script to /home/eia/repo/rbi_2025_2/rov/rov_ws/install/rov_attitude_controller/lib/rov_attitude_controller
[5.816s] 
[5.817s] Installed /home/eia/repo/rbi_2025_2/rov/rov_ws/build/rov_attitude_controller
[5.817s] running symlink_data
[5.817s] creating /home/eia/repo/rbi_2025_2/rov/rov_ws/install/rov_attitude_controller/share/ament_index
[5.817s] creating /home/eia/repo/rbi_2025_2/rov/rov_ws/install/rov_attitude_controller/share/ament_index/resource_index
[5.817s] creating /home/eia/repo/rbi_2025_2/rov/rov_ws/install/rov_attitude_controller/share/ament_index/resource_index/packages
[5.817s] symbolically linking /home/eia/repo/rbi_2025_2/rov/rov_ws/build/rov_attitude_controller/resource/rov_attitude_controller -> /home/eia/repo/rbi_2025_2/rov/rov_ws/install/rov_attitude_controller/share/ament_index/resource_index/packages
[5.817s] symbolically linking /home/eia/repo/rbi_2025_2/rov/rov_ws/build/rov_attitude_controller/package.xml -> /home/eia/repo/rbi_2025_2/rov/rov_ws/install/rov_attitude_controller/share/rov_attitude_controller
[5.817s] creating /home/eia/repo/rbi_2025_2/rov/rov_ws/install/rov_attitude_controller/share/rov_attitude_controller/launch
[5.817s] creating /home/eia/repo/rbi_2025_2/rov/rov_ws/install/rov_attitude_controller/share/rov_attitude_controller/descriptions
[5.824s] creating /home/eia/repo/rbi_2025_2/rov/rov_ws/install/rov_attitude_controller/share/rov_attitude_controller/config
[5.924s] Invoked command in '/home/eia/repo/rbi_2025_2/rov/rov_ws/build/rov_attitude_controller' returned '0': PYTHONPATH=/home/eia/repo/rbi_2025_2/rov/rov_ws/build/rov_attitude_controller/prefix_override:/home/eia/.local/lib/python3.10/site-packages/colcon_core/task/python/colcon_distutils_commands:/home/eia/repo/rbi_2025_2/rov/rov_ws/install/rov_attitude_controller/lib/python3.10/site-packages:${PYTHONPATH} /usr/bin/python3 -W ignore:setup.py install is deprecated -W ignore:easy_install command is deprecated setup.py develop --editable --build-directory /home/eia/repo/rbi_2025_2/rov/rov_ws/build/rov_attitude_controller/build --no-deps symlink_data
