-- The C compiler identification is GNU 11.4.0
-- The CXX compiler identification is GNU 11.4.0
-- Detecting C compiler ABI info
-- Detecting C compiler ABI info - done
-- Check for working C compiler: /usr/bin/cc - skipped
-- Detecting C compile features
-- Detecting C compile features - done
-- Detecting CXX compiler ABI info
-- Detecting CXX compiler ABI info - done
-- Check for working CXX compiler: /usr/bin/c++ - skipped
-- Detecting CXX compile features
-- Detecting CXX compile features - done
-- Found ament_cmake: 1.3.12 (/opt/ros/humble/share/ament_cmake/cmake)
-- Found Python3: /usr/bin/python3 (found version "3.10.12") found components: Interpreter 
-- Override CMake install command with custom implementation using symlinks instead of copying resources
-- Found rclcpp: 16.0.14 (/opt/ros/humble/share/rclcpp/cmake)
-- Found rosidl_generator_c: 3.1.7 (/opt/ros/humble/share/rosidl_generator_c/cmake)
-- Found rosidl_adapter: 3.1.7 (/opt/ros/humble/share/rosidl_adapter/cmake)
-- Found rosidl_generator_cpp: 3.1.7 (/opt/ros/humble/share/rosidl_generator_cpp/cmake)
-- Using all available rosidl_typesupport_c: rosidl_typesupport_fastrtps_c;rosidl_typesupport_introspection_c
-- Using all available rosidl_typesupport_cpp: rosidl_typesupport_fastrtps_cpp;rosidl_typesupport_introspection_cpp
-- Found rmw_implementation_cmake: 6.1.2 (/opt/ros/humble/share/rmw_implementation_cmake/cmake)
-- Found rmw_fastrtps_cpp: 6.2.8 (/opt/ros/humble/share/rmw_fastrtps_cpp/cmake)
-- Found OpenSSL: /usr/lib/x86_64-linux-gnu/libcrypto.so (found version "3.0.2")  
-- Found FastRTPS: /opt/ros/humble/include  
-- Using RMW implementation 'rmw_fastrtps_cpp' as default
-- Looking for pthread.h
-- Looking for pthread.h - found
-- Performing Test CMAKE_HAVE_LIBC_PTHREAD
-- Performing Test CMAKE_HAVE_LIBC_PTHREAD - Success
-- Found Threads: TRUE  
-- Found rclcpp_lifecycle: 16.0.14 (/opt/ros/humble/share/rclcpp_lifecycle/cmake)
-- Found pluginlib: 5.1.0 (/opt/ros/humble/share/pluginlib/cmake)
-- Found geometry_msgs: 4.9.0 (/opt/ros/humble/share/geometry_msgs/cmake)
-- Found controller_interface: 2.51.0 (/opt/ros/humble/share/controller_interface/cmake)
-- Found tf2_ros: 0.25.16 (/opt/ros/humble/share/tf2_ros/cmake)
-- Configuring done
-- Generating done
-- Build files have been written to: /abb_ws/build/abb_controllers
[ 50%] [32mBuilding CXX object CMakeFiles/abb_controllers.dir/src/abb_forward_controller.cpp.o[0m
[100%] [32m[1mLinking CXX shared library libabb_controllers.so[0m
[100%] Built target abb_controllers
-- Install configuration: ""
-- Execute custom install script
-- Symlinking: /abb_ws/install/abb_controllers/share/abb_controllers//abb_controller.xml
-- Symlinking: /abb_ws/install/abb_controllers/lib/libabb_controllers.so
-- Symlinking: /abb_ws/install/abb_controllers/include/include/abb_controllers/abb_forward_controller.hpp
-- Symlinking: /abb_ws/install/abb_controllers/share/abb_controllers/environment/library_path.sh
-- Symlinking: /abb_ws/install/abb_controllers/share/abb_controllers/environment/library_path.dsv
-- Symlinking: /abb_ws/install/abb_controllers/share/ament_index/resource_index/package_run_dependencies/abb_controllers
-- Symlinking: /abb_ws/install/abb_controllers/share/ament_index/resource_index/parent_prefix_path/abb_controllers
-- Symlinking: /abb_ws/install/abb_controllers/share/abb_controllers/environment/ament_prefix_path.sh
-- Symlinking: /abb_ws/install/abb_controllers/share/abb_controllers/environment/ament_prefix_path.dsv
-- Symlinking: /abb_ws/install/abb_controllers/share/abb_controllers/environment/path.sh
-- Symlinking: /abb_ws/install/abb_controllers/share/abb_controllers/environment/path.dsv
-- Symlinking: /abb_ws/install/abb_controllers/share/abb_controllers/local_setup.bash
-- Symlinking: /abb_ws/install/abb_controllers/share/abb_controllers/local_setup.sh
-- Symlinking: /abb_ws/install/abb_controllers/share/abb_controllers/local_setup.zsh
-- Symlinking: /abb_ws/install/abb_controllers/share/abb_controllers/local_setup.dsv
-- Symlinking: /abb_ws/install/abb_controllers/share/abb_controllers/package.dsv
-- Symlinking: /abb_ws/install/abb_controllers/share/ament_index/resource_index/packages/abb_controllers
-- Symlinking: /abb_ws/install/abb_controllers/share/ament_index/resource_index/controller_interface__pluginlib__plugin/abb_controllers
-- Symlinking: /abb_ws/install/abb_controllers/share/abb_controllers/cmake/ament_cmake_export_libraries-extras.cmake
-- Symlinking: /abb_ws/install/abb_controllers/share/abb_controllers/cmake/ament_cmake_export_dependencies-extras.cmake
-- Symlinking: /abb_ws/install/abb_controllers/share/abb_controllers/cmake/abb_controllersConfig.cmake
-- Symlinking: /abb_ws/install/abb_controllers/share/abb_controllers/cmake/abb_controllersConfig-version.cmake
-- Symlinking: /abb_ws/install/abb_controllers/share/abb_controllers/package.xml
