[0.059s] Invoking command in '/abb_ws/build/abb_controllers': CMAKE_PREFIX_PATH=/opt/ros/humble /usr/bin/cmake /abb_ws/src/abb_controllers -DAMENT_CMAKE_SYMLINK_INSTALL=1 -DCMAKE_INSTALL_PREFIX=/abb_ws/install/abb_controllers
[0.904s] -- The C compiler identification is GNU 11.4.0
[0.905s] -- The CXX compiler identification is GNU 11.4.0
[0.905s] -- Detecting C compiler ABI info
[0.905s] -- Detecting C compiler ABI info - done
[0.905s] -- Check for working C compiler: /usr/bin/cc - skipped
[0.906s] -- Detecting C compile features
[0.906s] -- Detecting C compile features - done
[0.906s] -- Detecting CXX compiler ABI info
[0.906s] -- Detecting CXX compiler ABI info - done
[0.906s] -- Check for working CXX compiler: /usr/bin/c++ - skipped
[0.906s] -- Detecting CXX compile features
[0.906s] -- Detecting CXX compile features - done
[0.906s] -- Found ament_cmake: 1.3.12 (/opt/ros/humble/share/ament_cmake/cmake)
[0.906s] -- Found Python3: /usr/bin/python3 (found version "3.10.12") found components: Interpreter 
[0.906s] -- Override CMake install command with custom implementation using symlinks instead of copying resources
[0.906s] -- Found rclcpp: 16.0.14 (/opt/ros/humble/share/rclcpp/cmake)
[0.906s] -- Found rosidl_generator_c: 3.1.7 (/opt/ros/humble/share/rosidl_generator_c/cmake)
[0.907s] -- Found rosidl_adapter: 3.1.7 (/opt/ros/humble/share/rosidl_adapter/cmake)
[0.907s] -- Found rosidl_generator_cpp: 3.1.7 (/opt/ros/humble/share/rosidl_generator_cpp/cmake)
[0.907s] -- Using all available rosidl_typesupport_c: rosidl_typesupport_fastrtps_c;rosidl_typesupport_introspection_c
[0.907s] -- Using all available rosidl_typesupport_cpp: rosidl_typesupport_fastrtps_cpp;rosidl_typesupport_introspection_cpp
[0.979s] -- Found rmw_implementation_cmake: 6.1.2 (/opt/ros/humble/share/rmw_implementation_cmake/cmake)
[0.984s] -- Found rmw_fastrtps_cpp: 6.2.8 (/opt/ros/humble/share/rmw_fastrtps_cpp/cmake)
[1.134s] -- Found OpenSSL: /usr/lib/x86_64-linux-gnu/libcrypto.so (found version "3.0.2")  
[1.179s] -- Found FastRTPS: /opt/ros/humble/include  
[1.248s] -- Using RMW implementation 'rmw_fastrtps_cpp' as default
[1.264s] -- Looking for pthread.h
[1.352s] -- Looking for pthread.h - found
[1.353s] -- Performing Test CMAKE_HAVE_LIBC_PTHREAD
[1.439s] -- Performing Test CMAKE_HAVE_LIBC_PTHREAD - Success
[1.441s] -- Found Threads: TRUE  
[1.530s] -- Found rclcpp_lifecycle: 16.0.14 (/opt/ros/humble/share/rclcpp_lifecycle/cmake)
[1.568s] -- Found pluginlib: 5.1.0 (/opt/ros/humble/share/pluginlib/cmake)
[1.621s] -- Found geometry_msgs: 4.9.0 (/opt/ros/humble/share/geometry_msgs/cmake)
[1.640s] -- Found controller_interface: 2.51.0 (/opt/ros/humble/share/controller_interface/cmake)
[1.777s] -- Found tf2_ros: 0.25.16 (/opt/ros/humble/share/tf2_ros/cmake)
[1.991s] -- Configuring done
[2.049s] -- Generating done
[2.055s] -- Build files have been written to: /abb_ws/build/abb_controllers
[2.064s] Invoked command in '/abb_ws/build/abb_controllers' returned '0': CMAKE_PREFIX_PATH=/opt/ros/humble /usr/bin/cmake /abb_ws/src/abb_controllers -DAMENT_CMAKE_SYMLINK_INSTALL=1 -DCMAKE_INSTALL_PREFIX=/abb_ws/install/abb_controllers
[2.065s] Invoking command in '/abb_ws/build/abb_controllers': CMAKE_PREFIX_PATH=/opt/ros/humble /usr/bin/cmake --build /abb_ws/build/abb_controllers -- -j12 -l12
[2.108s] [ 50%] [32mBuilding CXX object CMakeFiles/abb_controllers.dir/src/abb_forward_controller.cpp.o[0m
[10.980s] [100%] [32m[1mLinking CXX shared library libabb_controllers.so[0m
[11.444s] [100%] Built target abb_controllers
[11.454s] Invoked command in '/abb_ws/build/abb_controllers' returned '0': CMAKE_PREFIX_PATH=/opt/ros/humble /usr/bin/cmake --build /abb_ws/build/abb_controllers -- -j12 -l12
[11.455s] Invoking command in '/abb_ws/build/abb_controllers': CMAKE_PREFIX_PATH=/opt/ros/humble /usr/bin/cmake --install /abb_ws/build/abb_controllers
[11.461s] -- Install configuration: ""
[11.461s] -- Execute custom install script
[11.461s] -- Symlinking: /abb_ws/install/abb_controllers/share/abb_controllers//abb_controller.xml
[11.468s] -- Symlinking: /abb_ws/install/abb_controllers/lib/libabb_controllers.so
[11.475s] -- Symlinking: /abb_ws/install/abb_controllers/include/include/abb_controllers/abb_forward_controller.hpp
[11.482s] -- Symlinking: /abb_ws/install/abb_controllers/share/abb_controllers/environment/library_path.sh
[11.488s] -- Symlinking: /abb_ws/install/abb_controllers/share/abb_controllers/environment/library_path.dsv
[11.495s] -- Symlinking: /abb_ws/install/abb_controllers/share/ament_index/resource_index/package_run_dependencies/abb_controllers
[11.502s] -- Symlinking: /abb_ws/install/abb_controllers/share/ament_index/resource_index/parent_prefix_path/abb_controllers
[11.508s] -- Symlinking: /abb_ws/install/abb_controllers/share/abb_controllers/environment/ament_prefix_path.sh
[11.514s] -- Symlinking: /abb_ws/install/abb_controllers/share/abb_controllers/environment/ament_prefix_path.dsv
[11.521s] -- Symlinking: /abb_ws/install/abb_controllers/share/abb_controllers/environment/path.sh
[11.527s] -- Symlinking: /abb_ws/install/abb_controllers/share/abb_controllers/environment/path.dsv
[11.534s] -- Symlinking: /abb_ws/install/abb_controllers/share/abb_controllers/local_setup.bash
[11.541s] -- Symlinking: /abb_ws/install/abb_controllers/share/abb_controllers/local_setup.sh
[11.549s] -- Symlinking: /abb_ws/install/abb_controllers/share/abb_controllers/local_setup.zsh
[11.556s] -- Symlinking: /abb_ws/install/abb_controllers/share/abb_controllers/local_setup.dsv
[11.563s] -- Symlinking: /abb_ws/install/abb_controllers/share/abb_controllers/package.dsv
[11.570s] -- Symlinking: /abb_ws/install/abb_controllers/share/ament_index/resource_index/packages/abb_controllers
[11.576s] -- Symlinking: /abb_ws/install/abb_controllers/share/ament_index/resource_index/controller_interface__pluginlib__plugin/abb_controllers
[11.583s] -- Symlinking: /abb_ws/install/abb_controllers/share/abb_controllers/cmake/ament_cmake_export_libraries-extras.cmake
[11.590s] -- Symlinking: /abb_ws/install/abb_controllers/share/abb_controllers/cmake/ament_cmake_export_dependencies-extras.cmake
[11.596s] -- Symlinking: /abb_ws/install/abb_controllers/share/abb_controllers/cmake/abb_controllersConfig.cmake
[11.603s] -- Symlinking: /abb_ws/install/abb_controllers/share/abb_controllers/cmake/abb_controllersConfig-version.cmake
[11.609s] -- Symlinking: /abb_ws/install/abb_controllers/share/abb_controllers/package.xml
[11.617s] Invoked command in '/abb_ws/build/abb_controllers' returned '0': CMAKE_PREFIX_PATH=/opt/ros/humble /usr/bin/cmake --install /abb_ws/build/abb_controllers
