[0.434s] Invoking command in '/abb_ws/build/abb_mujoco_sim': CMAKE_PREFIX_PATH=${CMAKE_PREFIX_PATH}:/abb_ws/install/abb_tf_generator:/abb_ws/install/abb_path_generator:/abb_ws/install/abb_path_controller:/abb_ws/install/abb_mujoco_python:/abb_ws/install/abb_ik_solver:/opt/ros/humble /usr/bin/cmake --build /abb_ws/build/abb_mujoco_sim -- -j12 -l12
[1.020s] [100%] Built target abb_mujoco_sim
[1.035s] Invoked command in '/abb_ws/build/abb_mujoco_sim' returned '0': CMAKE_PREFIX_PATH=${CMAKE_PREFIX_PATH}:/abb_ws/install/abb_tf_generator:/abb_ws/install/abb_path_generator:/abb_ws/install/abb_path_controller:/abb_ws/install/abb_mujoco_python:/abb_ws/install/abb_ik_solver:/opt/ros/humble /usr/bin/cmake --build /abb_ws/build/abb_mujoco_sim -- -j12 -l12
[1.037s] Invoking command in '/abb_ws/build/abb_mujoco_sim': CMAKE_PREFIX_PATH=${CMAKE_PREFIX_PATH}:/abb_ws/install/abb_tf_generator:/abb_ws/install/abb_path_generator:/abb_ws/install/abb_path_controller:/abb_ws/install/abb_mujoco_python:/abb_ws/install/abb_ik_solver:/opt/ros/humble /usr/bin/cmake --install /abb_ws/build/abb_mujoco_sim
[1.060s] -- Install configuration: ""
[1.061s] -- Execute custom install script
[1.062s] -- Up-to-date symlink: /abb_ws/install/abb_mujoco_sim/share/abb_mujoco_sim//abb_hardware_interface.xml
[1.063s] -- Up-to-date symlink: /abb_ws/install/abb_mujoco_sim/lib/libabb_mujoco_sim.so
[1.063s] -- Up-to-date symlink: /abb_ws/install/abb_mujoco_sim/include/include/abb_mujoco_sim/mujoco_sim_interface.hpp
[1.063s] -- Up-to-date symlink: /abb_ws/install/abb_mujoco_sim/share/abb_mujoco_sim/environment/library_path.sh
[1.063s] -- Up-to-date symlink: /abb_ws/install/abb_mujoco_sim/share/abb_mujoco_sim/environment/library_path.dsv
[1.063s] -- Up-to-date symlink: /abb_ws/install/abb_mujoco_sim/share/ament_index/resource_index/package_run_dependencies/abb_mujoco_sim
[1.063s] -- Up-to-date symlink: /abb_ws/install/abb_mujoco_sim/share/ament_index/resource_index/parent_prefix_path/abb_mujoco_sim
[1.063s] -- Up-to-date symlink: /abb_ws/install/abb_mujoco_sim/share/abb_mujoco_sim/environment/ament_prefix_path.sh
[1.063s] -- Up-to-date symlink: /abb_ws/install/abb_mujoco_sim/share/abb_mujoco_sim/environment/ament_prefix_path.dsv
[1.064s] -- Up-to-date symlink: /abb_ws/install/abb_mujoco_sim/share/abb_mujoco_sim/environment/path.sh
[1.064s] -- Up-to-date symlink: /abb_ws/install/abb_mujoco_sim/share/abb_mujoco_sim/environment/path.dsv
[1.064s] -- Up-to-date symlink: /abb_ws/install/abb_mujoco_sim/share/abb_mujoco_sim/local_setup.bash
[1.064s] -- Up-to-date symlink: /abb_ws/install/abb_mujoco_sim/share/abb_mujoco_sim/local_setup.sh
[1.064s] -- Up-to-date symlink: /abb_ws/install/abb_mujoco_sim/share/abb_mujoco_sim/local_setup.zsh
[1.064s] -- Up-to-date symlink: /abb_ws/install/abb_mujoco_sim/share/abb_mujoco_sim/local_setup.dsv
[1.064s] -- Symlinking: /abb_ws/install/abb_mujoco_sim/share/abb_mujoco_sim/package.dsv
[1.064s] -- Up-to-date symlink: /abb_ws/install/abb_mujoco_sim/share/ament_index/resource_index/packages/abb_mujoco_sim
[1.064s] -- Up-to-date symlink: /abb_ws/install/abb_mujoco_sim/share/ament_index/resource_index/hardware_interface__pluginlib__plugin/abb_mujoco_sim
[1.065s] -- Up-to-date symlink: /abb_ws/install/abb_mujoco_sim/share/abb_mujoco_sim/cmake/ament_cmake_export_libraries-extras.cmake
[1.065s] -- Up-to-date symlink: /abb_ws/install/abb_mujoco_sim/share/abb_mujoco_sim/cmake/ament_cmake_export_dependencies-extras.cmake
[1.065s] -- Up-to-date symlink: /abb_ws/install/abb_mujoco_sim/share/abb_mujoco_sim/cmake/abb_mujoco_simConfig.cmake
[1.065s] -- Up-to-date symlink: /abb_ws/install/abb_mujoco_sim/share/abb_mujoco_sim/cmake/abb_mujoco_simConfig-version.cmake
[1.065s] -- Up-to-date symlink: /abb_ws/install/abb_mujoco_sim/share/abb_mujoco_sim/package.xml
[1.153s] Invoked command in '/abb_ws/build/abb_mujoco_sim' returned '0': CMAKE_PREFIX_PATH=${CMAKE_PREFIX_PATH}:/abb_ws/install/abb_tf_generator:/abb_ws/install/abb_path_generator:/abb_ws/install/abb_path_controller:/abb_ws/install/abb_mujoco_python:/abb_ws/install/abb_ik_solver:/opt/ros/humble /usr/bin/cmake --install /abb_ws/build/abb_mujoco_sim
