[35m[1mConsolidate compiler generated dependencies of target rov_hardware_interface[0m
[100%] Built target rov_hardware_interface
-- Install configuration: ""
-- Execute custom install script
-- Symlinking: /home/eia/rbi_2025/rov/rov_ws/install/rov_hardware_interface/share/rov_hardware_interface//rov_hardware_interface.xml
-- Symlinking: /home/eia/rbi_2025/rov/rov_ws/install/rov_hardware_interface/lib/librov_hardware_interface.so
-- Symlinking: /home/eia/rbi_2025/rov/rov_ws/install/rov_hardware_interface/include/include/rov_hardware_interface/rov_hardware_interface.hpp
-- Symlinking: /home/eia/rbi_2025/rov/rov_ws/install/rov_hardware_interface/share/rov_hardware_interface/environment/library_path.sh
-- Symlinking: /home/eia/rbi_2025/rov/rov_ws/install/rov_hardware_interface/share/rov_hardware_interface/environment/library_path.dsv
-- Symlinking: /home/eia/rbi_2025/rov/rov_ws/install/rov_hardware_interface/share/ament_index/resource_index/package_run_dependencies/rov_hardware_interface
-- Symlinking: /home/eia/rbi_2025/rov/rov_ws/install/rov_hardware_interface/share/ament_index/resource_index/parent_prefix_path/rov_hardware_interface
-- Symlinking: /home/eia/rbi_2025/rov/rov_ws/install/rov_hardware_interface/share/rov_hardware_interface/environment/ament_prefix_path.sh
-- Symlinking: /home/eia/rbi_2025/rov/rov_ws/install/rov_hardware_interface/share/rov_hardware_interface/environment/ament_prefix_path.dsv
-- Symlinking: /home/eia/rbi_2025/rov/rov_ws/install/rov_hardware_interface/share/rov_hardware_interface/environment/path.sh
-- Symlinking: /home/eia/rbi_2025/rov/rov_ws/install/rov_hardware_interface/share/rov_hardware_interface/environment/path.dsv
-- Symlinking: /home/eia/rbi_2025/rov/rov_ws/install/rov_hardware_interface/share/rov_hardware_interface/local_setup.bash
-- Symlinking: /home/eia/rbi_2025/rov/rov_ws/install/rov_hardware_interface/share/rov_hardware_interface/local_setup.sh
-- Symlinking: /home/eia/rbi_2025/rov/rov_ws/install/rov_hardware_interface/share/rov_hardware_interface/local_setup.zsh
-- Symlinking: /home/eia/rbi_2025/rov/rov_ws/install/rov_hardware_interface/share/rov_hardware_interface/local_setup.dsv
-- Symlinking: /home/eia/rbi_2025/rov/rov_ws/install/rov_hardware_interface/share/rov_hardware_interface/package.dsv
-- Symlinking: /home/eia/rbi_2025/rov/rov_ws/install/rov_hardware_interface/share/ament_index/resource_index/packages/rov_hardware_interface
-- Symlinking: /home/eia/rbi_2025/rov/rov_ws/install/rov_hardware_interface/share/ament_index/resource_index/hardware_interface__pluginlib__plugin/rov_hardware_interface
-- Symlinking: /home/eia/rbi_2025/rov/rov_ws/install/rov_hardware_interface/share/rov_hardware_interface/cmake/ament_cmake_export_libraries-extras.cmake
-- Symlinking: /home/eia/rbi_2025/rov/rov_ws/install/rov_hardware_interface/share/rov_hardware_interface/cmake/ament_cmake_export_dependencies-extras.cmake
-- Symlinking: /home/eia/rbi_2025/rov/rov_ws/install/rov_hardware_interface/share/rov_hardware_interface/cmake/rov_hardware_interfaceConfig.cmake
-- Symlinking: /home/eia/rbi_2025/rov/rov_ws/install/rov_hardware_interface/share/rov_hardware_interface/cmake/rov_hardware_interfaceConfig-version.cmake
-- Symlinking: /home/eia/rbi_2025/rov/rov_ws/install/rov_hardware_interface/share/rov_hardware_interface/package.xml
