[0.274s] Invoking command in '/home/eia/rbi_2025/scara/scara_ws/build/scara_real_description': CMAKE_PREFIX_PATH=${CMAKE_PREFIX_PATH}:/home/eia/rbi_2025/scara/scara_ws/install/scara_tf_generator:/home/eia/rbi_2025/scara/scara_ws/install/scara_path_generator:/home/eia/rbi_2025/scara/scara_ws/install/scara_path_controller:/home/eia/rbi_2025/scara/scara_ws/install/scara_mujoco_python_sim:/home/eia/rbi_2025/scara/scara_ws/install/scara_general_ik_solver:/home/eia/rbi_2025/scara/scara_ws/install/premade_path_publisher:/opt/ros/humble /usr/bin/cmake --build /home/eia/rbi_2025/scara/scara_ws/build/scara_real_description -- -j12 -l12
[2.107s] Invoked command in '/home/eia/rbi_2025/scara/scara_ws/build/scara_real_description' returned '0': CMAKE_PREFIX_PATH=${CMAKE_PREFIX_PATH}:/home/eia/rbi_2025/scara/scara_ws/install/scara_tf_generator:/home/eia/rbi_2025/scara/scara_ws/install/scara_path_generator:/home/eia/rbi_2025/scara/scara_ws/install/scara_path_controller:/home/eia/rbi_2025/scara/scara_ws/install/scara_mujoco_python_sim:/home/eia/rbi_2025/scara/scara_ws/install/scara_general_ik_solver:/home/eia/rbi_2025/scara/scara_ws/install/premade_path_publisher:/opt/ros/humble /usr/bin/cmake --build /home/eia/rbi_2025/scara/scara_ws/build/scara_real_description -- -j12 -l12
[2.119s] Invoking command in '/home/eia/rbi_2025/scara/scara_ws/build/scara_real_description': CMAKE_PREFIX_PATH=${CMAKE_PREFIX_PATH}:/home/eia/rbi_2025/scara/scara_ws/install/scara_tf_generator:/home/eia/rbi_2025/scara/scara_ws/install/scara_path_generator:/home/eia/rbi_2025/scara/scara_ws/install/scara_path_controller:/home/eia/rbi_2025/scara/scara_ws/install/scara_mujoco_python_sim:/home/eia/rbi_2025/scara/scara_ws/install/scara_general_ik_solver:/home/eia/rbi_2025/scara/scara_ws/install/premade_path_publisher:/opt/ros/humble /usr/bin/cmake --install /home/eia/rbi_2025/scara/scara_ws/build/scara_real_description
[2.138s] -- Install configuration: ""
[2.140s] -- Execute custom install script
[2.143s] -- Up-to-date symlink: /home/eia/rbi_2025/scara/scara_ws/install/scara_real_description/share/scara_real_description//urdf/common_properties.xacro
[2.143s] -- Up-to-date symlink: /home/eia/rbi_2025/scara/scara_ws/install/scara_real_description/share/scara_real_description//urdf/scara.urdf.xacro
[2.144s] -- Up-to-date symlink: /home/eia/rbi_2025/scara/scara_ws/install/scara_real_description/share/scara_real_description//urdf/scara_description.xacro
[2.145s] -- Up-to-date symlink: /home/eia/rbi_2025/scara/scara_ws/install/scara_real_description/share/scara_real_description//launch/display.launch.xml
[2.147s] -- Up-to-date symlink: /home/eia/rbi_2025/scara/scara_ws/install/scara_real_description/share/ament_index/resource_index/package_run_dependencies/scara_real_description
[2.148s] -- Up-to-date symlink: /home/eia/rbi_2025/scara/scara_ws/install/scara_real_description/share/ament_index/resource_index/parent_prefix_path/scara_real_description
[2.149s] -- Up-to-date symlink: /home/eia/rbi_2025/scara/scara_ws/install/scara_real_description/share/scara_real_description/environment/ament_prefix_path.sh
[2.150s] -- Up-to-date symlink: /home/eia/rbi_2025/scara/scara_ws/install/scara_real_description/share/scara_real_description/environment/ament_prefix_path.dsv
[2.151s] -- Up-to-date symlink: /home/eia/rbi_2025/scara/scara_ws/install/scara_real_description/share/scara_real_description/environment/path.sh
[2.152s] -- Up-to-date symlink: /home/eia/rbi_2025/scara/scara_ws/install/scara_real_description/share/scara_real_description/environment/path.dsv
[2.153s] -- Up-to-date symlink: /home/eia/rbi_2025/scara/scara_ws/install/scara_real_description/share/scara_real_description/local_setup.bash
[2.154s] -- Up-to-date symlink: /home/eia/rbi_2025/scara/scara_ws/install/scara_real_description/share/scara_real_description/local_setup.sh
[2.155s] -- Up-to-date symlink: /home/eia/rbi_2025/scara/scara_ws/install/scara_real_description/share/scara_real_description/local_setup.zsh
[2.156s] -- Up-to-date symlink: /home/eia/rbi_2025/scara/scara_ws/install/scara_real_description/share/scara_real_description/local_setup.dsv
[2.156s] -- Symlinking: /home/eia/rbi_2025/scara/scara_ws/install/scara_real_description/share/scara_real_description/package.dsv
[2.202s] -- Up-to-date symlink: /home/eia/rbi_2025/scara/scara_ws/install/scara_real_description/share/ament_index/resource_index/packages/scara_real_description
[2.202s] -- Up-to-date symlink: /home/eia/rbi_2025/scara/scara_ws/install/scara_real_description/share/scara_real_description/cmake/scara_real_descriptionConfig.cmake
[2.203s] -- Up-to-date symlink: /home/eia/rbi_2025/scara/scara_ws/install/scara_real_description/share/scara_real_description/cmake/scara_real_descriptionConfig-version.cmake
[2.204s] -- Up-to-date symlink: /home/eia/rbi_2025/scara/scara_ws/install/scara_real_description/share/scara_real_description/package.xml
[2.215s] Invoked command in '/home/eia/rbi_2025/scara/scara_ws/build/scara_real_description' returned '0': CMAKE_PREFIX_PATH=${CMAKE_PREFIX_PATH}:/home/eia/rbi_2025/scara/scara_ws/install/scara_tf_generator:/home/eia/rbi_2025/scara/scara_ws/install/scara_path_generator:/home/eia/rbi_2025/scara/scara_ws/install/scara_path_controller:/home/eia/rbi_2025/scara/scara_ws/install/scara_mujoco_python_sim:/home/eia/rbi_2025/scara/scara_ws/install/scara_general_ik_solver:/home/eia/rbi_2025/scara/scara_ws/install/premade_path_publisher:/opt/ros/humble /usr/bin/cmake --install /home/eia/rbi_2025/scara/scara_ws/build/scara_real_description
