[2.663s] Invoking command in '/home/eia/repo/rbi_2025_2/scara/scara_ws/build/scara_path_generator': PYTHONPATH=/home/eia/repo/rbi_2025_2/scara/scara_ws/build/scara_path_generator/prefix_override:/home/eia/.local/lib/python3.10/site-packages/colcon_core/task/python/colcon_distutils_commands:/home/eia/repo/rbi_2025_2/scara/scara_ws/install/scara_path_generator/lib/python3.10/site-packages:${PYTHONPATH} /usr/bin/python3 -W ignore:setup.py install is deprecated -W ignore:easy_install command is deprecated setup.py develop --editable --build-directory /home/eia/repo/rbi_2025_2/scara/scara_ws/build/scara_path_generator/build --no-deps symlink_data
[3.196s] running develop
[3.465s] running egg_info
[3.465s] creating scara_path_generator.egg-info
[3.465s] writing scara_path_generator.egg-info/PKG-INFO
[3.465s] writing dependency_links to scara_path_generator.egg-info/dependency_links.txt
[3.465s] writing entry points to scara_path_generator.egg-info/entry_points.txt
[3.466s] writing requirements to scara_path_generator.egg-info/requires.txt
[3.466s] writing top-level names to scara_path_generator.egg-info/top_level.txt
[3.466s] writing manifest file 'scara_path_generator.egg-info/SOURCES.txt'
[3.468s] reading manifest file 'scara_path_generator.egg-info/SOURCES.txt'
[3.468s] writing manifest file 'scara_path_generator.egg-info/SOURCES.txt'
[3.517s] running build_ext
[3.517s] Creating /home/eia/repo/rbi_2025_2/scara/scara_ws/install/scara_path_generator/lib/python3.10/site-packages/scara-path-generator.egg-link (link to .)
[3.518s] Installing scara_path_generator script to /home/eia/repo/rbi_2025_2/scara/scara_ws/install/scara_path_generator/lib/scara_path_generator
[3.518s] 
[3.519s] Installed /home/eia/repo/rbi_2025_2/scara/scara_ws/build/scara_path_generator
[3.519s] running symlink_data
[3.519s] creating /home/eia/repo/rbi_2025_2/scara/scara_ws/install/scara_path_generator/share/ament_index
[3.519s] creating /home/eia/repo/rbi_2025_2/scara/scara_ws/install/scara_path_generator/share/ament_index/resource_index
[3.519s] creating /home/eia/repo/rbi_2025_2/scara/scara_ws/install/scara_path_generator/share/ament_index/resource_index/packages
[3.519s] symbolically linking /home/eia/repo/rbi_2025_2/scara/scara_ws/build/scara_path_generator/resource/scara_path_generator -> /home/eia/repo/rbi_2025_2/scara/scara_ws/install/scara_path_generator/share/ament_index/resource_index/packages
[3.519s] symbolically linking /home/eia/repo/rbi_2025_2/scara/scara_ws/build/scara_path_generator/package.xml -> /home/eia/repo/rbi_2025_2/scara/scara_ws/install/scara_path_generator/share/scara_path_generator
[3.519s] creating /home/eia/repo/rbi_2025_2/scara/scara_ws/install/scara_path_generator/share/scara_path_generator/launch
[3.522s] creating /home/eia/repo/rbi_2025_2/scara/scara_ws/install/scara_path_generator/share/scara_path_generator/descriptions
[3.522s] creating /home/eia/repo/rbi_2025_2/scara/scara_ws/install/scara_path_generator/share/scara_path_generator/config
[3.562s] Invoked command in '/home/eia/repo/rbi_2025_2/scara/scara_ws/build/scara_path_generator' returned '0': PYTHONPATH=/home/eia/repo/rbi_2025_2/scara/scara_ws/build/scara_path_generator/prefix_override:/home/eia/.local/lib/python3.10/site-packages/colcon_core/task/python/colcon_distutils_commands:/home/eia/repo/rbi_2025_2/scara/scara_ws/install/scara_path_generator/lib/python3.10/site-packages:${PYTHONPATH} /usr/bin/python3 -W ignore:setup.py install is deprecated -W ignore:easy_install command is deprecated setup.py develop --editable --build-directory /home/eia/repo/rbi_2025_2/scara/scara_ws/build/scara_path_generator/build --no-deps symlink_data
