[0.414s] Invoking command in '/abb_ws/build/abb_mujoco_bringup': CMAKE_PREFIX_PATH=${CMAKE_PREFIX_PATH}:/abb_ws/install/abb_tf_generator:/abb_ws/install/abb_path_generator:/abb_ws/install/abb_path_controller:/abb_ws/install/abb_mujoco_python:/abb_ws/install/abb_ik_solver:/opt/ros/humble /usr/bin/cmake --build /abb_ws/build/abb_mujoco_bringup -- -j12 -l12
[1.689s] Invoked command in '/abb_ws/build/abb_mujoco_bringup' returned '0': CMAKE_PREFIX_PATH=${CMAKE_PREFIX_PATH}:/abb_ws/install/abb_tf_generator:/abb_ws/install/abb_path_generator:/abb_ws/install/abb_path_controller:/abb_ws/install/abb_mujoco_python:/abb_ws/install/abb_ik_solver:/opt/ros/humble /usr/bin/cmake --build /abb_ws/build/abb_mujoco_bringup -- -j12 -l12
[1.691s] Invoking command in '/abb_ws/build/abb_mujoco_bringup': CMAKE_PREFIX_PATH=${CMAKE_PREFIX_PATH}:/abb_ws/install/abb_tf_generator:/abb_ws/install/abb_path_generator:/abb_ws/install/abb_path_controller:/abb_ws/install/abb_mujoco_python:/abb_ws/install/abb_ik_solver:/opt/ros/humble /usr/bin/cmake --install /abb_ws/build/abb_mujoco_bringup
[1.778s] -- Install configuration: ""
[1.779s] -- Up-to-date: /abb_ws/install/abb_mujoco_bringup/share/abb_mujoco_bringup//config
[1.781s] -- Up-to-date: /abb_ws/install/abb_mujoco_bringup/share/abb_mujoco_bringup//config/abb_controllers.yaml
[1.781s] -- Up-to-date: /abb_ws/install/abb_mujoco_bringup/share/abb_mujoco_bringup//launch
[1.782s] -- Installing: /abb_ws/install/abb_mujoco_bringup/share/abb_mujoco_bringup//launch/abb_bringup_launch.launch.xml
[1.782s] -- Up-to-date: /abb_ws/install/abb_mujoco_bringup/share/ament_index/resource_index/package_run_dependencies/abb_mujoco_bringup
[1.782s] -- Up-to-date: /abb_ws/install/abb_mujoco_bringup/share/ament_index/resource_index/parent_prefix_path/abb_mujoco_bringup
[1.782s] -- Up-to-date: /abb_ws/install/abb_mujoco_bringup/share/abb_mujoco_bringup/environment/ament_prefix_path.sh
[1.783s] -- Up-to-date: /abb_ws/install/abb_mujoco_bringup/share/abb_mujoco_bringup/environment/ament_prefix_path.dsv
[1.783s] -- Up-to-date: /abb_ws/install/abb_mujoco_bringup/share/abb_mujoco_bringup/environment/path.sh
[1.783s] -- Up-to-date: /abb_ws/install/abb_mujoco_bringup/share/abb_mujoco_bringup/environment/path.dsv
[1.783s] -- Up-to-date: /abb_ws/install/abb_mujoco_bringup/share/abb_mujoco_bringup/local_setup.bash
[1.784s] -- Up-to-date: /abb_ws/install/abb_mujoco_bringup/share/abb_mujoco_bringup/local_setup.sh
[1.785s] -- Up-to-date: /abb_ws/install/abb_mujoco_bringup/share/abb_mujoco_bringup/local_setup.zsh
[1.786s] -- Up-to-date: /abb_ws/install/abb_mujoco_bringup/share/abb_mujoco_bringup/local_setup.dsv
[1.786s] -- Up-to-date: /abb_ws/install/abb_mujoco_bringup/share/abb_mujoco_bringup/package.dsv
[1.787s] -- Up-to-date: /abb_ws/install/abb_mujoco_bringup/share/ament_index/resource_index/packages/abb_mujoco_bringup
[1.787s] -- Up-to-date: /abb_ws/install/abb_mujoco_bringup/share/abb_mujoco_bringup/cmake/abb_mujoco_bringupConfig.cmake
[1.787s] -- Up-to-date: /abb_ws/install/abb_mujoco_bringup/share/abb_mujoco_bringup/cmake/abb_mujoco_bringupConfig-version.cmake
[1.788s] -- Up-to-date: /abb_ws/install/abb_mujoco_bringup/share/abb_mujoco_bringup/package.xml
[1.905s] Invoked command in '/abb_ws/build/abb_mujoco_bringup' returned '0': CMAKE_PREFIX_PATH=${CMAKE_PREFIX_PATH}:/abb_ws/install/abb_tf_generator:/abb_ws/install/abb_path_generator:/abb_ws/install/abb_path_controller:/abb_ws/install/abb_mujoco_python:/abb_ws/install/abb_ik_solver:/opt/ros/humble /usr/bin/cmake --install /abb_ws/build/abb_mujoco_bringup
