[2.515s] Invoking command in '/home/eia/rbi_2025/abb/abb_ws/build/abb_path_controller': PYTHONPATH=/home/eia/rbi_2025/abb/abb_ws/build/abb_path_controller/prefix_override:/home/eia/.local/lib/python3.10/site-packages/colcon_core/task/python/colcon_distutils_commands:/home/eia/rbi_2025/abb/abb_ws/install/abb_path_controller/lib/python3.10/site-packages:${PYTHONPATH} /usr/bin/python3 -W ignore:setup.py install is deprecated -W ignore:easy_install command is deprecated setup.py develop --editable --build-directory /home/eia/rbi_2025/abb/abb_ws/build/abb_path_controller/build --no-deps symlink_data
[2.892s] running develop
[3.209s] running egg_info
[3.209s] creating abb_path_controller.egg-info
[3.209s] writing abb_path_controller.egg-info/PKG-INFO
[3.209s] writing dependency_links to abb_path_controller.egg-info/dependency_links.txt
[3.209s] writing entry points to abb_path_controller.egg-info/entry_points.txt
[3.210s] writing requirements to abb_path_controller.egg-info/requires.txt
[3.210s] writing top-level names to abb_path_controller.egg-info/top_level.txt
[3.210s] writing manifest file 'abb_path_controller.egg-info/SOURCES.txt'
[3.213s] reading manifest file 'abb_path_controller.egg-info/SOURCES.txt'
[3.214s] writing manifest file 'abb_path_controller.egg-info/SOURCES.txt'
[3.266s] running build_ext
[3.266s] Creating /home/eia/rbi_2025/abb/abb_ws/install/abb_path_controller/lib/python3.10/site-packages/abb-path-controller.egg-link (link to .)
[3.267s] Installing abb_path_controller script to /home/eia/rbi_2025/abb/abb_ws/install/abb_path_controller/lib/abb_path_controller
[3.267s] Installing abb_path_generator script to /home/eia/rbi_2025/abb/abb_ws/install/abb_path_controller/lib/abb_path_controller
[3.267s] 
[3.267s] Installed /home/eia/rbi_2025/abb/abb_ws/build/abb_path_controller
[3.267s] running symlink_data
[3.267s] creating /home/eia/rbi_2025/abb/abb_ws/install/abb_path_controller/share/ament_index
[3.268s] creating /home/eia/rbi_2025/abb/abb_ws/install/abb_path_controller/share/ament_index/resource_index
[3.268s] creating /home/eia/rbi_2025/abb/abb_ws/install/abb_path_controller/share/ament_index/resource_index/packages
[3.268s] symbolically linking /home/eia/rbi_2025/abb/abb_ws/build/abb_path_controller/resource/abb_path_controller -> /home/eia/rbi_2025/abb/abb_ws/install/abb_path_controller/share/ament_index/resource_index/packages
[3.268s] symbolically linking /home/eia/rbi_2025/abb/abb_ws/build/abb_path_controller/package.xml -> /home/eia/rbi_2025/abb/abb_ws/install/abb_path_controller/share/abb_path_controller
[3.268s] creating /home/eia/rbi_2025/abb/abb_ws/install/abb_path_controller/share/abb_path_controller/launch
[3.268s] creating /home/eia/rbi_2025/abb/abb_ws/install/abb_path_controller/share/abb_path_controller/descriptions
[3.268s] creating /home/eia/rbi_2025/abb/abb_ws/install/abb_path_controller/share/abb_path_controller/config
[3.318s] Invoked command in '/home/eia/rbi_2025/abb/abb_ws/build/abb_path_controller' returned '0': PYTHONPATH=/home/eia/rbi_2025/abb/abb_ws/build/abb_path_controller/prefix_override:/home/eia/.local/lib/python3.10/site-packages/colcon_core/task/python/colcon_distutils_commands:/home/eia/rbi_2025/abb/abb_ws/install/abb_path_controller/lib/python3.10/site-packages:${PYTHONPATH} /usr/bin/python3 -W ignore:setup.py install is deprecated -W ignore:easy_install command is deprecated setup.py develop --editable --build-directory /home/eia/rbi_2025/abb/abb_ws/build/abb_path_controller/build --no-deps symlink_data
