[0.840s] Invoking command in '/home/eia/rbi_2025/rov/rov_ws/build/rov_mujoco_description': CMAKE_PREFIX_PATH=/opt/ros/humble /usr/bin/cmake --build /home/eia/rbi_2025/rov/rov_ws/build/rov_mujoco_description -- -j12 -l12
[2.055s] Invoked command in '/home/eia/rbi_2025/rov/rov_ws/build/rov_mujoco_description' returned '0': CMAKE_PREFIX_PATH=/opt/ros/humble /usr/bin/cmake --build /home/eia/rbi_2025/rov/rov_ws/build/rov_mujoco_description -- -j12 -l12
[2.056s] Invoking command in '/home/eia/rbi_2025/rov/rov_ws/build/rov_mujoco_description': CMAKE_PREFIX_PATH=/opt/ros/humble /usr/bin/cmake --install /home/eia/rbi_2025/rov/rov_ws/build/rov_mujoco_description
[2.070s] -- Install configuration: ""
[2.070s] -- Execute custom install script
[2.073s] -- Up-to-date symlink: /home/eia/rbi_2025/rov/rov_ws/install/rov_mujoco_description/share/rov_mujoco_description//urdf/common_properties.xacro
[2.073s] -- Up-to-date symlink: /home/eia/rbi_2025/rov/rov_ws/install/rov_mujoco_description/share/rov_mujoco_description//urdf/rov_description.urdf.xacro
[2.074s] -- Up-to-date symlink: /home/eia/rbi_2025/rov/rov_ws/install/rov_mujoco_description/share/rov_mujoco_description//launch/display.launch.xml
[2.074s] -- Up-to-date symlink: /home/eia/rbi_2025/rov/rov_ws/install/rov_mujoco_description/share/ament_index/resource_index/package_run_dependencies/rov_mujoco_description
[2.075s] -- Up-to-date symlink: /home/eia/rbi_2025/rov/rov_ws/install/rov_mujoco_description/share/ament_index/resource_index/parent_prefix_path/rov_mujoco_description
[2.075s] -- Up-to-date symlink: /home/eia/rbi_2025/rov/rov_ws/install/rov_mujoco_description/share/rov_mujoco_description/environment/ament_prefix_path.sh
[2.075s] -- Up-to-date symlink: /home/eia/rbi_2025/rov/rov_ws/install/rov_mujoco_description/share/rov_mujoco_description/environment/ament_prefix_path.dsv
[2.075s] -- Up-to-date symlink: /home/eia/rbi_2025/rov/rov_ws/install/rov_mujoco_description/share/rov_mujoco_description/environment/path.sh
[2.075s] -- Up-to-date symlink: /home/eia/rbi_2025/rov/rov_ws/install/rov_mujoco_description/share/rov_mujoco_description/environment/path.dsv
[2.075s] -- Up-to-date symlink: /home/eia/rbi_2025/rov/rov_ws/install/rov_mujoco_description/share/rov_mujoco_description/local_setup.bash
[2.075s] -- Up-to-date symlink: /home/eia/rbi_2025/rov/rov_ws/install/rov_mujoco_description/share/rov_mujoco_description/local_setup.sh
[2.078s] -- Up-to-date symlink: /home/eia/rbi_2025/rov/rov_ws/install/rov_mujoco_description/share/rov_mujoco_description/local_setup.zsh
[2.079s] -- Up-to-date symlink: /home/eia/rbi_2025/rov/rov_ws/install/rov_mujoco_description/share/rov_mujoco_description/local_setup.dsv
[2.080s] -- Symlinking: /home/eia/rbi_2025/rov/rov_ws/install/rov_mujoco_description/share/rov_mujoco_description/package.dsv
[2.085s] -- Up-to-date symlink: /home/eia/rbi_2025/rov/rov_ws/install/rov_mujoco_description/share/ament_index/resource_index/packages/rov_mujoco_description
[2.085s] -- Up-to-date symlink: /home/eia/rbi_2025/rov/rov_ws/install/rov_mujoco_description/share/rov_mujoco_description/cmake/rov_mujoco_descriptionConfig.cmake
[2.085s] -- Up-to-date symlink: /home/eia/rbi_2025/rov/rov_ws/install/rov_mujoco_description/share/rov_mujoco_description/cmake/rov_mujoco_descriptionConfig-version.cmake
[2.085s] -- Up-to-date symlink: /home/eia/rbi_2025/rov/rov_ws/install/rov_mujoco_description/share/rov_mujoco_description/package.xml
[2.163s] Invoked command in '/home/eia/rbi_2025/rov/rov_ws/build/rov_mujoco_description' returned '0': CMAKE_PREFIX_PATH=/opt/ros/humble /usr/bin/cmake --install /home/eia/rbi_2025/rov/rov_ws/build/rov_mujoco_description
