[2.314s] Invoking command in '/abb_ws/src/abb_tf_generator': PYTHONPATH=/abb_ws/build/abb_tf_generator/prefix_override:/usr/lib/python3/dist-packages/colcon_core/task/python/colcon_distutils_commands:/abb_ws/install/abb_tf_generator/lib/python3.10/site-packages:${PYTHONPATH} /usr/bin/python3 -W ignore:setup.py install is deprecated -W ignore:easy_install command is deprecated setup.py egg_info --egg-base ../../build/abb_tf_generator build --build-base /abb_ws/build/abb_tf_generator/build install --record /abb_ws/build/abb_tf_generator/install.log --single-version-externally-managed install_data
[2.672s] running egg_info
[2.673s] writing ../../build/abb_tf_generator/abb_tf_generator.egg-info/PKG-INFO
[2.674s] writing dependency_links to ../../build/abb_tf_generator/abb_tf_generator.egg-info/dependency_links.txt
[2.674s] writing entry points to ../../build/abb_tf_generator/abb_tf_generator.egg-info/entry_points.txt
[2.674s] writing requirements to ../../build/abb_tf_generator/abb_tf_generator.egg-info/requires.txt
[2.675s] writing top-level names to ../../build/abb_tf_generator/abb_tf_generator.egg-info/top_level.txt
[2.678s] reading manifest file '../../build/abb_tf_generator/abb_tf_generator.egg-info/SOURCES.txt'
[2.680s] writing manifest file '../../build/abb_tf_generator/abb_tf_generator.egg-info/SOURCES.txt'
[2.680s] running build
[2.680s] running build_py
[2.681s] running install
[2.681s] running install_lib
[2.684s] running install_data
[2.684s] running install_egg_info
[2.687s] removing '/abb_ws/install/abb_tf_generator/lib/python3.10/site-packages/abb_tf_generator-0.0.0-py3.10.egg-info' (and everything under it)
[2.687s] Copying ../../build/abb_tf_generator/abb_tf_generator.egg-info to /abb_ws/install/abb_tf_generator/lib/python3.10/site-packages/abb_tf_generator-0.0.0-py3.10.egg-info
[2.689s] running install_scripts
[2.724s] Installing abb_tf_generator script to /abb_ws/install/abb_tf_generator/lib/abb_tf_generator
[2.724s] writing list of installed files to '/abb_ws/build/abb_tf_generator/install.log'
[2.767s] Invoked command in '/abb_ws/src/abb_tf_generator' returned '0': PYTHONPATH=/abb_ws/build/abb_tf_generator/prefix_override:/usr/lib/python3/dist-packages/colcon_core/task/python/colcon_distutils_commands:/abb_ws/install/abb_tf_generator/lib/python3.10/site-packages:${PYTHONPATH} /usr/bin/python3 -W ignore:setup.py install is deprecated -W ignore:easy_install command is deprecated setup.py egg_info --egg-base ../../build/abb_tf_generator build --build-base /abb_ws/build/abb_tf_generator/build install --record /abb_ws/build/abb_tf_generator/install.log --single-version-externally-managed install_data
