[0.070s] Invoking command in '/home/eia/rbi_2025/abb/abb_ws/build/abb_controllers': CMAKE_PREFIX_PATH=${CMAKE_PREFIX_PATH}:/home/eia/rbi_2025/abb/abb_ws/install/abb_tf_generator:/home/eia/rbi_2025/abb/abb_ws/install/abb_path_generator:/home/eia/rbi_2025/abb/abb_ws/install/abb_path_controller:/home/eia/rbi_2025/abb/abb_ws/install/abb_mujoco_python:/home/eia/rbi_2025/abb/abb_ws/install/abb_ik_solver:/home/eia/rbi_2025/scara/scara_ws/install/scara_tf_generator:/home/eia/rbi_2025/scara/scara_ws/install/scara_path_generator:/home/eia/rbi_2025/scara/scara_ws/install/scara_path_controller:/home/eia/rbi_2025/scara/scara_ws/install/scara_mujoco_python_sim:/home/eia/rbi_2025/scara/scara_ws/install/scara_general_ik_solver:/home/eia/rbi_2025/scara/scara_ws/install/premade_path_publisher:/opt/ros/humble /usr/bin/cmake /home/eia/rbi_2025/abb/abb_ws/src/abb_controllers -DAMENT_CMAKE_SYMLINK_INSTALL=1 -DCMAKE_INSTALL_PREFIX=/home/eia/rbi_2025/abb/abb_ws/install/abb_controllers
[1.995s] -- The C compiler identification is GNU 11.4.0
[1.995s] -- The CXX compiler identification is GNU 11.4.0
[1.995s] -- Detecting C compiler ABI info
[1.995s] -- Detecting C compiler ABI info - done
[1.995s] -- Check for working C compiler: /usr/bin/cc - skipped
[1.995s] -- Detecting C compile features
[1.995s] -- Detecting C compile features - done
[1.995s] -- Detecting CXX compiler ABI info
[1.995s] -- Detecting CXX compiler ABI info - done
[1.995s] -- Check for working CXX compiler: /usr/bin/c++ - skipped
[1.996s] -- Detecting CXX compile features
[1.996s] -- Detecting CXX compile features - done
[1.996s] -- Found ament_cmake: 1.3.12 (/opt/ros/humble/share/ament_cmake/cmake)
[1.996s] -- Found Python3: /usr/bin/python3 (found version "3.10.12") found components: Interpreter 
[1.996s] -- Override CMake install command with custom implementation using symlinks instead of copying resources
[1.996s] -- Found rclcpp: 16.0.14 (/opt/ros/humble/share/rclcpp/cmake)
[1.996s] -- Found rosidl_generator_c: 3.1.7 (/opt/ros/humble/share/rosidl_generator_c/cmake)
[1.996s] -- Found rosidl_adapter: 3.1.7 (/opt/ros/humble/share/rosidl_adapter/cmake)
[1.996s] -- Found rosidl_generator_cpp: 3.1.7 (/opt/ros/humble/share/rosidl_generator_cpp/cmake)
[1.996s] -- Using all available rosidl_typesupport_c: rosidl_typesupport_fastrtps_c;rosidl_typesupport_introspection_c
[1.997s] -- Using all available rosidl_typesupport_cpp: rosidl_typesupport_fastrtps_cpp;rosidl_typesupport_introspection_cpp
[1.997s] -- Found rmw_implementation_cmake: 6.1.2 (/opt/ros/humble/share/rmw_implementation_cmake/cmake)
[1.997s] -- Found rmw_fastrtps_cpp: 6.2.8 (/opt/ros/humble/share/rmw_fastrtps_cpp/cmake)
[1.997s] -- Found OpenSSL: /usr/lib/x86_64-linux-gnu/libcrypto.so (found version "3.0.2")  
[1.997s] -- Found FastRTPS: /opt/ros/humble/include  
[1.997s] -- Using RMW implementation 'rmw_fastrtps_cpp' as default
[1.997s] -- Looking for pthread.h
[1.997s] -- Looking for pthread.h - found
[1.997s] -- Performing Test CMAKE_HAVE_LIBC_PTHREAD
[1.997s] -- Performing Test CMAKE_HAVE_LIBC_PTHREAD - Success
[1.997s] -- Found Threads: TRUE  
[1.997s] -- Found rclcpp_lifecycle: 16.0.14 (/opt/ros/humble/share/rclcpp_lifecycle/cmake)
[1.997s] -- Found pluginlib: 5.1.0 (/opt/ros/humble/share/pluginlib/cmake)
[1.998s] -- Found geometry_msgs: 4.9.0 (/opt/ros/humble/share/geometry_msgs/cmake)
[1.998s] -- Found controller_interface: 2.51.0 (/opt/ros/humble/share/controller_interface/cmake)
[1.998s] -- Found tf2_ros: 0.25.15 (/opt/ros/humble/share/tf2_ros/cmake)
[1.998s] -- Configuring done
[1.998s] -- Generating done
[1.998s] -- Build files have been written to: /home/eia/rbi_2025/abb/abb_ws/build/abb_controllers
[2.016s] Invoked command in '/home/eia/rbi_2025/abb/abb_ws/build/abb_controllers' returned '0': CMAKE_PREFIX_PATH=${CMAKE_PREFIX_PATH}:/home/eia/rbi_2025/abb/abb_ws/install/abb_tf_generator:/home/eia/rbi_2025/abb/abb_ws/install/abb_path_generator:/home/eia/rbi_2025/abb/abb_ws/install/abb_path_controller:/home/eia/rbi_2025/abb/abb_ws/install/abb_mujoco_python:/home/eia/rbi_2025/abb/abb_ws/install/abb_ik_solver:/home/eia/rbi_2025/scara/scara_ws/install/scara_tf_generator:/home/eia/rbi_2025/scara/scara_ws/install/scara_path_generator:/home/eia/rbi_2025/scara/scara_ws/install/scara_path_controller:/home/eia/rbi_2025/scara/scara_ws/install/scara_mujoco_python_sim:/home/eia/rbi_2025/scara/scara_ws/install/scara_general_ik_solver:/home/eia/rbi_2025/scara/scara_ws/install/premade_path_publisher:/opt/ros/humble /usr/bin/cmake /home/eia/rbi_2025/abb/abb_ws/src/abb_controllers -DAMENT_CMAKE_SYMLINK_INSTALL=1 -DCMAKE_INSTALL_PREFIX=/home/eia/rbi_2025/abb/abb_ws/install/abb_controllers
[2.018s] Invoking command in '/home/eia/rbi_2025/abb/abb_ws/build/abb_controllers': CMAKE_PREFIX_PATH=${CMAKE_PREFIX_PATH}:/home/eia/rbi_2025/abb/abb_ws/install/abb_tf_generator:/home/eia/rbi_2025/abb/abb_ws/install/abb_path_generator:/home/eia/rbi_2025/abb/abb_ws/install/abb_path_controller:/home/eia/rbi_2025/abb/abb_ws/install/abb_mujoco_python:/home/eia/rbi_2025/abb/abb_ws/install/abb_ik_solver:/home/eia/rbi_2025/scara/scara_ws/install/scara_tf_generator:/home/eia/rbi_2025/scara/scara_ws/install/scara_path_generator:/home/eia/rbi_2025/scara/scara_ws/install/scara_path_controller:/home/eia/rbi_2025/scara/scara_ws/install/scara_mujoco_python_sim:/home/eia/rbi_2025/scara/scara_ws/install/scara_general_ik_solver:/home/eia/rbi_2025/scara/scara_ws/install/premade_path_publisher:/opt/ros/humble /usr/bin/cmake --build /home/eia/rbi_2025/abb/abb_ws/build/abb_controllers -- -j12 -l12
[2.075s] [ 50%] [32mBuilding CXX object CMakeFiles/abb_controllers.dir/src/abb_forward_controller.cpp.o[0m
[4.577s] gmake[2]: *** [CMakeFiles/abb_controllers.dir/build.make:76: CMakeFiles/abb_controllers.dir/src/abb_forward_controller.cpp.o] Interrupt
[4.578s] gmake[1]: *** [CMakeFiles/Makefile2:137: CMakeFiles/abb_controllers.dir/all] Interrupt
[4.578s] gmake: *** [Makefile:146: all] Interrupt
