[0.068s] Invoking command in '/home/eia/rbi_2025/abb/abb_ws/build/abb_gz_hardware': CMAKE_PREFIX_PATH=${CMAKE_PREFIX_PATH}:/home/eia/rbi_2025/abb/abb_ws/install/abb_tf_generator:/home/eia/rbi_2025/abb/abb_ws/install/abb_path_generator:/home/eia/rbi_2025/abb/abb_ws/install/abb_path_controller:/home/eia/rbi_2025/abb/abb_ws/install/abb_mujoco_python:/home/eia/rbi_2025/abb/abb_ws/install/abb_ik_solver:/home/eia/rbi_2025/scara/scara_ws/install/scara_tf_generator:/home/eia/rbi_2025/scara/scara_ws/install/scara_path_generator:/home/eia/rbi_2025/scara/scara_ws/install/scara_path_controller:/home/eia/rbi_2025/scara/scara_ws/install/scara_mujoco_python_sim:/home/eia/rbi_2025/scara/scara_ws/install/scara_general_ik_solver:/home/eia/rbi_2025/scara/scara_ws/install/premade_path_publisher:/opt/ros/humble /usr/bin/cmake --build /home/eia/rbi_2025/abb/abb_ws/build/abb_gz_hardware -- -j12 -l12
[1.914s] Invoked command in '/home/eia/rbi_2025/abb/abb_ws/build/abb_gz_hardware' returned '0': CMAKE_PREFIX_PATH=${CMAKE_PREFIX_PATH}:/home/eia/rbi_2025/abb/abb_ws/install/abb_tf_generator:/home/eia/rbi_2025/abb/abb_ws/install/abb_path_generator:/home/eia/rbi_2025/abb/abb_ws/install/abb_path_controller:/home/eia/rbi_2025/abb/abb_ws/install/abb_mujoco_python:/home/eia/rbi_2025/abb/abb_ws/install/abb_ik_solver:/home/eia/rbi_2025/scara/scara_ws/install/scara_tf_generator:/home/eia/rbi_2025/scara/scara_ws/install/scara_path_generator:/home/eia/rbi_2025/scara/scara_ws/install/scara_path_controller:/home/eia/rbi_2025/scara/scara_ws/install/scara_mujoco_python_sim:/home/eia/rbi_2025/scara/scara_ws/install/scara_general_ik_solver:/home/eia/rbi_2025/scara/scara_ws/install/premade_path_publisher:/opt/ros/humble /usr/bin/cmake --build /home/eia/rbi_2025/abb/abb_ws/build/abb_gz_hardware -- -j12 -l12
[1.916s] Invoking command in '/home/eia/rbi_2025/abb/abb_ws/build/abb_gz_hardware': CMAKE_PREFIX_PATH=${CMAKE_PREFIX_PATH}:/home/eia/rbi_2025/abb/abb_ws/install/abb_tf_generator:/home/eia/rbi_2025/abb/abb_ws/install/abb_path_generator:/home/eia/rbi_2025/abb/abb_ws/install/abb_path_controller:/home/eia/rbi_2025/abb/abb_ws/install/abb_mujoco_python:/home/eia/rbi_2025/abb/abb_ws/install/abb_ik_solver:/home/eia/rbi_2025/scara/scara_ws/install/scara_tf_generator:/home/eia/rbi_2025/scara/scara_ws/install/scara_path_generator:/home/eia/rbi_2025/scara/scara_ws/install/scara_path_controller:/home/eia/rbi_2025/scara/scara_ws/install/scara_mujoco_python_sim:/home/eia/rbi_2025/scara/scara_ws/install/scara_general_ik_solver:/home/eia/rbi_2025/scara/scara_ws/install/premade_path_publisher:/opt/ros/humble /usr/bin/cmake --install /home/eia/rbi_2025/abb/abb_ws/build/abb_gz_hardware
[1.936s] -- Install configuration: ""
[1.937s] -- Execute custom install script
[1.937s] -- Up-to-date symlink: /home/eia/rbi_2025/abb/abb_ws/install/abb_gz_hardware/share/ament_index/resource_index/package_run_dependencies/abb_gz_hardware
[1.937s] -- Up-to-date symlink: /home/eia/rbi_2025/abb/abb_ws/install/abb_gz_hardware/share/ament_index/resource_index/parent_prefix_path/abb_gz_hardware
[1.938s] -- Up-to-date symlink: /home/eia/rbi_2025/abb/abb_ws/install/abb_gz_hardware/share/abb_gz_hardware/environment/ament_prefix_path.sh
[1.938s] -- Up-to-date symlink: /home/eia/rbi_2025/abb/abb_ws/install/abb_gz_hardware/share/abb_gz_hardware/environment/ament_prefix_path.dsv
[1.938s] -- Up-to-date symlink: /home/eia/rbi_2025/abb/abb_ws/install/abb_gz_hardware/share/abb_gz_hardware/environment/path.sh
[1.938s] -- Up-to-date symlink: /home/eia/rbi_2025/abb/abb_ws/install/abb_gz_hardware/share/abb_gz_hardware/environment/path.dsv
[1.938s] -- Up-to-date symlink: /home/eia/rbi_2025/abb/abb_ws/install/abb_gz_hardware/share/abb_gz_hardware/local_setup.bash
[1.938s] -- Up-to-date symlink: /home/eia/rbi_2025/abb/abb_ws/install/abb_gz_hardware/share/abb_gz_hardware/local_setup.sh
[1.938s] -- Up-to-date symlink: /home/eia/rbi_2025/abb/abb_ws/install/abb_gz_hardware/share/abb_gz_hardware/local_setup.zsh
[1.938s] -- Up-to-date symlink: /home/eia/rbi_2025/abb/abb_ws/install/abb_gz_hardware/share/abb_gz_hardware/local_setup.dsv
[1.938s] -- Up-to-date symlink: /home/eia/rbi_2025/abb/abb_ws/install/abb_gz_hardware/share/abb_gz_hardware/package.dsv
[1.939s] -- Up-to-date symlink: /home/eia/rbi_2025/abb/abb_ws/install/abb_gz_hardware/share/ament_index/resource_index/packages/abb_gz_hardware
[1.939s] -- Up-to-date symlink: /home/eia/rbi_2025/abb/abb_ws/install/abb_gz_hardware/share/abb_gz_hardware/cmake/abb_gz_hardwareConfig.cmake
[1.939s] -- Up-to-date symlink: /home/eia/rbi_2025/abb/abb_ws/install/abb_gz_hardware/share/abb_gz_hardware/cmake/abb_gz_hardwareConfig-version.cmake
[1.939s] -- Up-to-date symlink: /home/eia/rbi_2025/abb/abb_ws/install/abb_gz_hardware/share/abb_gz_hardware/package.xml
[1.959s] Invoked command in '/home/eia/rbi_2025/abb/abb_ws/build/abb_gz_hardware' returned '0': CMAKE_PREFIX_PATH=${CMAKE_PREFIX_PATH}:/home/eia/rbi_2025/abb/abb_ws/install/abb_tf_generator:/home/eia/rbi_2025/abb/abb_ws/install/abb_path_generator:/home/eia/rbi_2025/abb/abb_ws/install/abb_path_controller:/home/eia/rbi_2025/abb/abb_ws/install/abb_mujoco_python:/home/eia/rbi_2025/abb/abb_ws/install/abb_ik_solver:/home/eia/rbi_2025/scara/scara_ws/install/scara_tf_generator:/home/eia/rbi_2025/scara/scara_ws/install/scara_path_generator:/home/eia/rbi_2025/scara/scara_ws/install/scara_path_controller:/home/eia/rbi_2025/scara/scara_ws/install/scara_mujoco_python_sim:/home/eia/rbi_2025/scara/scara_ws/install/scara_general_ik_solver:/home/eia/rbi_2025/scara/scara_ws/install/premade_path_publisher:/opt/ros/humble /usr/bin/cmake --install /home/eia/rbi_2025/abb/abb_ws/build/abb_gz_hardware
