[2.573s] Invoking command in '/home/eia/rbi_2025/scara/scara_ws/build/scara_gz_description': CMAKE_PREFIX_PATH=/opt/ros/humble /usr/bin/cmake /home/eia/rbi_2025/scara/scara_ws/src/scara_gz_description -DAMENT_CMAKE_SYMLINK_INSTALL=1 -DCMAKE_INSTALL_PREFIX=/home/eia/rbi_2025/scara/scara_ws/install/scara_gz_description
[7.661s] -- The C compiler identification is GNU 11.4.0
[7.662s] -- The CXX compiler identification is GNU 11.4.0
[7.662s] -- Detecting C compiler ABI info
[7.663s] -- Detecting C compiler ABI info - done
[7.663s] -- Check for working C compiler: /usr/bin/cc - skipped
[7.663s] -- Detecting C compile features
[7.664s] -- Detecting C compile features - done
[7.664s] -- Detecting CXX compiler ABI info
[7.669s] -- Detecting CXX compiler ABI info - done
[7.669s] -- Check for working CXX compiler: /usr/bin/c++ - skipped
[7.670s] -- Detecting CXX compile features
[7.670s] -- Detecting CXX compile features - done
[7.670s] -- Found ament_cmake: 1.3.12 (/opt/ros/humble/share/ament_cmake/cmake)
[7.671s] -- Found Python3: /usr/bin/python3 (found version "3.10.12") found components: Interpreter 
[7.671s] -- Override CMake install command with custom implementation using symlinks instead of copying resources
[7.672s] -- Configuring done
[7.672s] -- Generating done
[7.679s] -- Build files have been written to: /home/eia/rbi_2025/scara/scara_ws/build/scara_gz_description
[7.797s] Invoked command in '/home/eia/rbi_2025/scara/scara_ws/build/scara_gz_description' returned '0': CMAKE_PREFIX_PATH=/opt/ros/humble /usr/bin/cmake /home/eia/rbi_2025/scara/scara_ws/src/scara_gz_description -DAMENT_CMAKE_SYMLINK_INSTALL=1 -DCMAKE_INSTALL_PREFIX=/home/eia/rbi_2025/scara/scara_ws/install/scara_gz_description
[7.803s] Invoking command in '/home/eia/rbi_2025/scara/scara_ws/build/scara_gz_description': CMAKE_PREFIX_PATH=/opt/ros/humble /usr/bin/cmake --build /home/eia/rbi_2025/scara/scara_ws/build/scara_gz_description -- -j12 -l12
[7.897s] Invoked command in '/home/eia/rbi_2025/scara/scara_ws/build/scara_gz_description' returned '0': CMAKE_PREFIX_PATH=/opt/ros/humble /usr/bin/cmake --build /home/eia/rbi_2025/scara/scara_ws/build/scara_gz_description -- -j12 -l12
[7.941s] Invoking command in '/home/eia/rbi_2025/scara/scara_ws/build/scara_gz_description': CMAKE_PREFIX_PATH=/opt/ros/humble /usr/bin/cmake --install /home/eia/rbi_2025/scara/scara_ws/build/scara_gz_description
[7.992s] -- Install configuration: ""
[7.995s] -- Execute custom install script
[7.995s] -- Symlinking: /home/eia/rbi_2025/scara/scara_ws/install/scara_gz_description/share/scara_gz_description//urdf/scara.urdf.xacro
[8.041s] -- Symlinking: /home/eia/rbi_2025/scara/scara_ws/install/scara_gz_description/share/scara_gz_description//urdf/scara_description.xacro
[8.091s] -- Symlinking: /home/eia/rbi_2025/scara/scara_ws/install/scara_gz_description/share/scara_gz_description//launch/display.launch.xml
[8.151s] -- Symlinking: /home/eia/rbi_2025/scara/scara_ws/install/scara_gz_description/share/ament_index/resource_index/package_run_dependencies/scara_gz_description
[8.203s] -- Symlinking: /home/eia/rbi_2025/scara/scara_ws/install/scara_gz_description/share/ament_index/resource_index/parent_prefix_path/scara_gz_description
[8.261s] -- Symlinking: /home/eia/rbi_2025/scara/scara_ws/install/scara_gz_description/share/scara_gz_description/environment/ament_prefix_path.sh
[8.300s] -- Symlinking: /home/eia/rbi_2025/scara/scara_ws/install/scara_gz_description/share/scara_gz_description/environment/ament_prefix_path.dsv
[8.355s] -- Symlinking: /home/eia/rbi_2025/scara/scara_ws/install/scara_gz_description/share/scara_gz_description/environment/path.sh
[8.403s] -- Symlinking: /home/eia/rbi_2025/scara/scara_ws/install/scara_gz_description/share/scara_gz_description/environment/path.dsv
[8.446s] -- Symlinking: /home/eia/rbi_2025/scara/scara_ws/install/scara_gz_description/share/scara_gz_description/local_setup.bash
[8.492s] -- Symlinking: /home/eia/rbi_2025/scara/scara_ws/install/scara_gz_description/share/scara_gz_description/local_setup.sh
[8.554s] -- Symlinking: /home/eia/rbi_2025/scara/scara_ws/install/scara_gz_description/share/scara_gz_description/local_setup.zsh
[8.649s] -- Symlinking: /home/eia/rbi_2025/scara/scara_ws/install/scara_gz_description/share/scara_gz_description/local_setup.dsv
[8.698s] -- Symlinking: /home/eia/rbi_2025/scara/scara_ws/install/scara_gz_description/share/scara_gz_description/package.dsv
[8.779s] -- Symlinking: /home/eia/rbi_2025/scara/scara_ws/install/scara_gz_description/share/ament_index/resource_index/packages/scara_gz_description
[8.842s] -- Symlinking: /home/eia/rbi_2025/scara/scara_ws/install/scara_gz_description/share/scara_gz_description/cmake/scara_gz_descriptionConfig.cmake
[8.888s] -- Symlinking: /home/eia/rbi_2025/scara/scara_ws/install/scara_gz_description/share/scara_gz_description/cmake/scara_gz_descriptionConfig-version.cmake
[8.930s] -- Symlinking: /home/eia/rbi_2025/scara/scara_ws/install/scara_gz_description/share/scara_gz_description/package.xml
[9.004s] Invoked command in '/home/eia/rbi_2025/scara/scara_ws/build/scara_gz_description' returned '0': CMAKE_PREFIX_PATH=/opt/ros/humble /usr/bin/cmake --install /home/eia/rbi_2025/scara/scara_ws/build/scara_gz_description
