[2.018s] Invoking command in '/home/eia/rbi_2025/rov/rov_ws/build/rov_real_bringup': CMAKE_PREFIX_PATH=/opt/ros/humble /usr/bin/cmake --build /home/eia/rbi_2025/rov/rov_ws/build/rov_real_bringup -- -j12 -l12
[2.073s] Invoked command in '/home/eia/rbi_2025/rov/rov_ws/build/rov_real_bringup' returned '0': CMAKE_PREFIX_PATH=/opt/ros/humble /usr/bin/cmake --build /home/eia/rbi_2025/rov/rov_ws/build/rov_real_bringup -- -j12 -l12
[2.074s] Invoking command in '/home/eia/rbi_2025/rov/rov_ws/build/rov_real_bringup': CMAKE_PREFIX_PATH=/opt/ros/humble /usr/bin/cmake --install /home/eia/rbi_2025/rov/rov_ws/build/rov_real_bringup
[2.163s] -- Install configuration: ""
[2.163s] -- Execute custom install script
[2.163s] -- Up-to-date symlink: /home/eia/rbi_2025/rov/rov_ws/install/rov_real_bringup/share/rov_real_bringup//config/rov_controllers.yaml
[2.163s] -- Up-to-date symlink: /home/eia/rbi_2025/rov/rov_ws/install/rov_real_bringup/share/rov_real_bringup//config/rviz_config.rviz
[2.164s] -- Up-to-date symlink: /home/eia/rbi_2025/rov/rov_ws/install/rov_real_bringup/share/rov_real_bringup//launch/rov_bringup_launch.launch.xml
[2.164s] -- Up-to-date symlink: /home/eia/rbi_2025/rov/rov_ws/install/rov_real_bringup/share/ament_index/resource_index/package_run_dependencies/rov_real_bringup
[2.164s] -- Up-to-date symlink: /home/eia/rbi_2025/rov/rov_ws/install/rov_real_bringup/share/ament_index/resource_index/parent_prefix_path/rov_real_bringup
[2.165s] -- Up-to-date symlink: /home/eia/rbi_2025/rov/rov_ws/install/rov_real_bringup/share/rov_real_bringup/environment/ament_prefix_path.sh
[2.165s] -- Up-to-date symlink: /home/eia/rbi_2025/rov/rov_ws/install/rov_real_bringup/share/rov_real_bringup/environment/ament_prefix_path.dsv
[2.165s] -- Up-to-date symlink: /home/eia/rbi_2025/rov/rov_ws/install/rov_real_bringup/share/rov_real_bringup/environment/path.sh
[2.165s] -- Up-to-date symlink: /home/eia/rbi_2025/rov/rov_ws/install/rov_real_bringup/share/rov_real_bringup/environment/path.dsv
[2.165s] -- Up-to-date symlink: /home/eia/rbi_2025/rov/rov_ws/install/rov_real_bringup/share/rov_real_bringup/local_setup.bash
[2.166s] -- Up-to-date symlink: /home/eia/rbi_2025/rov/rov_ws/install/rov_real_bringup/share/rov_real_bringup/local_setup.sh
[2.166s] -- Up-to-date symlink: /home/eia/rbi_2025/rov/rov_ws/install/rov_real_bringup/share/rov_real_bringup/local_setup.zsh
[2.166s] -- Up-to-date symlink: /home/eia/rbi_2025/rov/rov_ws/install/rov_real_bringup/share/rov_real_bringup/local_setup.dsv
[2.166s] -- Symlinking: /home/eia/rbi_2025/rov/rov_ws/install/rov_real_bringup/share/rov_real_bringup/package.dsv
[2.166s] -- Up-to-date symlink: /home/eia/rbi_2025/rov/rov_ws/install/rov_real_bringup/share/ament_index/resource_index/packages/rov_real_bringup
[2.167s] -- Up-to-date symlink: /home/eia/rbi_2025/rov/rov_ws/install/rov_real_bringup/share/rov_real_bringup/cmake/rov_real_bringupConfig.cmake
[2.167s] -- Up-to-date symlink: /home/eia/rbi_2025/rov/rov_ws/install/rov_real_bringup/share/rov_real_bringup/cmake/rov_real_bringupConfig-version.cmake
[2.167s] -- Up-to-date symlink: /home/eia/rbi_2025/rov/rov_ws/install/rov_real_bringup/share/rov_real_bringup/package.xml
[2.200s] Invoked command in '/home/eia/rbi_2025/rov/rov_ws/build/rov_real_bringup' returned '0': CMAKE_PREFIX_PATH=/opt/ros/humble /usr/bin/cmake --install /home/eia/rbi_2025/rov/rov_ws/build/rov_real_bringup
