[0.895s] Invoking command in '/home/eia/rbi_2025/abb/abb_ws/build/abb_mujoco_sim': CMAKE_PREFIX_PATH=${CMAKE_PREFIX_PATH}:/home/eia/rbi_2025/abb/abb_ws/install/abb_tf_generator:/home/eia/rbi_2025/abb/abb_ws/install/abb_path_generator:/home/eia/rbi_2025/abb/abb_ws/install/abb_path_controller:/home/eia/rbi_2025/abb/abb_ws/install/abb_mujoco_python:/home/eia/rbi_2025/abb/abb_ws/install/abb_ik_solver:/home/eia/rbi_2025/scara/scara_ws/install/scara_tf_generator:/home/eia/rbi_2025/scara/scara_ws/install/scara_path_generator:/home/eia/rbi_2025/scara/scara_ws/install/scara_path_controller:/home/eia/rbi_2025/scara/scara_ws/install/scara_mujoco_python_sim:/home/eia/rbi_2025/scara/scara_ws/install/scara_general_ik_solver:/home/eia/rbi_2025/scara/scara_ws/install/premade_path_publisher:/opt/ros/humble /usr/bin/cmake /home/eia/rbi_2025/abb/abb_ws/src/abb_mujoco_sim -DAMENT_CMAKE_SYMLINK_INSTALL=1 -DCMAKE_INSTALL_PREFIX=/home/eia/rbi_2025/abb/abb_ws/install/abb_mujoco_sim
[1.966s] -- The C compiler identification is GNU 11.4.0
[1.966s] -- The CXX compiler identification is GNU 11.4.0
[1.967s] -- Detecting C compiler ABI info
[1.967s] -- Detecting C compiler ABI info - done
[1.967s] -- Check for working C compiler: /usr/bin/cc - skipped
[1.967s] -- Detecting C compile features
[1.967s] -- Detecting C compile features - done
[1.967s] -- Detecting CXX compiler ABI info
[1.968s] -- Detecting CXX compiler ABI info - done
[1.968s] -- Check for working CXX compiler: /usr/bin/c++ - skipped
[1.968s] -- Detecting CXX compile features
[1.968s] -- Detecting CXX compile features - done
[1.968s] -- Found ament_cmake: 1.3.12 (/opt/ros/humble/share/ament_cmake/cmake)
[1.968s] -- Found Python3: /usr/bin/python3 (found version "3.10.12") found components: Interpreter 
[1.968s] -- Override CMake install command with custom implementation using symlinks instead of copying resources
[1.968s] -- Found PkgConfig: /usr/bin/pkg-config (found version "0.29.2") 
[1.968s] -- Checking for module 'glfw3'
[1.968s] --   Found glfw3, version 3.3.6
[1.968s] -- Found rclcpp: 16.0.14 (/opt/ros/humble/share/rclcpp/cmake)
[1.969s] -- Found rosidl_generator_c: 3.1.7 (/opt/ros/humble/share/rosidl_generator_c/cmake)
[1.969s] -- Found rosidl_adapter: 3.1.7 (/opt/ros/humble/share/rosidl_adapter/cmake)
[1.969s] -- Found rosidl_generator_cpp: 3.1.7 (/opt/ros/humble/share/rosidl_generator_cpp/cmake)
[1.969s] -- Using all available rosidl_typesupport_c: rosidl_typesupport_fastrtps_c;rosidl_typesupport_introspection_c
[1.969s] -- Using all available rosidl_typesupport_cpp: rosidl_typesupport_fastrtps_cpp;rosidl_typesupport_introspection_cpp
[1.969s] -- Found rmw_implementation_cmake: 6.1.2 (/opt/ros/humble/share/rmw_implementation_cmake/cmake)
[1.969s] -- Found rmw_fastrtps_cpp: 6.2.8 (/opt/ros/humble/share/rmw_fastrtps_cpp/cmake)
[1.969s] -- Found OpenSSL: /usr/lib/x86_64-linux-gnu/libcrypto.so (found version "3.0.2")  
[1.969s] -- Found FastRTPS: /opt/ros/humble/include  
[1.969s] -- Using RMW implementation 'rmw_fastrtps_cpp' as default
[1.969s] -- Looking for pthread.h
[1.969s] -- Looking for pthread.h - found
[1.969s] -- Performing Test CMAKE_HAVE_LIBC_PTHREAD
[1.969s] -- Performing Test CMAKE_HAVE_LIBC_PTHREAD - Success
[1.969s] -- Found Threads: TRUE  
[2.024s] -- Found rclcpp_lifecycle: 16.0.14 (/opt/ros/humble/share/rclcpp_lifecycle/cmake)
[2.063s] -- Found pluginlib: 5.1.0 (/opt/ros/humble/share/pluginlib/cmake)
[2.118s] -- Found geometry_msgs: 4.9.0 (/opt/ros/humble/share/geometry_msgs/cmake)
[2.145s] -- Found hardware_interface: 2.51.0 (/opt/ros/humble/share/hardware_interface/cmake)
[2.456s] -- Configuring done
[2.488s] -- Generating done
[2.496s] -- Build files have been written to: /home/eia/rbi_2025/abb/abb_ws/build/abb_mujoco_sim
