[0.528s] Invoking command in '/abb_ws/build/abb_mujoco_bringup': CMAKE_PREFIX_PATH=/opt/ros/humble /usr/bin/cmake /abb_ws/src/abb_mujoco_bringup -DCMAKE_INSTALL_PREFIX=/abb_ws/install/abb_mujoco_bringup
[2.356s] -- The C compiler identification is GNU 11.4.0
[2.356s] -- The CXX compiler identification is GNU 11.4.0
[2.356s] -- Detecting C compiler ABI info
[2.356s] -- Detecting C compiler ABI info - done
[2.356s] -- Check for working C compiler: /usr/bin/cc - skipped
[2.356s] -- Detecting C compile features
[2.356s] -- Detecting C compile features - done
[2.357s] -- Detecting CXX compiler ABI info
[2.357s] -- Detecting CXX compiler ABI info - done
[2.358s] -- Check for working CXX compiler: /usr/bin/c++ - skipped
[2.358s] -- Detecting CXX compile features
[2.359s] -- Detecting CXX compile features - done
[2.360s] -- Found ament_cmake: 1.3.12 (/opt/ros/humble/share/ament_cmake/cmake)
[2.360s] -- Found Python3: /usr/bin/python3 (found version "3.10.12") found components: Interpreter 
[2.361s] -- Found rclcpp: 16.0.14 (/opt/ros/humble/share/rclcpp/cmake)
[2.362s] -- Found rosidl_generator_c: 3.1.7 (/opt/ros/humble/share/rosidl_generator_c/cmake)
[2.362s] -- Found rosidl_adapter: 3.1.7 (/opt/ros/humble/share/rosidl_adapter/cmake)
[2.362s] -- Found rosidl_generator_cpp: 3.1.7 (/opt/ros/humble/share/rosidl_generator_cpp/cmake)
[2.362s] -- Using all available rosidl_typesupport_c: rosidl_typesupport_fastrtps_c;rosidl_typesupport_introspection_c
[2.362s] -- Using all available rosidl_typesupport_cpp: rosidl_typesupport_fastrtps_cpp;rosidl_typesupport_introspection_cpp
[2.363s] -- Found rmw_implementation_cmake: 6.1.2 (/opt/ros/humble/share/rmw_implementation_cmake/cmake)
[2.364s] -- Found rmw_fastrtps_cpp: 6.2.8 (/opt/ros/humble/share/rmw_fastrtps_cpp/cmake)
[2.365s] -- Found OpenSSL: /usr/lib/x86_64-linux-gnu/libcrypto.so (found version "3.0.2")  
[2.366s] -- Found FastRTPS: /opt/ros/humble/include  
[2.366s] -- Using RMW implementation 'rmw_fastrtps_cpp' as default
[2.366s] -- Looking for pthread.h
[2.366s] -- Looking for pthread.h - found
[2.366s] -- Performing Test CMAKE_HAVE_LIBC_PTHREAD
[2.366s] -- Performing Test CMAKE_HAVE_LIBC_PTHREAD - Success
[2.367s] -- Found Threads: TRUE  
[2.519s] -- Configuring done
[2.527s] -- Generating done
[2.529s] -- Build files have been written to: /abb_ws/build/abb_mujoco_bringup
[2.613s] Invoked command in '/abb_ws/build/abb_mujoco_bringup' returned '0': CMAKE_PREFIX_PATH=/opt/ros/humble /usr/bin/cmake /abb_ws/src/abb_mujoco_bringup -DCMAKE_INSTALL_PREFIX=/abb_ws/install/abb_mujoco_bringup
[2.615s] Invoking command in '/abb_ws/build/abb_mujoco_bringup': CMAKE_PREFIX_PATH=/opt/ros/humble /usr/bin/cmake --build /abb_ws/build/abb_mujoco_bringup -- -j12 -l12
[2.681s] Invoked command in '/abb_ws/build/abb_mujoco_bringup' returned '0': CMAKE_PREFIX_PATH=/opt/ros/humble /usr/bin/cmake --build /abb_ws/build/abb_mujoco_bringup -- -j12 -l12
[2.684s] Invoking command in '/abb_ws/build/abb_mujoco_bringup': CMAKE_PREFIX_PATH=/opt/ros/humble /usr/bin/cmake --install /abb_ws/build/abb_mujoco_bringup
[2.694s] -- Install configuration: ""
[2.694s] -- Installing: /abb_ws/install/abb_mujoco_bringup/share/abb_mujoco_bringup//config
[2.694s] -- Installing: /abb_ws/install/abb_mujoco_bringup/share/abb_mujoco_bringup//config/abb_controllers.yaml
[2.695s] -- Installing: /abb_ws/install/abb_mujoco_bringup/share/abb_mujoco_bringup//launch
[2.695s] -- Installing: /abb_ws/install/abb_mujoco_bringup/share/abb_mujoco_bringup//launch/abb_bringup_launch.launch.xml
[2.695s] -- Installing: /abb_ws/install/abb_mujoco_bringup/share/ament_index/resource_index/package_run_dependencies/abb_mujoco_bringup
[2.695s] -- Installing: /abb_ws/install/abb_mujoco_bringup/share/ament_index/resource_index/parent_prefix_path/abb_mujoco_bringup
[2.695s] -- Installing: /abb_ws/install/abb_mujoco_bringup/share/abb_mujoco_bringup/environment/ament_prefix_path.sh
[2.696s] -- Installing: /abb_ws/install/abb_mujoco_bringup/share/abb_mujoco_bringup/environment/ament_prefix_path.dsv
[2.696s] -- Installing: /abb_ws/install/abb_mujoco_bringup/share/abb_mujoco_bringup/environment/path.sh
[2.696s] -- Installing: /abb_ws/install/abb_mujoco_bringup/share/abb_mujoco_bringup/environment/path.dsv
[2.697s] -- Installing: /abb_ws/install/abb_mujoco_bringup/share/abb_mujoco_bringup/local_setup.bash
[2.697s] -- Installing: /abb_ws/install/abb_mujoco_bringup/share/abb_mujoco_bringup/local_setup.sh
[2.697s] -- Installing: /abb_ws/install/abb_mujoco_bringup/share/abb_mujoco_bringup/local_setup.zsh
[2.697s] -- Installing: /abb_ws/install/abb_mujoco_bringup/share/abb_mujoco_bringup/local_setup.dsv
[2.697s] -- Installing: /abb_ws/install/abb_mujoco_bringup/share/abb_mujoco_bringup/package.dsv
[2.698s] -- Installing: /abb_ws/install/abb_mujoco_bringup/share/ament_index/resource_index/packages/abb_mujoco_bringup
[2.698s] -- Installing: /abb_ws/install/abb_mujoco_bringup/share/abb_mujoco_bringup/cmake/abb_mujoco_bringupConfig.cmake
[2.698s] -- Installing: /abb_ws/install/abb_mujoco_bringup/share/abb_mujoco_bringup/cmake/abb_mujoco_bringupConfig-version.cmake
[2.698s] -- Installing: /abb_ws/install/abb_mujoco_bringup/share/abb_mujoco_bringup/package.xml
[2.701s] Invoked command in '/abb_ws/build/abb_mujoco_bringup' returned '0': CMAKE_PREFIX_PATH=/opt/ros/humble /usr/bin/cmake --install /abb_ws/build/abb_mujoco_bringup
