[7.663s] Invoking command in '/abb_ws/build/abb_path_controller': PYTHONPATH=/abb_ws/build/abb_path_controller/prefix_override:/usr/lib/python3/dist-packages/colcon_core/task/python/colcon_distutils_commands:/abb_ws/install/abb_path_controller/lib/python3.10/site-packages:${PYTHONPATH} /usr/bin/python3 -W ignore:setup.py install is deprecated -W ignore:easy_install command is deprecated setup.py develop --editable --build-directory /abb_ws/build/abb_path_controller/build --no-deps symlink_data --force
[8.920s] running develop
[9.560s] running egg_info
[9.561s] writing abb_path_controller.egg-info/PKG-INFO
[9.561s] writing dependency_links to abb_path_controller.egg-info/dependency_links.txt
[9.562s] writing entry points to abb_path_controller.egg-info/entry_points.txt
[9.563s] writing requirements to abb_path_controller.egg-info/requires.txt
[9.564s] writing top-level names to abb_path_controller.egg-info/top_level.txt
[9.570s] reading manifest file 'abb_path_controller.egg-info/SOURCES.txt'
[9.573s] writing manifest file 'abb_path_controller.egg-info/SOURCES.txt'
[9.577s] running build_ext
[9.578s] Creating /abb_ws/install/abb_path_controller/lib/python3.10/site-packages/abb-path-controller.egg-link (link to .)
[9.582s] Installing abb_path_controller script to /abb_ws/install/abb_path_controller/lib/abb_path_controller
[9.582s] Installing abb_path_generator script to /abb_ws/install/abb_path_controller/lib/abb_path_controller
[9.584s] 
[9.587s] Installed /abb_ws/build/abb_path_controller
[9.589s] running symlink_data
[9.590s] symbolically linking /abb_ws/build/abb_path_controller/resource/abb_path_controller -> /abb_ws/install/abb_path_controller/share/ament_index/resource_index/packages
[9.592s] symbolically linking /abb_ws/build/abb_path_controller/package.xml -> /abb_ws/install/abb_path_controller/share/abb_path_controller
[9.664s] Invoked command in '/abb_ws/build/abb_path_controller' returned '0': PYTHONPATH=/abb_ws/build/abb_path_controller/prefix_override:/usr/lib/python3/dist-packages/colcon_core/task/python/colcon_distutils_commands:/abb_ws/install/abb_path_controller/lib/python3.10/site-packages:${PYTHONPATH} /usr/bin/python3 -W ignore:setup.py install is deprecated -W ignore:easy_install command is deprecated setup.py develop --editable --build-directory /abb_ws/build/abb_path_controller/build --no-deps symlink_data --force
