[0.278s] Invoking command in '/home/eia/rbi_2025/scara/scara_ws/build/scara_real_description': CMAKE_PREFIX_PATH=${CMAKE_PREFIX_PATH}:/home/eia/rbi_2025/scara/scara_ws/install/scara_tf_generator:/home/eia/rbi_2025/scara/scara_ws/install/scara_path_generator:/home/eia/rbi_2025/scara/scara_ws/install/scara_path_controller:/home/eia/rbi_2025/scara/scara_ws/install/scara_mujoco_python_sim:/home/eia/rbi_2025/scara/scara_ws/install/scara_general_ik_solver:/home/eia/rbi_2025/scara/scara_ws/install/premade_path_publisher:/opt/ros/humble /usr/bin/cmake --build /home/eia/rbi_2025/scara/scara_ws/build/scara_real_description -- -j12 -l12
[1.865s] Invoked command in '/home/eia/rbi_2025/scara/scara_ws/build/scara_real_description' returned '0': CMAKE_PREFIX_PATH=${CMAKE_PREFIX_PATH}:/home/eia/rbi_2025/scara/scara_ws/install/scara_tf_generator:/home/eia/rbi_2025/scara/scara_ws/install/scara_path_generator:/home/eia/rbi_2025/scara/scara_ws/install/scara_path_controller:/home/eia/rbi_2025/scara/scara_ws/install/scara_mujoco_python_sim:/home/eia/rbi_2025/scara/scara_ws/install/scara_general_ik_solver:/home/eia/rbi_2025/scara/scara_ws/install/premade_path_publisher:/opt/ros/humble /usr/bin/cmake --build /home/eia/rbi_2025/scara/scara_ws/build/scara_real_description -- -j12 -l12
[1.868s] Invoking command in '/home/eia/rbi_2025/scara/scara_ws/build/scara_real_description': CMAKE_PREFIX_PATH=${CMAKE_PREFIX_PATH}:/home/eia/rbi_2025/scara/scara_ws/install/scara_tf_generator:/home/eia/rbi_2025/scara/scara_ws/install/scara_path_generator:/home/eia/rbi_2025/scara/scara_ws/install/scara_path_controller:/home/eia/rbi_2025/scara/scara_ws/install/scara_mujoco_python_sim:/home/eia/rbi_2025/scara/scara_ws/install/scara_general_ik_solver:/home/eia/rbi_2025/scara/scara_ws/install/premade_path_publisher:/opt/ros/humble /usr/bin/cmake --install /home/eia/rbi_2025/scara/scara_ws/build/scara_real_description
[1.896s] -- Install configuration: ""
[1.897s] -- Execute custom install script
[1.898s] -- Up-to-date symlink: /home/eia/rbi_2025/scara/scara_ws/install/scara_real_description/share/scara_real_description//urdf/common_properties.xacro
[1.899s] -- Up-to-date symlink: /home/eia/rbi_2025/scara/scara_ws/install/scara_real_description/share/scara_real_description//urdf/scara.urdf.xacro
[1.899s] -- Up-to-date symlink: /home/eia/rbi_2025/scara/scara_ws/install/scara_real_description/share/scara_real_description//urdf/scara_description.xacro
[1.900s] -- Up-to-date symlink: /home/eia/rbi_2025/scara/scara_ws/install/scara_real_description/share/scara_real_description//launch/display.launch.xml
[1.900s] -- Up-to-date symlink: /home/eia/rbi_2025/scara/scara_ws/install/scara_real_description/share/ament_index/resource_index/package_run_dependencies/scara_real_description
[1.901s] -- Up-to-date symlink: /home/eia/rbi_2025/scara/scara_ws/install/scara_real_description/share/ament_index/resource_index/parent_prefix_path/scara_real_description
[1.901s] -- Up-to-date symlink: /home/eia/rbi_2025/scara/scara_ws/install/scara_real_description/share/scara_real_description/environment/ament_prefix_path.sh
[1.902s] -- Up-to-date symlink: /home/eia/rbi_2025/scara/scara_ws/install/scara_real_description/share/scara_real_description/environment/ament_prefix_path.dsv
[1.903s] -- Up-to-date symlink: /home/eia/rbi_2025/scara/scara_ws/install/scara_real_description/share/scara_real_description/environment/path.sh
[1.903s] -- Up-to-date symlink: /home/eia/rbi_2025/scara/scara_ws/install/scara_real_description/share/scara_real_description/environment/path.dsv
[1.904s] -- Up-to-date symlink: /home/eia/rbi_2025/scara/scara_ws/install/scara_real_description/share/scara_real_description/local_setup.bash
[1.904s] -- Up-to-date symlink: /home/eia/rbi_2025/scara/scara_ws/install/scara_real_description/share/scara_real_description/local_setup.sh
[1.905s] -- Up-to-date symlink: /home/eia/rbi_2025/scara/scara_ws/install/scara_real_description/share/scara_real_description/local_setup.zsh
[1.906s] -- Up-to-date symlink: /home/eia/rbi_2025/scara/scara_ws/install/scara_real_description/share/scara_real_description/local_setup.dsv
[1.907s] -- Symlinking: /home/eia/rbi_2025/scara/scara_ws/install/scara_real_description/share/scara_real_description/package.dsv
[1.951s] -- Up-to-date symlink: /home/eia/rbi_2025/scara/scara_ws/install/scara_real_description/share/ament_index/resource_index/packages/scara_real_description
[1.952s] -- Up-to-date symlink: /home/eia/rbi_2025/scara/scara_ws/install/scara_real_description/share/scara_real_description/cmake/scara_real_descriptionConfig.cmake
[1.953s] -- Up-to-date symlink: /home/eia/rbi_2025/scara/scara_ws/install/scara_real_description/share/scara_real_description/cmake/scara_real_descriptionConfig-version.cmake
[1.954s] -- Up-to-date symlink: /home/eia/rbi_2025/scara/scara_ws/install/scara_real_description/share/scara_real_description/package.xml
[1.966s] Invoked command in '/home/eia/rbi_2025/scara/scara_ws/build/scara_real_description' returned '0': CMAKE_PREFIX_PATH=${CMAKE_PREFIX_PATH}:/home/eia/rbi_2025/scara/scara_ws/install/scara_tf_generator:/home/eia/rbi_2025/scara/scara_ws/install/scara_path_generator:/home/eia/rbi_2025/scara/scara_ws/install/scara_path_controller:/home/eia/rbi_2025/scara/scara_ws/install/scara_mujoco_python_sim:/home/eia/rbi_2025/scara/scara_ws/install/scara_general_ik_solver:/home/eia/rbi_2025/scara/scara_ws/install/premade_path_publisher:/opt/ros/humble /usr/bin/cmake --install /home/eia/rbi_2025/scara/scara_ws/build/scara_real_description
