[0.293s] Invoking command in '/abb_ws/build/abb_mujoco_bringup': CMAKE_PREFIX_PATH=${CMAKE_PREFIX_PATH}:/abb_ws/install/abb_tf_generator:/abb_ws/install/abb_path_controller:/abb_ws/install/abb_mujoco_python:/abb_ws/install/abb_ik_solver:/opt/ros/humble /usr/bin/cmake --build /abb_ws/build/abb_mujoco_bringup -- -j12 -l12
[1.265s] Invoked command in '/abb_ws/build/abb_mujoco_bringup' returned '0': CMAKE_PREFIX_PATH=${CMAKE_PREFIX_PATH}:/abb_ws/install/abb_tf_generator:/abb_ws/install/abb_path_controller:/abb_ws/install/abb_mujoco_python:/abb_ws/install/abb_ik_solver:/opt/ros/humble /usr/bin/cmake --build /abb_ws/build/abb_mujoco_bringup -- -j12 -l12
[1.268s] Invoking command in '/abb_ws/build/abb_mujoco_bringup': CMAKE_PREFIX_PATH=${CMAKE_PREFIX_PATH}:/abb_ws/install/abb_tf_generator:/abb_ws/install/abb_path_controller:/abb_ws/install/abb_mujoco_python:/abb_ws/install/abb_ik_solver:/opt/ros/humble /usr/bin/cmake --install /abb_ws/build/abb_mujoco_bringup
[1.285s] -- Install configuration: ""
[1.285s] -- Execute custom install script
[1.286s] -- Up-to-date symlink: /abb_ws/install/abb_mujoco_bringup/share/abb_mujoco_bringup//config/abb_controllers.yaml
[1.286s] -- Up-to-date symlink: /abb_ws/install/abb_mujoco_bringup/share/abb_mujoco_bringup//launch/abb_bringup_launch.launch.xml
[1.286s] -- Up-to-date symlink: /abb_ws/install/abb_mujoco_bringup/share/ament_index/resource_index/package_run_dependencies/abb_mujoco_bringup
[1.287s] -- Up-to-date symlink: /abb_ws/install/abb_mujoco_bringup/share/ament_index/resource_index/parent_prefix_path/abb_mujoco_bringup
[1.288s] -- Up-to-date symlink: /abb_ws/install/abb_mujoco_bringup/share/abb_mujoco_bringup/environment/ament_prefix_path.sh
[1.291s] -- Up-to-date symlink: /abb_ws/install/abb_mujoco_bringup/share/abb_mujoco_bringup/environment/ament_prefix_path.dsv
[1.292s] -- Up-to-date symlink: /abb_ws/install/abb_mujoco_bringup/share/abb_mujoco_bringup/environment/path.sh
[1.294s] -- Up-to-date symlink: /abb_ws/install/abb_mujoco_bringup/share/abb_mujoco_bringup/environment/path.dsv
[1.294s] -- Up-to-date symlink: /abb_ws/install/abb_mujoco_bringup/share/abb_mujoco_bringup/local_setup.bash
[1.295s] -- Up-to-date symlink: /abb_ws/install/abb_mujoco_bringup/share/abb_mujoco_bringup/local_setup.sh
[1.296s] -- Up-to-date symlink: /abb_ws/install/abb_mujoco_bringup/share/abb_mujoco_bringup/local_setup.zsh
[1.297s] -- Up-to-date symlink: /abb_ws/install/abb_mujoco_bringup/share/abb_mujoco_bringup/local_setup.dsv
[1.297s] -- Symlinking: /abb_ws/install/abb_mujoco_bringup/share/abb_mujoco_bringup/package.dsv
[1.303s] -- Up-to-date symlink: /abb_ws/install/abb_mujoco_bringup/share/ament_index/resource_index/packages/abb_mujoco_bringup
[1.303s] -- Up-to-date symlink: /abb_ws/install/abb_mujoco_bringup/share/abb_mujoco_bringup/cmake/abb_mujoco_bringupConfig.cmake
[1.304s] -- Up-to-date symlink: /abb_ws/install/abb_mujoco_bringup/share/abb_mujoco_bringup/cmake/abb_mujoco_bringupConfig-version.cmake
[1.304s] -- Up-to-date symlink: /abb_ws/install/abb_mujoco_bringup/share/abb_mujoco_bringup/package.xml
[1.385s] Invoked command in '/abb_ws/build/abb_mujoco_bringup' returned '0': CMAKE_PREFIX_PATH=${CMAKE_PREFIX_PATH}:/abb_ws/install/abb_tf_generator:/abb_ws/install/abb_path_controller:/abb_ws/install/abb_mujoco_python:/abb_ws/install/abb_ik_solver:/opt/ros/humble /usr/bin/cmake --install /abb_ws/build/abb_mujoco_bringup
