[4.218s] Invoking command in '/home/eia/rbi_2025/scara/scara_ws/build/scara_mujoco_sim': CMAKE_PREFIX_PATH=/opt/ros/humble /usr/bin/cmake /home/eia/rbi_2025/scara/scara_ws/src/scara_mujoco_sim -DAMENT_CMAKE_SYMLINK_INSTALL=1 -DCMAKE_INSTALL_PREFIX=/home/eia/rbi_2025/scara/scara_ws/install/scara_mujoco_sim
[7.704s] -- The C compiler identification is GNU 11.4.0
[7.710s] -- The CXX compiler identification is GNU 11.4.0
[7.711s] -- Detecting C compiler ABI info
[7.712s] -- Detecting C compiler ABI info - done
[7.712s] -- Check for working C compiler: /usr/bin/cc - skipped
[7.713s] -- Detecting C compile features
[7.713s] -- Detecting C compile features - done
[7.713s] -- Detecting CXX compiler ABI info
[7.715s] -- Detecting CXX compiler ABI info - done
[7.715s] -- Check for working CXX compiler: /usr/bin/c++ - skipped
[7.717s] -- Detecting CXX compile features
[7.718s] -- Detecting CXX compile features - done
[7.718s] -- Found ament_cmake: 1.3.12 (/opt/ros/humble/share/ament_cmake/cmake)
[7.718s] -- Found Python3: /usr/bin/python3 (found version "3.10.12") found components: Interpreter 
[7.719s] -- Override CMake install command with custom implementation using symlinks instead of copying resources
[7.721s] -- Found PkgConfig: /usr/bin/pkg-config (found version "0.29.2") 
[7.722s] -- Checking for module 'glfw3'
[7.722s] --   Found glfw3, version 3.3.6
[7.723s] -- Found rclcpp: 16.0.14 (/opt/ros/humble/share/rclcpp/cmake)
[7.723s] -- Found rosidl_generator_c: 3.1.7 (/opt/ros/humble/share/rosidl_generator_c/cmake)
[7.723s] -- Found rosidl_adapter: 3.1.7 (/opt/ros/humble/share/rosidl_adapter/cmake)
[7.724s] -- Found rosidl_generator_cpp: 3.1.7 (/opt/ros/humble/share/rosidl_generator_cpp/cmake)
[7.725s] -- Using all available rosidl_typesupport_c: rosidl_typesupport_fastrtps_c;rosidl_typesupport_introspection_c
[7.725s] -- Using all available rosidl_typesupport_cpp: rosidl_typesupport_fastrtps_cpp;rosidl_typesupport_introspection_cpp
[7.726s] -- Found rmw_implementation_cmake: 6.1.2 (/opt/ros/humble/share/rmw_implementation_cmake/cmake)
[7.726s] -- Found rmw_fastrtps_cpp: 6.2.8 (/opt/ros/humble/share/rmw_fastrtps_cpp/cmake)
[7.727s] -- Found OpenSSL: /usr/lib/x86_64-linux-gnu/libcrypto.so (found version "3.0.2")  
[7.777s] -- Found FastRTPS: /opt/ros/humble/include  
[8.122s] -- Using RMW implementation 'rmw_fastrtps_cpp' as default
[8.207s] -- Looking for pthread.h
[8.637s] -- Looking for pthread.h - found
[8.646s] -- Performing Test CMAKE_HAVE_LIBC_PTHREAD
[9.168s] -- Performing Test CMAKE_HAVE_LIBC_PTHREAD - Success
[9.173s] -- Found Threads: TRUE  
[9.583s] -- Found rclcpp_lifecycle: 16.0.14 (/opt/ros/humble/share/rclcpp_lifecycle/cmake)
[9.733s] -- Found pluginlib: 5.1.0 (/opt/ros/humble/share/pluginlib/cmake)
[9.932s] -- Found geometry_msgs: 4.9.0 (/opt/ros/humble/share/geometry_msgs/cmake)
[10.030s] -- Found hardware_interface: 2.51.0 (/opt/ros/humble/share/hardware_interface/cmake)
[11.287s] -- Configuring done
[11.388s] -- Generating done
[11.418s] -- Build files have been written to: /home/eia/rbi_2025/scara/scara_ws/build/scara_mujoco_sim
[11.592s] Invoked command in '/home/eia/rbi_2025/scara/scara_ws/build/scara_mujoco_sim' returned '0': CMAKE_PREFIX_PATH=/opt/ros/humble /usr/bin/cmake /home/eia/rbi_2025/scara/scara_ws/src/scara_mujoco_sim -DAMENT_CMAKE_SYMLINK_INSTALL=1 -DCMAKE_INSTALL_PREFIX=/home/eia/rbi_2025/scara/scara_ws/install/scara_mujoco_sim
[11.601s] Invoking command in '/home/eia/rbi_2025/scara/scara_ws/build/scara_mujoco_sim': CMAKE_PREFIX_PATH=/opt/ros/humble /usr/bin/cmake --build /home/eia/rbi_2025/scara/scara_ws/build/scara_mujoco_sim -- -j12 -l12
[11.809s] [ 50%] [32mBuilding CXX object CMakeFiles/scara_mujoco_sim.dir/src/mujoco_sim_interface.cpp.o[0m
[29.907s] [100%] [32m[1mLinking CXX shared library libscara_mujoco_sim.so[0m
[30.548s] [100%] Built target scara_mujoco_sim
[30.581s] Invoked command in '/home/eia/rbi_2025/scara/scara_ws/build/scara_mujoco_sim' returned '0': CMAKE_PREFIX_PATH=/opt/ros/humble /usr/bin/cmake --build /home/eia/rbi_2025/scara/scara_ws/build/scara_mujoco_sim -- -j12 -l12
[30.586s] Invoking command in '/home/eia/rbi_2025/scara/scara_ws/build/scara_mujoco_sim': CMAKE_PREFIX_PATH=/opt/ros/humble /usr/bin/cmake --install /home/eia/rbi_2025/scara/scara_ws/build/scara_mujoco_sim
[30.609s] -- Install configuration: ""
[30.611s] -- Execute custom install script
[30.612s] -- Symlinking: /home/eia/rbi_2025/scara/scara_ws/install/scara_mujoco_sim/lib/libscara_mujoco_sim.so
[30.640s] -- Symlinking: /home/eia/rbi_2025/scara/scara_ws/install/scara_mujoco_sim/include/include/scara_mujoco_sim/mujoco_sim_interface.hpp
[30.667s] -- Symlinking: /home/eia/rbi_2025/scara/scara_ws/install/scara_mujoco_sim/share/scara_mujoco_sim/environment/library_path.sh
[30.694s] -- Symlinking: /home/eia/rbi_2025/scara/scara_ws/install/scara_mujoco_sim/share/scara_mujoco_sim/environment/library_path.dsv
[30.721s] -- Symlinking: /home/eia/rbi_2025/scara/scara_ws/install/scara_mujoco_sim/share/scara_mujoco_sim//scara_hardware_interface.xml
[30.748s] -- Symlinking: /home/eia/rbi_2025/scara/scara_ws/install/scara_mujoco_sim/share/ament_index/resource_index/package_run_dependencies/scara_mujoco_sim
[30.774s] -- Symlinking: /home/eia/rbi_2025/scara/scara_ws/install/scara_mujoco_sim/share/ament_index/resource_index/parent_prefix_path/scara_mujoco_sim
[30.801s] -- Symlinking: /home/eia/rbi_2025/scara/scara_ws/install/scara_mujoco_sim/share/scara_mujoco_sim/environment/ament_prefix_path.sh
[30.828s] -- Symlinking: /home/eia/rbi_2025/scara/scara_ws/install/scara_mujoco_sim/share/scara_mujoco_sim/environment/ament_prefix_path.dsv
[30.855s] -- Symlinking: /home/eia/rbi_2025/scara/scara_ws/install/scara_mujoco_sim/share/scara_mujoco_sim/environment/path.sh
[30.881s] -- Symlinking: /home/eia/rbi_2025/scara/scara_ws/install/scara_mujoco_sim/share/scara_mujoco_sim/environment/path.dsv
[30.909s] -- Symlinking: /home/eia/rbi_2025/scara/scara_ws/install/scara_mujoco_sim/share/scara_mujoco_sim/local_setup.bash
[30.936s] -- Symlinking: /home/eia/rbi_2025/scara/scara_ws/install/scara_mujoco_sim/share/scara_mujoco_sim/local_setup.sh
[30.962s] -- Symlinking: /home/eia/rbi_2025/scara/scara_ws/install/scara_mujoco_sim/share/scara_mujoco_sim/local_setup.zsh
[30.988s] -- Symlinking: /home/eia/rbi_2025/scara/scara_ws/install/scara_mujoco_sim/share/scara_mujoco_sim/local_setup.dsv
[31.016s] -- Symlinking: /home/eia/rbi_2025/scara/scara_ws/install/scara_mujoco_sim/share/scara_mujoco_sim/package.dsv
[31.043s] -- Symlinking: /home/eia/rbi_2025/scara/scara_ws/install/scara_mujoco_sim/share/ament_index/resource_index/packages/scara_mujoco_sim
[31.070s] -- Symlinking: /home/eia/rbi_2025/scara/scara_ws/install/scara_mujoco_sim/share/ament_index/resource_index/hardware_interface__pluginlib__plugin/scara_mujoco_sim
[31.098s] -- Symlinking: /home/eia/rbi_2025/scara/scara_ws/install/scara_mujoco_sim/share/scara_mujoco_sim/cmake/ament_cmake_export_libraries-extras.cmake
[31.125s] -- Symlinking: /home/eia/rbi_2025/scara/scara_ws/install/scara_mujoco_sim/share/scara_mujoco_sim/cmake/ament_cmake_export_dependencies-extras.cmake
[31.152s] -- Symlinking: /home/eia/rbi_2025/scara/scara_ws/install/scara_mujoco_sim/share/scara_mujoco_sim/cmake/scara_mujoco_simConfig.cmake
[31.178s] -- Symlinking: /home/eia/rbi_2025/scara/scara_ws/install/scara_mujoco_sim/share/scara_mujoco_sim/cmake/scara_mujoco_simConfig-version.cmake
[31.206s] -- Symlinking: /home/eia/rbi_2025/scara/scara_ws/install/scara_mujoco_sim/share/scara_mujoco_sim/package.xml
[31.240s] Invoked command in '/home/eia/rbi_2025/scara/scara_ws/build/scara_mujoco_sim' returned '0': CMAKE_PREFIX_PATH=/opt/ros/humble /usr/bin/cmake --install /home/eia/rbi_2025/scara/scara_ws/build/scara_mujoco_sim
