[0.087s] Invoking command in '/abb_ws/build/abb_gz_bringup': CMAKE_PREFIX_PATH=${CMAKE_PREFIX_PATH}:/abb_ws/install/abb_tf_generator:/abb_ws/install/abb_path_generator:/abb_ws/install/abb_path_controller:/abb_ws/install/abb_mujoco_python:/abb_ws/install/abb_ik_solver:/opt/ros/humble /usr/bin/cmake --build /abb_ws/build/abb_gz_bringup -- -j12 -l12
[1.700s] Invoked command in '/abb_ws/build/abb_gz_bringup' returned '0': CMAKE_PREFIX_PATH=${CMAKE_PREFIX_PATH}:/abb_ws/install/abb_tf_generator:/abb_ws/install/abb_path_generator:/abb_ws/install/abb_path_controller:/abb_ws/install/abb_mujoco_python:/abb_ws/install/abb_ik_solver:/opt/ros/humble /usr/bin/cmake --build /abb_ws/build/abb_gz_bringup -- -j12 -l12
[1.703s] Invoking command in '/abb_ws/build/abb_gz_bringup': CMAKE_PREFIX_PATH=${CMAKE_PREFIX_PATH}:/abb_ws/install/abb_tf_generator:/abb_ws/install/abb_path_generator:/abb_ws/install/abb_path_controller:/abb_ws/install/abb_mujoco_python:/abb_ws/install/abb_ik_solver:/opt/ros/humble /usr/bin/cmake --install /abb_ws/build/abb_gz_bringup
[1.754s] -- Install configuration: ""
[1.755s] -- Up-to-date: /abb_ws/install/abb_gz_bringup/share/abb_gz_bringup//launch
[1.755s] -- Up-to-date: /abb_ws/install/abb_gz_bringup/share/abb_gz_bringup//launch/abb_launch.launch.xml
[1.756s] -- Up-to-date: /abb_ws/install/abb_gz_bringup/share/abb_gz_bringup//config
[1.756s] -- Up-to-date: /abb_ws/install/abb_gz_bringup/share/abb_gz_bringup//config/abb_config.rviz
[1.756s] -- Up-to-date: /abb_ws/install/abb_gz_bringup/share/abb_gz_bringup//config/gazebo_bridge.yaml
[1.756s] -- Up-to-date: /abb_ws/install/abb_gz_bringup/share/abb_gz_bringup//config/controllers.yaml
[1.757s] -- Up-to-date: /abb_ws/install/abb_gz_bringup/share/ament_index/resource_index/package_run_dependencies/abb_gz_bringup
[1.757s] -- Up-to-date: /abb_ws/install/abb_gz_bringup/share/ament_index/resource_index/parent_prefix_path/abb_gz_bringup
[1.757s] -- Up-to-date: /abb_ws/install/abb_gz_bringup/share/abb_gz_bringup/environment/ament_prefix_path.sh
[1.758s] -- Up-to-date: /abb_ws/install/abb_gz_bringup/share/abb_gz_bringup/environment/ament_prefix_path.dsv
[1.758s] -- Up-to-date: /abb_ws/install/abb_gz_bringup/share/abb_gz_bringup/environment/path.sh
[1.758s] -- Up-to-date: /abb_ws/install/abb_gz_bringup/share/abb_gz_bringup/environment/path.dsv
[1.758s] -- Up-to-date: /abb_ws/install/abb_gz_bringup/share/abb_gz_bringup/local_setup.bash
[1.759s] -- Up-to-date: /abb_ws/install/abb_gz_bringup/share/abb_gz_bringup/local_setup.sh
[1.760s] -- Up-to-date: /abb_ws/install/abb_gz_bringup/share/abb_gz_bringup/local_setup.zsh
[1.760s] -- Up-to-date: /abb_ws/install/abb_gz_bringup/share/abb_gz_bringup/local_setup.dsv
[1.761s] -- Installing: /abb_ws/install/abb_gz_bringup/share/abb_gz_bringup/package.dsv
[1.761s] -- Up-to-date: /abb_ws/install/abb_gz_bringup/share/ament_index/resource_index/packages/abb_gz_bringup
[1.761s] -- Up-to-date: /abb_ws/install/abb_gz_bringup/share/abb_gz_bringup/cmake/abb_gz_bringupConfig.cmake
[1.762s] -- Up-to-date: /abb_ws/install/abb_gz_bringup/share/abb_gz_bringup/cmake/abb_gz_bringupConfig-version.cmake
[1.762s] -- Up-to-date: /abb_ws/install/abb_gz_bringup/share/abb_gz_bringup/package.xml
[1.817s] Invoked command in '/abb_ws/build/abb_gz_bringup' returned '0': CMAKE_PREFIX_PATH=${CMAKE_PREFIX_PATH}:/abb_ws/install/abb_tf_generator:/abb_ws/install/abb_path_generator:/abb_ws/install/abb_path_controller:/abb_ws/install/abb_mujoco_python:/abb_ws/install/abb_ik_solver:/opt/ros/humble /usr/bin/cmake --install /abb_ws/build/abb_gz_bringup
