[0.693s] Invoking command in '/abb_ws/build/abb_mujoco_sim': CMAKE_PREFIX_PATH=${CMAKE_PREFIX_PATH}:/abb_ws/install/abb_tf_generator:/abb_ws/install/abb_path_generator:/abb_ws/install/abb_path_controller:/abb_ws/install/abb_mujoco_python:/abb_ws/install/abb_ik_solver:/opt/ros/humble /usr/bin/cmake --build /abb_ws/build/abb_mujoco_sim -- -j12 -l12
[1.638s] [35m[1mConsolidate compiler generated dependencies of target abb_mujoco_sim[0m
[1.638s] [ 50%] [32mBuilding CXX object CMakeFiles/abb_mujoco_sim.dir/src/mujoco_sim_interface.cpp.o[0m
[5.684s] [100%] [32m[1mLinking CXX shared library libabb_mujoco_sim.so[0m
[5.854s] [100%] Built target abb_mujoco_sim
[5.867s] Invoked command in '/abb_ws/build/abb_mujoco_sim' returned '0': CMAKE_PREFIX_PATH=${CMAKE_PREFIX_PATH}:/abb_ws/install/abb_tf_generator:/abb_ws/install/abb_path_generator:/abb_ws/install/abb_path_controller:/abb_ws/install/abb_mujoco_python:/abb_ws/install/abb_ik_solver:/opt/ros/humble /usr/bin/cmake --build /abb_ws/build/abb_mujoco_sim -- -j12 -l12
[5.869s] Invoking command in '/abb_ws/build/abb_mujoco_sim': CMAKE_PREFIX_PATH=${CMAKE_PREFIX_PATH}:/abb_ws/install/abb_tf_generator:/abb_ws/install/abb_path_generator:/abb_ws/install/abb_path_controller:/abb_ws/install/abb_mujoco_python:/abb_ws/install/abb_ik_solver:/opt/ros/humble /usr/bin/cmake --install /abb_ws/build/abb_mujoco_sim
[5.877s] -- Install configuration: ""
[5.877s] -- Up-to-date: /abb_ws/install/abb_mujoco_sim/share/abb_mujoco_sim/abb_hardware_interface.xml
[5.877s] -- Installing: /abb_ws/install/abb_mujoco_sim/lib/libabb_mujoco_sim.so
[5.878s] -- Set runtime path of "/abb_ws/install/abb_mujoco_sim/lib/libabb_mujoco_sim.so" to "/abb_ws/src/abb_mujoco_sim/../../mujoco/lib"
[5.878s] -- Up-to-date: /abb_ws/install/abb_mujoco_sim/include/include
[5.879s] -- Up-to-date: /abb_ws/install/abb_mujoco_sim/include/include/abb_mujoco_sim
[5.879s] -- Up-to-date: /abb_ws/install/abb_mujoco_sim/include/include/abb_mujoco_sim/mujoco_sim_interface.hpp
[5.879s] -- Up-to-date: /abb_ws/install/abb_mujoco_sim/share/abb_mujoco_sim/environment/library_path.sh
[5.879s] -- Up-to-date: /abb_ws/install/abb_mujoco_sim/share/abb_mujoco_sim/environment/library_path.dsv
[5.879s] -- Up-to-date: /abb_ws/install/abb_mujoco_sim/share/ament_index/resource_index/package_run_dependencies/abb_mujoco_sim
[5.879s] -- Up-to-date: /abb_ws/install/abb_mujoco_sim/share/ament_index/resource_index/parent_prefix_path/abb_mujoco_sim
[5.879s] -- Up-to-date: /abb_ws/install/abb_mujoco_sim/share/abb_mujoco_sim/environment/ament_prefix_path.sh
[5.879s] -- Up-to-date: /abb_ws/install/abb_mujoco_sim/share/abb_mujoco_sim/environment/ament_prefix_path.dsv
[5.880s] -- Up-to-date: /abb_ws/install/abb_mujoco_sim/share/abb_mujoco_sim/environment/path.sh
[5.880s] -- Up-to-date: /abb_ws/install/abb_mujoco_sim/share/abb_mujoco_sim/environment/path.dsv
[5.880s] -- Up-to-date: /abb_ws/install/abb_mujoco_sim/share/abb_mujoco_sim/local_setup.bash
[5.880s] -- Up-to-date: /abb_ws/install/abb_mujoco_sim/share/abb_mujoco_sim/local_setup.sh
[5.880s] -- Up-to-date: /abb_ws/install/abb_mujoco_sim/share/abb_mujoco_sim/local_setup.zsh
[5.880s] -- Up-to-date: /abb_ws/install/abb_mujoco_sim/share/abb_mujoco_sim/local_setup.dsv
[5.880s] -- Installing: /abb_ws/install/abb_mujoco_sim/share/abb_mujoco_sim/package.dsv
[5.880s] -- Up-to-date: /abb_ws/install/abb_mujoco_sim/share/ament_index/resource_index/packages/abb_mujoco_sim
[5.880s] -- Up-to-date: /abb_ws/install/abb_mujoco_sim/share/ament_index/resource_index/hardware_interface__pluginlib__plugin/abb_mujoco_sim
[5.880s] -- Up-to-date: /abb_ws/install/abb_mujoco_sim/share/abb_mujoco_sim/cmake/ament_cmake_export_libraries-extras.cmake
[5.881s] -- Up-to-date: /abb_ws/install/abb_mujoco_sim/share/abb_mujoco_sim/cmake/ament_cmake_export_dependencies-extras.cmake
[5.881s] -- Up-to-date: /abb_ws/install/abb_mujoco_sim/share/abb_mujoco_sim/cmake/abb_mujoco_simConfig.cmake
[5.882s] -- Up-to-date: /abb_ws/install/abb_mujoco_sim/share/abb_mujoco_sim/cmake/abb_mujoco_simConfig-version.cmake
[5.883s] -- Up-to-date: /abb_ws/install/abb_mujoco_sim/share/abb_mujoco_sim/package.xml
[5.883s] Invoked command in '/abb_ws/build/abb_mujoco_sim' returned '0': CMAKE_PREFIX_PATH=${CMAKE_PREFIX_PATH}:/abb_ws/install/abb_tf_generator:/abb_ws/install/abb_path_generator:/abb_ws/install/abb_path_controller:/abb_ws/install/abb_mujoco_python:/abb_ws/install/abb_ik_solver:/opt/ros/humble /usr/bin/cmake --install /abb_ws/build/abb_mujoco_sim
