[0.304s] Invoking command in '/rov_ws/src/build/rov_controllers': CMAKE_PREFIX_PATH=/opt/ros/humble /usr/bin/cmake /rov_ws/src/rov_controllers -DAMENT_CMAKE_SYMLINK_INSTALL=1 -DCMAKE_INSTALL_PREFIX=/rov_ws/src/install/rov_controllers
[1.231s] -- The C compiler identification is GNU 11.4.0
[1.231s] -- The CXX compiler identification is GNU 11.4.0
[1.231s] -- Detecting C compiler ABI info
[1.232s] -- Detecting C compiler ABI info - done
[1.232s] -- Check for working C compiler: /usr/bin/cc - skipped
[1.232s] -- Detecting C compile features
[1.232s] -- Detecting C compile features - done
[1.232s] -- Detecting CXX compiler ABI info
[1.232s] -- Detecting CXX compiler ABI info - done
[1.232s] -- Check for working CXX compiler: /usr/bin/c++ - skipped
[1.232s] -- Detecting CXX compile features
[1.232s] -- Detecting CXX compile features - done
[1.232s] -- Found ament_cmake: 1.3.12 (/opt/ros/humble/share/ament_cmake/cmake)
[1.232s] -- Found Python3: /usr/bin/python3 (found version "3.10.12") found components: Interpreter 
[1.232s] -- Override CMake install command with custom implementation using symlinks instead of copying resources
[1.233s] -- Found rclcpp: 16.0.14 (/opt/ros/humble/share/rclcpp/cmake)
[1.233s] -- Found rosidl_generator_c: 3.1.7 (/opt/ros/humble/share/rosidl_generator_c/cmake)
[1.233s] -- Found rosidl_adapter: 3.1.7 (/opt/ros/humble/share/rosidl_adapter/cmake)
[1.233s] -- Found rosidl_generator_cpp: 3.1.7 (/opt/ros/humble/share/rosidl_generator_cpp/cmake)
[1.233s] -- Using all available rosidl_typesupport_c: rosidl_typesupport_fastrtps_c;rosidl_typesupport_introspection_c
[1.233s] -- Using all available rosidl_typesupport_cpp: rosidl_typesupport_fastrtps_cpp;rosidl_typesupport_introspection_cpp
[1.233s] -- Found rmw_implementation_cmake: 6.1.2 (/opt/ros/humble/share/rmw_implementation_cmake/cmake)
[1.233s] -- Found rmw_fastrtps_cpp: 6.2.8 (/opt/ros/humble/share/rmw_fastrtps_cpp/cmake)
[1.233s] -- Found OpenSSL: /usr/lib/x86_64-linux-gnu/libcrypto.so (found version "3.0.2")  
[1.233s] -- Found FastRTPS: /opt/ros/humble/include  
[1.239s] -- Using RMW implementation 'rmw_fastrtps_cpp' as default
[1.244s] -- Looking for pthread.h
[1.333s] -- Looking for pthread.h - found
[1.333s] -- Performing Test CMAKE_HAVE_LIBC_PTHREAD
[1.418s] -- Performing Test CMAKE_HAVE_LIBC_PTHREAD - Success
[1.420s] -- Found Threads: TRUE  
[1.488s] -- Found rclcpp_lifecycle: 16.0.14 (/opt/ros/humble/share/rclcpp_lifecycle/cmake)
[1.525s] -- Found pluginlib: 5.1.0 (/opt/ros/humble/share/pluginlib/cmake)
[1.565s] -- Found geometry_msgs: 4.9.0 (/opt/ros/humble/share/geometry_msgs/cmake)
[1.585s] -- Found controller_interface: 2.51.0 (/opt/ros/humble/share/controller_interface/cmake)
[1.740s] -- Found tf2_ros: 0.25.16 (/opt/ros/humble/share/tf2_ros/cmake)
[1.929s] -- Configuring done
[1.967s] -- Generating done
[1.971s] -- Build files have been written to: /rov_ws/src/build/rov_controllers
[1.981s] Invoked command in '/rov_ws/src/build/rov_controllers' returned '0': CMAKE_PREFIX_PATH=/opt/ros/humble /usr/bin/cmake /rov_ws/src/rov_controllers -DAMENT_CMAKE_SYMLINK_INSTALL=1 -DCMAKE_INSTALL_PREFIX=/rov_ws/src/install/rov_controllers
[1.982s] Invoking command in '/rov_ws/src/build/rov_controllers': CMAKE_PREFIX_PATH=/opt/ros/humble /usr/bin/cmake --build /rov_ws/src/build/rov_controllers -- -j12 -l12
[2.027s] [ 50%] [32mBuilding CXX object CMakeFiles/rov_controllers.dir/src/rov_forward_controller.cpp.o[0m
[16.236s] [100%] [32m[1mLinking CXX shared library librov_controllers.so[0m
[16.892s] [100%] Built target rov_controllers
[16.904s] Invoked command in '/rov_ws/src/build/rov_controllers' returned '0': CMAKE_PREFIX_PATH=/opt/ros/humble /usr/bin/cmake --build /rov_ws/src/build/rov_controllers -- -j12 -l12
[16.905s] Invoking command in '/rov_ws/src/build/rov_controllers': CMAKE_PREFIX_PATH=/opt/ros/humble /usr/bin/cmake --install /rov_ws/src/build/rov_controllers
[16.910s] -- Install configuration: ""
[16.910s] -- Execute custom install script
[16.910s] -- Symlinking: /rov_ws/src/install/rov_controllers/share/rov_controllers//rov_controller.xml
[16.916s] -- Symlinking: /rov_ws/src/install/rov_controllers/lib/librov_controllers.so
[16.921s] -- Symlinking: /rov_ws/src/install/rov_controllers/include/include/rov_controllers/rov_forward_controller.hpp
[16.926s] -- Symlinking: /rov_ws/src/install/rov_controllers/share/rov_controllers/environment/library_path.sh
[16.931s] -- Symlinking: /rov_ws/src/install/rov_controllers/share/rov_controllers/environment/library_path.dsv
[16.936s] -- Symlinking: /rov_ws/src/install/rov_controllers/share/ament_index/resource_index/package_run_dependencies/rov_controllers
[16.943s] -- Symlinking: /rov_ws/src/install/rov_controllers/share/ament_index/resource_index/parent_prefix_path/rov_controllers
[16.949s] -- Symlinking: /rov_ws/src/install/rov_controllers/share/rov_controllers/environment/ament_prefix_path.sh
[16.954s] -- Symlinking: /rov_ws/src/install/rov_controllers/share/rov_controllers/environment/ament_prefix_path.dsv
[16.960s] -- Symlinking: /rov_ws/src/install/rov_controllers/share/rov_controllers/environment/path.sh
[16.965s] -- Symlinking: /rov_ws/src/install/rov_controllers/share/rov_controllers/environment/path.dsv
[16.971s] -- Symlinking: /rov_ws/src/install/rov_controllers/share/rov_controllers/local_setup.bash
[16.976s] -- Symlinking: /rov_ws/src/install/rov_controllers/share/rov_controllers/local_setup.sh
[16.982s] -- Symlinking: /rov_ws/src/install/rov_controllers/share/rov_controllers/local_setup.zsh
[16.987s] -- Symlinking: /rov_ws/src/install/rov_controllers/share/rov_controllers/local_setup.dsv
[16.993s] -- Symlinking: /rov_ws/src/install/rov_controllers/share/rov_controllers/package.dsv
[16.999s] -- Symlinking: /rov_ws/src/install/rov_controllers/share/ament_index/resource_index/packages/rov_controllers
[17.005s] -- Symlinking: /rov_ws/src/install/rov_controllers/share/ament_index/resource_index/controller_interface__pluginlib__plugin/rov_controllers
[17.011s] -- Symlinking: /rov_ws/src/install/rov_controllers/share/rov_controllers/cmake/ament_cmake_export_libraries-extras.cmake
[17.016s] -- Symlinking: /rov_ws/src/install/rov_controllers/share/rov_controllers/cmake/ament_cmake_export_dependencies-extras.cmake
[17.021s] -- Symlinking: /rov_ws/src/install/rov_controllers/share/rov_controllers/cmake/rov_controllersConfig.cmake
[17.026s] -- Symlinking: /rov_ws/src/install/rov_controllers/share/rov_controllers/cmake/rov_controllersConfig-version.cmake
[17.031s] -- Symlinking: /rov_ws/src/install/rov_controllers/share/rov_controllers/package.xml
[17.039s] Invoked command in '/rov_ws/src/build/rov_controllers' returned '0': CMAKE_PREFIX_PATH=/opt/ros/humble /usr/bin/cmake --install /rov_ws/src/build/rov_controllers
