[0.527s] Invoking command in '/abb_ws/build/abb_mujoco_description': CMAKE_PREFIX_PATH=/opt/ros/humble /usr/bin/cmake /abb_ws/src/abb_mujoco_description -DCMAKE_INSTALL_PREFIX=/abb_ws/install/abb_mujoco_description
[2.362s] -- The C compiler identification is GNU 11.4.0
[2.362s] -- The CXX compiler identification is GNU 11.4.0
[2.363s] -- Detecting C compiler ABI info
[2.363s] -- Detecting C compiler ABI info - done
[2.363s] -- Check for working C compiler: /usr/bin/cc - skipped
[2.363s] -- Detecting C compile features
[2.363s] -- Detecting C compile features - done
[2.363s] -- Detecting CXX compiler ABI info
[2.364s] -- Detecting CXX compiler ABI info - done
[2.364s] -- Check for working CXX compiler: /usr/bin/c++ - skipped
[2.364s] -- Detecting CXX compile features
[2.364s] -- Detecting CXX compile features - done
[2.364s] -- Found ament_cmake: 1.3.12 (/opt/ros/humble/share/ament_cmake/cmake)
[2.364s] -- Found Python3: /usr/bin/python3 (found version "3.10.12") found components: Interpreter 
[2.365s] -- Configuring done
[2.365s] -- Generating done
[2.365s] -- Build files have been written to: /abb_ws/build/abb_mujoco_description
[2.381s] Invoked command in '/abb_ws/build/abb_mujoco_description' returned '0': CMAKE_PREFIX_PATH=/opt/ros/humble /usr/bin/cmake /abb_ws/src/abb_mujoco_description -DCMAKE_INSTALL_PREFIX=/abb_ws/install/abb_mujoco_description
[2.381s] Invoking command in '/abb_ws/build/abb_mujoco_description': CMAKE_PREFIX_PATH=/opt/ros/humble /usr/bin/cmake --build /abb_ws/build/abb_mujoco_description -- -j12 -l12
[2.436s] Invoked command in '/abb_ws/build/abb_mujoco_description' returned '0': CMAKE_PREFIX_PATH=/opt/ros/humble /usr/bin/cmake --build /abb_ws/build/abb_mujoco_description -- -j12 -l12
[2.439s] Invoking command in '/abb_ws/build/abb_mujoco_description': CMAKE_PREFIX_PATH=/opt/ros/humble /usr/bin/cmake --install /abb_ws/build/abb_mujoco_description
[2.467s] -- Install configuration: ""
[2.468s] -- Installing: /abb_ws/install/abb_mujoco_description/share/abb_mujoco_description//urdf
[2.468s] -- Installing: /abb_ws/install/abb_mujoco_description/share/abb_mujoco_description//urdf/MUJOCO_LOG.TXT
[2.469s] -- Installing: /abb_ws/install/abb_mujoco_description/share/abb_mujoco_description//urdf/abb_description.urdf.xacro
[2.469s] -- Installing: /abb_ws/install/abb_mujoco_description/share/abb_mujoco_description//launch
[2.472s] -- Installing: /abb_ws/install/abb_mujoco_description/share/abb_mujoco_description//launch/display.launch.xml
[2.472s] -- Installing: /abb_ws/install/abb_mujoco_description/share/abb_mujoco_description//rviz
[2.473s] -- Installing: /abb_ws/install/abb_mujoco_description/share/ament_index/resource_index/package_run_dependencies/abb_mujoco_description
[2.473s] -- Installing: /abb_ws/install/abb_mujoco_description/share/ament_index/resource_index/parent_prefix_path/abb_mujoco_description
[2.474s] -- Installing: /abb_ws/install/abb_mujoco_description/share/abb_mujoco_description/environment/ament_prefix_path.sh
[2.474s] -- Installing: /abb_ws/install/abb_mujoco_description/share/abb_mujoco_description/environment/ament_prefix_path.dsv
[2.475s] -- Installing: /abb_ws/install/abb_mujoco_description/share/abb_mujoco_description/environment/path.sh
[2.475s] -- Installing: /abb_ws/install/abb_mujoco_description/share/abb_mujoco_description/environment/path.dsv
[2.475s] -- Installing: /abb_ws/install/abb_mujoco_description/share/abb_mujoco_description/local_setup.bash
[2.475s] -- Installing: /abb_ws/install/abb_mujoco_description/share/abb_mujoco_description/local_setup.sh
[2.475s] -- Installing: /abb_ws/install/abb_mujoco_description/share/abb_mujoco_description/local_setup.zsh
[2.476s] -- Installing: /abb_ws/install/abb_mujoco_description/share/abb_mujoco_description/local_setup.dsv
[2.476s] -- Installing: /abb_ws/install/abb_mujoco_description/share/abb_mujoco_description/package.dsv
[2.478s] -- Installing: /abb_ws/install/abb_mujoco_description/share/ament_index/resource_index/packages/abb_mujoco_description
[2.479s] -- Installing: /abb_ws/install/abb_mujoco_description/share/abb_mujoco_description/cmake/abb_mujoco_descriptionConfig.cmake
[2.479s] -- Installing: /abb_ws/install/abb_mujoco_description/share/abb_mujoco_description/cmake/abb_mujoco_descriptionConfig-version.cmake
[2.480s] -- Installing: /abb_ws/install/abb_mujoco_description/share/abb_mujoco_description/package.xml
[2.549s] Invoked command in '/abb_ws/build/abb_mujoco_description' returned '0': CMAKE_PREFIX_PATH=/opt/ros/humble /usr/bin/cmake --install /abb_ws/build/abb_mujoco_description
