[0.052s] Invoking command in '/abb_ws/build/abb_gz_description': CMAKE_PREFIX_PATH=/opt/ros/humble /usr/bin/cmake /abb_ws/src/abb_gz_description -DAMENT_CMAKE_SYMLINK_INSTALL=1 -DCMAKE_INSTALL_PREFIX=/abb_ws/install/abb_gz_description
[0.896s] -- The C compiler identification is GNU 11.4.0
[0.896s] -- The CXX compiler identification is GNU 11.4.0
[0.899s] -- Detecting C compiler ABI info
[0.900s] -- Detecting C compiler ABI info - done
[0.900s] -- Check for working C compiler: /usr/bin/cc - skipped
[0.900s] -- Detecting C compile features
[0.900s] -- Detecting C compile features - done
[0.900s] -- Detecting CXX compiler ABI info
[0.900s] -- Detecting CXX compiler ABI info - done
[0.900s] -- Check for working CXX compiler: /usr/bin/c++ - skipped
[0.900s] -- Detecting CXX compile features
[0.900s] -- Detecting CXX compile features - done
[0.900s] -- Found ament_cmake: 1.3.12 (/opt/ros/humble/share/ament_cmake/cmake)
[0.900s] -- Found Python3: /usr/bin/python3 (found version "3.10.12") found components: Interpreter 
[0.900s] -- Override CMake install command with custom implementation using symlinks instead of copying resources
[0.900s] -- Configuring done
[0.900s] -- Generating done
[0.900s] -- Build files have been written to: /abb_ws/build/abb_gz_description
[0.913s] Invoked command in '/abb_ws/build/abb_gz_description' returned '0': CMAKE_PREFIX_PATH=/opt/ros/humble /usr/bin/cmake /abb_ws/src/abb_gz_description -DAMENT_CMAKE_SYMLINK_INSTALL=1 -DCMAKE_INSTALL_PREFIX=/abb_ws/install/abb_gz_description
[0.917s] Invoking command in '/abb_ws/build/abb_gz_description': CMAKE_PREFIX_PATH=/opt/ros/humble /usr/bin/cmake --build /abb_ws/build/abb_gz_description -- -j12 -l12
[0.979s] Invoked command in '/abb_ws/build/abb_gz_description' returned '0': CMAKE_PREFIX_PATH=/opt/ros/humble /usr/bin/cmake --build /abb_ws/build/abb_gz_description -- -j12 -l12
[0.981s] Invoking command in '/abb_ws/build/abb_gz_description': CMAKE_PREFIX_PATH=/opt/ros/humble /usr/bin/cmake --install /abb_ws/build/abb_gz_description
[0.990s] -- Install configuration: ""
[0.993s] -- Execute custom install script
[0.994s] -- Symlinking: /abb_ws/install/abb_gz_description/share/abb_gz_description//urdf/common_properties.xacro
[1.004s] -- Symlinking: /abb_ws/install/abb_gz_description/share/abb_gz_description//urdf/irb140.urdf.xacro
[1.016s] -- Symlinking: /abb_ws/install/abb_gz_description/share/abb_gz_description//urdf/irb140_description.xacro
[1.027s] -- Symlinking: /abb_ws/install/abb_gz_description/share/abb_gz_description//launch/display.launch.xml
[1.039s] -- Symlinking: /abb_ws/install/abb_gz_description/share/abb_gz_description//meshes/irb140/collision/base_link.stl
[1.050s] -- Symlinking: /abb_ws/install/abb_gz_description/share/abb_gz_description//meshes/irb140/collision/link_1.stl
[1.061s] -- Symlinking: /abb_ws/install/abb_gz_description/share/abb_gz_description//meshes/irb140/collision/link_2.stl
[1.070s] -- Symlinking: /abb_ws/install/abb_gz_description/share/abb_gz_description//meshes/irb140/collision/link_3.stl
[1.080s] -- Symlinking: /abb_ws/install/abb_gz_description/share/abb_gz_description//meshes/irb140/collision/link_4.stl
[1.088s] -- Symlinking: /abb_ws/install/abb_gz_description/share/abb_gz_description//meshes/irb140/collision/link_5.stl
[1.098s] -- Symlinking: /abb_ws/install/abb_gz_description/share/abb_gz_description//meshes/irb140/collision/link_6.stl
[1.108s] -- Symlinking: /abb_ws/install/abb_gz_description/share/abb_gz_description//meshes/irb140/visual/base_link.stl
[1.117s] -- Symlinking: /abb_ws/install/abb_gz_description/share/abb_gz_description//meshes/irb140/visual/link_1.stl
[1.129s] -- Symlinking: /abb_ws/install/abb_gz_description/share/abb_gz_description//meshes/irb140/visual/link_2.stl
[1.139s] -- Symlinking: /abb_ws/install/abb_gz_description/share/abb_gz_description//meshes/irb140/visual/link_3.stl
[1.149s] -- Symlinking: /abb_ws/install/abb_gz_description/share/abb_gz_description//meshes/irb140/visual/link_4.stl
[1.159s] -- Symlinking: /abb_ws/install/abb_gz_description/share/abb_gz_description//meshes/irb140/visual/link_5.stl
[1.169s] -- Symlinking: /abb_ws/install/abb_gz_description/share/abb_gz_description//meshes/irb140/visual/link_6.stl
[1.181s] -- Symlinking: /abb_ws/install/abb_gz_description/share/ament_index/resource_index/package_run_dependencies/abb_gz_description
[1.190s] -- Symlinking: /abb_ws/install/abb_gz_description/share/ament_index/resource_index/parent_prefix_path/abb_gz_description
[1.199s] -- Symlinking: /abb_ws/install/abb_gz_description/share/abb_gz_description/environment/ament_prefix_path.sh
[1.209s] -- Symlinking: /abb_ws/install/abb_gz_description/share/abb_gz_description/environment/ament_prefix_path.dsv
[1.219s] -- Symlinking: /abb_ws/install/abb_gz_description/share/abb_gz_description/environment/path.sh
[1.229s] -- Symlinking: /abb_ws/install/abb_gz_description/share/abb_gz_description/environment/path.dsv
[1.238s] -- Symlinking: /abb_ws/install/abb_gz_description/share/abb_gz_description/local_setup.bash
[1.247s] -- Symlinking: /abb_ws/install/abb_gz_description/share/abb_gz_description/local_setup.sh
[1.257s] -- Symlinking: /abb_ws/install/abb_gz_description/share/abb_gz_description/local_setup.zsh
[1.266s] -- Symlinking: /abb_ws/install/abb_gz_description/share/abb_gz_description/local_setup.dsv
[1.275s] -- Symlinking: /abb_ws/install/abb_gz_description/share/abb_gz_description/package.dsv
[1.283s] -- Symlinking: /abb_ws/install/abb_gz_description/share/ament_index/resource_index/packages/abb_gz_description
[1.291s] -- Symlinking: /abb_ws/install/abb_gz_description/share/abb_gz_description/cmake/abb_gz_descriptionConfig.cmake
[1.300s] -- Symlinking: /abb_ws/install/abb_gz_description/share/abb_gz_description/cmake/abb_gz_descriptionConfig-version.cmake
[1.311s] -- Symlinking: /abb_ws/install/abb_gz_description/share/abb_gz_description/package.xml
[1.325s] Invoked command in '/abb_ws/build/abb_gz_description' returned '0': CMAKE_PREFIX_PATH=/opt/ros/humble /usr/bin/cmake --install /abb_ws/build/abb_gz_description
