[2.091s] Invoking command in '/rov_ws/build/rov_position_controller': PYTHONPATH=/rov_ws/build/rov_position_controller/prefix_override:/usr/lib/python3/dist-packages/colcon_core/task/python/colcon_distutils_commands:/rov_ws/install/rov_position_controller/lib/python3.10/site-packages:${PYTHONPATH} /usr/bin/python3 -W ignore:setup.py install is deprecated -W ignore:easy_install command is deprecated setup.py develop --editable --build-directory /rov_ws/build/rov_position_controller/build --no-deps symlink_data
[2.439s] running develop
[2.584s] running egg_info
[2.584s] creating rov_position_controller.egg-info
[2.584s] writing rov_position_controller.egg-info/PKG-INFO
[2.585s] writing dependency_links to rov_position_controller.egg-info/dependency_links.txt
[2.585s] writing entry points to rov_position_controller.egg-info/entry_points.txt
[2.585s] writing requirements to rov_position_controller.egg-info/requires.txt
[2.585s] writing top-level names to rov_position_controller.egg-info/top_level.txt
[2.585s] writing manifest file 'rov_position_controller.egg-info/SOURCES.txt'
[2.588s] reading manifest file 'rov_position_controller.egg-info/SOURCES.txt'
[2.589s] writing manifest file 'rov_position_controller.egg-info/SOURCES.txt'
[2.591s] running build_ext
[2.591s] Creating /rov_ws/install/rov_position_controller/lib/python3.10/site-packages/rov-position-controller.egg-link (link to .)
[2.593s] Installing rov_position_controller script to /rov_ws/install/rov_position_controller/lib/rov_position_controller
[2.593s] 
[2.593s] Installed /rov_ws/build/rov_position_controller
[2.593s] running symlink_data
[2.593s] creating /rov_ws/install/rov_position_controller/share/ament_index
[2.593s] creating /rov_ws/install/rov_position_controller/share/ament_index/resource_index
[2.593s] creating /rov_ws/install/rov_position_controller/share/ament_index/resource_index/packages
[2.593s] symbolically linking /rov_ws/build/rov_position_controller/resource/rov_position_controller -> /rov_ws/install/rov_position_controller/share/ament_index/resource_index/packages
[2.594s] symbolically linking /rov_ws/build/rov_position_controller/package.xml -> /rov_ws/install/rov_position_controller/share/rov_position_controller
[2.594s] creating /rov_ws/install/rov_position_controller/share/rov_position_controller/launch
[2.594s] creating /rov_ws/install/rov_position_controller/share/rov_position_controller/descriptions
[2.594s] creating /rov_ws/install/rov_position_controller/share/rov_position_controller/config
[2.648s] Invoked command in '/rov_ws/build/rov_position_controller' returned '0': PYTHONPATH=/rov_ws/build/rov_position_controller/prefix_override:/usr/lib/python3/dist-packages/colcon_core/task/python/colcon_distutils_commands:/rov_ws/install/rov_position_controller/lib/python3.10/site-packages:${PYTHONPATH} /usr/bin/python3 -W ignore:setup.py install is deprecated -W ignore:easy_install command is deprecated setup.py develop --editable --build-directory /rov_ws/build/rov_position_controller/build --no-deps symlink_data
